04-04 16:03:53.079  3111  5562 I RemoteProvisionSysSvc: getRegistration(android.hardware.security.keymint.IRemotelyProvisionedComponent/default)
04-04 16:03:53.080  3111  5562 I ActivityManager: Changes in 10328 19 to 6, 0 to 128
04-04 16:03:53.081  2643  2643 I CNSS    : /sys/wifi/max_chipset_log_size doesn't exist
04-04 16:03:53.082  3111  4497 D BackgroundInstallControlService: Package event received: 0
04-04 16:03:53.082  3111  4497 D BackgroundInstallControlService: Package event received: 0
04-04 16:03:53.082  3111  3111 I RegistrationProxy: onServiceConnected: com.android.rkpdapp.service.RemoteProvisioningService
04-04 16:03:53.084  3111  5562 I RegistrationProxy: IGetRegistrationCallback.onSuccess
04-04 16:03:53.084  3111  5562 I ActivityManager: Changes in 10328 6 to 10, 128 to 0
04-04 16:03:53.085  3111  5562 I RemoteProvisionSysSvc: Fetching key 10274 for client 54359568
04-04 16:03:53.085  3111  5562 I RegistrationProxy: getKeyAsync operation started with callback 193221897
04-04 16:03:53.085  6621 32164 I RkpdRegistrationBinder: Key requested for : android.hardware.security.keymint.IRemotelyProvisionedComponent/default, clientUid: 1017, keyId: 10274, callback: 65793139
04-04 16:03:53.086  6621 32164 I RkpdRegistrationBinder: Key successfully assigned to client
04-04 16:03:53.086  3111  3111 I RemoteProvisionSysSvc: Successfully fetched key for client 54359568
04-04 16:03:53.089  3111  5562 W ParceledListSlice: Element #28 is 30404 bytes.
04-04 16:03:53.091  3111  5316 W ParceledListSlice: Element #77 is 17228 bytes.
04-04 16:03:53.093  3111  7608 W ParceledListSlice: Element #122 is 27416 bytes.
04-04 16:03:53.094  1214  1214 D keymint_swd: keymint_swd keymint [WRN] (_swd_key_attest:2104) signkey = attestationKey
04-04 16:03:53.094  3111  5562 W ParceledListSlice: Element #176 is 25572 bytes.
04-04 16:03:53.094  1214  1214 D keymint_swd: keymint_swd keymint [WRN] (swd_run_cb:267) swd_generate_key() returns 0
04-04 16:03:53.094  1214  1214 W keymint_tee: [WRN]ret OK PARAMS: A3, PP2, D6, NAR1, KS256, CD2026.04.04,16:03:53.087, 
04-04 16:03:53.094  1214  1214 D android.hardware.security.keymint-service: generateKeyInternal: ret 0
04-04 16:03:53.095  1211   495 I keystore2: system/security/keystore2/src/security_level.rs:757 - In generate_key. 10274, Some("integrity.api.key.alias")
04-04 16:03:53.095  1211   495 I keystore2: system/security/keystore2/src/samsung/samsung_keystore_utils.rs:139 - get_package_name_from_pid : Error in fs::read_to_string = Os { code: 13, kind: PermissionDenied, message: "Permission denied" }
04-04 16:03:53.095  1211   495 E keystore2: system/security/keystore2/src/samsung/samsung_keystore_utils.rs:170 - caller is unknown
04-04 16:03:53.095  3111  7608 W ParceledListSlice: Element #190 is 21856 bytes.
04-04 16:03:53.095  3111  7608 W ParceledListSlice: Element #192 is 16724 bytes.
04-04 16:03:53.095  1211   495 I keystore2: system/security/keystore2/src/database.rs:2260 - In store_new_key "integrity.api.key.alias", uid=10274, cert=true, cert_chain=true rebound=true
04-04 16:03:53.095  2208  2208 I sensors-hal: set_config:60, sample_period_ns is adjusted to 20000000 based on min/max delay_ns
04-04 16:03:53.095  2208  2208 I sensors-hal: batch:368, android.sensor.linear_acceleration/101, period=20000000, max_latency=0 request completed
04-04 16:03:53.095  2208  2208 I sensors-hal: activate:305, android.sensor.linear_acceleration/101 en=1
04-04 16:03:53.095  2208  2208 I sensors-hal: acquire_qsh_interface:140, acquire_qsh_interface with sensor_id 27 , conn_type 3 
04-04 16:03:53.096  2182  2276 E minksocket: MinkIPC ERROR: ( 2182:2276 ) MinkIPC_preProcess:272 Client down, but cannot find corresponding minksession
04-04 16:03:53.096  2182  2270 E minksocket: MinkIPC ERROR: ( 2182:2270 ) MinkIPC_preProcess:272 Client down, but cannot find corresponding minksession
04-04 16:03:53.097  2182  2270 E minksocket: MinkIPC ERROR: ( 2182:2270 ) MinkIPC_preProcess:272 Client down, but cannot find corresponding minksession
04-04 16:03:53.097  2182  2276 E minksocket: MinkIPC ERROR: ( 2182:2276 ) MinkIPC_preProcess:272 Client down, but cannot find corresponding minksession
04-04 16:03:53.097  2182  2270 E minksocket: MinkIPC ERROR: ( 2182:2270 ) MinkIPC_preProcess:272 Client down, but cannot find corresponding minksession
04-04 16:03:53.097  3111  4827 W ParceledListSlice: Element #286 is 25312 bytes.
04-04 16:03:53.097  3111  4827 W ParceledListSlice: Overly large reply size: 89832
04-04 16:03:53.097  2182  2276 E minksocket: MinkIPC ERROR: ( 2182:2276 ) MinkIPC_preProcess:272 Client down, but cannot find corresponding minksession
04-04 16:03:53.097  2208  2208 I sensors-hal: qsh_qmi:34, qsh_qmi
04-04 16:03:53.097  2208  2208 I sensors-hal: send_sync_sensor_request:515, send sync request
04-04 16:03:53.097  2208  2208 I sensors-hal: send_sync_sensor_request:544, wait for notification of response
04-04 16:03:53.098  2182  2270 E minksocket: MinkIPC ERROR: ( 2182:2270 ) MinkIPC_preProcess:272 Client down, but cannot find corresponding minksession
04-04 16:03:53.098  2182  2276 E minksocket: MinkIPC ERROR: ( 2182:2276 ) MinkIPC_preProcess:272 Client down, but cannot find corresponding minksession
04-04 16:03:53.098  3111  7618 W ParceledListSlice: Element #295 is 92836 bytes.
04-04 16:03:53.098  3111  7618 W ParceledListSlice: Overly large reply size: 117796
04-04 16:03:53.098  2208 32248 I sensors-hal: qsh_conn_resp_cb:972, resp_value = 0 for gravity 
04-04 16:03:53.099  3111  7608 W ParceledListSlice: Element #333 is 17640 bytes.
04-04 16:03:53.099  2208  2208 I sensors-hal: send_sync_sensor_request:550, takes 1 ms to receive the response with 0
04-04 16:03:53.099  2208  2208 I sensors-hal: activate:335, android.sensor.linear_acceleration/101 en=1 completed
04-04 16:03:53.099 15535 16257 D SensorManager: registerListener :: 101, linear_acceleration, 20000, 0, 
04-04 16:03:53.099  3111  4827 W ParceledListSlice: Element #341 is 20856 bytes.
04-04 16:03:53.100  2208  2208 I sensors-hal: set_config:60, sample_period_ns is adjusted to 20000000 based on min/max delay_ns
04-04 16:03:53.100  2208  2208 I sensors-hal: batch:368, android.sensor.rotation_vector/111, period=20000000, max_latency=0 request completed
04-04 16:03:53.100  2208  2208 I sensors-hal: activate:305, android.sensor.rotation_vector/111 en=1
04-04 16:03:53.100  2208  2208 I sensors-hal: acquire_qsh_interface:140, acquire_qsh_interface with sensor_id 16 , conn_type 3 
04-04 16:03:53.100  3111  7609 W ParceledListSlice: Element #356 is 32436 bytes.
04-04 16:03:53.100  2182  2270 E minksocket: MinkIPC ERROR: ( 2182:2270 ) MinkIPC_preProcess:272 Client down, but cannot find corresponding minksession
04-04 16:03:53.100  3111  4827 W ParceledListSlice: Element #381 is 23872 bytes.
04-04 16:03:53.100  2182  2276 E minksocket: MinkIPC ERROR: ( 2182:2276 ) MinkIPC_preProcess:272 Client down, but cannot find corresponding minksession
04-04 16:03:53.100  8803 32162 I Finsky  : [907] Integrity key attestation record generated successfully.
04-04 16:03:53.100  2182  2276 E minksocket: MinkIPC ERROR: ( 2182:2276 ) MinkIPC_preProcess:272 Client down, but cannot find corresponding minksession
04-04 16:03:53.101  2182  2270 E minksocket: MinkIPC ERROR: ( 2182:2270 ) MinkIPC_preProcess:272 Client down, but cannot find corresponding minksession
04-04 16:03:53.101  3111  7608 W ParceledListSlice: Element #403 is 23544 bytes.
04-04 16:03:53.101  3111  7608 W ParceledListSlice: Overly large reply size: 82956
04-04 16:03:53.101  2182  2270 E minksocket: MinkIPC ERROR: ( 2182:2270 ) MinkIPC_preProcess:272 Client down, but cannot find corresponding minksession
04-04 16:03:53.101  2182  2276 E minksocket: MinkIPC ERROR: ( 2182:2276 ) MinkIPC_preProcess:272 Client down, but cannot find corresponding minksession
04-04 16:03:53.101  2208  2208 I sensors-hal: qsh_qmi:34, qsh_qmi
04-04 16:03:53.101  2208  2208 I sensors-hal: send_sync_sensor_request:515, send sync request
04-04 16:03:53.101  2208  2208 I sensors-hal: send_sync_sensor_request:544, wait for notification of response
04-04 16:03:53.101  2182  2276 E minksocket: MinkIPC ERROR: ( 2182:2276 ) MinkIPC_preProcess:272 Client down, but cannot find corresponding minksession
04-04 16:03:53.101  2182  2270 E minksocket: MinkIPC ERROR: ( 2182:2270 ) MinkIPC_preProcess:272 Client down, but cannot find corresponding minksession
04-04 16:03:53.102  2208 32250 I sensors-hal: qsh_conn_resp_cb:972, resp_value = 0 for rotv 
04-04 16:03:53.102  3111  7618 W ParceledListSlice: Element #432 is 17240 bytes.
04-04 16:03:53.102  2208  2208 I sensors-hal: send_sync_sensor_request:550, takes 0 ms to receive the response with 0
04-04 16:03:53.102  2208  2208 I sensors-hal: activate:335, android.sensor.rotation_vector/111 en=1 completed
04-04 16:03:53.102 15535 16257 D SensorManager: registerListener :: 111, Rotation Vector  Non-wakeup, 20000, 0, 
04-04 16:03:53.102  3111  5316 W ParceledListSlice: Element #435 is 25420 bytes.
04-04 16:03:53.103  3111  4827 W ParceledListSlice: Element #445 is 24124 bytes.
04-04 16:03:53.104  3111  7618 W ParceledListSlice: Element #481 is 33972 bytes.
04-04 16:03:53.104  3111  7618 W ParceledListSlice: Overly large reply size: 95300
04-04 16:03:53.105  3111  5562 W ParceledListSlice: Element #526 is 17548 bytes.
04-04 16:03:53.107  1211   495 E keystore2: system/security/keystore2/src/error.rs:185 - Rc(r#KEY_NOT_FOUND), "system/security/keystore2/src/service.rs:178: In get_key_entry, while trying to load key info. 10275, Some(\"unstable.c7202ece89390c490b1b94d5b71225e1.B9135308913849573257\")"
04-04 16:03:53.107  1211  4866 E keystore2: system/security/keystore2/src/error.rs:185 - Rc(r#KEY_NOT_FOUND), "system/security/keystore2/src/service.rs:178: In get_key_entry, while trying to load key info. 10275, Some(\"unstable.c7202ece89390c490b1b94d5b71225e1.A9135308913849573257\")"
04-04 16:03:53.109  3111  7617 I RemoteProvisionSysSvc: getRegistration(android.hardware.security.keymint.IRemotelyProvisionedComponent/default)
04-04 16:03:53.110  3111  4497 D BackgroundInstallControlService: Package event received: 0
04-04 16:03:53.111  3111  7617 I ActivityManager: Changes in 10328 19 to 6, 0 to 128
04-04 16:03:53.111  3111  4497 D BackgroundInstallControlService: Package event received: 0
04-04 16:03:53.111  3111  3111 I RegistrationProxy: onServiceConnected: com.android.rkpdapp.service.RemoteProvisioningService
04-04 16:03:53.112  3111  7617 I RegistrationProxy: IGetRegistrationCallback.onSuccess
04-04 16:03:53.112  3111  7617 I ActivityManager: Changes in 10328 6 to 10, 128 to 0
04-04 16:03:53.112  3111  5562 I RemoteProvisionSysSvc: Fetching key 10275 for client 68734856
04-04 16:03:53.112  3111  5562 I RegistrationProxy: getKeyAsync operation started with callback 150732065
04-04 16:03:53.113  6621 32173 I RkpdRegistrationBinder: Key requested for : android.hardware.security.keymint.IRemotelyProvisionedComponent/default, clientUid: 1017, keyId: 10275, callback: 43895086
04-04 16:03:53.113  6621 32173 I RkpdRegistrationBinder: Key successfully assigned to client
04-04 16:03:53.113  3111  3111 I RemoteProvisionSysSvc: Successfully fetched key for client 68734856
04-04 16:03:53.119  1214  1214 D keymint_swd: keymint_swd keymint [WRN] (_swd_key_attest:2104) signkey = attestationKey
04-04 16:03:53.119  1214  1214 D keymint_swd: keymint_swd keymint [WRN] (swd_run_cb:267) swd_generate_key() returns 0
04-04 16:03:53.119  1214  1214 W keymint_tee: [WRN]ret OK PARAMS: A3, PP2, D6, NAR1, KS256, CD2026.04.04,16:03:53.113, 
04-04 16:03:53.119  1214  1214 D android.hardware.security.keymint-service: generateKeyInternal: ret 0
04-04 16:03:53.120  1211  4866 I keystore2: system/security/keystore2/src/security_level.rs:757 - In generate_key. 10275, Some("unstable.c7202ece89390c490b1b94d5b71225e1.A9135308913849573257")
04-04 16:03:53.120  1211  4866 I keystore2: system/security/keystore2/src/samsung/samsung_keystore_utils.rs:173 - caller : "com.google.android.gms.unstable"
04-04 16:03:53.120  1211  4866 W samsung_keystore_utils: ExceptionLoggingCase unstable.c7202ece89390c490b1b94d5b71225e1.A9135308913849573257
04-04 16:03:53.120  1211  4866 I keystore2: system/security/keystore2/src/database.rs:2260 - In store_new_key "unstable.c7202ece89390c490b1b94d5b71225e1.A9135308913849573257", uid=10275, cert=true, cert_chain=true rebound=false
04-04 16:03:53.120  8325  8325 D BoundBrokerSvc: onRebind: Intent { act=com.google.android.gms.play.integrity.api.service.IntegrityApiDisplayListenerApiService.START dat=chimera-action:/... xflg=0x4 cmp=com.google.android.gms/.chimera.PersistentApiServiceNoInstantApps }
04-04 16:03:53.123  1211  4866 I keystore2: system/security/keystore2/src/service.rs:403 - In delete_key. 10275, Some("unstable.c7202ece89390c490b1b94d5b71225e1.A9135308913849573257")
04-04 16:03:53.124  1211 32170 I keystore2: system/security/keystore2/src/gc.rs:144 - In process_one_key: Success remove invalidate_key.
04-04 16:03:53.131  1211   495 E keystore2: system/security/keystore2/src/error.rs:185 - Rc(r#KEY_NOT_FOUND), "system/security/keystore2/src/service.rs:401: In delete_key: Trying to unbind the key. 10275, Some(\"unstable.c7202ece89390c490b1b94d5b71225e1.B9135308913849573257\")"
04-04 16:03:53.141  2208 32248 I sensors-hal: qsh_conn_event_cb:894, SCHED_FIFO(10) for qmi_cbk
04-04 16:03:53.141  2208 32250 I sensors-hal: qsh_conn_event_cb:894, SCHED_FIFO(10) for qmi_cbk
04-04 16:03:53.169 15535 16257 W libc    : Access denied finding property "persist.adb.tls_server.enable"
04-04 16:03:53.169 15535 16257 W libc    : Access denied finding property "service.adb.tls.port"
04-04 16:03:53.170 15535 16257 I AdrenoGLES-0: QUALCOMM build                   : e4a2ccdb56, Icac6f3510c
04-04 16:03:53.170 15535 16257 I AdrenoGLES-0: Build Date                       : 07/21/25
04-04 16:03:53.170 15535 16257 I AdrenoGLES-0: OpenGL ES Shader Compiler Version: E031.47.18.36
04-04 16:03:53.170 15535 16257 I AdrenoGLES-0: Local Branch                     : 
04-04 16:03:53.170 15535 16257 I AdrenoGLES-0: Remote Branch                    : refs/tags/AU_LINUX_ANDROID_LA.VENDOR.15.4.0.11.00.00.1088.743
04-04 16:03:53.170 15535 16257 I AdrenoGLES-0: Remote Branch                    : NONE
04-04 16:03:53.170 15535 16257 I AdrenoGLES-0: Reconstruct Branch               : NOTHING
04-04 16:03:53.170 15535 16257 I AdrenoGLES-0: Build Config                     : S P 18.0.0 AArch64
04-04 16:03:53.170 15535 16257 I AdrenoGLES-0: Driver Path                      : /vendor/lib64/egl/libGLESv2_adreno.so
04-04 16:03:53.170 15535 16257 I AdrenoGLES-0: Driver Version                   : 0800.40.1
04-04 16:03:53.170 15535 16257 I AdrenoGLES-0: Process Name                     : com.google.android.gms.unstable
04-04 16:03:53.175 15535 16257 I AdrenoGLES-0: PFP: 0x01500077, ME: 0x01500014
04-04 16:03:53.177 15535 16257 E Adreno-AppProfiles: QSPM AIDL service doesn't exist
04-04 16:03:53.369  3111  4577 D NetdEventListenerService: DNS Requested by 563, 10275(com.google.android.gms), SUCCESS, 0ms
04-04 16:03:53.409  8803  5518 D DGInternalHandle: maybeAddInteractionEvents(): The EventCollector is not initialized. This means that the client hasn't intended to collect any interaction events so far.
04-04 16:03:53.445  1161  1161 D io_stats: !@   8,0 r 70386817 2105671888 w 40083277 1068780372 d 5540401 1109569860 f 630620 2988510 iot 11647336 0 th 0 0 0 pt 0 inp 0 0 1004752.083
04-04 16:03:53.445  1161  1161 D io_stats: !@ Read_top(KB): kworker/u17:0:/(25783) 5632 hbox:interactor:high(26886) 5212 earchbox:search:low(19302) 1396
04-04 16:03:53.445  1161  1161 D io_stats: !@ Write_top(KB): f2fs_ckpt-254:6:/(5480) 420 binder:1211_2:normal(1211) 368 kworker/3:1:/(31968) 268
04-04 16:03:53.445  1161  1161 D io_stats: !@ fuse-log: WORST (10275 44 5 4 3) (0 29 0 2 0) (10275 27 0 2 0) TOTAL_LATENCY (10275 5 44 5 4 27 0 2 34 0 2) (0 0 29 0 2) TOTAL_CNT (10275 10 44 4 27 2 34 2) (0 2 29 2) 
04-04 16:03:53.559  2208  2208 I sensors-hal: activate:305, android.sensor.rotation_vector/111 en=0
04-04 16:03:53.559  2208  2208 I sensors-hal: send_sync_sensor_request:515, send sync request
04-04 16:03:53.559  2208  2208 I sensors-hal: send_sync_sensor_request:544, wait for notification of response
04-04 16:03:53.559  2208 32250 I sensors-hal: qsh_conn_resp_cb:972, resp_value = 0 for rotv 
04-04 16:03:53.559  2208  2208 I sensors-hal: send_sync_sensor_request:550, takes 0 ms to receive the response with 0
04-04 16:03:53.560  2208  2208 I sensors-hal: ~qsh_qmi:61, ~qsh_qmi
04-04 16:03:53.560  2208  2208 I sensors-hal: activate:335, android.sensor.rotation_vector/111 en=0 completed
04-04 16:03:53.560  2182  2270 E minksocket: MinkIPC ERROR: ( 2182:2270 ) MinkIPC_preProcess:272 Client down, but cannot find corresponding minksession
04-04 16:03:53.560  2182  2276 E minksocket: MinkIPC ERROR: ( 2182:2276 ) MinkIPC_preProcess:272 Client down, but cannot find corresponding minksession
04-04 16:03:53.560 15535 15570 D SensorManager: unregisterListener
04-04 16:03:53.560  2208  2208 I sensors-hal: activate:305, android.sensor.linear_acceleration/101 en=0
04-04 16:03:53.560  2208  2208 I sensors-hal: send_sync_sensor_request:515, send sync request
04-04 16:03:53.560  2208  2208 I sensors-hal: send_sync_sensor_request:544, wait for notification of response
04-04 16:03:53.561  2208 32248 I sensors-hal: qsh_conn_resp_cb:972, resp_value = 0 for gravity 
04-04 16:03:53.561  2208  2208 I sensors-hal: send_sync_sensor_request:550, takes 0 ms to receive the response with 0
04-04 16:03:53.561  2208  2208 I sensors-hal: ~qsh_qmi:61, ~qsh_qmi
04-04 16:03:53.561  2208  2208 I sensors-hal: activate:335, android.sensor.linear_acceleration/101 en=0 completed
04-04 16:03:53.561  2182  2270 E minksocket: MinkIPC ERROR: ( 2182:2270 ) MinkIPC_preProcess:272 Client down, but cannot find corresponding minksession
04-04 16:03:53.561  2182  2276 E minksocket: MinkIPC ERROR: ( 2182:2276 ) MinkIPC_preProcess:272 Client down, but cannot find corresponding minksession
04-04 16:03:53.561 15535 15570 D SensorManager: unregisterListener
04-04 16:03:53.860 30799 30799 I wpa_supplicant: Heartbeat 1205
04-04 16:03:54.045  3111  4517 I SemWifiServiceDetector: Service det. resumed: T / T / 16687
04-04 16:03:54.072  2334  2360 E HeatmapThread: ECT Thread time in milliseconds: 1775329434
04-04 16:03:54.074  2334  2360 D HeatmapThread: !@ batteryplugType : 2
04-04 16:03:54.074  2334  2360 D HeatmapThread: !@ batteryLevel : 93  batteryTemperature : 315 
04-04 16:03:54.074  2334  2360 D HeatmapThread: !@ Heatmap currtime: 29588823
04-04 16:03:54.074  2334  2360 D HeatmapThread: !@ Heatmap prevtime: 29588818
04-04 16:03:54.074  2334  2360 D HeatmapThread: !@ Heatmap plugstarttime: 29588765
04-04 16:03:54.074  2334  2360 D HeatmapThread: !@ Heatmap prevv_dsoh_update_time: 29588395
04-04 16:03:54.074  2334  2360 E HeatmapThread: !@ CAM New BSOH: 100
