04-23 16:59:22.174 E/CHIFD   ( 1849): [ERROR][FD     ] camxchinodefd.cpp:2134 ExecuteProcessRequest() Node[SecurePreview_com.qti.node.fd8_cam5] ReqId[4] EPR-0, bindIOBuffers=0
04-23 16:59:22.177 E/MediaCodec( 4009): Media Quality Service not found.
04-23 16:59:22.178 E/.wallpaper.live( 4009): Failed to query component interface for required system resources: 6
04-23 16:59:22.180 E/QC2Comp ( 1836): [hvcD_793] configureIntf failed 95
04-23 16:59:22.181 E/QC2V4l2Codec( 1836): [v4lhvcD_793]  ? is not a supported pixel format!
04-23 16:59:22.199 E/CamX    ( 1849): [ERROR][CSL    ] camxcslhw.cpp:3544 CSLAllocHW() [MEMTIME] caller = MPG_12_Buffer2 allocTime = 25 bufferSize = 16269312
04-23 16:59:22.224 E/ACameraDeviceVendor( 1802): onCaptureStarted: request = 0xb400007275017b50
04-23 16:59:22.231 E/CamX    ( 1849): [ERROR][CSL    ] camxcslhw.cpp:3544 CSLAllocHW() [MEMTIME] caller = MPG_12_Buffer3 allocTime = 31 bufferSize = 16269312
04-23 16:59:22.240 E/CHIFD   ( 1849): [ERROR][FD     ] camxchinodefd.cpp:2119 ExecuteProcessRequest() Node[SecurePreview_com.qti.node.fd8_cam5] ReqId[1] EPR-1, bindIOBuffers=0
04-23 16:59:22.240 E/CHIFD   ( 1849): [ERROR][FD     ] camxchinodefd.cpp:2301 ExecuteProcessRequest() Node[SecurePreview_com.qti.node.fd8_cam5] ReqId[1] ChiFD node publishing FD results
04-23 16:59:22.240 E/CHIFD   ( 1849): [ERROR][FD     ] camxchifdutils.cpp:1032 ConvertFDPointsBetweenReferences() previous: 0 0, current: 4000 3000
04-23 16:59:22.240 E/CHIFD   ( 1849): [ERROR][FD     ] camxchinodefd.cpp:4640 ReconvertFDResults() error in ConvertFDPointsBetweenReferences
04-23 16:59:22.240 E/CHIFD   ( 1849): [ERROR][FD     ] camxchinodefd.cpp:2388 ExecuteProcessRequest() Processing SW Detection ReqId[1] reqhandle 0 FD type: DLFD
04-23 16:59:22.240 E/CHIFD   ( 1849): [ERROR][FD     ] camxchinodefd.cpp:7995 OnProcessRequest() Node[SecurePreview_com.qti.node.fd8_cam5] ReqId[1] Request Scheduled (Pending frames 0)
04-23 16:59:22.240 E/CHIFD   ( 1849): [ERROR][FD     ] camxchinodefd.cpp:5265 ExecuteFDResultsProcessing() DL-FD Execution reqid 1
04-23 16:59:22.240 E/CamX    ( 1849): [ERROR][FD     ] camxfdengine.cpp:842 FDEngineGetFDRunFlag() FrameId=1: -CN_07626430 FDRunFlag=1, reqdFrameCyclePeriod=1
04-23 16:59:22.245 E/CamX    ( 1849): [ERROR][FD     ] camxfdengine.cpp:763 FDEngineProcessResult() valid input parameter!-CN_07626430 hFDEHandle 0xb400007cbc2e6630K, pPerFrameInfo 0x7c2774cff0K, pMainResult 0x7c277218d8K, pOutputResult 0x7c2771523cK, pHeadBodyResult 0x7c27708020K, pOutputResultStabilized 0x7c27708ba0K, pOutputHeadBodyResult 0x7c27707cd4K, pOutputHeadBodyResultStabilized 0x7c27707988K, pPetResult 0x7c277069a8K,pOutputPetResult 0x7c27706090K, pOutputPetResultStabilized 0x7c2770651cK
04-23 16:59:22.245 E/CHIFD   ( 1849): [ERROR][FD     ] camxchinodefd.cpp:9009 FDDLExecution() Node[SecurePreview_com.qti.node.fd8_cam5] ReqId[1] Faces 0
04-23 16:59:22.245 E/CHIFD   ( 1849): [ERROR][FD     ] camxchinodefd.cpp:10518 ProcessRequestDone() Node[SecurePreview_com.qti.node.fd8_cam5] ReqId[1] ProcessRequestDone
04-23 16:59:22.265 E/HBD     ( 8866): g activeNetwork is null 
04-23 16:59:22.265 E/DATC-IF ( 1849): [ERROR][ChiNode] camxchinodesecofectrl.cpp:896 OverrideOFECGData() SecurePreview_OFE0 req 1 get metadata fail NULL pointer 0x0
04-23 16:59:22.265 E/HBD     ( 8866): g activeNetwork is null 
04-23 16:59:22.265 E/HBD     ( 8866): g LogTag.TAG_LMDOWNLOAD cancelExecutor downloader is execute : isNoNetworkAvailable == true
04-23 16:59:22.285 E/CHIFD   ( 1849): [ERROR][FD     ] camxchinodefd.cpp:2134 ExecuteProcessRequest() Node[SecurePreview_com.qti.node.fd8_cam5] ReqId[6] EPR-0, bindIOBuffers=0
04-23 16:59:22.307 E/ACameraDeviceVendor( 1802): onCaptureStarted: request = 0xb400007275017b50
04-23 16:59:22.323 E/CHIFD   ( 1849): [ERROR][FD     ] camxchinodefd.cpp:2119 ExecuteProcessRequest() Node[SecurePreview_com.qti.node.fd8_cam5] ReqId[2] EPR-1, bindIOBuffers=0
04-23 16:59:22.323 E/CHIFD   ( 1849): [ERROR][FD     ] camxchinodefd.cpp:2301 ExecuteProcessRequest() Node[SecurePreview_com.qti.node.fd8_cam5] ReqId[2] ChiFD node publishing FD results
04-23 16:59:22.324 E/CHIFD   ( 1849): [ERROR][FD     ] camxchinodefd.cpp:2388 ExecuteProcessRequest() Processing SW Detection ReqId[2] reqhandle 0 FD type: DLFD
04-23 16:59:22.324 E/CHIFD   ( 1849): [ERROR][FD     ] camxchinodefd.cpp:7995 OnProcessRequest() Node[SecurePreview_com.qti.node.fd8_cam5] ReqId[2] Request Scheduled (Pending frames 0)
04-23 16:59:22.324 E/CHIFD   ( 1849): [ERROR][FD     ] camxchinodefd.cpp:5265 ExecuteFDResultsProcessing() DL-FD Execution reqid 2
04-23 16:59:22.324 E/CamX    ( 1849): [ERROR][FD     ] camxfdengine.cpp:842 FDEngineGetFDRunFlag() FrameId=2: -CN_07626430 FDRunFlag=1, reqdFrameCyclePeriod=1
04-23 16:59:22.328 E/CamX    ( 1849): [ERROR][FD     ] camxfdengine.cpp:763 FDEngineProcessResult() valid input parameter!-CN_07626430 hFDEHandle 0xb400007cbc2e6630K, pPerFrameInfo 0x7c27648ff0K, pMainResult 0x7c2761d8d8K, pOutputResult 0x7c2761123cK, pHeadBodyResult 0x7c27604020K, pOutputResultStabilized 0x7c27604ba0K, pOutputHeadBodyResult 0x7c27603cd4K, pOutputHeadBodyResultStabilized 0x7c27603988K, pPetResult 0x7c276029a8K,pOutputPetResult 0x7c27602090K, pOutputPetResultStabilized 0x7c2760251cK
04-23 16:59:22.328 E/CHIFD   ( 1849): [ERROR][FD     ] camxchinodefd.cpp:9009 FDDLExecution() Node[SecurePreview_com.qti.node.fd8_cam5] ReqId[2] Faces 1
04-23 16:59:22.328 E/CHIFD   ( 1849): [ERROR][FD     ] camxchinodefd.cpp:9882 PrintFDResults() Node[SecurePreview_com.qti.node.fd8_cam5] ReqId[2] [StabilizedResults-Sorted)] : Dimensions[640x480], numFaces=1
04-23 16:59:22.328 E/CHIFD   ( 1849): [ERROR][FD     ] camxchinodefd.cpp:8743 PostProcessFDEngineResults() Face ID 1 detected: face 1, mask  0 landmark 1head 0 torso 0
04-23 16:59:22.328 E/CamX    ( 1849): [ERROR][FD     ] camxfdengine.cpp:949 FDEngineDLFacialContourDetect() valid lib handles,CN_07626430 hDLFAHandle 0xb400007d3cbc0e30K, PT request 1, PT created 1
04-23 16:59:22.328 E/DATC-IF ( 1849): [ERROR][ChiNode] camxchinodesecofectrl.cpp:896 OverrideOFECGData() SecurePreview_OFE0 req 2 get metadata fail NULL pointer 0x0
04-23 16:59:22.331 E/CHIFD   ( 1849): [ERROR][FD     ] camxchinodefd.cpp:10518 ProcessRequestDone() Node[SecurePreview_com.qti.node.fd8_cam5] ReqId[2] ProcessRequestDone
04-23 16:59:22.346 E/CHIFD   ( 1849): [ERROR][FD     ] camxchinodefd.cpp:2134 ExecuteProcessRequest() Node[SecurePreview_com.qti.node.fd8_cam5] ReqId[7] EPR-0, bindIOBuffers=0
04-23 16:59:22.349 E/ACameraDeviceVendor( 1802): onCaptureStarted: request = 0xb400007275017b50
04-23 16:59:22.365 E/CHIFD   ( 1849): [ERROR][FD     ] camxchinodefd.cpp:2119 ExecuteProcessRequest() Node[SecurePreview_com.qti.node.fd8_cam5] ReqId[3] EPR-1, bindIOBuffers=0
04-23 16:59:22.365 E/CHIFD   ( 1849): [ERROR][FD     ] camxchinodefd.cpp:2301 ExecuteProcessRequest() Node[SecurePreview_com.qti.node.fd8_cam5] ReqId[3] ChiFD node publishing FD results
04-23 16:59:22.365 E/CHIFD   ( 1849): [ERROR][FD     ] camxchinodefd.cpp:2388 ExecuteProcessRequest() Processing SW Detection ReqId[3] reqhandle 0 FD type: DLFD
04-23 16:59:22.365 E/CHIFD   ( 1849): [ERROR][FD     ] camxchinodefd.cpp:7995 OnProcessRequest() Node[SecurePreview_com.qti.node.fd8_cam5] ReqId[3] Request Scheduled (Pending frames 0)
04-23 16:59:22.365 E/CHIFD   ( 1849): [ERROR][FD     ] camxchinodefd.cpp:5265 ExecuteFDResultsProcessing() DL-FD Execution reqid 3
04-23 16:59:22.365 E/CamX    ( 1849): [ERROR][FD     ] camxfdengine.cpp:842 FDEngineGetFDRunFlag() FrameId=3: -CN_07626430 FDRunFlag=1, reqdFrameCyclePeriod=1
04-23 16:59:22.369 E/CamX    ( 1849): [ERROR][FD     ] camxfdengine.cpp:763 FDEngineProcessResult() valid input parameter!-CN_07626430 hFDEHandle 0xb400007cbc2e6630K, pPerFrameInfo 0x7c2774cff0K, pMainResult 0x7c277218d8K, pOutputResult 0x7c2771523cK, pHeadBodyResult 0x7c27708020K, pOutputResultStabilized 0x7c27708ba0K, pOutputHeadBodyResult 0x7c27707cd4K, pOutputHeadBodyResultStabilized 0x7c27707988K, pPetResult 0x7c277069a8K,pOutputPetResult 0x7c27706090K, pOutputPetResultStabilized 0x7c2770651cK
04-23 16:59:22.369 E/CHIFD   ( 1849): [ERROR][FD     ] camxchinodefd.cpp:9009 FDDLExecution() Node[SecurePreview_com.qti.node.fd8_cam5] ReqId[3] Faces 1
04-23 16:59:22.369 E/CHIFD   ( 1849): [ERROR][FD     ] camxchinodefd.cpp:9882 PrintFDResults() Node[SecurePreview_com.qti.node.fd8_cam5] ReqId[3] [StabilizedResults-Sorted)] : Dimensions[640x480], numFaces=1
04-23 16:59:22.369 E/CHIFD   ( 1849): [ERROR][FD     ] camxchinodefd.cpp:8743 PostProcessFDEngineResults() Face ID 1 detected: face 1, mask  0 landmark 1head 0 torso 0
04-23 16:59:22.370 E/CamX    ( 1849): [ERROR][FD     ] camxfdengine.cpp:949 FDEngineDLFacialContourDetect() valid lib handles,CN_07626430 hDLFAHandle 0xb400007d3cbc0e30K, PT request 1, PT created 1
04-23 16:59:22.372 E/CHIFD   ( 1849): [ERROR][FD     ] camxchinodefd.cpp:10518 ProcessRequestDone() Node[SecurePreview_com.qti.node.fd8_cam5] ReqId[3] ProcessRequestDone
04-23 16:59:22.382 E/ACameraDeviceVendor( 1802): onCaptureStarted: request = 0xb400007275017b50
04-23 16:59:22.383 E/DATC-IF ( 1849): [ERROR][ChiNode] camxchinodesecofectrl.cpp:896 OverrideOFECGData() SecurePreview_OFE0 req 3 get metadata fail NULL pointer 0x0
04-23 16:59:22.399 E/CHIFD   ( 1849): [ERROR][FD     ] camxchinodefd.cpp:2119 ExecuteProcessRequest() Node[SecurePreview_com.qti.node.fd8_cam5] ReqId[4] EPR-1, bindIOBuffers=0
04-23 16:59:22.399 E/CHIFD   ( 1849): [ERROR][FD     ] camxchinodefd.cpp:2301 ExecuteProcessRequest() Node[SecurePreview_com.qti.node.fd8_cam5] ReqId[4] ChiFD node publishing FD results
04-23 16:59:22.399 E/sensors-hal( 1796): handle_sns_client_event:71, num_items=17 exceeds SENSORS_HAL_MAX_DATA_LEN=16
04-23 16:59:22.399 E/CHIFD   ( 1849): [ERROR][FD     ] camxchinodefd.cpp:2388 ExecuteProcessRequest() Processing SW Detection ReqId[4] reqhandle 0 FD type: DLFD
04-23 16:59:22.399 E/CHIFD   ( 1849): [ERROR][FD     ] camxchinodefd.cpp:7995 OnProcessRequest() Node[SecurePreview_com.qti.node.fd8_cam5] ReqId[4] Request Scheduled (Pending frames 0)
04-23 16:59:22.399 E/CHIFD   ( 1849): [ERROR][FD     ] camxchinodefd.cpp:5265 ExecuteFDResultsProcessing() DL-FD Execution reqid 4
04-23 16:59:22.399 E/CamX    ( 1849): [ERROR][FD     ] camxfdengine.cpp:842 FDEngineGetFDRunFlag() FrameId=4: -CN_07626430 FDRunFlag=1, reqdFrameCyclePeriod=1
04-23 16:59:22.401 E/CHIFD   ( 1849): [ERROR][FD     ] camxchinodefd.cpp:2134 ExecuteProcessRequest() Node[SecurePreview_com.qti.node.fd8_cam5] ReqId[8] EPR-0, bindIOBuffers=0
04-23 16:59:22.403 E/CamX    ( 1849): [ERROR][FD     ] camxfdengine.cpp:763 FDEngineProcessResult() valid input parameter!-CN_07626430 hFDEHandle 0xb400007cbc2e6630K, pPerFrameInfo 0x7c27648ff0K, pMainResult 0x7c2761d8d8K, pOutputResult 0x7c2761123cK, pHeadBodyResult 0x7c27604020K, pOutputResultStabilized 0x7c27604ba0K, pOutputHeadBodyResult 0x7c27603cd4K, pOutputHeadBodyResultStabilized 0x7c27603988K, pPetResult 0x7c276029a8K,pOutputPetResult 0x7c27602090K, pOutputPetResultStabilized 0x7c2760251cK
04-23 16:59:22.403 E/CHIFD   ( 1849): [ERROR][FD     ] camxchinodefd.cpp:9009 FDDLExecution() Node[SecurePreview_com.qti.node.fd8_cam5] ReqId[4] Faces 1
04-23 16:59:22.403 E/CHIFD   ( 1849): [ERROR][FD     ] camxchinodefd.cpp:9882 PrintFDResults() Node[SecurePreview_com.qti.node.fd8_cam5] ReqId[4] [StabilizedResults-Sorted)] : Dimensions[640x480], numFaces=1
04-23 16:59:22.403 E/CHIFD   ( 1849): [ERROR][FD     ] camxchinodefd.cpp:8743 PostProcessFDEngineResults() Face ID 1 detected: face 1, mask  0 landmark 1head 0 torso 0
04-23 16:59:22.403 E/CamX    ( 1849): [ERROR][FD     ] camxfdengine.cpp:949 FDEngineDLFacialContourDetect() valid lib handles,CN_07626430 hDLFAHandle 0xb400007d3cbc0e30K, PT request 1, PT created 1
04-23 16:59:22.406 E/CHIFD   ( 1849): [ERROR][FD     ] camxchinodefd.cpp:10518 ProcessRequestDone() Node[SecurePreview_com.qti.node.fd8_cam5] ReqId[4] ProcessRequestDone
04-23 16:59:22.409 E/DATC-IF ( 1849): [ERROR][ChiNode] camxchinodesecofectrl.cpp:896 OverrideOFECGData() SecurePreview_OFE0 req 4 get metadata fail NULL pointer 0x0
04-23 16:59:22.410 E/PhoneInterfaceManager( 3871): getCarrierPrivilegeStatusForUid: Invalid subId
04-23 16:59:22.416 E/ACameraDeviceVendor( 1802): onCaptureStarted: request = 0xb400007275017b50
04-23 16:59:22.426 E/perf_hint( 3894): Session ID too large, must fit 32-bit integer
04-23 16:59:22.427 E/CHIFD   ( 1849): [ERROR][FD     ] camxchinodefd.cpp:2134 ExecuteProcessRequest() Node[SecurePreview_com.qti.node.fd8_cam5] ReqId[9] EPR-0, bindIOBuffers=0
04-23 16:59:22.428 E/perf_hint( 3894): Session ID too large, must fit 32-bit integer
04-23 16:59:22.432 E/CHIFD   ( 1849): [ERROR][FD     ] camxchinodefd.cpp:2119 ExecuteProcessRequest() Node[SecurePreview_com.qti.node.fd8_cam5] ReqId[5] EPR-1, bindIOBuffers=0
04-23 16:59:22.432 E/CHIFD   ( 1849): [ERROR][FD     ] camxchinodefd.cpp:2301 ExecuteProcessRequest() Node[SecurePreview_com.qti.node.fd8_cam5] ReqId[5] ChiFD node publishing FD results
04-23 16:59:22.432 E/CHIFD   ( 1849): [ERROR][FD     ] camxchinodefd.cpp:2388 ExecuteProcessRequest() Processing SW Detection ReqId[5] reqhandle 0 FD type: DLFD
04-23 16:59:22.432 E/CHIFD   ( 1849): [ERROR][FD     ] camxchinodefd.cpp:7995 OnProcessRequest() Node[SecurePreview_com.qti.node.fd8_cam5] ReqId[5] Request Scheduled (Pending frames 0)
04-23 16:59:22.432 E/CHIFD   ( 1849): [ERROR][FD     ] camxchinodefd.cpp:5265 ExecuteFDResultsProcessing() DL-FD Execution reqid 5
04-23 16:59:22.432 E/CamX    ( 1849): [ERROR][FD     ] camxfdengine.cpp:842 FDEngineGetFDRunFlag() FrameId=5: -CN_07626430 FDRunFlag=1, reqdFrameCyclePeriod=1
04-23 16:59:22.436 E/CamX    ( 1849): [ERROR][FD     ] camxfdengine.cpp:763 FDEngineProcessResult() valid input parameter!-CN_07626430 hFDEHandle 0xb400007cbc2e6630K, pPerFrameInfo 0x7c2774cff0K, pMainResult 0x7c277218d8K, pOutputResult 0x7c2771523cK, pHeadBodyResult 0x7c27708020K, pOutputResultStabilized 0x7c27708ba0K, pOutputHeadBodyResult 0x7c27707cd4K, pOutputHeadBodyResultStabilized 0x7c27707988K, pPetResult 0x7c277069a8K,pOutputPetResult 0x7c27706090K, pOutputPetResultStabilized 0x7c2770651cK
04-23 16:59:22.436 E/CHIFD   ( 1849): [ERROR][FD     ] camxchinodefd.cpp:9009 FDDLExecution() Node[SecurePreview_com.qti.node.fd8_cam5] ReqId[5] Faces 1
04-23 16:59:22.436 E/CHIFD   ( 1849): [ERROR][FD     ] camxchinodefd.cpp:9882 PrintFDResults() Node[SecurePreview_com.qti.node.fd8_cam5] ReqId[5] [StabilizedResults-Sorted)] : Dimensions[640x480], numFaces=1
04-23 16:59:22.436 E/CHIFD   ( 1849): [ERROR][FD     ] camxchinodefd.cpp:8743 PostProcessFDEngineResults() Face ID 1 detected: face 1, mask  0 landmark 1head 0 torso 0
04-23 16:59:22.436 E/CamX    ( 1849): [ERROR][FD     ] camxfdengine.cpp:949 FDEngineDLFacialContourDetect() valid lib handles,CN_07626430 hDLFAHandle 0xb400007d3cbc0e30K, PT request 1, PT created 1
04-23 16:59:22.438 E/perf_hint( 3894): Session ID too large, must fit 32-bit integer
04-23 16:59:22.439 E/CHIFD   ( 1849): [ERROR][FD     ] camxchinodefd.cpp:10518 ProcessRequestDone() Node[SecurePreview_com.qti.node.fd8_cam5] ReqId[5] ProcessRequestDone
04-23 16:59:22.439 E/DATC-IF ( 1849): [ERROR][ChiNode] camxchinodesecofectrl.cpp:896 OverrideOFECGData() SecurePreview_OFE0 req 5 get metadata fail NULL pointer 0x0
04-23 16:59:22.449 E/ACameraDeviceVendor( 1802): onCaptureStarted: request = 0xb400007275017b50
04-23 16:59:22.457 E/CHIFD   ( 1849): [ERROR][FD     ] camxchinodefd.cpp:2134 ExecuteProcessRequest() Node[SecurePreview_com.qti.node.fd8_cam5] ReqId[10] EPR-0, bindIOBuffers=0
04-23 16:59:22.465 E/CHIFD   ( 1849): [ERROR][FD     ] camxchinodefd.cpp:2119 ExecuteProcessRequest() Node[SecurePreview_com.qti.node.fd8_cam5] ReqId[6] EPR-1, bindIOBuffers=0
04-23 16:59:22.465 E/CHIFD   ( 1849): [ERROR][FD     ] camxchinodefd.cpp:2301 ExecuteProcessRequest() Node[SecurePreview_com.qti.node.fd8_cam5] ReqId[6] ChiFD node publishing FD results
04-23 16:59:22.465 E/CHIFD   ( 1849): [ERROR][FD     ] camxchinodefd.cpp:2388 ExecuteProcessRequest() Processing SW Detection ReqId[6] reqhandle 0 FD type: DLFD
04-23 16:59:22.465 E/CHIFD   ( 1849): [ERROR][FD     ] camxchinodefd.cpp:7995 OnProcessRequest() Node[SecurePreview_com.qti.node.fd8_cam5] ReqId[6] Request Scheduled (Pending frames 0)
04-23 16:59:22.465 E/CHIFD   ( 1849): [ERROR][FD     ] camxchinodefd.cpp:5265 ExecuteFDResultsProcessing() DL-FD Execution reqid 6
04-23 16:59:22.465 E/CamX    ( 1849): [ERROR][FD     ] camxfdengine.cpp:842 FDEngineGetFDRunFlag() FrameId=6: -CN_07626430 FDRunFlag=1, reqdFrameCyclePeriod=1
04-23 16:59:22.469 E/CamX    ( 1849): [ERROR][FD     ] camxfdengine.cpp:763 FDEngineProcessResult() valid input parameter!-CN_07626430 hFDEHandle 0xb400007cbc2e6630K, pPerFrameInfo 0x7c27648ff0K, pMainResult 0x7c2761d8d8K, pOutputResult 0x7c2761123cK, pHeadBodyResult 0x7c27604020K, pOutputResultStabilized 0x7c27604ba0K, pOutputHeadBodyResult 0x7c27603cd4K, pOutputHeadBodyResultStabilized 0x7c27603988K, pPetResult 0x7c276029a8K,pOutputPetResult 0x7c27602090K, pOutputPetResultStabilized 0x7c2760251cK
04-23 16:59:22.469 E/CHIFD   ( 1849): [ERROR][FD     ] camxchinodefd.cpp:9009 FDDLExecution() Node[SecurePreview_com.qti.node.fd8_cam5] ReqId[6] Faces 1
04-23 16:59:22.469 E/CHIFD   ( 1849): [ERROR][FD     ] camxchinodefd.cpp:9882 PrintFDResults() Node[SecurePreview_com.qti.node.fd8_cam5] ReqId[6] [StabilizedResults-Sorted)] : Dimensions[640x480], numFaces=1
04-23 16:59:22.469 E/CHIFD   ( 1849): [ERROR][FD     ] camxchinodefd.cpp:8743 PostProcessFDEngineResults() Face ID 1 detected: face 1, mask  0 landmark 1head 0 torso 0
04-23 16:59:22.469 E/CamX    ( 1849): [ERROR][FD     ] camxfdengine.cpp:949 FDEngineDLFacialContourDetect() valid lib handles,CN_07626430 hDLFAHandle 0xb400007d3cbc0e30K, PT request 1, PT created 1
04-23 16:59:22.471 E/sensors-hal( 1796): handle_sns_client_event:71, num_items=17 exceeds SENSORS_HAL_MAX_DATA_LEN=16
04-23 16:59:22.472 E/PocketProximityCluster( 2852): Learn Clustering
04-23 16:59:22.472 E/CHIFD   ( 1849): [ERROR][FD     ] camxchinodefd.cpp:10518 ProcessRequestDone() Node[SecurePreview_com.qti.node.fd8_cam5] ReqId[6] ProcessRequestDone
04-23 16:59:22.480 E/DATC-IF ( 1849): [ERROR][ChiNode] camxchinodesecofectrl.cpp:896 OverrideOFECGData() SecurePreview_OFE0 req 6 get metadata fail NULL pointer 0x0
04-23 16:59:22.482 E/ACameraDeviceVendor( 1802): onCaptureStarted: request = 0xb400007275017b50
04-23 16:59:22.497 E/PERFHAL-UTIL( 1834): PERFHAL-UTIL: save_node_val() 251: Failed to read /sys/devices/system/cpu/cpu0/cpufreq/walt/target_load_shift
04-23 16:59:22.497 E/PERFHAL-OPTSHANDLER( 1834): PERFHAL-OPTSHANDLER: modify_sysfsnode() 1154: Failed to read /sys/devices/system/cpu/cpu0/cpufreq/walt/target_load_shift
04-23 16:59:22.497 E/PERFHAL-RESOURCEQS( 1834): PERFHAL-RESOURCEQS: AddAndApply() 159: Failed to apply optimization [5, 21]
04-23 16:59:22.497 E/PERFHAL-UTIL( 1834): PERFHAL-UTIL: save_node_val() 251: Failed to read /sys/devices/system/cpu/cpu0/cpufreq/walt/target_load_thresh
04-23 16:59:22.497 E/PERFHAL-OPTSHANDLER( 1834): PERFHAL-OPTSHANDLER: modify_sysfsnode() 1154: Failed to read /sys/devices/system/cpu/cpu0/cpufreq/walt/target_load_thresh
04-23 16:59:22.497 E/PERFHAL-RESOURCEQS( 1834): PERFHAL-RESOURCEQS: AddAndApply() 159: Failed to apply optimization [5, 20]
04-23 16:59:22.497 E/CHIFD   ( 1849): [ERROR][FD     ] camxchinodefd.cpp:2134 ExecuteProcessRequest() Node[SecurePreview_com.qti.node.fd8_cam5] ReqId[11] EPR-0, bindIOBuffers=0
04-23 16:59:22.498 E/CHIFD   ( 1849): [ERROR][FD     ] camxchinodefd.cpp:2119 ExecuteProcessRequest() Node[SecurePreview_com.qti.node.fd8_cam5] ReqId[7] EPR-1, bindIOBuffers=0
04-23 16:59:22.498 E/CHIFD   ( 1849): [ERROR][FD     ] camxchinodefd.cpp:2301 ExecuteProcessRequest() Node[SecurePreview_com.qti.node.fd8_cam5] ReqId[7] ChiFD node publishing FD results
04-23 16:59:22.499 E/CHIFD   ( 1849): [ERROR][FD     ] camxchinodefd.cpp:2388 ExecuteProcessRequest() Processing SW Detection ReqId[7] reqhandle 0 FD type: DLFD
04-23 16:59:22.499 E/CHIFD   ( 1849): [ERROR][FD     ] camxchinodefd.cpp:7995 OnProcessRequest() Node[SecurePreview_com.qti.node.fd8_cam5] ReqId[7] Request Scheduled (Pending frames 0)
04-23 16:59:22.499 E/CHIFD   ( 1849): [ERROR][FD     ] camxchinodefd.cpp:5265 ExecuteFDResultsProcessing() DL-FD Execution reqid 7
04-23 16:59:22.499 E/CamX    ( 1849): [ERROR][FD     ] camxfdengine.cpp:842 FDEngineGetFDRunFlag() FrameId=7: -CN_07626430 FDRunFlag=1, reqdFrameCyclePeriod=1
04-23 16:59:22.502 E/CamX    ( 1849): [ERROR][FD     ] camxfdengine.cpp:763 FDEngineProcessResult() valid input parameter!-CN_07626430 hFDEHandle 0xb400007cbc2e6630K, pPerFrameInfo 0x7c2774cff0K, pMainResult 0x7c277218d8K, pOutputResult 0x7c2771523cK, pHeadBodyResult 0x7c27708020K, pOutputResultStabilized 0x7c27708ba0K, pOutputHeadBodyResult 0x7c27707cd4K, pOutputHeadBodyResultStabilized 0x7c27707988K, pPetResult 0x7c277069a8K,pOutputPetResult 0x7c27706090K, pOutputPetResultStabilized 0x7c2770651cK
04-23 16:59:22.502 E/CHIFD   ( 1849): [ERROR][FD     ] camxchinodefd.cpp:9009 FDDLExecution() Node[SecurePreview_com.qti.node.fd8_cam5] ReqId[7] Faces 1
04-23 16:59:22.502 E/CHIFD   ( 1849): [ERROR][FD     ] camxchinodefd.cpp:9882 PrintFDResults() Node[SecurePreview_com.qti.node.fd8_cam5] ReqId[7] [StabilizedResults-Sorted)] : Dimensions[640x480], numFaces=1
04-23 16:59:22.502 E/CHIFD   ( 1849): [ERROR][FD     ] camxchinodefd.cpp:8743 PostProcessFDEngineResults() Face ID 1 detected: face 1, mask  0 landmark 1head 0 torso 0
04-23 16:59:22.502 E/CamX    ( 1849): [ERROR][FD     ] camxfdengine.cpp:949 FDEngineDLFacialContourDetect() valid lib handles,CN_07626430 hDLFAHandle 0xb400007d3cbc0e30K, PT request 1, PT created 1
04-23 16:59:22.505 E/CHIFD   ( 1849): [ERROR][FD     ] camxchinodefd.cpp:10518 ProcessRequestDone() Node[SecurePreview_com.qti.node.fd8_cam5] ReqId[7] ProcessRequestDone
04-23 16:59:22.510 E/DATC-IF ( 1849): [ERROR][ChiNode] camxchinodesecofectrl.cpp:896 OverrideOFECGData() SecurePreview_OFE0 req 7 get metadata fail NULL pointer 0x0
04-23 16:59:22.515 E/ACameraDeviceVendor( 1802): onCaptureStarted: request = 0xb400007275017b50
04-23 16:59:22.522 E/PocketModeEvent( 2852): Acc, AT is unregister by condition 2, 17
04-23 16:59:22.522 E/PocketModeEvent( 2852): MSG_TYPE_STOP_SENSING
04-23 16:59:22.522 E/PocketModeEvent( 2852): unregisterSensor L : -1 P : 0
04-23 16:59:22.523 E/minksocket( 1772): MinkIPC ERROR: ( 1772:1873 ) MinkIPC_preProcess:272 Client down, but cannot find corresponding minksession
04-23 16:59:22.523 E/minksocket( 1772): MinkIPC ERROR: ( 1772:1864 ) MinkIPC_preProcess:272 Client down, but cannot find corresponding minksession
04-23 16:59:22.526 E/SemContextService( 2852):     .unregisterCallback() : This listener was not registered 
04-23 16:59:22.526 E/PocketMotionManager( 2852): unregister activity tracker
04-23 16:59:22.526 E/PocketMotionManager( 2852): unregister activity tracker
04-23 16:59:22.532 E/CHIFD   ( 1849): [ERROR][FD     ] camxchinodefd.cpp:2119 ExecuteProcessRequest() Node[SecurePreview_com.qti.node.fd8_cam5] ReqId[8] EPR-1, bindIOBuffers=0
04-23 16:59:22.532 E/CHIFD   ( 1849): [ERROR][FD     ] camxchinodefd.cpp:2301 ExecuteProcessRequest() Node[SecurePreview_com.qti.node.fd8_cam5] ReqId[8] ChiFD node publishing FD results
04-23 16:59:22.532 E/CHIFD   ( 1849): [ERROR][FD     ] camxchinodefd.cpp:2388 ExecuteProcessRequest() Processing SW Detection ReqId[8] reqhandle 0 FD type: DLFD
04-23 16:59:22.532 E/CHIFD   ( 1849): [ERROR][FD     ] camxchinodefd.cpp:7995 OnProcessRequest() Node[SecurePreview_com.qti.node.fd8_cam5] ReqId[8] Request Scheduled (Pending frames 0)
04-23 16:59:22.532 E/CHIFD   ( 1849): [ERROR][FD     ] camxchinodefd.cpp:5265 ExecuteFDResultsProcessing() DL-FD Execution reqid 8
04-23 16:59:22.532 E/CamX    ( 1849): [ERROR][FD     ] camxfdengine.cpp:842 FDEngineGetFDRunFlag() FrameId=8: -CN_07626430 FDRunFlag=1, reqdFrameCyclePeriod=1
04-23 16:59:22.536 E/CamX    ( 1849): [ERROR][FD     ] camxfdengine.cpp:763 FDEngineProcessResult() valid input parameter!-CN_07626430 hFDEHandle 0xb400007cbc2e6630K, pPerFrameInfo 0x7c27648ff0K, pMainResult 0x7c2761d8d8K, pOutputResult 0x7c2761123cK, pHeadBodyResult 0x7c27604020K, pOutputResultStabilized 0x7c27604ba0K, pOutputHeadBodyResult 0x7c27603cd4K, pOutputHeadBodyResultStabilized 0x7c27603988K, pPetResult 0x7c276029a8K,pOutputPetResult 0x7c27602090K, pOutputPetResultStabilized 0x7c2760251cK
04-23 16:59:22.536 E/CHIFD   ( 1849): [ERROR][FD     ] camxchinodefd.cpp:9009 FDDLExecution() Node[SecurePreview_com.qti.node.fd8_cam5] ReqId[8] Faces 1
04-23 16:59:22.536 E/CHIFD   ( 1849): [ERROR][FD     ] camxchinodefd.cpp:9882 PrintFDResults() Node[SecurePreview_com.qti.node.fd8_cam5] ReqId[8] [StabilizedResults-Sorted)] : Dimensions[640x480], numFaces=1
04-23 16:59:22.536 E/CHIFD   ( 1849): [ERROR][FD     ] camxchinodefd.cpp:8743 PostProcessFDEngineResults() Face ID 1 detected: face 1, mask  0 landmark 1head 0 torso 0
04-23 16:59:22.536 E/CamX    ( 1849): [ERROR][FD     ] camxfdengine.cpp:949 FDEngineDLFacialContourDetect() valid lib handles,CN_07626430 hDLFAHandle 0xb400007d3cbc0e30K, PT request 1, PT created 1
04-23 16:59:22.538 E/CHIFD   ( 1849): [ERROR][FD     ] camxchinodefd.cpp:10518 ProcessRequestDone() Node[SecurePreview_com.qti.node.fd8_cam5] ReqId[8] ProcessRequestDone
04-23 16:59:22.549 E/ACameraDeviceVendor( 1802): onCaptureStarted: request = 0xb400007275017b50
04-23 16:59:22.565 E/CHIFD   ( 1849): [ERROR][FD     ] camxchinodefd.cpp:2119 ExecuteProcessRequest() Node[SecurePreview_com.qti.node.fd8_cam5] ReqId[9] EPR-1, bindIOBuffers=0
04-23 16:59:22.565 E/CHIFD   ( 1849): [ERROR][FD     ] camxchinodefd.cpp:2301 ExecuteProcessRequest() Node[SecurePreview_com.qti.node.fd8_cam5] ReqId[9] ChiFD node publishing FD results
04-23 16:59:22.565 E/CHIFD   ( 1849): [ERROR][FD     ] camxchinodefd.cpp:2388 ExecuteProcessRequest() Processing SW Detection ReqId[9] reqhandle 0 FD type: DLFD
04-23 16:59:22.565 E/CHIFD   ( 1849): [ERROR][FD     ] camxchinodefd.cpp:7995 OnProcessRequest() Node[SecurePreview_com.qti.node.fd8_cam5] ReqId[9] Request Scheduled (Pending frames 0)
04-23 16:59:22.565 E/CHIFD   ( 1849): [ERROR][FD     ] camxchinodefd.cpp:5265 ExecuteFDResultsProcessing() DL-FD Execution reqid 9
04-23 16:59:22.565 E/CamX    ( 1849): [ERROR][FD     ] camxfdengine.cpp:842 FDEngineGetFDRunFlag() FrameId=9: -CN_07626430 FDRunFlag=1, reqdFrameCyclePeriod=1
04-23 16:59:22.566 E/ChiX    ( 1849): [ERROR][SBM    ] chxstreambuffermanager.cpp:2292 GetStreamBuffer() Can't get buffer for stream 0xb400007ccc23aab8 : (0, 6, 0, 0, 6) : (avail, pending, used, psStatus, totalUnique), requestId 7, bufferMgrName SecurePreview_IPE0_cam5_OutputPortId8_Display
04-23 16:59:22.566 E/CamX    ( 1849): [ERROR][MEMMGR ] camximagebuffer.cpp:1845 BindImportedBuffer() [SecurePreview_IPE0_cam5_OutputPortId8_Display] Failed to get buffer from stream buffer manager
04-23 16:59:22.566 E/CamX    ( 1849): [ERROR][MEMMGR ] camximagebuffer.cpp:1911 BindImportedBuffer() [SecurePreview_IPE0_cam5_OutputPortId8_Display][0xb400007ebc230ed0] Invalid Gralloc buffer [0x0] to import
04-23 16:59:22.569 E/CamX    ( 1849): [ERROR][FD     ] camxfdengine.cpp:763 FDEngineProcessResult() valid input parameter!-CN_07626430 hFDEHandle 0xb400007cbc2e6630K, pPerFrameInfo 0x7c2774cff0K, pMainResult 0x7c277218d8K, pOutputResult 0x7c2771523cK, pHeadBodyResult 0x7c27708020K, pOutputResultStabilized 0x7c27708ba0K, pOutputHeadBodyResult 0x7c27707cd4K, pOutputHeadBodyResultStabilized 0x7c27707988K, pPetResult 0x7c277069a8K,pOutputPetResult 0x7c27706090K, pOutputPetResultStabilized 0x7c2770651cK
04-23 16:59:22.569 E/CHIFD   ( 1849): [ERROR][FD     ] camxchinodefd.cpp:9009 FDDLExecution() Node[SecurePreview_com.qti.node.fd8_cam5] ReqId[9] Faces 1
04-23 16:59:22.569 E/CHIFD   ( 1849): [ERROR][FD     ] camxchinodefd.cpp:9882 PrintFDResults() Node[SecurePreview_com.qti.node.fd8_cam5] ReqId[9] [StabilizedResults-Sorted)] : Dimensions[640x480], numFaces=1
04-23 16:59:22.569 E/CHIFD   ( 1849): [ERROR][FD     ] camxchinodefd.cpp:8743 PostProcessFDEngineResults() Face ID 1 detected: face 1, mask  0 landmark 1head 0 torso 0
04-23 16:59:22.569 E/CamX    ( 1849): [ERROR][FD     ] camxfdengine.cpp:949 FDEngineDLFacialContourDetect() valid lib handles,CN_07626430 hDLFAHandle 0xb400007d3cbc0e30K, PT request 1, PT created 1
04-23 16:59:22.572 E/CHIFD   ( 1849): [ERROR][FD     ] camxchinodefd.cpp:10518 ProcessRequestDone() Node[SecurePreview_com.qti.node.fd8_cam5] ReqId[9] ProcessRequestDone
04-23 16:59:22.582 E/ACameraDeviceVendor( 1802): onCaptureStarted: request = 0xb400007275017b50
04-23 16:59:22.616 E/ACameraDeviceVendor( 1802): onCaptureStarted: request = 0xb400007275017b50
04-23 16:59:22.706 E/AppsModel( 8338): Failed to retrieve application info
04-23 16:59:22.706 E/AppsModel( 8338): android.content.pm.PackageManager$NameNotFoundException: Package android not found for user -1
04-23 16:59:22.706 E/AppsModel( 8338): 	at android.content.pm.LauncherApps.getApplicationInfo(LauncherApps.java:1404)
04-23 16:59:22.706 E/AppsModel( 8338): 	at com.google.android.gms.internal.wear_companion.Ix.b(Unknown Source:29)
04-23 16:59:22.706 E/AppsModel( 8338): 	at com.google.android.gms.internal.wear_companion.er.a(Unknown Source:196)
04-23 16:59:22.706 E/AppsModel( 8338): 	at com.google.android.gms.internal.wear_companion.up.h(Unknown Source:194)
04-23 16:59:22.706 E/AppsModel( 8338): 	at com.google.android.gms.internal.wear_companion.kD.run(Unknown Source:958)
04-23 16:59:22.706 E/AppsModel( 8338): 	at java.util.concurrent.ThreadPoolExecutor.runWorker(ThreadPoolExecutor.java:1154)
04-23 16:59:22.706 E/AppsModel( 8338): 	at java.util.concurrent.ThreadPoolExecutor$Worker.run(ThreadPoolExecutor.java:652)
04-23 16:59:22.706 E/AppsModel( 8338): 	at java.lang.Thread.run(Thread.java:1564)
04-23 16:59:22.706 E/AppsModel( 8338): Failed to retrieve application info
04-23 16:59:22.706 E/AppsModel( 8338): android.content.pm.PackageManager$NameNotFoundException: Package android not found for user -1
04-23 16:59:22.706 E/AppsModel( 8338): 	at android.content.pm.LauncherApps.getApplicationInfo(LauncherApps.java:1404)
04-23 16:59:22.706 E/AppsModel( 8338): 	at com.google.android.gms.internal.wear_companion.Ix.a(Unknown Source:22)
04-23 16:59:22.706 E/AppsModel( 8338): 	at com.google.android.gms.internal.wear_companion.er.a(Unknown Source:370)
04-23 16:59:22.706 E/AppsModel( 8338): 	at com.google.android.gms.internal.wear_companion.up.h(Unknown Source:194)
04-23 16:59:22.706 E/AppsModel( 8338): 	at com.google.android.gms.internal.wear_companion.kD.run(Unknown Source:958)
04-23 16:59:22.706 E/AppsModel( 8338): 	at java.util.concurrent.ThreadPoolExecutor.runWorker(ThreadPoolExecutor.java:1154)
04-23 16:59:22.706 E/AppsModel( 8338): 	at java.util.concurrent.ThreadPoolExecutor$Worker.run(ThreadPoolExecutor.java:652)
04-23 16:59:22.706 E/AppsModel( 8338): 	at java.lang.Thread.run(Thread.java:1564)
04-23 16:59:22.744 E/ashmem  (14926): Pinning is deprecated since Android Q. Please use trim or other methods.
04-23 16:59:22.780 E/QC2PerfCtrlUtil( 1836): Release hint has returned unexpected handle 568995
04-23 16:59:22.792 E/Camera3-OutputStream( 2214): [VSync] getBufferLockedCommon: Stream 0: wait for dequeued buffer exceeds 30000us (506996)us
04-23 16:59:22.793 E/CamX    ( 1849): [ERROR][CSL    ] camxcslhw.cpp:3544 CSLAllocHW() [MEMTIME] caller = MPG_7_Buffer2 allocTime = 253 bufferSize = 3375104
04-23 16:59:22.793 E/SmcInvoke_MinkDescriptor( 1802): mem obj with id :37 not found in list
04-23 16:59:22.929 E/QC2PerfCtrlUtil( 1836): Release hint has returned unexpected handle 568997
04-23 16:59:23.015 E/HeatmapThread( 1923): ECT Thread time in milliseconds: 1776974363
04-23 16:59:23.017 E/HeatmapThread( 1923): !@ CAM New BSOH: 100
04-23 16:59:23.059 E/sensors-hal( 1796): handle_sns_client_event:78, slocationcore_event: msgid:1025
04-23 16:59:23.120 E/CamX    ( 1849): [ERROR][CSL    ] camxcslhw.cpp:3544 CSLAllocHW() [MEMTIME] caller = MPG_9_Buffer2 allocTime = 325 bufferSize = 32768
04-23 16:59:23.120 E/CamX    ( 1849): [ERROR][CORE   ] camxpipeline.cpp:5917 SinkPortFenceErrorSignaled() SecurePreview_0_cam_5 Reporting stream done for stream=0, sequenceId=6 Buffer type=0 handle=0x0
04-23 16:59:23.120 E/CamX    ( 1849): [ERROR][CORE   ] camxsession.cpp:9310 InjectResult() Session 0xb400007d5c235c80 [SecurePreview] Reporting a buffer error to the framework for streamIndex 0 SeqId: 6 <-> ReqId: 7
04-23 16:59:23.120 E/DATC-IF ( 1849): [ERROR][ChiNode] camxchinodesecofectrl.cpp:896 OverrideOFECGData() SecurePreview_OFE0 req 8 get metadata fail NULL pointer 0x0
04-23 16:59:23.120 E/CamX    ( 1849): [ERROR][HAL    ] camxhaldevice.cpp:997 Notify() type 00000001, frame_number 6, error_code 00000004, error_stream 0xb400007ccc23aab8
04-23 16:59:23.120 E/CameraDeviceClient( 2214): notifyError: pid=1802, errorCode=5, errorStreamId=0, frameNumber=6
04-23 16:59:23.120 E/CameraDeviceClient( 2214): notifyError: pid=1802, skipClientNotification=false
04-23 16:59:23.120 E/CHIFD   ( 1849): [ERROR][FD     ] camxchinodefd.cpp:2119 ExecuteProcessRequest() Node[SecurePreview_com.qti.node.fd8_cam5] ReqId[10] EPR-1, bindIOBuffers=0
04-23 16:59:23.120 E/CHIFD   ( 1849): [ERROR][FD     ] camxchinodefd.cpp:2301 ExecuteProcessRequest() Node[SecurePreview_com.qti.node.fd8_cam5] ReqId[10] ChiFD node publishing FD results
04-23 16:59:23.120 E/CHIFD   ( 1849): [ERROR][FD     ] camxchinodefd.cpp:2388 ExecuteProcessRequest() Processing SW Detection ReqId[10] reqhandle 0 FD type: DLFD
04-23 16:59:23.121 E/CHIFD   ( 1849): [ERROR][FD     ] camxchinodefd.cpp:7995 OnProcessRequest() Node[SecurePreview_com.qti.node.fd8_cam5] ReqId[10] Request Scheduled (Pending frames 0)
04-23 16:59:23.121 E/CHIFD   ( 1849): [ERROR][FD     ] camxchinodefd.cpp:2119 ExecuteProcessRequest() Node[SecurePreview_com.qti.node.fd8_cam5] ReqId[11] EPR-1, bindIOBuffers=0
04-23 16:59:23.121 E/CHIFD   ( 1849): [ERROR][FD     ] camxchinodefd.cpp:5265 ExecuteFDResultsProcessing() DL-FD Execution reqid 10
04-23 16:59:23.121 E/CHIFD   ( 1849): [ERROR][FD     ] camxchinodefd.cpp:2301 ExecuteProcessRequest() Node[SecurePreview_com.qti.node.fd8_cam5] ReqId[11] ChiFD node publishing FD results
04-23 16:59:23.121 E/DATC-IF ( 1849): [ERROR][ChiNode] camxchinodesecofectrl.cpp:896 OverrideOFECGData() SecurePreview_OFE0 req 9 get metadata fail NULL pointer 0x0
04-23 16:59:23.121 E/CamX    ( 1849): [ERROR][FD     ] camxfdengine.cpp:842 FDEngineGetFDRunFlag() FrameId=10: -CN_07626430 FDRunFlag=1, reqdFrameCyclePeriod=1
04-23 16:59:23.121 E/CHIFD   ( 1849): [ERROR][FD     ] camxchinodefd.cpp:2388 ExecuteProcessRequest() Processing SW Detection ReqId[11] reqhandle 0 FD type: DLFD
04-23 16:59:23.121 E/CHIFD   ( 1849): [ERROR][FD     ] camxchinodefd.cpp:7995 OnProcessRequest() Node[SecurePreview_com.qti.node.fd8_cam5] ReqId[11] Request Scheduled (Pending frames 1)
04-23 16:59:23.121 E/SmcInvoke_MinkDescriptor( 1802): mem obj with id :36 not found in list
04-23 16:59:23.121 E/Camera3-OutputStream( 2214): [VSync] getBufferLockedCommon: Stream 0: wait for dequeued buffer exceeds 30000us (326674)us
04-23 16:59:23.122 E/CHIFD   ( 1849): [ERROR][FD     ] camxchinodefd.cpp:2134 ExecuteProcessRequest() Node[SecurePreview_com.qti.node.fd8_cam5] ReqId[12] EPR-0, bindIOBuffers=0
04-23 16:59:23.125 E/CamX    ( 1849): [ERROR][FD     ] camxfdengine.cpp:763 FDEngineProcessResult() valid input parameter!-CN_07626430 hFDEHandle 0xb400007cbc2e6630K, pPerFrameInfo 0x7c27648ff0K, pMainResult 0x7c2761d8d8K, pOutputResult 0x7c2761123cK, pHeadBodyResult 0x7c27604020K, pOutputResultStabilized 0x7c27604ba0K, pOutputHeadBodyResult 0x7c27603cd4K, pOutputHeadBodyResultStabilized 0x7c27603988K, pPetResult 0x7c276029a8K,pOutputPetResult 0x7c27602090K, pOutputPetResultStabilized 0x7c2760251cK
04-23 16:59:23.125 E/CHIFD   ( 1849): [ERROR][FD     ] camxchinodefd.cpp:9009 FDDLExecution() Node[SecurePreview_com.qti.node.fd8_cam5] ReqId[10] Faces 1
04-23 16:59:23.125 E/CHIFD   ( 1849): [ERROR][FD     ] camxchinodefd.cpp:9882 PrintFDResults() Node[SecurePreview_com.qti.node.fd8_cam5] ReqId[10] [StabilizedResults-Sorted)] : Dimensions[640x480], numFaces=1
04-23 16:59:23.125 E/CHIFD   ( 1849): [ERROR][FD     ] camxchinodefd.cpp:8743 PostProcessFDEngineResults() Face ID 1 detected: face 1, mask  0 landmark 1head 0 torso 0
04-23 16:59:23.125 E/CHIFD   ( 1849): [ERROR][FD     ] camxchinodefd.cpp:5265 ExecuteFDResultsProcessing() DL-FD Execution reqid 11
04-23 16:59:23.125 E/CamX    ( 1849): [ERROR][FD     ] camxfdengine.cpp:842 FDEngineGetFDRunFlag() FrameId=11: -CN_07626430 FDRunFlag=1, reqdFrameCyclePeriod=1
04-23 16:59:23.125 E/CamX    ( 1849): [ERROR][FD     ] camxfdengine.cpp:949 FDEngineDLFacialContourDetect() valid lib handles,CN_07626430 hDLFAHandle 0xb400007d3cbc0e30K, PT request 1, PT created 1
04-23 16:59:23.128 E/CHIFD   ( 1849): [ERROR][FD     ] camxchinodefd.cpp:10518 ProcessRequestDone() Node[SecurePreview_com.qti.node.fd8_cam5] ReqId[10] ProcessRequestDone
04-23 16:59:23.129 E/CamX    ( 1849): [ERROR][FD     ] camxfdengine.cpp:763 FDEngineProcessResult() valid input parameter!-CN_07626430 hFDEHandle 0xb400007cbc2e6630K, pPerFrameInfo 0x7c27648ff0K, pMainResult 0x7c2761d8d8K, pOutputResult 0x7c2761123cK, pHeadBodyResult 0x7c27604020K, pOutputResultStabilized 0x7c27604ba0K, pOutputHeadBodyResult 0x7c27603cd4K, pOutputHeadBodyResultStabilized 0x7c27603988K, pPetResult 0x7c276029a8K,pOutputPetResult 0x7c27602090K, pOutputPetResultStabilized 0x7c2760251cK
04-23 16:59:23.129 E/CHIFD   ( 1849): [ERROR][FD     ] camxchinodefd.cpp:9009 FDDLExecution() Node[SecurePreview_com.qti.node.fd8_cam5] ReqId[11] Faces 1
04-23 16:59:23.130 E/CHIFD   ( 1849): [ERROR][FD     ] camxchinodefd.cpp:9882 PrintFDResults() Node[SecurePreview_com.qti.node.fd8_cam5] ReqId[11] [StabilizedResults-Sorted)] : Dimensions[640x480], numFaces=1
04-23 16:59:23.130 E/CHIFD   ( 1849): [ERROR][FD     ] camxchinodefd.cpp:8743 PostProcessFDEngineResults() Face ID 1 detected: face 1, mask  0 landmark 1head 0 torso 0
04-23 16:59:23.130 E/CamX    ( 1849): [ERROR][FD     ] camxfdengine.cpp:949 FDEngineDLFacialContourDetect() valid lib handles,CN_07626430 hDLFAHandle 0xb400007d3cbc0e30K, PT request 1, PT created 1
04-23 16:59:23.132 E/CHIFD   ( 1849): [ERROR][FD     ] camxchinodefd.cpp:10518 ProcessRequestDone() Node[SecurePreview_com.qti.node.fd8_cam5] ReqId[11] ProcessRequestDone
04-23 16:59:23.139 E/BluetoothPowerStatsCollector( 2852): Cannot acquire BluetoothActivityEnergyInfo
04-23 16:59:23.139 E/BluetoothPowerStatsCollector( 2852): java.util.concurrent.ExecutionException: java.lang.RuntimeException: error: 11
04-23 16:59:23.139 E/BluetoothPowerStatsCollector( 2852): 	at java.util.concurrent.CompletableFuture.reportGet(CompletableFuture.java:372)
04-23 16:59:23.139 E/BluetoothPowerStatsCollector( 2852): 	at java.util.concurrent.CompletableFuture.get(CompletableFuture.java:2072)
04-23 16:59:23.139 E/BluetoothPowerStatsCollector( 2852): 	at com.android.server.power.stats.BluetoothPowerStatsCollector.collectStats(qb/107956321 4d246400d6b6522ce2dbefdc76e1d1e4d933ed797ec43dc870563aacb32ba14c:202)
04-23 16:59:23.139 E/BluetoothPowerStatsCollector( 2852): 	at com.android.server.power.stats.PowerStatsCollector$$ExternalSyntheticLambda0.run(qb/107956321 4d246400d6b6522ce2dbefdc76e1d1e4d933ed797ec43dc870563aacb32ba14c:3)
04-23 16:59:23.139 E/BluetoothPowerStatsCollector( 2852): 	at android.os.Handler.handleCallback(Handler.java:995)
04-23 16:59:23.139 E/BluetoothPowerStatsCollector( 2852): 	at android.os.Handler.dispatchMessage(Handler.java:103)
04-23 16:59:23.139 E/BluetoothPowerStatsCollector( 2852): 	at android.os.Looper.loopOnce(Looper.java:273)
04-23 16:59:23.139 E/BluetoothPowerStatsCollector( 2852): 	at android.os.Looper.loop(Looper.java:363)
04-23 16:59:23.139 E/BluetoothPowerStatsCollector( 2852): 	at android.os.HandlerThread.run(HandlerThread.java:85)
04-23 16:59:23.139 E/BluetoothPowerStatsCollector( 2852): Caused by: java.lang.RuntimeException: error: 11
04-23 16:59:23.139 E/BluetoothPowerStatsCollector( 2852): 	at com.android.server.power.stats.BluetoothPowerStatsCollector$1.onBluetoothActivityEnergyInfoError(qb/107956321 4d246400d6b6522ce2dbefdc76e1d1e4d933ed797ec43dc870563aacb32ba14c:12)
04-23 16:59:23.139 E/BluetoothPowerStatsCollector( 2852): 	at android.bluetooth.BluetoothAdapter$OnBluetoothActivityEnergyInfoProxy.lambda$onBluetoothActivityEnergyInfoAvailable$0(BluetoothAdapter.java:1226)
04-23 16:59:23.139 E/BluetoothPowerStatsCollector( 2852): 	at android.bluetooth.BluetoothAdapter$OnBluetoothActivityEnergyInfoProxy$$ExternalSyntheticLambda1.run(D8$$SyntheticClass:0)
04-23 16:59:23.139 E/BluetoothPowerStatsCollector( 2852): 	at android.bluetooth.BluetoothUtils.lambda$executeFromBinder$0(BluetoothUtils.java:343)
04-23 16:59:23.139 E/BluetoothPowerStatsCollector( 2852): 	at android.bluetooth.BluetoothUtils$$ExternalSyntheticLambda1.run(D8$$SyntheticClass:0)
04-23 16:59:23.139 E/BluetoothPowerStatsCollector( 2852): 	at com.android.server.SystemServerInitThreadPool$$ExternalSyntheticLambda0.execute(qb/107956321 4d246400d6b6522ce2dbefdc76e1d1e4d933ed797ec43dc870563aacb32ba14c:1)
04-23 16:59:23.139 E/BluetoothPowerStatsCollector( 2852): 	at android.bluetooth.BluetoothUtils.executeFromBinder(BluetoothUtils.java:343)
04-23 16:59:23.139 E/BluetoothPowerStatsCollector( 2852): 	at android.bluetooth.BluetoothAdapter$OnBluetoothActivityEnergyInfoProxy.onBluetoothActivityEnergyInfoAvailable(BluetoothAdapter.java:1224)
04-23 16:59:23.139 E/BluetoothPowerStatsCollector( 2852): 	at android.bluetooth.IBluetoothActivityEnergyInfoListener$Stub.onTransact(IBluetoothActivityEnergyInfoListener.java:98)
04-23 16:59:23.139 E/BluetoothPowerStatsCollector( 2852): 	at android.os.Binder.execTransactInternal(Binder.java:1462)
04-23 16:59:23.139 E/BluetoothPowerStatsCollector( 2852): 	at android.os.Binder.execTransact(Binder.java:1401)
04-23 16:59:23.142 E/CamX    ( 1849): [ERROR][CSL    ] camxcslhw.cpp:3544 CSLAllocHW() [MEMTIME] caller = MPG_7_Buffer3 allocTime = 20 bufferSize = 3375104
04-23 16:59:23.146 E/CamX    ( 1849): [ERROR][CSL    ] camxcslhw.cpp:3544 CSLAllocHW() [MEMTIME] caller = MPG_12_Buffer5 allocTime = 23 bufferSize = 16269312
04-23 16:59:23.146 E/SmcInvoke_MinkDescriptor( 1802): mem obj with id :36 not found in list
04-23 16:59:23.148 E/SmcInvoke_MinkDescriptor( 1802): mem obj with id :36 not found in list
04-23 16:59:23.155 E/WifiStaIfaceAidlImpl( 2852): getCachedScanData failed with service-specific exception: android.os.ServiceSpecificException:  (code 4)
04-23 16:59:23.169 E/CamX    ( 1849): [ERROR][CSL    ] camxcslhw.cpp:3544 CSLAllocHW() [MEMTIME] caller = MPG_9_Buffer3 allocTime = 20 bufferSize = 32768
04-23 16:59:23.169 E/DATC-IF ( 1849): [ERROR][ChiNode] camxchinodesecofectrl.cpp:896 OverrideOFECGData() SecurePreview_OFE0 req 10 get metadata fail NULL pointer 0x0
04-23 16:59:23.169 E/SmcInvoke_MinkDescriptor( 1802): mem obj with id :36 not found in list
04-23 16:59:23.172 E/SmcInvoke_MinkDescriptor( 1802): mem obj with id :36 not found in list
04-23 16:59:23.179 E/BluetoothPowerStatsCollector( 2852): Cannot acquire BluetoothActivityEnergyInfo
04-23 16:59:23.179 E/BluetoothPowerStatsCollector( 2852): java.util.concurrent.ExecutionException: java.lang.RuntimeException: error: 11
04-23 16:59:23.179 E/BluetoothPowerStatsCollector( 2852): 	at java.util.concurrent.CompletableFuture.reportGet(CompletableFuture.java:372)
04-23 16:59:23.179 E/BluetoothPowerStatsCollector( 2852): 	at java.util.concurrent.CompletableFuture.get(CompletableFuture.java:2072)
04-23 16:59:23.179 E/BluetoothPowerStatsCollector( 2852): 	at com.android.server.power.stats.BluetoothPowerStatsCollector.collectStats(qb/107956321 4d246400d6b6522ce2dbefdc76e1d1e4d933ed797ec43dc870563aacb32ba14c:202)
04-23 16:59:23.179 E/BluetoothPowerStatsCollector( 2852): 	at com.android.server.power.stats.PowerStatsCollector$$ExternalSyntheticLambda0.run(qb/107956321 4d246400d6b6522ce2dbefdc76e1d1e4d933ed797ec43dc870563aacb32ba14c:3)
04-23 16:59:23.179 E/BluetoothPowerStatsCollector( 2852): 	at android.os.Handler.handleCallback(Handler.java:995)
04-23 16:59:23.179 E/BluetoothPowerStatsCollector( 2852): 	at android.os.Handler.dispatchMessage(Handler.java:103)
04-23 16:59:23.179 E/BluetoothPowerStatsCollector( 2852): 	at android.os.Looper.loopOnce(Looper.java:273)
04-23 16:59:23.179 E/BluetoothPowerStatsCollector( 2852): 	at android.os.Looper.loop(Looper.java:363)
04-23 16:59:23.179 E/BluetoothPowerStatsCollector( 2852): 	at android.os.HandlerThread.run(HandlerThread.java:85)
04-23 16:59:23.179 E/BluetoothPowerStatsCollector( 2852): Caused by: java.lang.RuntimeException: error: 11
04-23 16:59:23.179 E/BluetoothPowerStatsCollector( 2852): 	at com.android.server.power.stats.BluetoothPowerStatsCollector$1.onBluetoothActivityEnergyInfoError(qb/107956321 4d246400d6b6522ce2dbefdc76e1d1e4d933ed797ec43dc870563aacb32ba14c:12)
04-23 16:59:23.179 E/BluetoothPowerStatsCollector( 2852): 	at android.bluetooth.BluetoothAdapter$OnBluetoothActivityEnergyInfoProxy.lambda$onBluetoothActivityEnergyInfoAvailable$0(BluetoothAdapter.java:1226)
04-23 16:59:23.179 E/BluetoothPowerStatsCollector( 2852): 	at android.bluetooth.BluetoothAdapter$OnBluetoothActivityEnergyInfoProxy$$ExternalSyntheticLambda1.run(D8$$SyntheticClass:0)
04-23 16:59:23.179 E/BluetoothPowerStatsCollector( 2852): 	at android.bluetooth.BluetoothUtils.lambda$executeFromBinder$0(BluetoothUtils.java:343)
04-23 16:59:23.179 E/BluetoothPowerStatsCollector( 2852): 	at android.bluetooth.BluetoothUtils$$ExternalSyntheticLambda1.run(D8$$SyntheticClass:0)
04-23 16:59:23.179 E/BluetoothPowerStatsCollector( 2852): 	at com.android.server.SystemServerInitThreadPool$$ExternalSyntheticLambda0.execute(qb/107956321 4d246400d6b6522ce2dbefdc76e1d1e4d933ed797ec43dc870563aacb32ba14c:1)
04-23 16:59:23.179 E/BluetoothPowerStatsCollector( 2852): 	at android.bluetooth.BluetoothUtils.executeFromBinder(BluetoothUtils.java:343)
04-23 16:59:23.179 E/BluetoothPowerStatsCollector( 2852): 	at android.bluetooth.BluetoothAdapter$OnBluetoothActivityEnergyInfoProxy.onBluetoothActivityEnergyInfoAvailable(BluetoothAdapter.java:1224)
04-23 16:59:23.179 E/BluetoothPowerStatsCollector( 2852): 	at android.bluetooth.IBluetoothActivityEnergyInfoListener$Stub.onTransact(IBluetoothActivityEnergyInfoListener.java:98)
04-23 16:59:23.179 E/BluetoothPowerStatsCollector( 2852): 	at android.os.Binder.execTransactInternal(Binder.java:1462)
04-23 16:59:23.179 E/BluetoothPowerStatsCollector( 2852): 	at android.os.Binder.execTransact(Binder.java:1401)
04-23 16:59:23.183 E/ACameraDeviceVendor( 1802): onCaptureStarted: request = 0xb400007275017b50
04-23 16:59:23.193 E/CamX    ( 1849): [ERROR][CSL    ] camxcslhw.cpp:3544 CSLAllocHW() [MEMTIME] caller = MPG_7_Buffer4 allocTime = 23 bufferSize = 3375104
04-23 16:59:23.193 E/SmcInvoke_MinkDescriptor( 1802): mem obj with id :36 not found in list
04-23 16:59:23.197 E/DATC-IF ( 1849): [ERROR][ChiNode] camxchinodesecofectrl.cpp:896 OverrideOFECGData() SecurePreview_OFE0 req 11 get metadata fail NULL pointer 0x0
04-23 16:59:23.198 E/CHIFD   ( 1849): [ERROR][FD     ] camxchinodefd.cpp:2134 ExecuteProcessRequest() Node[SecurePreview_com.qti.node.fd8_cam5] ReqId[13] EPR-0, bindIOBuffers=0
04-23 16:59:23.199 E/CHIFD   ( 1849): [ERROR][FD     ] camxchinodefd.cpp:2119 ExecuteProcessRequest() Node[SecurePreview_com.qti.node.fd8_cam5] ReqId[12] EPR-1, bindIOBuffers=0
04-23 16:59:23.199 E/CHIFD   ( 1849): [ERROR][FD     ] camxchinodefd.cpp:2301 ExecuteProcessRequest() Node[SecurePreview_com.qti.node.fd8_cam5] ReqId[12] ChiFD node publishing FD results
04-23 16:59:23.199 E/CHIFD   ( 1849): [ERROR][FD     ] camxchinodefd.cpp:2388 ExecuteProcessRequest() Processing SW Detection ReqId[12] reqhandle 0 FD type: DLFD
04-23 16:59:23.199 E/CHIFD   ( 1849): [ERROR][FD     ] camxchinodefd.cpp:7995 OnProcessRequest() Node[SecurePreview_com.qti.node.fd8_cam5] ReqId[12] Request Scheduled (Pending frames 0)
04-23 16:59:23.199 E/CHIFD   ( 1849): [ERROR][FD     ] camxchinodefd.cpp:5265 ExecuteFDResultsProcessing() DL-FD Execution reqid 12
04-23 16:59:23.199 E/CamX    ( 1849): [ERROR][FD     ] camxfdengine.cpp:842 FDEngineGetFDRunFlag() FrameId=12: -CN_07626430 FDRunFlag=1, reqdFrameCyclePeriod=1
04-23 16:59:23.203 E/CamX    ( 1849): [ERROR][FD     ] camxfdengine.cpp:763 FDEngineProcessResult() valid input parameter!-CN_07626430 hFDEHandle 0xb400007cbc2e6630K, pPerFrameInfo 0x7c2774cff0K, pMainResult 0x7c277218d8K, pOutputResult 0x7c2771523cK, pHeadBodyResult 0x7c27708020K, pOutputResultStabilized 0x7c27708ba0K, pOutputHeadBodyResult 0x7c27707cd4K, pOutputHeadBodyResultStabilized 0x7c27707988K, pPetResult 0x7c277069a8K,pOutputPetResult 0x7c27706090K, pOutputPetResultStabilized 0x7c2770651cK
04-23 16:59:23.203 E/CHIFD   ( 1849): [ERROR][FD     ] camxchinodefd.cpp:9009 FDDLExecution() Node[SecurePreview_com.qti.node.fd8_cam5] ReqId[12] Faces 1
04-23 16:59:23.203 E/CHIFD   ( 1849): [ERROR][FD     ] camxchinodefd.cpp:9882 PrintFDResults() Node[SecurePreview_com.qti.node.fd8_cam5] ReqId[12] [StabilizedResults-Sorted)] : Dimensions[640x480], numFaces=1
04-23 16:59:23.203 E/CHIFD   ( 1849): [ERROR][FD     ] camxchinodefd.cpp:8743 PostProcessFDEngineResults() Face ID 1 detected: face 1, mask  0 landmark 1head 0 torso 0
04-23 16:59:23.203 E/CamX    ( 1849): [ERROR][FD     ] camxfdengine.cpp:949 FDEngineDLFacialContourDetect() valid lib handles,CN_07626430 hDLFAHandle 0xb400007d3cbc0e30K, PT request 1, PT created 1
04-23 16:59:23.205 E/CHIFD   ( 1849): [ERROR][FD     ] camxchinodefd.cpp:2134 ExecuteProcessRequest() Node[SecurePreview_com.qti.node.fd8_cam5] ReqId[14] EPR-0, bindIOBuffers=0
04-23 16:59:23.206 E/CHIFD   ( 1849): [ERROR][FD     ] camxchinodefd.cpp:10518 ProcessRequestDone() Node[SecurePreview_com.qti.node.fd8_cam5] ReqId[12] ProcessRequestDone
