04-23 16:55:49.880 E/SurfaceFlinger( 1939): alpha changed 1.000 -> 0.000 - Surface(name=9a92180 InputMethod)/@0x4578a7b - animation-leash of insets_animation#136692
04-23 16:55:49.997 E/SurfaceFlinger( 1939): alpha changed 0.019 -> 0.000 - DimTransitionLayer for Surface(name=ActivityRecord{138938109 u0 com.whatsapp/.Conversation t4331})/@0xfa58680#136691
04-23 16:55:50.108 E/QC2PerfCtrlUtil( 1836): Release hint has returned unexpected handle 568843
04-23 16:55:50.258 E/ConversionHelperAidl( 1905): Function: parseAndSetVendorParameters Line: 94 Failed 
04-23 16:55:50.258 E/ConversionHelperAidl( 1905): Function: parseAndSetVendorParameters Line: 94 Failed 
04-23 16:55:50.259 E/ConversionHelperAidl( 1905): Function: parseAndSetVendorParameters Line: 94 Failed 
04-23 16:55:50.259 E/ConversionHelperAidl( 1905): Function: parseAndSetVendorParameters Line: 94 Failed 
04-23 16:55:50.306 E/QC2PerfCtrlUtil( 1836): Release hint has returned unexpected handle 568845
04-23 16:55:50.442 E/HeatmapThread( 1923): ECT Thread time in milliseconds: 1776974150
04-23 16:55:50.443 E/HeatmapThread( 1923): !@ CAM New BSOH: 100
04-23 16:55:51.441 E/HeatmapThread( 1923): ECT Thread time in milliseconds: 1776974151
04-23 16:55:51.443 E/HeatmapThread( 1923): !@ CAM New BSOH: 100
04-23 16:55:51.882 E/WifiStaIfaceAidlImpl( 2852): getCachedScanData failed with service-specific exception: android.os.ServiceSpecificException:  (code 4)
04-23 16:55:52.442 E/HeatmapThread( 1923): ECT Thread time in milliseconds: 1776974152
04-23 16:55:52.444 E/HeatmapThread( 1923): !@ CAM New BSOH: 100
04-23 16:55:52.795 E/SecVibrator-HAL-AIDL-EXT( 1891): V_5_0: performPrebakedHapticPattern 14 : 4000 : 0
04-23 16:55:52.796 E/SecVibrator-HAL-AIDL-CORE( 1891): HW_API: [setForceFeedbackAmplitude]amplitude: 4000
04-23 16:55:52.816 E/SecVibrator-HAL-AIDL-CORE( 1891): HW_API: [uploadForceFeedbackeffect]ioctl success ,uploaded effect with ID: 0
04-23 16:55:52.816 E/SecVibrator-HAL-AIDL-CORE( 1891): HW_API: do_on for timeoutMs: 1000
04-23 16:55:52.816 E/SecVibrator-HAL-AIDL-CORE( 1891): HW_API: [triggerForceFeedbackVibration]on: 1
04-23 16:55:52.926 E/SecVibrator-HAL-AIDL-CORE( 1891): V_2_0: Vibrator off
04-23 16:55:52.926 E/SecVibrator-HAL-AIDL-CORE( 1891): HW_API: do_off
04-23 16:55:52.926 E/SecVibrator-HAL-AIDL-CORE( 1891): HW_API: [triggerForceFeedbackVibration]on: 0
04-23 16:55:53.276 E/TaskPersister( 2852): File error accessing recents directory (directory doesn't exist?).
04-23 16:55:53.442 E/HeatmapThread( 1923): ECT Thread time in milliseconds: 1776974153
04-23 16:55:53.446 E/HeatmapThread( 1923): !@ CAM New BSOH: 100
04-23 16:55:54.442 E/HeatmapThread( 1923): ECT Thread time in milliseconds: 1776974154
04-23 16:55:54.444 E/HeatmapThread( 1923): !@ CAM New BSOH: 100
04-23 16:55:54.620 E/pageboostd( 5215): Received HALT command code 2
04-23 16:55:54.640 E/perf_hint( 6485): Session ID too large, must fit 32-bit integer
04-23 16:55:54.670 E/pageboostd( 5215): Received HALT command code 2
04-23 16:55:54.675 E/SurfaceFlinger( 1939): alpha changed 1.000 -> 0.000 - ActivityRecord{174634137 u0 com.whatsapp/.status.playback.StatusPlaybackActivity t4331}#136693
04-23 16:55:54.675 E/SurfaceFlinger( 1939): alpha changed 0.000 -> 0.000 - ActivityRecord{174634137 u0 com.whatsapp/.status.playback.StatusPlaybackActivity t4331}#136693
04-23 16:55:54.708 E/SurfaceFlinger( 1939): alpha changed 0.000 -> 0.070 - ActivityRecord{174634137 u0 com.whatsapp/.status.playback.StatusPlaybackActivity t4331}#136693
04-23 16:55:54.741 E/SurfaceFlinger( 1939): alpha changed 1.000 -> 0.000 - Surface(name=9a92180 InputMethod)/@0x4578a7b - animation-leash of insets_animation#136700
04-23 16:55:54.899 E/WifiStaIfaceAidlImpl( 2852): getCachedScanData failed with service-specific exception: android.os.ServiceSpecificException:  (code 4)
04-23 16:55:54.910 E/BatteryDump( 1854): !@new_battery_dump : 3758,-140,100,100,26,299,290,313,299,0,303,313,0,Discharging,NO_CHARGING,None,Good,NONE,0,Normal,0,0,9300,0x40000000,0x10000,0x0,0,0,387,v0002,0000,0000,00000000,0,0,0,0,78,3773,2675,990,0,
04-23 16:55:54.927 E/MediaCodec( 6485): Media Quality Service not found.
04-23 16:55:54.928 E/com.whatsapp( 6485): Failed to query component interface for required system resources: 6
04-23 16:55:54.929 E/QC2Comp ( 1836): [avcD_789] configureIntf failed 95
04-23 16:55:54.931 E/QC2V4l2Codec( 1836): [v4lavcD_789]  ? is not a supported pixel format!
04-23 16:55:54.942 E/MediaCodec( 6485): Media Quality Service not found.
04-23 16:55:54.943 E/com.whatsapp( 6485): Failed to query component interface for required system resources: 6
04-23 16:55:54.945 E/Codec2-ComponentInterface( 2354): We have a failed config
04-23 16:55:55.018 E/StreamHalAidl( 1905): Function: getRecommendedLatencyModes Line: 1155 Failed 
04-23 16:55:55.021 E/ConversionHelperAidl( 1905): Function: parseAndSetVendorParameters Line: 94 Failed 
04-23 16:55:55.021 E/ConversionHelperAidl( 1905): Function: parseAndSetVendorParameters Line: 94 Failed 
04-23 16:55:55.050 E/ACDB    ( 1801): vendor/qcom/proprietary/args/acdb/src/acdb_command.c:AcdbCmdGetProcSubgraphCalDataPersist:8255 Error[19]: No calibration found
04-23 16:55:55.063 E/ACDB    ( 1801): vendor/qcom/proprietary/args/acdb/src/acdb_command.c:AcdbCmdGetProcSubgraphCalDataPersist:8255 Error[19]: No calibration found
04-23 16:55:55.063 E/ACDB    ( 1801): vendor/qcom/proprietary/args/acdb/src/acdb_command.c:AcdbCmdGetProcSubgraphCalDataPersist:8255 Error[19]: No calibration found
04-23 16:55:55.063 E/ACDB    ( 1801): vendor/qcom/proprietary/args/acdb/src/acdb_command.c:AcdbCmdGetProcSubgraphCalDataPersist:8255 Error[19]: No calibration found
04-23 16:55:55.063 E/ACDB    ( 1801): vendor/qcom/proprietary/args/acdb/src/acdb_command.c:AcdbCmdGetProcSubgraphCalDataPersist:8255 Error[19]: No calibration found
04-23 16:55:55.064 E/ACDB    ( 1801): vendor/qcom/proprietary/args/acdb/src/acdb_command.c:AcdbCmdGetProcSubgraphCalDataPersist:8255 Error[19]: No calibration found
04-23 16:55:55.064 E/ACDB    ( 1801): vendor/qcom/proprietary/args/acdb/src/acdb_command.c:AcdbCmdGetProcSubgraphCalDataPersist:8255 Error[19]: No calibration found
04-23 16:55:55.064 E/ACDB    ( 1801): vendor/qcom/proprietary/args/acdb/src/acdb_command.c:AcdbCmdGetProcSubgraphCalDataPersist:8255 Error[19]: No calibration found
04-23 16:55:55.064 E/ACDB    ( 1801): vendor/qcom/proprietary/args/acdb/src/acdb_command.c:AcdbCmdGetProcSubgraphCalDataPersist:8255 Error[19]: No calibration found
04-23 16:55:55.122 E/msys    (17736): E[N mccw.liger]onConnectError(579)=>connect/error - address: 157.240.12.175, port: 5222, ex: folly::AsyncSocketException: AsyncSocketException: connect timed out after 9999ms, type = Timed out
04-23 16:55:55.360 E/msys    (17736): E[N mccw.liger]onConnectError(579)=>connect/error - address: 157.240.12.175, port: 443, ex: folly::AsyncSocketException: AsyncSocketException: connect timed out after 9999ms, type = Timed out
04-23 16:55:55.442 E/HeatmapThread( 1923): ECT Thread time in milliseconds: 1776974155
04-23 16:55:55.445 E/HeatmapThread( 1923): !@ CAM New BSOH: 100
04-23 16:55:55.815 E/ConversionHelperAidl( 1905): Function: parseAndSetVendorParameters Line: 94 Failed 
04-23 16:55:55.815 E/ConversionHelperAidl( 1905): Function: parseAndSetVendorParameters Line: 94 Failed 
04-23 16:55:55.935 E/MediaCodec( 6485): Media Quality Service not found.
04-23 16:55:55.938 E/com.whatsapp( 6485): Failed to query component interface for required system resources: 6
04-23 16:55:55.940 E/QC2Comp ( 1836): [avcD_790] configureIntf failed 95
04-23 16:55:55.940 E/QC2V4l2Codec( 1836): [v4lavcD_790]  ? is not a supported pixel format!
04-23 16:55:55.955 E/MediaCodec( 6485): Media Quality Service not found.
04-23 16:55:55.955 E/com.whatsapp( 6485): Failed to query component interface for required system resources: 6
04-23 16:55:55.957 E/Codec2-ComponentInterface( 2354): We have a failed config
04-23 16:55:56.031 E/StreamHalAidl( 1905): Function: getRecommendedLatencyModes Line: 1155 Failed 
04-23 16:55:56.034 E/ConversionHelperAidl( 1905): Function: parseAndSetVendorParameters Line: 94 Failed 
04-23 16:55:56.034 E/ConversionHelperAidl( 1905): Function: parseAndSetVendorParameters Line: 94 Failed 
04-23 16:55:56.401 E/SecVibrator-HAL-AIDL-EXT( 1891): V_5_0: performPrebakedHapticPattern 14 : 4000 : 0
04-23 16:55:56.402 E/SecVibrator-HAL-AIDL-CORE( 1891): HW_API: [setForceFeedbackAmplitude]amplitude: 4000
04-23 16:55:56.417 E/SecVibrator-HAL-AIDL-CORE( 1891): HW_API: [uploadForceFeedbackeffect]ioctl success ,uploaded effect with ID: 0
04-23 16:55:56.417 E/SecVibrator-HAL-AIDL-CORE( 1891): HW_API: do_on for timeoutMs: 1000
04-23 16:55:56.418 E/SecVibrator-HAL-AIDL-CORE( 1891): HW_API: [triggerForceFeedbackVibration]on: 1
04-23 16:55:56.442 E/HeatmapThread( 1923): ECT Thread time in milliseconds: 1776974156
04-23 16:55:56.444 E/HeatmapThread( 1923): !@ CAM New BSOH: 100
04-23 16:55:56.530 E/SecVibrator-HAL-AIDL-CORE( 1891): V_2_0: Vibrator off
04-23 16:55:56.530 E/SecVibrator-HAL-AIDL-CORE( 1891): HW_API: do_off
04-23 16:55:56.530 E/SecVibrator-HAL-AIDL-CORE( 1891): HW_API: [triggerForceFeedbackVibration]on: 0
04-23 16:55:56.531 E/pageboostd( 5215): Received HALT command code 2
04-23 16:55:56.556 E/SurfaceFlinger( 1939): alpha changed 1.000 -> 0.000 - com.sec.android.app.launcher/com.sec.android.app.launcher.activities.LauncherActivity$_18672#136701
04-23 16:55:56.556 E/SurfaceFlinger( 1939): alpha changed 1.000 -> 0.000 - Surface(name=a485c4b StatusBar)/@0x4052217 - animation-leash of insets_animation#136704
04-23 16:55:56.556 E/SurfaceFlinger( 1939): alpha changed 0.000 -> 0.000 - com.sec.android.app.launcher/com.sec.android.app.launcher.activities.LauncherActivity$_18672#136701
04-23 16:55:56.556 E/SurfaceFlinger( 1939): alpha changed 0.000 -> 0.000 - com.sec.android.app.launcher/com.sec.android.app.launcher.activities.LauncherActivity$_18672#136701
04-23 16:55:56.556 E/SurfaceFlinger( 1939): alpha changed 1.000 -> 0.000 - Surface(name=Task=1)/@0xf07a72d_transition-leash#136706
04-23 16:55:56.569 E/AppIconSolution( 4412): Couldn't get theme package resources, package is null
04-23 16:55:56.573 E/SurfaceFlinger( 1939): alpha changed 0.000 -> 1.000 - Surface(name=a485c4b StatusBar)/@0x4052217 - animation-leash of insets_animation#136704
04-23 16:55:56.606 E/SurfaceFlinger( 1939): alpha changed 0.000 -> 1.000 - Surface(name=Task=1)/@0xf07a72d_transition-leash#136706
04-23 16:55:56.639 E/SurfaceFlinger( 1939): alpha changed 1.000 -> 0.000 - Surface(name=9a92180 InputMethod)/@0x4578a7b - animation-leash of insets_animation#136709
04-23 16:55:56.732 E/ConversionHelperAidl( 1905): Function: parseAndSetVendorParameters Line: 94 Failed 
04-23 16:55:56.732 E/ConversionHelperAidl( 1905): Function: parseAndSetVendorParameters Line: 94 Failed 
04-23 16:55:56.797 E/SurfaceComposerClient( 4412): SurfaceComposerClient::Transaction::setAlpha: invalid alpha -0.015027, clamping
04-23 16:55:56.814 E/SurfaceComposerClient( 4412): SurfaceComposerClient::Transaction::setAlpha: invalid alpha -0.036481, clamping
04-23 16:55:56.822 E/SurfaceFlinger( 1939): alpha changed 0.022 -> 0.000 - Surface(name=Task=4331)/@0xd0ab9f3_transition-leash#136707
04-23 16:55:56.831 E/SurfaceComposerClient( 4412): SurfaceComposerClient::Transaction::setAlpha: invalid alpha -0.047539, clamping
04-23 16:55:56.847 E/SurfaceComposerClient( 4412): SurfaceComposerClient::Transaction::setAlpha: invalid alpha -0.050268, clamping
04-23 16:55:56.864 E/SurfaceComposerClient( 4412): SurfaceComposerClient::Transaction::setAlpha: invalid alpha -0.047134, clamping
04-23 16:55:56.881 E/SurfaceComposerClient( 4412): SurfaceComposerClient::Transaction::setAlpha: invalid alpha -0.040696, clamping
04-23 16:55:56.897 E/SurfaceComposerClient( 4412): SurfaceComposerClient::Transaction::setAlpha: invalid alpha -0.030155, clamping
04-23 16:55:56.914 E/SurfaceComposerClient( 4412): SurfaceComposerClient::Transaction::setAlpha: invalid alpha -0.015622, clamping
04-23 16:55:56.930 E/SurfaceComposerClient( 4412): SurfaceComposerClient::Transaction::setAlpha: invalid alpha -0.000919, clamping
04-23 16:55:56.938 E/msys    ( 6485): E[N WA]WAJMNSStreamImplForceDisconnectSync(514)=>[LogLevel:W] WAJMNSStream/impl/disconnect/force/p=0xb400007ba5498900 (bytesSent=2773)(bytesRecv=3595)
04-23 16:55:56.938 E/msys    ( 6485): E[N WA]_WAJMNSStreamImplUpdateStreamState(230)=>[LogLevel:I] WAJMNSStream/impl/state-changed/p=0xb400007ba5498900 (connected=>disconnected)
04-23 16:55:56.970 E/WindowManager( 2852): win=Window{cef4b37 u0 com.whatsapp/com.whatsapp.status.playback.StatusPlaybackActivity} destroySurfaces: appStopped=true cleanupOnResume=false win.mWindowRemovalAllowed=false win.mRemoveOnExit=false win.mViewVisibility=8 caller=com.android.server.wm.ActivityRecord.destroySurfaces:25 com.android.server.wm.ActivityRecord.activityStopped:192 com.android.server.wm.ActivityClientController.activityStopped:97 android.app.IActivityClientController$Stub.onTransact:740 com.android.server.wm.ActivityClientController.onTransact:1 android.os.Binder.execTransactInternal:1462 android.os.Binder.execTransact:1401 
04-23 16:55:56.972 E/WindowManager( 2852): win=Window{b16367e u0 com.whatsapp/com.whatsapp.home.ui.HomeActivity} destroySurfaces: appStopped=true cleanupOnResume=false win.mWindowRemovalAllowed=false win.mRemoveOnExit=false win.mViewVisibility=8 caller=com.android.server.wm.ActivityRecord.destroySurfaces:25 com.android.server.wm.ActivityRecord.activityStopped:192 com.android.server.wm.ActivityClientController.activityStopped:97 android.app.IActivityClientController$Stub.onTransact:740 com.android.server.wm.ActivityClientController.onTransact:1 android.os.Binder.execTransactInternal:1462 android.os.Binder.execTransact:1401 
04-23 16:55:57.426 E/QC2PerfCtrlUtil( 1836): Release hint has returned unexpected handle 568886
04-23 16:55:57.442 E/HeatmapThread( 1923): ECT Thread time in milliseconds: 1776974157
04-23 16:55:57.445 E/HeatmapThread( 1923): !@ CAM New BSOH: 100
04-23 16:55:57.622 E/TaskPersister( 2852): File error accessing recents directory (directory doesn't exist?).
04-23 16:55:57.776 E/ANDR-PERF-LM( 1834): Core: detectAndRunIdle() 182: Not able to open /sys/class/power_supply/battery/status, Error: Permission denied
04-23 16:55:57.780 E/HwcComposer( 1939): getLuts failed Status(-129, EX_TRANSACTION_FAILED): 'UNKNOWN_TRANSACTION: '
04-23 16:55:57.882 E/MediaCodec( 4009): Media Quality Service not found.
04-23 16:55:57.888 E/.wallpaper.live( 4009): Failed to query component interface for required system resources: 6
04-23 16:55:57.891 E/QC2Comp ( 1836): [hvcD_791] configureIntf failed 95
04-23 16:55:57.892 E/QC2V4l2Codec( 1836): [v4lhvcD_791]  ? is not a supported pixel format!
04-23 16:55:57.906 E/WifiStaIfaceAidlImpl( 2852): getCachedScanData failed with service-specific exception: android.os.ServiceSpecificException:  (code 4)
04-23 16:55:58.169 E/minksocket( 1772): MinkIPC ERROR: ( 1772:1864 ) MinkIPC_preProcess:272 Client down, but cannot find corresponding minksession
04-23 16:55:58.169 E/minksocket( 1772): MinkIPC ERROR: ( 1772:1873 ) MinkIPC_preProcess:272 Client down, but cannot find corresponding minksession
04-23 16:55:58.186 E/WindowManager( 2852): win=Window{21ec86c u0 com.sec.android.app.launcher/com.sec.android.app.launcher.activities.LauncherActivity} destroySurfaces: appStopped=true cleanupOnResume=false win.mWindowRemovalAllowed=false win.mRemoveOnExit=false win.mViewVisibility=8 caller=com.android.server.wm.ActivityRecord.destroySurfaces:25 com.android.server.wm.ActivityRecord.activityStopped:192 com.android.server.wm.ActivityClientController.activityStopped:97 android.app.IActivityClientController$Stub.onTransact:740 com.android.server.wm.ActivityClientController.onTransact:1 android.os.Binder.execTransactInternal:1462 android.os.Binder.execTransact:1401 
04-23 16:55:58.187 E/WindowManager( 2852): win=Window{ad4ac8d u0 com.sec.android.app.launcher/com.sec.android.app.launcher.activities.LauncherActivity} destroySurfaces: appStopped=true cleanupOnResume=false win.mWindowRemovalAllowed=false win.mRemoveOnExit=false win.mViewVisibility=8 caller=com.android.server.wm.ActivityRecord.destroySurfaces:25 com.android.server.wm.ActivityRecord.activityStopped:192 com.android.server.wm.ActivityClientController.activityStopped:97 android.app.IActivityClientController$Stub.onTransact:740 com.android.server.wm.ActivityClientController.onTransact:1 android.os.Binder.execTransactInternal:1462 android.os.Binder.execTransact:1401 
04-23 16:55:58.318 E/ANDR-PERF-LM( 1834): Core: detectAndRunIdle() 182: Not able to open /sys/class/power_supply/battery/status, Error: Permission denied
04-23 16:55:58.331 E/AbsSettings( 3894): refreshInner: refreshedSettingsDBItem key CLOCK_VERSION val = 300000
04-23 16:55:58.331 E/AbsSettings( 3894): refreshInner: refreshedSettingsDBItem key PALETTE_VERSION val = 90000
04-23 16:55:58.345 E/NowBarCardStackView( 3894): getTopCard topCard is null view size = 0
04-23 16:55:58.345 E/NowBarCardViewModel( 3894): updateExpandedClickPanelVisibility screen on = false expanded false isTopCardSettingViewOpened = false
04-23 16:55:58.348 E/WindowManager( 2852): win=Window{41eb534 u0 com.sec.android.app.launcher/com.samsung.app.honeyspace.edge.edgepanel.app.CocktailBarService} destroySurfaces: appStopped=true cleanupOnResume=false win.mWindowRemovalAllowed=false win.mRemoveOnExit=false win.mViewVisibility=8 caller=com.android.server.wm.WindowManagerService.tryStartExitingAnimation:134 com.android.server.wm.WindowManagerService.relayoutWindow:1160 com.android.server.wm.Session.relayout:27 android.view.IWindowSession$Stub.onTransact:829 com.android.server.wm.Session.onTransact:1 android.os.Binder.execTransactInternal:1457 android.os.Binder.execTransact:1401 
04-23 16:55:58.352 E/ClockPackSettingsUtils( 3894): isRoamingState: android.provider.Settings$SettingNotFoundException: easy_mode_switch
04-23 16:55:58.352 E/PhoneInterfaceManager( 3871): getServiceStateForSlot retuning null for invalid slotIndex=-1
04-23 16:55:58.352 E/AbsSettings( 3894): refreshInner: refreshedSettingsDBItem key lock_theme_clock_package val = 
04-23 16:55:58.354 E/ClockPackSettingsUtils( 3894): isRoamingState: android.provider.Settings$SettingNotFoundException: easy_mode_switch
04-23 16:55:58.354 E/PhoneInterfaceManager( 3871): getServiceStateForSlot retuning null for invalid slotIndex=-1
04-23 16:55:58.354 E/AbsSettings( 3894): refreshInner: refreshedSettingsDBItem key lock_theme_clock_package val = 
04-23 16:55:58.355 E/AbsSettings( 3894): refreshInner: refreshedSettingsDBItem key lock_theme_clock_package val = 
04-23 16:55:58.356 E/PocketModeEvent( 2852): ACTION_SCREEN_OFF
04-23 16:55:58.356 E/FromGoneTransitionInteractor( 3894): Ignoring startTransition: This interactor asked to transition from GONE -> LOCKSCREEN, but we last transitioned to DOZING, not GONE. This should never happen - check currentTransitionInfoInternal or use filterRelevantKeyguardState before starting transitions.
04-23 16:55:58.357 E/PocketModeEvent( 2852): currentState : 1
04-23 16:55:58.357 E/PocketModeEvent( 2852): MSG_TYPE_STOP_SENSING
04-23 16:55:58.371 E/engmode_client_list( 3894): Cannot find client
04-23 16:55:58.371 E/engmode_client_aidl( 3894): Client error
04-23 16:55:58.375 E/engmode_world( 1633): Unknown token(00/00/00)
04-23 16:55:58.376 E/engmode_aidl_service( 1157): error to server(0xd0060012)
04-23 16:55:58.377 E/BUPlugin_SemBluetoothAudioCast(10559): isAudioSharingEnabled() : sBluetoothAudioCastProxy == null
04-23 16:55:58.378 E/BUPlugin_SemBluetoothAudioCast(10559): getProxy() : Exception : java.lang.Exception: BluetoothAdapter.isEnabled() == false
04-23 16:55:58.378 E/BUPlugin_SemBluetoothAudioCast(10559): isMusicShareEnabled() : sBluetoothAudioCastProxy == null
04-23 16:55:58.378 E/BUPlugin_SemBluetoothAudioCast(10559): isAudioSharingEnabled() : sBluetoothAudioCastProxy == null
04-23 16:55:58.378 E/BUPlugin_SemBluetoothAudioCast(10559): getProxy() : Exception : java.lang.Exception: BluetoothAdapter.isEnabled() == false
04-23 16:55:58.379 E/BUPlugin_SemBluetoothAudioCast(10559): getProxy() : Exception : java.lang.Exception: BluetoothAdapter.isEnabled() == false
04-23 16:55:58.379 E/BUPlugin_SemBluetoothAudioCast(10559): isMusicShareEnabled() : sBluetoothAudioCastProxy == null
04-23 16:55:58.379 E/BUPlugin_SemBluetoothAudioCast(10559): getProxy() : Exception : java.lang.Exception: BluetoothAdapter.isEnabled() == false
04-23 16:55:58.379 E/LoadedApk(23309): Exception : java.lang.NullPointerException: Attempt to invoke virtual method 'boolean android.os.Looper.isPerfLogEnable()' on a null object reference
04-23 16:55:58.380 E/[MCFSDK_fmm_1.0.2039]_McfContext( 9128): getBleAdapter -return instance created 229394789
04-23 16:55:58.386 E/ScanManager( 9238): [GSIM LOG]: gsimLogHandler, msg: MESSAGE_SCAN_STOP, appName: com.samsung.android.mcfserver, scannerId: 1, reportDelayMillis=0
04-23 16:55:58.398 E/bluetooth( 9238): system/gd/hci/le_scanning_manager.cc:929 scan_filter_parameter_setup: Remove passive filterScan. filter_index=38, uuid=0000fd5a-0000-1000-8000-00805f9b34fb
04-23 16:55:58.398 E/bluetooth( 9238): system/gd/hci/le_scanning_manager.cc:929 scan_filter_parameter_setup: Remove passive filterScan. filter_index=39, uuid=0000fd69-0000-1000-8000-00805f9b34fb
04-23 16:55:58.398 E/NowBarCardStackView( 3894): getTopCard topCard is null view size = 0
04-23 16:55:58.398 E/NowBarCardStackView( 3894): getTopCard topCard is null view size = 0
04-23 16:55:58.399 E/NowBarCardStackView( 3894): getTopCard topCard is null view size = 0
04-23 16:55:58.399 E/NowBarCardStackView( 3894): getTopCard topCard is null view size = 0
04-23 16:55:58.399 E/NowBarCardViewModel( 3894): updateExpandedClickPanelVisibility screen on = false expanded false isTopCardSettingViewOpened = false
04-23 16:55:58.399 E/NowBarCardStackView( 3894): getTopCard topCard is null view size = 0
04-23 16:55:58.399 E/NowBarCardViewModel( 3894): updateExpandedClickPanelVisibility screen on = false expanded false isTopCardSettingViewOpened = false
04-23 16:55:58.406 E/LoadedApk(23309): Exception : java.lang.NullPointerException: Attempt to invoke virtual method 'boolean android.os.Looper.isPerfLogEnable()' on a null object reference
04-23 16:55:58.407 E/LoadedApk(23309): Exception : java.lang.NullPointerException: Attempt to invoke virtual method 'boolean android.os.Looper.isPerfLogEnable()' on a null object reference
04-23 16:55:58.412 E/WifiStaIfaceAidlImpl( 2852): getCachedScanData failed with service-specific exception: android.os.ServiceSpecificException:  (code 4)
04-23 16:55:58.441 E/HeatmapThread( 1923): ECT Thread time in milliseconds: 1776974158
04-23 16:55:58.443 E/HeatmapThread( 1923): !@ CAM New BSOH: 100
04-23 16:55:58.486 E/SystemUITextView( 3894): set Background Drawable!!
04-23 16:55:58.591 E/SmcInvoke_MinkDescriptor( 1802): mem obj with id :11 not found in list
04-23 16:56:04.720 E/spcomlib( 1155): [spcom_ioctl] IOCTL failed: ret[-1], error [-4]
04-23 16:56:04.720 E/spcomlib( 1149): [spcom_ioctl] IOCTL failed: ret[-1], error [-4]
04-23 16:56:04.720 E/spcomlib( 1149): [spcom_check_link_up_state] SPCom check for link up interrupted - ioctl ret[-4], cmd ret[0], wait[1]
04-23 16:56:04.720 E/spcomlib( 1155): [spcom_check_link_up_state] SPCom check for link up interrupted - ioctl ret[-4], cmd ret[0], wait[1]
04-23 16:56:04.721 E/spcomlib( 1150): [spcom_ioctl] IOCTL failed: ret[-1], error [-4]
04-23 16:56:04.722 E/spcomlib( 1150): [spcom_check_link_up_state] SPCom check for link up interrupted - ioctl ret[-4], cmd ret[0], wait[1]
04-23 16:56:04.722 E/spcomlib( 2061): [spcom_ioctl] IOCTL failed: ret[-1], error [-4]
04-23 16:56:04.723 E/spcomlib( 2061): [spcom_check_link_up_state] SPCom check for link up interrupted - ioctl ret[-4], cmd ret[0], wait[1]
04-23 16:56:04.730 E/wlc     ( 2449): event loop wait error
04-23 16:56:04.765 E/BatteryDump( 1854): !@new_battery_dump : 3765,-140,100,100,26,299,291,311,299,0,311,311,0,Discharging,NO_CHARGING,None,Good,NONE,0,Normal,0,0,9300,0x40000000,0x10000,0x0,0,0,387,v0002,0000,0000,00000000,0,0,0,0,78,3773,2674,990,0,
04-23 16:56:05.018 E/HeatmapThread( 1923): ECT Thread time in milliseconds: 1776974165
04-23 16:56:05.022 E/HeatmapThread( 1923): !@ CAM New BSOH: 100
04-23 16:56:05.036 E/BatteryDump( 1854): !@new_battery_dump : 3757,-229,100,100,26,299,291,311,299,0,311,311,0,Charging,NO_CHARGING,Normal,Good,USB,1,Normal,0,0,9300,0x40000000,0x10000,0x0,0,0,295,v0002,0000,0000,00000000,0,0,0,0,78,3773,2674,990,0,
04-23 16:56:05.057 E/WifiStaIfaceAidlImpl( 2852): getCachedScanData failed with service-specific exception: android.os.ServiceSpecificException:  (code 4)
04-23 16:56:05.087 E/system_server( 2852): updateValue is called with a value 222691, which is lower than the previous value 222694
04-23 16:56:05.168 E/BatteryDump( 1854): !@new_battery_dump : 3757,-566,100,100,26,299,291,311,299,0,311,311,0,Charging,NO_CHARGING,Normal,Good,USB,1,Normal,0,0,9300,0x10000000,0x10000,0x0,0,0,295,v0002,0000,0000,00000000,0,0,0,0,78,3773,2674,990,0,
04-23 16:56:05.304 E/ThemeUtils( 3894): View class com.airbnb.lottie.LottieAnimationView is an AppCompat widget that can only be used with a Theme.AppCompat theme (or descendant).
04-23 16:56:05.552 E/PhoneInterfaceManager( 3871): getCarrierPrivilegeStatusForUid: Invalid subId
04-23 16:56:05.577 E/NowBarCardStackView( 3894): getTopCard topCard is null view size = 0
04-23 16:56:05.577 E/NowBarCardViewModel( 3894): updateExpandedClickPanelVisibility screen on = false expanded false isTopCardSettingViewOpened = false
04-23 16:56:05.577 E/NowBarCardStackView( 3894): getTopCard topCard is null view size = 0
04-23 16:56:05.577 E/NowBarCardStackView( 3894): getTopCard topCard is null view size = 0
04-23 16:56:05.578 E/NowBarCardStackView( 3894): getTopCard topCard is null view size = 0
04-23 16:56:05.578 E/NowBarCardStackView( 3894): getTopCard topCard is null view size = 0
04-23 16:56:05.581 E/NowbarCardSettingView( 3894): applySettingCardContent failed appIcon applySettingCardContent
04-23 16:56:05.582 E/NowbarCardSettingView( 3894): applySettingCardContent failed appIcon applySettingCardContent
04-23 16:56:05.583 E/NowBarCardViewModel( 3894): updateExpandedClickPanelVisibility screen on = false expanded false isTopCardSettingViewOpened = false
04-23 16:56:05.588 E/AOD_CONFIG@AODConfigurationController( 3894): Skipping unregisterMonitor MONITOR_SEMCONTEXT - no registered monitor
04-23 16:56:05.588 E/AOD_CONFIG@AODConfigurationController( 3894): Skipping unregisterMonitor MONITOR_BROADCAST_PSM - no registered monitor
04-23 16:56:05.588 E/AOD_CONFIG@AODConfigurationController( 3894): Skipping unregisterMonitor MONITOR_BROADCAST_WALLPAPER - no registered monitor
04-23 16:56:05.588 E/AOD_CONFIG@AODConfigurationController( 3894): Skipping unregisterMonitor MONITOR_BROADCAST_ROAMING - no registered monitor
04-23 16:56:05.588 E/AOD_CONFIG@AODConfigurationController( 3894): Skipping unregisterMonitor MONITOR_WEATHER_INFO_ENABLED - no registered monitor
04-23 16:56:05.588 E/AOD_CONFIG@AODConfigurationController( 3894): Skipping unregisterMonitor MONITOR_BROADCAST_OMC - no registered monitor
04-23 16:56:05.589 E/AODUiController( 3894): removeBottomUI: container is null
04-23 16:56:05.593 E/AODBottomUIContainer( 3894): initChargingInfoPosition: mChargingInfoPositionController is null
04-23 16:56:05.618 E/NativeCustomFrequencyManager( 1939): [NativeCFMS] BpCustomFrequencyManager::acquire()
04-23 16:56:05.621 E/StreamHalAidl( 1905): Function: getRecommendedLatencyModes Line: 1155 Failed 
04-23 16:56:05.636 E/ACDB    ( 1801): vendor/qcom/proprietary/args/acdb/src/acdb_command.c:AcdbCmdGetProcSubgraphCalDataPersist:8255 Error[19]: No calibration found
04-23 16:56:05.650 E/ACDB    ( 1801): vendor/qcom/proprietary/args/acdb/src/acdb_command.c:AcdbCmdGetProcSubgraphCalDataPersist:8255 Error[19]: No calibration found
04-23 16:56:05.650 E/ACDB    ( 1801): vendor/qcom/proprietary/args/acdb/src/acdb_command.c:AcdbCmdGetProcSubgraphCalDataPersist:8255 Error[19]: No calibration found
04-23 16:56:05.650 E/ACDB    ( 1801): vendor/qcom/proprietary/args/acdb/src/acdb_command.c:AcdbCmdGetProcSubgraphCalDataPersist:8255 Error[19]: No calibration found
04-23 16:56:05.650 E/ACDB    ( 1801): vendor/qcom/proprietary/args/acdb/src/acdb_command.c:AcdbCmdGetProcSubgraphCalDataPersist:8255 Error[19]: No calibration found
04-23 16:56:05.651 E/ACDB    ( 1801): vendor/qcom/proprietary/args/acdb/src/acdb_command.c:AcdbCmdGetProcSubgraphCalDataPersist:8255 Error[19]: No calibration found
04-23 16:56:05.651 E/ACDB    ( 1801): vendor/qcom/proprietary/args/acdb/src/acdb_command.c:AcdbCmdGetProcSubgraphCalDataPersist:8255 Error[19]: No calibration found
04-23 16:56:05.651 E/ACDB    ( 1801): vendor/qcom/proprietary/args/acdb/src/acdb_command.c:AcdbCmdGetProcSubgraphCalDataPersist:8255 Error[19]: No calibration found
04-23 16:56:05.651 E/ACDB    ( 1801): vendor/qcom/proprietary/args/acdb/src/acdb_command.c:AcdbCmdGetProcSubgraphCalDataPersist:8255 Error[19]: No calibration found
04-23 16:56:05.708 E/MediaCodec( 2276): Media Quality Service not found.
04-23 16:56:05.709 E/mediaserver( 2276): Failed to query component interface for required system resources: 6
04-23 16:56:05.712 E/Codec2-ComponentInterface( 2354): We have a failed config
04-23 16:56:05.767 E/SecVibrator-HAL-AIDL-EXT( 1891): V_5_0: performPrebakedHapticPattern 111 : 4000 : 0
04-23 16:56:05.767 E/SecVibrator-HAL-AIDL-CORE( 1891): HW_API: [setForceFeedbackAmplitude]amplitude: 4000
04-23 16:56:05.781 E/SecVibrator-HAL-AIDL-CORE( 1891): HW_API: [uploadForceFeedbackeffect]ioctl success ,uploaded effect with ID: 0
04-23 16:56:05.781 E/SecVibrator-HAL-AIDL-CORE( 1891): HW_API: do_on for timeoutMs: 1000
04-23 16:56:05.781 E/SecVibrator-HAL-AIDL-CORE( 1891): HW_API: [triggerForceFeedbackVibration]on: 1
04-23 16:56:05.834 E/SemBatteryUsageStatsProvider( 2852): Receive crashed battery data, request the stats once again.
04-23 16:56:05.884 E/ConversionHelperAidl( 1905): Function: parseAndSetVendorParameters Line: 94 Failed 
04-23 16:56:05.884 E/ConversionHelperAidl( 1905): Function: parseAndSetVendorParameters Line: 94 Failed 
04-23 16:56:05.888 E/ConversionHelperAidl( 1905): Function: parseAndSetVendorParameters Line: 94 Failed 
04-23 16:56:05.888 E/ConversionHelperAidl( 1905): Function: parseAndSetVendorParameters Line: 94 Failed 
04-23 16:56:06.015 E/HeatmapThread( 1923): ECT Thread time in milliseconds: 1776974166
04-23 16:56:06.017 E/HeatmapThread( 1923): !@ CAM New BSOH: 100
04-23 16:56:06.153 E/SecVibrator-HAL-AIDL-CORE( 1891): V_2_0: Vibrator off
04-23 16:56:06.153 E/SecVibrator-HAL-AIDL-CORE( 1891): HW_API: do_off
04-23 16:56:06.153 E/SecVibrator-HAL-AIDL-CORE( 1891): HW_API: [triggerForceFeedbackVibration]on: 0
04-23 16:56:06.196 E/BluetoothPowerStatsCollector( 2852): Cannot acquire BluetoothActivityEnergyInfo
04-23 16:56:06.196 E/BluetoothPowerStatsCollector( 2852): java.util.concurrent.ExecutionException: java.lang.RuntimeException: error: 11
04-23 16:56:06.196 E/BluetoothPowerStatsCollector( 2852): 	at java.util.concurrent.CompletableFuture.reportGet(CompletableFuture.java:372)
04-23 16:56:06.196 E/BluetoothPowerStatsCollector( 2852): 	at java.util.concurrent.CompletableFuture.get(CompletableFuture.java:2072)
04-23 16:56:06.196 E/BluetoothPowerStatsCollector( 2852): 	at com.android.server.power.stats.BluetoothPowerStatsCollector.collectStats(qb/107956321 4d246400d6b6522ce2dbefdc76e1d1e4d933ed797ec43dc870563aacb32ba14c:202)
04-23 16:56:06.196 E/BluetoothPowerStatsCollector( 2852): 	at com.android.server.power.stats.PowerStatsCollector$$ExternalSyntheticLambda0.run(qb/107956321 4d246400d6b6522ce2dbefdc76e1d1e4d933ed797ec43dc870563aacb32ba14c:3)
04-23 16:56:06.196 E/BluetoothPowerStatsCollector( 2852): 	at android.os.Handler.handleCallback(Handler.java:995)
04-23 16:56:06.196 E/BluetoothPowerStatsCollector( 2852): 	at android.os.Handler.dispatchMessage(Handler.java:103)
04-23 16:56:06.196 E/BluetoothPowerStatsCollector( 2852): 	at android.os.Looper.loopOnce(Looper.java:273)
04-23 16:56:06.196 E/BluetoothPowerStatsCollector( 2852): 	at android.os.Looper.loop(Looper.java:363)
04-23 16:56:06.196 E/BluetoothPowerStatsCollector( 2852): 	at android.os.HandlerThread.run(HandlerThread.java:85)
04-23 16:56:06.196 E/BluetoothPowerStatsCollector( 2852): Caused by: java.lang.RuntimeException: error: 11
04-23 16:56:06.196 E/BluetoothPowerStatsCollector( 2852): 	at com.android.server.power.stats.BluetoothPowerStatsCollector$1.onBluetoothActivityEnergyInfoError(qb/107956321 4d246400d6b6522ce2dbefdc76e1d1e4d933ed797ec43dc870563aacb32ba14c:12)
04-23 16:56:06.196 E/BluetoothPowerStatsCollector( 2852): 	at android.bluetooth.BluetoothAdapter$OnBluetoothActivityEnergyInfoProxy.lambda$onBluetoothActivityEnergyInfoAvailable$0(BluetoothAdapter.java:1226)
04-23 16:56:06.196 E/BluetoothPowerStatsCollector( 2852): 	at android.bluetooth.BluetoothAdapter$OnBluetoothActivityEnergyInfoProxy$$ExternalSyntheticLambda1.run(D8$$SyntheticClass:0)
04-23 16:56:06.196 E/BluetoothPowerStatsCollector( 2852): 	at android.bluetooth.BluetoothUtils.lambda$executeFromBinder$0(BluetoothUtils.java:343)
04-23 16:56:06.196 E/BluetoothPowerStatsCollector( 2852): 	at android.bluetooth.BluetoothUtils$$ExternalSyntheticLambda1.run(D8$$SyntheticClass:0)
04-23 16:56:06.196 E/BluetoothPowerStatsCollector( 2852): 	at com.android.server.SystemServerInitThreadPool$$ExternalSyntheticLambda0.execute(qb/107956321 4d246400d6b6522ce2dbefdc76e1d1e4d933ed797ec43dc870563aacb32ba14c:1)
04-23 16:56:06.196 E/BluetoothPowerStatsCollector( 2852): 	at android.bluetooth.BluetoothUtils.executeFromBinder(BluetoothUtils.java:343)
04-23 16:56:06.196 E/BluetoothPowerStatsCollector( 2852): 	at android.bluetooth.BluetoothAdapter$OnBluetoothActivityEnergyInfoProxy.onBluetoothActivityEnergyInfoAvailable(BluetoothAdapter.java:1224)
04-23 16:56:06.196 E/BluetoothPowerStatsCollector( 2852): 	at android.bluetooth.IBluetoothActivityEnergyInfoListener$Stub.onTransact(IBluetoothActivityEnergyInfoListener.java:98)
04-23 16:56:06.196 E/BluetoothPowerStatsCollector( 2852): 	at android.os.Binder.execTransactInternal(Binder.java:1462)
04-23 16:56:06.196 E/BluetoothPowerStatsCollector( 2852): 	at android.os.Binder.execTransact(Binder.java:1401)
04-23 16:56:06.215 E/WifiStaIfaceAidlImpl( 2852): getCachedScanData failed with service-specific exception: android.os.ServiceSpecificException:  (code 4)
04-23 16:56:06.258 E/BluetoothPowerStatsCollector( 2852): Cannot acquire BluetoothActivityEnergyInfo
04-23 16:56:06.258 E/BluetoothPowerStatsCollector( 2852): java.util.concurrent.ExecutionException: java.lang.RuntimeException: error: 11
04-23 16:56:06.258 E/BluetoothPowerStatsCollector( 2852): 	at java.util.concurrent.CompletableFuture.reportGet(CompletableFuture.java:372)
04-23 16:56:06.258 E/BluetoothPowerStatsCollector( 2852): 	at java.util.concurrent.CompletableFuture.get(CompletableFuture.java:2072)
04-23 16:56:06.258 E/BluetoothPowerStatsCollector( 2852): 	at com.android.server.power.stats.BluetoothPowerStatsCollector.collectStats(qb/107956321 4d246400d6b6522ce2dbefdc76e1d1e4d933ed797ec43dc870563aacb32ba14c:202)
04-23 16:56:06.258 E/BluetoothPowerStatsCollector( 2852): 	at com.android.server.power.stats.PowerStatsCollector$$ExternalSyntheticLambda0.run(qb/107956321 4d246400d6b6522ce2dbefdc76e1d1e4d933ed797ec43dc870563aacb32ba14c:3)
04-23 16:56:06.258 E/BluetoothPowerStatsCollector( 2852): 	at android.os.Handler.handleCallback(Handler.java:995)
04-23 16:56:06.258 E/BluetoothPowerStatsCollector( 2852): 	at android.os.Handler.dispatchMessage(Handler.java:103)
04-23 16:56:06.258 E/BluetoothPowerStatsCollector( 2852): 	at android.os.Looper.loopOnce(Looper.java:273)
04-23 16:56:06.258 E/BluetoothPowerStatsCollector( 2852): 	at android.os.Looper.loop(Looper.java:363)
04-23 16:56:06.258 E/BluetoothPowerStatsCollector( 2852): 	at android.os.HandlerThread.run(HandlerThread.java:85)
04-23 16:56:06.258 E/BluetoothPowerStatsCollector( 2852): Caused by: java.lang.RuntimeException: error: 11
04-23 16:56:06.258 E/BluetoothPowerStatsCollector( 2852): 	at com.android.server.power.stats.BluetoothPowerStatsCollector$1.onBluetoothActivityEnergyInfoError(qb/107956321 4d246400d6b6522ce2dbefdc76e1d1e4d933ed797ec43dc870563aacb32ba14c:12)
04-23 16:56:06.258 E/BluetoothPowerStatsCollector( 2852): 	at android.bluetooth.BluetoothAdapter$OnBluetoothActivityEnergyInfoProxy.lambda$onBluetoothActivityEnergyInfoAvailable$0(BluetoothAdapter.java:1226)
04-23 16:56:06.258 E/BluetoothPowerStatsCollector( 2852): 	at android.bluetooth.BluetoothAdapter$OnBluetoothActivityEnergyInfoProxy$$ExternalSyntheticLambda1.run(D8$$SyntheticClass:0)
04-23 16:56:06.258 E/BluetoothPowerStatsCollector( 2852): 	at android.bluetooth.BluetoothUtils.lambda$executeFromBinder$0(BluetoothUtils.java:343)
04-23 16:56:06.258 E/BluetoothPowerStatsCollector( 2852): 	at android.bluetooth.BluetoothUtils$$ExternalSyntheticLambda1.run(D8$$SyntheticClass:0)
04-23 16:56:06.258 E/BluetoothPowerStatsCollector( 2852): 	at com.android.server.SystemServerInitThreadPool$$ExternalSyntheticLambda0.execute(qb/107956321 4d246400d6b6522ce2dbefdc76e1d1e4d933ed797ec43dc870563aacb32ba14c:1)
04-23 16:56:06.258 E/BluetoothPowerStatsCollector( 2852): 	at android.bluetooth.BluetoothUtils.executeFromBinder(BluetoothUtils.java:343)
04-23 16:56:06.258 E/BluetoothPowerStatsCollector( 2852): 	at android.bluetooth.BluetoothAdapter$OnBluetoothActivityEnergyInfoProxy.onBluetoothActivityEnergyInfoAvailable(BluetoothAdapter.java:1224)
04-23 16:56:06.258 E/BluetoothPowerStatsCollector( 2852): 	at android.bluetooth.IBluetoothActivityEnergyInfoListener$Stub.onTransact(IBluetoothActivityEnergyInfoListener.java:98)
04-23 16:56:06.258 E/BluetoothPowerStatsCollector( 2852): 	at android.os.Binder.execTransactInternal(Binder.java:1462)
04-23 16:56:06.258 E/BluetoothPowerStatsCollector( 2852): 	at android.os.Binder.execTransact(Binder.java:1401)
04-23 16:56:06.454 E/msys    (17736): E[N mns:DGWClient]_OnDiskCacheGetData(1175)=>Start post callback cache refresh DNS resolution
04-23 16:56:06.456 E/msys    (17736): E[N mns:DGWClient]_LogError(295)=>Failed to resolve using system DNS resolver, getaddrinfo(): No address associated with hostname
04-23 16:56:06.456 E/msys    (17736): E[N mns:DGWClient]_OnDiskCacheGetData(1175)=>Start post callback cache refresh DNS resolution
04-23 16:56:06.456 E/msys    (17736): E[N mns:DGWClient]_LogError(295)=>Failed to resolve using system DNS resolver, getaddrinfo(): No address associated with hostname
04-23 16:56:07.016 E/HeatmapThread( 1923): ECT Thread time in milliseconds: 1776974167
04-23 16:56:07.017 E/HeatmapThread( 1923): !@ CAM New BSOH: 100
04-23 16:56:07.133 E/NativeCustomFrequencyManager( 1939): [NativeCFMS] BpCustomFrequencyManager::acquire()
04-23 16:56:07.701 E/perf_hint( 6485): Session ID too large, must fit 32-bit integer
04-23 16:56:08.015 E/HeatmapThread( 1923): ECT Thread time in milliseconds: 1776974168
04-23 16:56:08.018 E/HeatmapThread( 1923): !@ CAM New BSOH: 100
04-23 16:56:08.649 E/NativeCustomFrequencyManager( 1939): [NativeCFMS] BpCustomFrequencyManager::acquire()
04-23 16:56:08.801 E/BatteryDump( 1854): !@new_battery_dump : 3755,-255,100,100,26,299,290,314,299,0,311,314,0,Discharging,NO_CHARGING,None,Good,NONE,1,Normal,0,0,9300,0x10000004,0x10000,0x0,0,0,367,v0002,0000,0000,00000000,0,0,0,0,78,3773,2673,990,0,
04-23 16:56:08.826 E/EdgeLightingClientManager( 2852): stopEdgeLightingInternal mHosts is null. pkg=com.android.systemui,reason=1
04-23 16:56:08.833 E/AOD_CONFIG@AODConfigurationController( 3894): Skipping unregisterMonitor MONITOR_SEMCONTEXT - no registered monitor
04-23 16:56:08.833 E/AOD_CONFIG@AODConfigurationController( 3894): Skipping unregisterMonitor MONITOR_BROADCAST_PSM - no registered monitor
04-23 16:56:08.833 E/AOD_CONFIG@AODConfigurationController( 3894): Skipping unregisterMonitor MONITOR_BROADCAST_WALLPAPER - no registered monitor
04-23 16:56:08.833 E/AOD_CONFIG@AODConfigurationController( 3894): Skipping unregisterMonitor MONITOR_FOLD_STATE - no registered monitor
04-23 16:56:08.833 E/AOD_CONFIG@AODConfigurationController( 3894): Skipping unregisterMonitor MONITOR_BROADCAST_ROAMING - no registered monitor
04-23 16:56:08.833 E/AOD_CONFIG@AODConfigurationController( 3894): Skipping unregisterMonitor MONITOR_WEATHER_INFO_ENABLED - no registered monitor
04-23 16:56:08.833 E/AOD_CONFIG@AODConfigurationController( 3894): Skipping unregisterMonitor MONITOR_BROADCAST_OMC - no registered monitor
04-23 16:56:08.838 E/AppsModel( 8338): Failed to retrieve application info
04-23 16:56:08.838 E/AppsModel( 8338): android.content.pm.PackageManager$NameNotFoundException: Package com.android.systemui not found for user -1
04-23 16:56:08.838 E/AppsModel( 8338): 	at android.content.pm.LauncherApps.getApplicationInfo(LauncherApps.java:1404)
04-23 16:56:08.838 E/AppsModel( 8338): 	at com.google.android.gms.internal.wear_companion.Ix.b(Unknown Source:29)
04-23 16:56:08.838 E/AppsModel( 8338): 	at com.google.android.gms.internal.wear_companion.er.a(Unknown Source:196)
04-23 16:56:08.838 E/AppsModel( 8338): 	at com.google.android.gms.internal.wear_companion.up.h(Unknown Source:194)
04-23 16:56:08.838 E/AppsModel( 8338): 	at com.google.android.gms.internal.wear_companion.kD.run(Unknown Source:958)
04-23 16:56:08.838 E/AppsModel( 8338): 	at java.util.concurrent.ThreadPoolExecutor.runWorker(ThreadPoolExecutor.java:1154)
04-23 16:56:08.838 E/AppsModel( 8338): 	at java.util.concurrent.ThreadPoolExecutor$Worker.run(ThreadPoolExecutor.java:652)
04-23 16:56:08.838 E/AppsModel( 8338): 	at java.lang.Thread.run(Thread.java:1564)
04-23 16:56:08.839 E/AppsModel( 8338): Failed to retrieve application info
04-23 16:56:08.839 E/AppsModel( 8338): android.content.pm.PackageManager$NameNotFoundException: Package com.android.systemui not found for user -1
04-23 16:56:08.839 E/AppsModel( 8338): 	at android.content.pm.LauncherApps.getApplicationInfo(LauncherApps.java:1404)
04-23 16:56:08.839 E/AppsModel( 8338): 	at com.google.android.gms.internal.wear_companion.Ix.a(Unknown Source:22)
04-23 16:56:08.839 E/AppsModel( 8338): 	at com.google.android.gms.internal.wear_companion.er.a(Unknown Source:370)
04-23 16:56:08.839 E/AppsModel( 8338): 	at com.google.android.gms.internal.wear_companion.up.h(Unknown Source:194)
04-23 16:56:08.839 E/AppsModel( 8338): 	at com.google.android.gms.internal.wear_companion.kD.run(Unknown Source:958)
04-23 16:56:08.839 E/AppsModel( 8338): 	at java.util.concurrent.ThreadPoolExecutor.runWorker(ThreadPoolExecutor.java:1154)
04-23 16:56:08.839 E/AppsModel( 8338): 	at java.util.concurrent.ThreadPoolExecutor$Worker.run(ThreadPoolExecutor.java:652)
04-23 16:56:08.839 E/AppsModel( 8338): 	at java.lang.Thread.run(Thread.java:1564)
04-23 16:56:08.879 E/Scheduler( 1939): trackPendingFrame: Invalid present fence
04-23 16:56:08.910 E/NowBarCardStackView( 3894): getTopCard topCard is null view size = 1com.samsung.android.app.facewidget.presentation.NowBarExternalViewCardView{7e79278 VFE...C.. .......D 0,0-972,428 #7f0a22da app:id/nowbar_item_root_view}
04-23 16:56:08.910 E/NowBarCardViewModel( 3894): updateExpandedClickPanelVisibility screen on = false expanded false isTopCardSettingViewOpened = false
04-23 16:56:08.910 E/NowBarItemManager( 3894): refreshBatteryItem data is null
04-23 16:56:09.016 E/HeatmapThread( 1923): ECT Thread time in milliseconds: 1776974169
04-23 16:56:09.017 E/HeatmapThread( 1923): !@ CAM New BSOH: 100
04-23 16:56:09.978 E/ANDR-PERF-LM( 1834): Core: detectAndRunIdle() 182: Not able to open /sys/class/power_supply/battery/status, Error: Permission denied
04-23 16:56:09.996 E/Scheduler( 1939): trackPendingFrame: Invalid present fence
04-23 16:56:10.013 E/Scheduler( 1939): trackPendingFrame: Invalid present fence
04-23 16:56:10.015 E/HeatmapThread( 1923): ECT Thread time in milliseconds: 1776974170
04-23 16:56:10.017 E/HeatmapThread( 1923): !@ CAM New BSOH: 100
04-23 16:56:10.705 E/msys    (17736): E[N mccw.liger]onConnectError(579)=>connect/error - address: 157.240.12.175, port: 80, ex: folly::AsyncSocketException: AsyncSocketException: connect timed out after 9999ms, type = Timed out
04-23 16:56:10.706 E/msys    (17736): E[N WA]_WCCXMPPStreamDisconnectHandler(340)=>xmpp/disconnect - WCIStreamStateErrorCode: 0, domain: WCIStreamState, subdomain: MCCWLigerStream: Error Domain=WCIStreamState Code=0 UserInfo=0xb400007ca61d8af0 {MCFErrorDirectUnderlyingErrorKey=0xb400007b65e718d0 "Error Domain=MCCWLigerStream Code=1 UserInfo=0xb400007ca69870d0 {MCFErrorDirectLocalizedFailureReasonKey=folly::AsyncSocketException: AsyncSocketException: connect timed out after 9999ms, type = Timed out}"}
04-23 16:56:10.707 E/msys    (17736): E[N WCCConnectionMEM]_WCCConnectionMEMLifecycleEventHandler(2237)=>[INFO] connection/xmpp/lifecycle_event/not-connected, [25.5992s]
04-23 16:56:10.707 E/msys    (17736): E[N WA]_WCCXMPPStreamDoDisconnect(1307)=>xmpp/disconnect - flags: 163
04-23 16:56:10.707 E/msys    (17736): E[N WCCConnectionMEM]_WCCConnectionMEMDisconnectHandler(2269)=>connection/disconnected, backoff on socket failed to connect
04-23 16:56:10.707 E/msys    (17736): E[N WCCConnectionMEM]_WCCConnectionMEMDisconnectHandler(2304)=>connection/disconnected, transport error
04-23 16:56:10.707 E/msys    (17736): E[C 1]_MCCLogErrorInternal(330)=>8/1066/2864/0
04-23 16:56:10.707 E/msys    (17736): E[N WCCConnectionMEM]_WCCConnectionMEMDisconnectHandler(2335)=>connection/disconnected, handshake failure
04-23 16:56:10.707 E/msys    (17736): E[N WCCConnectionMEM]_WCCConnectionMEMEmitStateChange(3250)=>[INFO] connection/new_state/not-connected [connection_id=563020147, wcc_source=1, wcc_reason=18]
04-23 16:56:10.708 E/msys    (17736): E[C MEMConnectionManager]_MEMConnectionManagerStateChangeHandler(595)=>[Critical] MEMConnectionState updated to ID: 0 with connectionId: 563020147
04-23 16:56:10.708 E/msys    (17736): E[C 1]_MCCLogErrorInternal(330)=>8/374/3970/49155
04-23 16:56:10.708 E/msys    (17736): E[C 1]_MCCLogErrorInternal(330)=>8/374/3972/18
04-23 16:56:10.709 E/msys    (17736): E[C mem.context]_LogConnectFailure(4775)=>Establishing connection failure reason and flags: disconnect/Doze/-1/reason/18/flags/49155/[no_connect, -, handshake_failure, transport_error, no_bytes_read, -, -, -, -, -, -, -, -, -]
04-23 16:56:10.709 E/msys    (17736): E[C mem.context]_LogConnectFailure(4807)=>[Happy Eyeball] Connect failed with source=1, winner stream ip=31.13.91.175, port=5222, dnsResolutionMethod=1, combined_ip_addresses=157.240.12.175
04-23 16:56:11.016 E/HeatmapThread( 1923): ECT Thread time in milliseconds: 1776974171
04-23 16:56:11.018 E/HeatmapThread( 1923): !@ CAM New BSOH: 100
04-23 16:56:11.924 E/msys    (17736): E[N WCCConnectionMEM]_WCCConnectionMEMEmitStateChange(3250)=>[INFO] connection/new_state/connecting [connection_id=563020149, wcc_source=1, wcc_reason=18]
04-23 16:56:11.924 E/msys    (17736): E[C MEMConnectionManager]_MEMConnectionManagerStateChangeHandler(595)=>[Critical] MEMConnectionState updated to ID: 1 with connectionId: 563020149
04-23 16:56:11.931 E/msys    (17736): E[N WCCConnectionMEM]_WCCConnectionMEMDoConnectWithAuthKeys(1557)=>[INFO] connection/connect/start/[host=z-p42-chat-e2ee-ig.facebook.com port=443]/[157.240.12.175:443]/socketAddressCount=1
04-23 16:56:11.932 E/msys    (17736): E[N WCCConnectionMEM]_WCCConnectionMEMLifecycleEventHandler(2229)=>[INFO] connection/xmpp/lifecycle_event/will-connect
04-23 16:56:11.932 E/msys    (17736): E[A WA]WCCHandshakeCreate(179)=>handshake/create, pq mode:0
04-23 16:56:12.016 E/HeatmapThread( 1923): ECT Thread time in milliseconds: 1776974172
04-23 16:56:12.019 E/HeatmapThread( 1923): !@ CAM New BSOH: 100
04-23 16:56:13.016 E/HeatmapThread( 1923): ECT Thread time in milliseconds: 1776974173
04-23 16:56:13.019 E/HeatmapThread( 1923): !@ CAM New BSOH: 100
04-23 16:56:13.147 E/jpxr    (17756): *~*~*~ Previous channel {0} was garbage collected without being shut down! ~*~*~*
04-23 16:56:13.147 E/jpxr    (17756):     Make sure to call shutdown()/shutdownNow()
04-23 16:56:13.147 E/jpxr    (17756): java.lang.RuntimeException: ManagedChannel allocation site
04-23 16:56:13.147 E/jpxr    (17756): 	at jpxq.<init>(:com.google.android.gms@261332035@26.13.32 (260400-895912391):21)
04-23 16:56:13.147 E/jpxr    (17756): 	at jpxr.<init>(:com.google.android.gms@261332035@26.13.32 (260400-895912391):10)
04-23 16:56:13.147 E/jpxr    (17756): 	at jpxp.a(:com.google.android.gms@261332035@26.13.32 (260400-895912391):296)
04-23 16:56:13.147 E/jpxr    (17756): 	at jpfl.a(:com.google.android.gms@261332035@26.13.32 (260400-895912391):5)
04-23 16:56:13.147 E/jpxr    (17756): 	at bjfu.a(:com.google.android.gms@261332035@26.13.32 (260400-895912391):85)
04-23 16:56:13.147 E/jpxr    (17756): 	at bjfl.t(:com.google.android.gms@261332035@26.13.32 (260400-895912391):107)
04-23 16:56:13.147 E/jpxr    (17756): 	at bjfl.f(:com.google.android.gms@261332035@26.13.32 (260400-895912391):5)
04-23 16:56:13.147 E/jpxr    (17756): 	at ewoi.a(:com.google.android.gms@261332035@26.13.32 (260400-895912391):61)
04-23 16:56:13.147 E/jpxr    (17756): 	at ewop.f(:com.google.android.gms@261332035@26.13.32 (260400-895912391):5)
04-23 16:56:13.147 E/jpxr    (17756): 	at exoq.f(:com.google.android.gms@261332035@26.13.32 (260400-895912391):272)
04-23 16:56:13.147 E/jpxr    (17756): 	at exos.g(:com.google.android.gms@261332035@26.13.32 (260400-895912391):160)
04-23 16:56:13.147 E/jpxr    (17756): 	at exot.run(:com.google.android.gms@261332035@26.13.32 (260400-895912391):12)
04-23 16:56:13.147 E/jpxr    (17756): 	at java.lang.Thread.run(Thread.java:1564)
04-23 16:56:13.661 E/msys    (17736): E[N mns:DGWClient]_OnDiskCacheGetData(1175)=>Start post callback cache refresh DNS resolution
04-23 16:56:13.666 E/msys    (17736): E[N mns:DGWClient]_LogError(295)=>Failed to resolve using system DNS resolver, getaddrinfo(): No address associated with hostname
