04-23 16:57:49.018 E/HeatmapThread( 1923): !@ CAM New BSOH: 100
04-23 16:57:50.016 E/HeatmapThread( 1923): ECT Thread time in milliseconds: 1776974270
04-23 16:57:50.020 E/HeatmapThread( 1923): !@ CAM New BSOH: 100
04-23 16:57:50.729 E/BatteryDump( 1854): !@new_battery_dump : 3786,475,475,550,27,296,291,301,296,0,303,301,0,Charging,NO_CHARGING,Normal,Good,USB,1,Normal,0,0,9290,0x0,0x10000,0x0,0,0,99,v0002,0000,0000,00000000,0,0,0,0,78,3774,2693,990,0,
04-23 16:57:51.016 E/HeatmapThread( 1923): ECT Thread time in milliseconds: 1776974271
04-23 16:57:51.018 E/HeatmapThread( 1923): !@ CAM New BSOH: 100
04-23 16:57:52.016 E/HeatmapThread( 1923): ECT Thread time in milliseconds: 1776974272
04-23 16:57:52.019 E/HeatmapThread( 1923): !@ CAM New BSOH: 100
04-23 16:57:53.016 E/HeatmapThread( 1923): ECT Thread time in milliseconds: 1776974273
04-23 16:57:53.019 E/HeatmapThread( 1923): !@ CAM New BSOH: 100
04-23 16:57:54.015 E/HeatmapThread( 1923): ECT Thread time in milliseconds: 1776974274
04-23 16:57:54.018 E/HeatmapThread( 1923): !@ CAM New BSOH: 100
04-23 16:57:54.950 E/Watchdog( 2852): !@Sync: 9877 heap(MB): 150 / 181 FD: 1477 [2026-04-23 16:57:54.950]
04-23 16:57:55.016 E/HeatmapThread( 1923): ECT Thread time in milliseconds: 1776974275
04-23 16:57:55.019 E/HeatmapThread( 1923): !@ CAM New BSOH: 100
04-23 16:57:56.016 E/HeatmapThread( 1923): ECT Thread time in milliseconds: 1776974276
04-23 16:57:56.019 E/HeatmapThread( 1923): !@ CAM New BSOH: 100
04-23 16:57:56.279 E/ConversionHelperAidl( 1905): Function: parseAndSetVendorParameters Line: 94 Failed 
04-23 16:57:56.279 E/ConversionHelperAidl( 1905): Function: parseAndSetVendorParameters Line: 94 Failed 
04-23 16:57:56.281 E/ConversionHelperAidl( 1905): Function: parseAndSetVendorParameters Line: 94 Failed 
04-23 16:57:56.281 E/ConversionHelperAidl( 1905): Function: parseAndSetVendorParameters Line: 94 Failed 
04-23 16:57:57.015 E/HeatmapThread( 1923): ECT Thread time in milliseconds: 1776974277
04-23 16:57:57.017 E/HeatmapThread( 1923): !@ CAM New BSOH: 100
04-23 16:57:58.016 E/HeatmapThread( 1923): ECT Thread time in milliseconds: 1776974278
04-23 16:57:58.019 E/HeatmapThread( 1923): !@ CAM New BSOH: 100
04-23 16:57:59.015 E/HeatmapThread( 1923): ECT Thread time in milliseconds: 1776974279
04-23 16:57:59.017 E/HeatmapThread( 1923): !@ CAM New BSOH: 100
04-23 16:58:00.016 E/HeatmapThread( 1923): ECT Thread time in milliseconds: 1776974280
04-23 16:58:00.019 E/HeatmapThread( 1923): !@ CAM New BSOH: 100
04-23 16:58:00.882 E/BatteryDump( 1854): !@new_battery_dump : 3787,477,475,550,27,296,291,301,296,0,302,301,0,Charging,NO_CHARGING,Normal,Good,USB,1,Normal,0,0,9290,0x0,0x10000,0x0,0,0,105,v0002,0000,0000,00000000,0,0,0,0,78,3774,2696,990,0,
04-23 16:58:01.016 E/HeatmapThread( 1923): ECT Thread time in milliseconds: 1776974281
04-23 16:58:01.018 E/HeatmapThread( 1923): !@ CAM New BSOH: 100
04-23 16:58:02.016 E/HeatmapThread( 1923): ECT Thread time in milliseconds: 1776974282
04-23 16:58:02.019 E/HeatmapThread( 1923): !@ CAM New BSOH: 100
04-23 16:58:03.016 E/HeatmapThread( 1923): ECT Thread time in milliseconds: 1776974283
04-23 16:58:03.019 E/HeatmapThread( 1923): !@ CAM New BSOH: 100
04-23 16:58:04.016 E/HeatmapThread( 1923): ECT Thread time in milliseconds: 1776974284
04-23 16:58:04.019 E/HeatmapThread( 1923): !@ CAM New BSOH: 100
04-23 16:58:05.015 E/HeatmapThread( 1923): ECT Thread time in milliseconds: 1776974285
04-23 16:58:05.019 E/HeatmapThread( 1923): !@ CAM New BSOH: 100
04-23 16:58:06.016 E/HeatmapThread( 1923): ECT Thread time in milliseconds: 1776974286
04-23 16:58:06.019 E/HeatmapThread( 1923): !@ CAM New BSOH: 100
04-23 16:58:06.317 E/ConversionHelperAidl( 1905): Function: parseAndSetVendorParameters Line: 94 Failed 
04-23 16:58:06.318 E/ConversionHelperAidl( 1905): Function: parseAndSetVendorParameters Line: 94 Failed 
04-23 16:58:06.319 E/ConversionHelperAidl( 1905): Function: parseAndSetVendorParameters Line: 94 Failed 
04-23 16:58:06.320 E/ConversionHelperAidl( 1905): Function: parseAndSetVendorParameters Line: 94 Failed 
04-23 16:58:07.016 E/HeatmapThread( 1923): ECT Thread time in milliseconds: 1776974287
04-23 16:58:07.019 E/HeatmapThread( 1923): !@ CAM New BSOH: 100
04-23 16:58:08.016 E/HeatmapThread( 1923): ECT Thread time in milliseconds: 1776974288
04-23 16:58:08.018 E/HeatmapThread( 1923): !@ CAM New BSOH: 100
04-23 16:58:09.016 E/HeatmapThread( 1923): ECT Thread time in milliseconds: 1776974289
04-23 16:58:09.019 E/HeatmapThread( 1923): !@ CAM New BSOH: 100
04-23 16:58:10.016 E/HeatmapThread( 1923): ECT Thread time in milliseconds: 1776974290
04-23 16:58:10.018 E/HeatmapThread( 1923): !@ CAM New BSOH: 100
04-23 16:58:11.015 E/HeatmapThread( 1923): ECT Thread time in milliseconds: 1776974291
04-23 16:58:11.018 E/HeatmapThread( 1923): !@ CAM New BSOH: 100
04-23 16:58:11.039 E/BatteryDump( 1854): !@new_battery_dump : 3787,505,475,550,27,296,291,300,296,0,302,300,0,Charging,NO_CHARGING,Normal,Good,USB,1,Normal,0,0,9290,0x0,0x10000,0x0,0,0,102,v0002,0000,0000,00000000,0,0,0,0,78,3774,2698,990,0,
04-23 16:58:12.016 E/HeatmapThread( 1923): ECT Thread time in milliseconds: 1776974292
04-23 16:58:12.019 E/HeatmapThread( 1923): !@ CAM New BSOH: 100
04-23 16:58:13.016 E/HeatmapThread( 1923): ECT Thread time in milliseconds: 1776974293
04-23 16:58:13.019 E/HeatmapThread( 1923): !@ CAM New BSOH: 100
04-23 16:58:14.016 E/HeatmapThread( 1923): ECT Thread time in milliseconds: 1776974294
04-23 16:58:14.018 E/HeatmapThread( 1923): !@ CAM New BSOH: 100
04-23 16:58:15.016 E/HeatmapThread( 1923): ECT Thread time in milliseconds: 1776974295
04-23 16:58:15.020 E/HeatmapThread( 1923): !@ CAM New BSOH: 100
04-23 16:58:16.016 E/HeatmapThread( 1923): ECT Thread time in milliseconds: 1776974296
04-23 16:58:16.019 E/HeatmapThread( 1923): !@Entered the read from path function
04-23 16:58:16.019 E/HeatmapThread( 1923): !@Read Extended_heatmap from efs is: 4464 0 0 0 0 0 0 0 0 0 0 0 0 0 0 0 0 0 559 0 0 0 0 0 0 0 0 0 0 0 0 0 0 0 0 0 641 0 0 0 0 0 0 0 0 0 0 0 0 0 0 0 0 0 694 0 0 0 0 0 0 0 0 0 0 0 0 0 0 0 0 0 755 0 0 0 0 0 0 0 0 0 0 0 0 0 0 0 0 0 701 0 0 0 0 0 0 0 0 0 0 0 0 0 0 0 0 0 662 0 0 0 0 0 0 0 0 0 0 0 0 0 0 0 0 0 667 0 0 0 0 0 0 0 0 0 0 0 0 0 0 0 0 0 693 0 0 0 0 0 0 0 0 0 0 0 0 0 0 0 0 0 689 0 0 0 0 0 0 0 0 0 0 0 0 0 0 0 0 0 729 0 0 0 0 0 0 0 0 0 0 0 0 0 0 0 0 0 2634 0 0 0 0 0 0 0 0 0 0 0 0 0 0 0 0 0 4163 0 0 0 0 0 0 0 0 0 0 0 0 0 0 0 0 0 9556 0 0 0 0 0 0 0 0 0 0 0 0 0 0 0 0 0 13644 0 0 0 0 0 0 0 0 0 0 0 0 0 0 0 0 0 15584 0 0 0 0 0 0 0 0 0 0 0 0 0 0 0 0 0 17923 0 0 0 0 0 0 0 0 0 0 0 0 0 0 0 0 0 17772 0 0 0 0 0 0 0 0 0 0 0 0 0 0 0 0 0 7549 0 0 0 0 0 0 0 0 0 0 0 0 0 0 0 0 0 5852 0 0 0 0 0 0 0 0 0 0 0 0 0 0 0 0 0 5267 0 0 0 0 0 0 0 0 0 0 0 0 0 0 0 0 0 2909 0 0 0 0 0 0 0 0 0 0 0 0 0 0 0 0 0 230 0 0 0 0 0 0 0 0 0 0 0 0 0 0 0 0 0 318 0 0 0 0 0 0 0 0 0 0 0 0 0 0 0 0 0 269 0 0 0 0 0 0 0 0 0 0 0 0 0 0 0 0 0 239 0 0 0 0 0 0 0 0 
04-23 16:58:16.019 E/HeatmapThread( 1923): !@Write Extended Heatmap to efs is: 4464 0 0 0 0 0 0 0 0 0 0 0 0 0 0 0 0 0 559 0 0 0 0 0 0 0 0 0 0 0 0 0 0 0 0 0 641 0 0 0 0 0 0 0 0 0 0 0 0 0 0 0 0 0 694 0 0 0 0 0 0 0 0 0 0 0 0 0 0 0 0 0 755 0 0 0 0 0 0 0 0 0 0 0 0 0 0 0 0 0 701 0 0 0 0 0 0 0 0 0 0 0 0 0 0 0 0 0 662 0 0 0 0 0 0 0 0 0 0 0 0 0 0 0 0 0 667 0 0 0 0 0 0 0 0 0 0 0 0 0 0 0 0 0 693 0 0 0 0 0 0 0 0 0 0 0 0 0 0 0 0 0 689 0 0 0 0 0 0 0 0 0 0 0 0 0 0 0 0 0 729 0 0 0 0 0 0 0 0 0 0 0 0 0 0 0 0 0 2634 0 0 0 0 0 0 0 0 0 0 0 0 0 0 0 0 0 4163 0 0 0 0 0 0 0 0 0 0 0 0 0 0 0 0 0 9556 0 0 0 0 0 0 0 0 0 0 0 0 0 0 0 0 0 13644 0 0 0 0 0 0 0 0 0 0 0 0 0 0 0 0 0 15584 0 0 0 0 0 0 0 0 0 0 0 0 0 0 0 0 0 17923 0 0 0 0 0 0 0 0 0 0 0 0 0 0 0 0 0 17772 0 0 0 0 0 0 0 0 0 0 0 0 0 0 0 0 0 7550 0 0 0 0 0 0 0 0 0 0 0 0 0 0 0 0 0 5852 0 0 0 0 0 0 0 0 0 0 0 0 0 0 0 0 0 5267 0 0 0 0 0 0 0 0 0 0 0 0 0 0 0 0 0 2909 0 0 0 0 0 0 0 0 0 0 0 0 0 0 0 0 0 230 0 0 0 0 0 0 0 0 0 0 0 0 0 0 0 0 0 318 0 0 0 0 0 0 0 0 0 0 0 0 0 0 0 0 0 269 0 0 0 0 0 0 0 0 0 0 0 0 0 0 0 0 0 239 0 0 0 0 0 0 0 0 0
04-23 16:58:16.020 E/HeatmapThread( 1923): !@ CAM New BSOH: 100
04-23 16:58:16.355 E/ConversionHelperAidl( 1905): Function: parseAndSetVendorParameters Line: 94 Failed 
04-23 16:58:16.356 E/ConversionHelperAidl( 1905): Function: parseAndSetVendorParameters Line: 94 Failed 
04-23 16:58:16.357 E/ConversionHelperAidl( 1905): Function: parseAndSetVendorParameters Line: 94 Failed 
04-23 16:58:16.358 E/ConversionHelperAidl( 1905): Function: parseAndSetVendorParameters Line: 94 Failed 
04-23 16:58:17.015 E/HeatmapThread( 1923): ECT Thread time in milliseconds: 1776974297
04-23 16:58:17.019 E/HeatmapThread( 1923): !@ CAM New BSOH: 100
04-23 16:58:18.016 E/HeatmapThread( 1923): ECT Thread time in milliseconds: 1776974298
04-23 16:58:18.019 E/HeatmapThread( 1923): !@ CAM New BSOH: 100
04-23 16:58:19.016 E/HeatmapThread( 1923): ECT Thread time in milliseconds: 1776974299
04-23 16:58:19.019 E/HeatmapThread( 1923): !@ CAM New BSOH: 100
04-23 16:58:20.016 E/HeatmapThread( 1923): ECT Thread time in milliseconds: 1776974300
04-23 16:58:20.019 E/HeatmapThread( 1923): !@ CAM New BSOH: 100
04-23 16:58:21.016 E/HeatmapThread( 1923): ECT Thread time in milliseconds: 1776974301
04-23 16:58:21.019 E/HeatmapThread( 1923): !@ CAM New BSOH: 100
04-23 16:58:21.193 E/BatteryDump( 1854): !@new_battery_dump : 3788,464,475,550,27,296,291,299,296,0,301,299,0,Charging,NO_CHARGING,Normal,Good,USB,1,Normal,0,0,9287,0x0,0x10000,0x0,0,0,97,v0002,0000,0000,00000000,0,0,0,0,78,3774,2701,990,0,
04-23 16:58:21.210 E/Scheduler( 1939): trackPendingFrame: Invalid present fence
04-23 16:58:22.016 E/HeatmapThread( 1923): ECT Thread time in milliseconds: 1776974302
04-23 16:58:22.019 E/HeatmapThread( 1923): !@ CAM New BSOH: 100
04-23 16:58:23.016 E/HeatmapThread( 1923): ECT Thread time in milliseconds: 1776974303
04-23 16:58:23.019 E/HeatmapThread( 1923): !@ CAM New BSOH: 100
04-23 16:58:23.664 E/WifiStaIfaceAidlImpl( 2852): getCachedScanData failed with service-specific exception: android.os.ServiceSpecificException:  (code 4)
04-23 16:58:24.016 E/HeatmapThread( 1923): ECT Thread time in milliseconds: 1776974304
04-23 16:58:24.019 E/HeatmapThread( 1923): !@ CAM New BSOH: 100
04-23 16:58:24.959 E/Watchdog( 2852): !@Sync: 9878 heap(MB): 152 / 181 FD: 1477 [2026-04-23 16:58:24.959]
04-23 16:58:25.016 E/HeatmapThread( 1923): ECT Thread time in milliseconds: 1776974305
04-23 16:58:25.020 E/HeatmapThread( 1923): !@ CAM New BSOH: 100
04-23 16:58:26.016 E/HeatmapThread( 1923): ECT Thread time in milliseconds: 1776974306
04-23 16:58:26.019 E/HeatmapThread( 1923): !@ CAM New BSOH: 100
04-23 16:58:26.394 E/ConversionHelperAidl( 1905): Function: parseAndSetVendorParameters Line: 94 Failed 
04-23 16:58:26.394 E/ConversionHelperAidl( 1905): Function: parseAndSetVendorParameters Line: 94 Failed 
04-23 16:58:26.396 E/ConversionHelperAidl( 1905): Function: parseAndSetVendorParameters Line: 94 Failed 
04-23 16:58:26.396 E/ConversionHelperAidl( 1905): Function: parseAndSetVendorParameters Line: 94 Failed 
04-23 16:58:27.016 E/HeatmapThread( 1923): ECT Thread time in milliseconds: 1776974307
04-23 16:58:27.019 E/HeatmapThread( 1923): !@ CAM New BSOH: 100
04-23 16:58:28.016 E/HeatmapThread( 1923): ECT Thread time in milliseconds: 1776974308
04-23 16:58:28.018 E/HeatmapThread( 1923): !@ CAM New BSOH: 100
04-23 16:58:29.015 E/HeatmapThread( 1923): ECT Thread time in milliseconds: 1776974309
04-23 16:58:29.017 E/HeatmapThread( 1923): !@ CAM New BSOH: 100
04-23 16:58:30.016 E/HeatmapThread( 1923): ECT Thread time in milliseconds: 1776974310
04-23 16:58:30.020 E/HeatmapThread( 1923): !@ CAM New BSOH: 100
04-23 16:58:31.016 E/HeatmapThread( 1923): ECT Thread time in milliseconds: 1776974311
04-23 16:58:31.019 E/HeatmapThread( 1923): !@ CAM New BSOH: 100
04-23 16:58:31.356 E/BatteryDump( 1854): !@new_battery_dump : 3789,487,475,550,27,296,291,299,296,0,302,299,0,Charging,NO_CHARGING,Normal,Good,USB,1,Normal,0,0,9287,0x0,0x10000,0x0,0,0,96,v0002,0000,0000,00000000,0,0,0,0,78,3774,2705,990,0,
04-23 16:58:32.016 E/HeatmapThread( 1923): ECT Thread time in milliseconds: 1776974312
04-23 16:58:32.019 E/HeatmapThread( 1923): !@ CAM New BSOH: 100
04-23 16:58:33.016 E/HeatmapThread( 1923): ECT Thread time in milliseconds: 1776974313
04-23 16:58:33.018 E/HeatmapThread( 1923): !@ CAM New BSOH: 100
04-23 16:58:34.016 E/HeatmapThread( 1923): ECT Thread time in milliseconds: 1776974314
04-23 16:58:34.019 E/HeatmapThread( 1923): !@ CAM New BSOH: 100
04-23 16:58:35.016 E/HeatmapThread( 1923): ECT Thread time in milliseconds: 1776974315
04-23 16:58:35.020 E/HeatmapThread( 1923): !@ CAM New BSOH: 100
04-23 16:58:36.015 E/HeatmapThread( 1923): ECT Thread time in milliseconds: 1776974316
04-23 16:58:36.018 E/HeatmapThread( 1923): !@ CAM New BSOH: 100
04-23 16:58:36.437 E/ConversionHelperAidl( 1905): Function: parseAndSetVendorParameters Line: 94 Failed 
04-23 16:58:36.437 E/ConversionHelperAidl( 1905): Function: parseAndSetVendorParameters Line: 94 Failed 
04-23 16:58:36.439 E/ConversionHelperAidl( 1905): Function: parseAndSetVendorParameters Line: 94 Failed 
04-23 16:58:36.440 E/ConversionHelperAidl( 1905): Function: parseAndSetVendorParameters Line: 94 Failed 
04-23 16:58:37.016 E/HeatmapThread( 1923): ECT Thread time in milliseconds: 1776974317
04-23 16:58:37.019 E/HeatmapThread( 1923): !@ CAM New BSOH: 100
04-23 16:58:38.015 E/HeatmapThread( 1923): ECT Thread time in milliseconds: 1776974318
04-23 16:58:38.017 E/HeatmapThread( 1923): !@ CAM New BSOH: 100
04-23 16:58:39.016 E/HeatmapThread( 1923): ECT Thread time in milliseconds: 1776974319
04-23 16:58:39.019 E/HeatmapThread( 1923): !@ CAM New BSOH: 100
04-23 16:58:40.016 E/HeatmapThread( 1923): ECT Thread time in milliseconds: 1776974320
04-23 16:58:40.019 E/HeatmapThread( 1923): !@ CAM New BSOH: 100
04-23 16:58:41.016 E/HeatmapThread( 1923): ECT Thread time in milliseconds: 1776974321
04-23 16:58:41.019 E/HeatmapThread( 1923): !@ CAM New BSOH: 100
04-23 16:58:41.518 E/BatteryDump( 1854): !@new_battery_dump : 3788,495,475,550,27,296,292,299,296,0,301,299,0,Charging,NO_CHARGING,Normal,Good,USB,1,Normal,0,0,9287,0x0,0x10000,0x0,0,0,90,v0002,0000,0000,00000000,0,0,0,0,78,3774,2707,990,0,
04-23 16:58:42.016 E/HeatmapThread( 1923): ECT Thread time in milliseconds: 1776974322
04-23 16:58:42.018 E/HeatmapThread( 1923): !@ CAM New BSOH: 100
04-23 16:58:43.016 E/HeatmapThread( 1923): ECT Thread time in milliseconds: 1776974323
04-23 16:58:43.019 E/HeatmapThread( 1923): !@ CAM New BSOH: 100
04-23 16:58:44.015 E/HeatmapThread( 1923): ECT Thread time in milliseconds: 1776974324
04-23 16:58:44.019 E/HeatmapThread( 1923): !@ CAM New BSOH: 100
04-23 16:58:45.016 E/HeatmapThread( 1923): ECT Thread time in milliseconds: 1776974325
04-23 16:58:45.018 E/HeatmapThread( 1923): !@ CAM New BSOH: 100
04-23 16:58:46.016 E/HeatmapThread( 1923): ECT Thread time in milliseconds: 1776974326
04-23 16:58:46.019 E/HeatmapThread( 1923): !@ CAM New BSOH: 100
04-23 16:58:46.479 E/ConversionHelperAidl( 1905): Function: parseAndSetVendorParameters Line: 94 Failed 
04-23 16:58:46.480 E/ConversionHelperAidl( 1905): Function: parseAndSetVendorParameters Line: 94 Failed 
04-23 16:58:46.482 E/ConversionHelperAidl( 1905): Function: parseAndSetVendorParameters Line: 94 Failed 
04-23 16:58:46.482 E/ConversionHelperAidl( 1905): Function: parseAndSetVendorParameters Line: 94 Failed 
04-23 16:58:47.016 E/HeatmapThread( 1923): ECT Thread time in milliseconds: 1776974327
04-23 16:58:47.018 E/HeatmapThread( 1923): !@ CAM New BSOH: 100
04-23 16:58:48.016 E/HeatmapThread( 1923): ECT Thread time in milliseconds: 1776974328
04-23 16:58:48.019 E/HeatmapThread( 1923): !@ CAM New BSOH: 100
04-23 16:58:49.016 E/HeatmapThread( 1923): ECT Thread time in milliseconds: 1776974329
04-23 16:58:49.019 E/HeatmapThread( 1923): !@ CAM New BSOH: 100
04-23 16:58:50.016 E/HeatmapThread( 1923): ECT Thread time in milliseconds: 1776974330
04-23 16:58:50.020 E/HeatmapThread( 1923): !@ CAM New BSOH: 100
04-23 16:58:51.016 E/HeatmapThread( 1923): ECT Thread time in milliseconds: 1776974331
04-23 16:58:51.019 E/HeatmapThread( 1923): !@ CAM New BSOH: 100
04-23 16:58:51.688 E/BatteryDump( 1854): !@new_battery_dump : 3790,497,475,550,27,296,292,298,296,0,301,298,0,Charging,NO_CHARGING,Normal,Good,USB,1,Normal,0,0,9284,0x0,0x10000,0x0,0,0,90,v0002,0000,0000,00000000,0,0,0,0,78,3774,2709,990,0,
04-23 16:58:52.016 E/HeatmapThread( 1923): ECT Thread time in milliseconds: 1776974332
04-23 16:58:52.019 E/HeatmapThread( 1923): !@ CAM New BSOH: 100
04-23 16:58:53.016 E/HeatmapThread( 1923): ECT Thread time in milliseconds: 1776974333
04-23 16:58:53.019 E/HeatmapThread( 1923): !@ CAM New BSOH: 100
04-23 16:58:54.016 E/HeatmapThread( 1923): ECT Thread time in milliseconds: 1776974334
04-23 16:58:54.019 E/HeatmapThread( 1923): !@ CAM New BSOH: 100
04-23 16:58:54.969 E/Watchdog( 2852): !@Sync: 9879 heap(MB): 154 / 181 FD: 1477 [2026-04-23 16:58:54.968]
04-23 16:58:55.016 E/HeatmapThread( 1923): ECT Thread time in milliseconds: 1776974335
04-23 16:58:55.020 E/HeatmapThread( 1923): !@ CAM New BSOH: 100
04-23 16:58:56.016 E/HeatmapThread( 1923): ECT Thread time in milliseconds: 1776974336
04-23 16:58:56.019 E/HeatmapThread( 1923): !@ CAM New BSOH: 100
04-23 16:58:56.520 E/ConversionHelperAidl( 1905): Function: parseAndSetVendorParameters Line: 94 Failed 
04-23 16:58:56.521 E/ConversionHelperAidl( 1905): Function: parseAndSetVendorParameters Line: 94 Failed 
04-23 16:58:56.523 E/ConversionHelperAidl( 1905): Function: parseAndSetVendorParameters Line: 94 Failed 
04-23 16:58:56.523 E/ConversionHelperAidl( 1905): Function: parseAndSetVendorParameters Line: 94 Failed 
04-23 16:58:57.016 E/HeatmapThread( 1923): ECT Thread time in milliseconds: 1776974337
04-23 16:58:57.019 E/HeatmapThread( 1923): !@ CAM New BSOH: 100
04-23 16:58:58.016 E/HeatmapThread( 1923): ECT Thread time in milliseconds: 1776974338
04-23 16:58:58.019 E/HeatmapThread( 1923): !@ CAM New BSOH: 100
04-23 16:58:59.016 E/HeatmapThread( 1923): ECT Thread time in milliseconds: 1776974339
04-23 16:58:59.019 E/HeatmapThread( 1923): !@ CAM New BSOH: 100
04-23 16:59:00.016 E/HeatmapThread( 1923): ECT Thread time in milliseconds: 1776974340
04-23 16:59:00.019 E/HeatmapThread( 1923): !@ CAM New BSOH: 100
04-23 16:59:01.016 E/HeatmapThread( 1923): ECT Thread time in milliseconds: 1776974341
04-23 16:59:01.019 E/HeatmapThread( 1923): !@ CAM New BSOH: 100
04-23 16:59:01.843 E/BatteryDump( 1854): !@new_battery_dump : 3790,515,475,550,27,296,292,298,296,0,302,298,0,Charging,NO_CHARGING,Normal,Good,USB,1,Normal,0,0,9284,0x0,0x10000,0x0,0,0,89,v0002,0000,0000,00000000,0,0,0,0,78,3774,2712,990,0,
04-23 16:59:01.878 E/Scheduler( 1939): trackPendingFrame: Invalid present fence
04-23 16:59:02.016 E/HeatmapThread( 1923): ECT Thread time in milliseconds: 1776974342
04-23 16:59:02.018 E/HeatmapThread( 1923): !@ CAM New BSOH: 100
04-23 16:59:03.016 E/HeatmapThread( 1923): ECT Thread time in milliseconds: 1776974343
04-23 16:59:03.019 E/HeatmapThread( 1923): !@ CAM New BSOH: 100
04-23 16:59:04.016 E/HeatmapThread( 1923): ECT Thread time in milliseconds: 1776974344
04-23 16:59:04.019 E/HeatmapThread( 1923): !@ CAM New BSOH: 100
04-23 16:59:05.016 E/HeatmapThread( 1923): ECT Thread time in milliseconds: 1776974345
04-23 16:59:05.020 E/HeatmapThread( 1923): !@ CAM New BSOH: 100
04-23 16:59:06.016 E/HeatmapThread( 1923): ECT Thread time in milliseconds: 1776974346
04-23 16:59:06.019 E/HeatmapThread( 1923): !@ CAM New BSOH: 100
04-23 16:59:06.556 E/ConversionHelperAidl( 1905): Function: parseAndSetVendorParameters Line: 94 Failed 
04-23 16:59:06.556 E/ConversionHelperAidl( 1905): Function: parseAndSetVendorParameters Line: 94 Failed 
04-23 16:59:06.558 E/ConversionHelperAidl( 1905): Function: parseAndSetVendorParameters Line: 94 Failed 
04-23 16:59:06.558 E/ConversionHelperAidl( 1905): Function: parseAndSetVendorParameters Line: 94 Failed 
04-23 16:59:07.016 E/HeatmapThread( 1923): ECT Thread time in milliseconds: 1776974347
04-23 16:59:07.019 E/HeatmapThread( 1923): !@ CAM New BSOH: 100
04-23 16:59:08.016 E/HeatmapThread( 1923): ECT Thread time in milliseconds: 1776974348
04-23 16:59:08.019 E/HeatmapThread( 1923): !@ CAM New BSOH: 100
04-23 16:59:09.015 E/HeatmapThread( 1923): ECT Thread time in milliseconds: 1776974349
04-23 16:59:09.019 E/HeatmapThread( 1923): !@ CAM New BSOH: 100
04-23 16:59:10.016 E/HeatmapThread( 1923): ECT Thread time in milliseconds: 1776974350
04-23 16:59:10.019 E/HeatmapThread( 1923): !@ CAM New BSOH: 100
04-23 16:59:11.016 E/HeatmapThread( 1923): ECT Thread time in milliseconds: 1776974351
04-23 16:59:11.019 E/HeatmapThread( 1923): !@ CAM New BSOH: 100
04-23 16:59:12.005 E/BatteryDump( 1854): !@new_battery_dump : 3790,492,475,550,27,296,292,298,296,0,300,298,0,Charging,NO_CHARGING,Normal,Good,USB,1,Normal,0,0,9284,0x0,0x10000,0x0,0,0,91,v0002,0000,0000,00000000,0,0,0,0,78,3774,2716,990,0,
04-23 16:59:12.015 E/HeatmapThread( 1923): ECT Thread time in milliseconds: 1776974352
04-23 16:59:12.017 E/HeatmapThread( 1923): !@ CAM New BSOH: 100
04-23 16:59:13.015 E/HeatmapThread( 1923): ECT Thread time in milliseconds: 1776974353
04-23 16:59:13.019 E/HeatmapThread( 1923): !@ CAM New BSOH: 100
04-23 16:59:14.016 E/HeatmapThread( 1923): ECT Thread time in milliseconds: 1776974354
04-23 16:59:14.019 E/HeatmapThread( 1923): !@ CAM New BSOH: 100
04-23 16:59:15.016 E/HeatmapThread( 1923): ECT Thread time in milliseconds: 1776974355
04-23 16:59:15.018 E/HeatmapThread( 1923): !@ CAM New BSOH: 100
04-23 16:59:16.015 E/HeatmapThread( 1923): ECT Thread time in milliseconds: 1776974356
04-23 16:59:16.018 E/HeatmapThread( 1923): !@Entered the read from path function
04-23 16:59:16.018 E/HeatmapThread( 1923): !@Read Extended_heatmap from efs is: 4464 0 0 0 0 0 0 0 0 0 0 0 0 0 0 0 0 0 559 0 0 0 0 0 0 0 0 0 0 0 0 0 0 0 0 0 641 0 0 0 0 0 0 0 0 0 0 0 0 0 0 0 0 0 694 0 0 0 0 0 0 0 0 0 0 0 0 0 0 0 0 0 755 0 0 0 0 0 0 0 0 0 0 0 0 0 0 0 0 0 701 0 0 0 0 0 0 0 0 0 0 0 0 0 0 0 0 0 662 0 0 0 0 0 0 0 0 0 0 0 0 0 0 0 0 0 667 0 0 0 0 0 0 0 0 0 0 0 0 0 0 0 0 0 693 0 0 0 0 0 0 0 0 0 0 0 0 0 0 0 0 0 689 0 0 0 0 0 0 0 0 0 0 0 0 0 0 0 0 0 729 0 0 0 0 0 0 0 0 0 0 0 0 0 0 0 0 0 2634 0 0 0 0 0 0 0 0 0 0 0 0 0 0 0 0 0 4163 0 0 0 0 0 0 0 0 0 0 0 0 0 0 0 0 0 9556 0 0 0 0 0 0 0 0 0 0 0 0 0 0 0 0 0 13644 0 0 0 0 0 0 0 0 0 0 0 0 0 0 0 0 0 15584 0 0 0 0 0 0 0 0 0 0 0 0 0 0 0 0 0 17923 0 0 0 0 0 0 0 0 0 0 0 0 0 0 0 0 0 17772 0 0 0 0 0 0 0 0 0 0 0 0 0 0 0 0 0 7550 0 0 0 0 0 0 0 0 0 0 0 0 0 0 0 0 0 5852 0 0 0 0 0 0 0 0 0 0 0 0 0 0 0 0 0 5267 0 0 0 0 0 0 0 0 0 0 0 0 0 0 0 0 0 2909 0 0 0 0 0 0 0 0 0 0 0 0 0 0 0 0 0 230 0 0 0 0 0 0 0 0 0 0 0 0 0 0 0 0 0 318 0 0 0 0 0 0 0 0 0 0 0 0 0 0 0 0 0 269 0 0 0 0 0 0 0 0 0 0 0 0 0 0 0 0 0 239 0 0 0 0 0 0 0 0 
04-23 16:59:16.018 E/HeatmapThread( 1923): !@Write Extended Heatmap to efs is: 4464 0 0 0 0 0 0 0 0 0 0 0 0 0 0 0 0 0 559 0 0 0 0 0 0 0 0 0 0 0 0 0 0 0 0 0 641 0 0 0 0 0 0 0 0 0 0 0 0 0 0 0 0 0 694 0 0 0 0 0 0 0 0 0 0 0 0 0 0 0 0 0 755 0 0 0 0 0 0 0 0 0 0 0 0 0 0 0 0 0 701 0 0 0 0 0 0 0 0 0 0 0 0 0 0 0 0 0 662 0 0 0 0 0 0 0 0 0 0 0 0 0 0 0 0 0 667 0 0 0 0 0 0 0 0 0 0 0 0 0 0 0 0 0 693 0 0 0 0 0 0 0 0 0 0 0 0 0 0 0 0 0 689 0 0 0 0 0 0 0 0 0 0 0 0 0 0 0 0 0 729 0 0 0 0 0 0 0 0 0 0 0 0 0 0 0 0 0 2634 0 0 0 0 0 0 0 0 0 0 0 0 0 0 0 0 0 4163 0 0 0 0 0 0 0 0 0 0 0 0 0 0 0 0 0 9556 0 0 0 0 0 0 0 0 0 0 0 0 0 0 0 0 0 13644 0 0 0 0 0 0 0 0 0 0 0 0 0 0 0 0 0 15584 0 0 0 0 0 0 0 0 0 0 0 0 0 0 0 0 0 17923 0 0 0 0 0 0 0 0 0 0 0 0 0 0 0 0 0 17772 0 0 0 0 0 0 0 0 0 0 0 0 0 0 0 0 0 7551 0 0 0 0 0 0 0 0 0 0 0 0 0 0 0 0 0 5852 0 0 0 0 0 0 0 0 0 0 0 0 0 0 0 0 0 5267 0 0 0 0 0 0 0 0 0 0 0 0 0 0 0 0 0 2909 0 0 0 0 0 0 0 0 0 0 0 0 0 0 0 0 0 230 0 0 0 0 0 0 0 0 0 0 0 0 0 0 0 0 0 318 0 0 0 0 0 0 0 0 0 0 0 0 0 0 0 0 0 269 0 0 0 0 0 0 0 0 0 0 0 0 0 0 0 0 0 239 0 0 0 0 0 0 0 0 0
04-23 16:59:16.018 E/HeatmapThread( 1923): !@ CAM New BSOH: 100
04-23 16:59:16.592 E/ConversionHelperAidl( 1905): Function: parseAndSetVendorParameters Line: 94 Failed 
04-23 16:59:16.592 E/ConversionHelperAidl( 1905): Function: parseAndSetVendorParameters Line: 94 Failed 
04-23 16:59:16.594 E/ConversionHelperAidl( 1905): Function: parseAndSetVendorParameters Line: 94 Failed 
04-23 16:59:16.594 E/ConversionHelperAidl( 1905): Function: parseAndSetVendorParameters Line: 94 Failed 
04-23 16:59:17.016 E/HeatmapThread( 1923): ECT Thread time in milliseconds: 1776974357
04-23 16:59:17.018 E/HeatmapThread( 1923): !@ CAM New BSOH: 100
04-23 16:59:18.016 E/HeatmapThread( 1923): ECT Thread time in milliseconds: 1776974358
04-23 16:59:18.019 E/HeatmapThread( 1923): !@ CAM New BSOH: 100
04-23 16:59:19.015 E/HeatmapThread( 1923): ECT Thread time in milliseconds: 1776974359
04-23 16:59:19.017 E/HeatmapThread( 1923): !@ CAM New BSOH: 100
04-23 16:59:20.016 E/HeatmapThread( 1923): ECT Thread time in milliseconds: 1776974360
04-23 16:59:20.019 E/HeatmapThread( 1923): !@ CAM New BSOH: 100
04-23 16:59:21.015 E/HeatmapThread( 1923): ECT Thread time in milliseconds: 1776974361
04-23 16:59:21.018 E/HeatmapThread( 1923): !@ CAM New BSOH: 100
04-23 16:59:21.695 E/d.process.media( 6092): Mtp got error event at 0 and 1 total: Cannot send after transport endpoint shutdown
04-23 16:59:21.696 E/MtpServer( 6092): request read returned -1, errno: 108
04-23 16:59:21.697 E/d.process.media( 6092): finish waitControls: Cannot send after transport endpoint shutdown
04-23 16:59:21.705 E/DataRouter( 2241): USB Interface is open with 0x6
04-23 16:59:21.899 E/BatteryDump( 1854): !@new_battery_dump : 3791,-60,475,550,27,296,291,297,296,0,300,297,0,Not-charging,NO_CHARGING,None,UnderVoltage,USB,0,Normal,0,0,9300,0x0,0x10000,0x0,0,0,90,v0002,0000,0000,00000000,0,0,0,0,78,3774,2718,990,0,
04-23 16:59:21.918 E/BatteryDump( 1854): !@new_battery_dump : 3779,-60,475,550,27,296,291,297,296,0,300,297,0,Not-charging,NO_CHARGING,None,UnderVoltage,USB,0,Normal,0,0,9300,0x0,0x10000,0x0,0,0,90,v0002,0000,0000,00000000,0,0,0,0,78,3774,2718,990,0,
04-23 16:59:21.924 E/KeyguardUpdateMonitorLog( 3894): Cancellation signal is not null, high chance of bug in face auth lifecycle management. Face state: 0, unlockPossible: true
04-23 16:59:21.926 E/minksocket( 1772): MinkIPC ERROR: ( 1772:1864 ) MinkIPC_preProcess:272 Client down, but cannot find corresponding minksession
04-23 16:59:21.926 E/minksocket( 1772): MinkIPC ERROR: ( 1772:1873 ) MinkIPC_preProcess:272 Client down, but cannot find corresponding minksession
04-23 16:59:21.927 E/minksocket( 1772): MinkIPC ERROR: ( 1772:1873 ) MinkIPC_preProcess:272 Client down, but cannot find corresponding minksession
04-23 16:59:21.927 E/minksocket( 1772): MinkIPC ERROR: ( 1772:1864 ) MinkIPC_preProcess:272 Client down, but cannot find corresponding minksession
04-23 16:59:21.928 E/minksocket( 1772): MinkIPC ERROR: ( 1772:1873 ) MinkIPC_preProcess:272 Client down, but cannot find corresponding minksession
04-23 16:59:21.928 E/minksocket( 1772): MinkIPC ERROR: ( 1772:1864 ) MinkIPC_preProcess:272 Client down, but cannot find corresponding minksession
04-23 16:59:21.928 E/minksocket( 1772): MinkIPC ERROR: ( 1772:1864 ) MinkIPC_preProcess:272 Client down, but cannot find corresponding minksession
04-23 16:59:21.928 E/minksocket( 1772): MinkIPC ERROR: ( 1772:1873 ) MinkIPC_preProcess:272 Client down, but cannot find corresponding minksession
04-23 16:59:21.938 E/PERFHAL-REQUEST( 1834): PERFHAL-REQUEST: Process() 384: Translate to physical failed
04-23 16:59:21.938 E/WifiStaIfaceAidlImpl( 2852): getCachedScanData failed with service-specific exception: android.os.ServiceSpecificException:  (code 4)
04-23 16:59:21.947 E/sec_fr_NativeFaceService( 1802): wait callback state(1)
04-23 16:59:21.948 E/AppOps  ( 2852): package client.pid<1802> not found, can't check for attributionTag null
04-23 16:59:21.948 E/AppOps  ( 2852): Bad call made by uid 1047. Package "client.pid<1802>" does not belong to uid 1000.
04-23 16:59:21.948 E/AppOps  ( 2852): Cannot getAppOpMode: non-application UID 1000
04-23 16:59:21.951 E/CameraService_worker( 2852): Recent tasks don't include camera client package name: client.pid<1802>
04-23 16:59:21.961 E/ChiX    ( 1849): [ERROR][CORE   ] chxextensionmodule.cpp:19196 InitializeSensorSession() Skip SensorInit on CAM_FRONT_SECURE(logicalCameraId:3)
04-23 16:59:21.963 E/CamX    ( 1849): [ERROR][HAL    ] camxhal3.cpp:1990 initialize() initialize(): 0xb400007c84f2a690, 0xb400007e3c3590d0
04-23 16:59:21.963 E/CamX    ( 1849): [ERROR][HAL    ] camxhal3.cpp:1999 initialize() haldevice: 0xb400007c84f2a680
04-23 16:59:21.967 E/CamX    ( 1849): [ERROR][HAL    ] camxhaldevice.h:200 SetCallbackOps() device: 0xb400007c84f2a680 callback: 0xb400007e3c3590d0
04-23 16:59:21.968 E/CamX    ( 1849): [ERROR][HAL    ] camxhal3.cpp:1962 LoadLibFadvise() Open failed for /vendor/lib64/libarcsoft_triple_sat.so, error : No such file or directory
04-23 16:59:21.968 E/CamX    ( 1849): [ERROR][HAL    ] camxhal3.cpp:1962 LoadLibFadvise() Open failed for /vendor/lib64/libarcsoft_triple_fusion.so, error : No such file or directory
04-23 16:59:21.970 E/Camera2-FrameProcessorBase( 2214): FrameProcessorBase: created
04-23 16:59:21.970 E/Camera2-FrameProcessorBase( 2214): registerListener: Registering listener for frame id range 0 - 2147483647
04-23 16:59:21.974 E/ConversionHelperAidl( 1905): Function: parseAndSetVendorParameters Line: 94 Failed 
04-23 16:59:21.974 E/ConversionHelperAidl( 1905): Function: parseAndSetVendorParameters Line: 94 Failed 
04-23 16:59:21.976 E/AOD_CONFIG@AODConfigurationController( 3894): Skipping unregisterMonitor MONITOR_SEMCONTEXT - no registered monitor
04-23 16:59:21.976 E/AOD_CONFIG@AODConfigurationController( 3894): Skipping unregisterMonitor MONITOR_BROADCAST_PSM - no registered monitor
04-23 16:59:21.976 E/AOD_CONFIG@AODConfigurationController( 3894): Skipping unregisterMonitor MONITOR_BROADCAST_WALLPAPER - no registered monitor
04-23 16:59:21.976 E/AOD_CONFIG@AODConfigurationController( 3894): Skipping unregisterMonitor MONITOR_FOLD_STATE - no registered monitor
04-23 16:59:21.976 E/AOD_CONFIG@AODConfigurationController( 3894): Skipping unregisterMonitor MONITOR_BROADCAST_ROAMING - no registered monitor
04-23 16:59:21.976 E/AOD_CONFIG@AODConfigurationController( 3894): Skipping unregisterMonitor MONITOR_WEATHER_INFO_ENABLED - no registered monitor
04-23 16:59:21.976 E/AOD_CONFIG@AODConfigurationController( 3894): Skipping unregisterMonitor MONITOR_BROADCAST_OMC - no registered monitor
04-23 16:59:21.985 E/CamX    ( 1849): [ERROR][HAL    ] camxhaldevice.cpp:1533 CHIModuleInitialize() GetCameraId: 3 callback: 0xb400007c84f2a738 cam3Device: 0xb400007c84f2a690
04-23 16:59:21.986 E/ChiX    ( 1849): [ERROR][CORE   ] chxextensionmodule.cpp:2713 SetHALOps() SetHALOps being set for CameraID:3 pHalOps: 0xb400007c84f2a738
04-23 16:59:21.986 E/ChiX    ( 1849): [ERROR][CORE   ] chxextensionmodule.cpp:8514 InitializeOverrideSession() logicalCam: 3 pCamera3Device: 0xb400007c84f2a690
04-23 16:59:21.998 E/PocketModeEvent( 2852): ACTION_SCREEN_ON(by 3)
04-23 16:59:22.002 E/ThemeUtils( 3894): View class com.airbnb.lottie.LottieAnimationView is an AppCompat widget that can only be used with a Theme.AppCompat theme (or descendant).
04-23 16:59:22.004 E/SemContext.CaeProvider( 2852): setAttribute() : attribute is null!
04-23 16:59:22.004 E/AppsModel( 8338): Failed to retrieve application info
04-23 16:59:22.004 E/AppsModel( 8338): android.content.pm.PackageManager$NameNotFoundException: Package com.android.systemui not found for user -1
04-23 16:59:22.004 E/AppsModel( 8338): 	at android.content.pm.LauncherApps.getApplicationInfo(LauncherApps.java:1404)
04-23 16:59:22.004 E/AppsModel( 8338): 	at com.google.android.gms.internal.wear_companion.Ix.b(Unknown Source:29)
04-23 16:59:22.004 E/AppsModel( 8338): 	at com.google.android.gms.internal.wear_companion.er.a(Unknown Source:196)
04-23 16:59:22.004 E/AppsModel( 8338): 	at com.google.android.gms.internal.wear_companion.up.h(Unknown Source:194)
04-23 16:59:22.004 E/AppsModel( 8338): 	at com.google.android.gms.internal.wear_companion.kD.run(Unknown Source:958)
04-23 16:59:22.004 E/AppsModel( 8338): 	at java.util.concurrent.ThreadPoolExecutor.runWorker(ThreadPoolExecutor.java:1154)
04-23 16:59:22.004 E/AppsModel( 8338): 	at java.util.concurrent.ThreadPoolExecutor$Worker.run(ThreadPoolExecutor.java:652)
04-23 16:59:22.004 E/AppsModel( 8338): 	at java.lang.Thread.run(Thread.java:1564)
04-23 16:59:22.004 E/PocketMotionManager( 2852): register activity tracker
04-23 16:59:22.004 E/AppsModel( 8338): Failed to retrieve application info
04-23 16:59:22.004 E/AppsModel( 8338): android.content.pm.PackageManager$NameNotFoundException: Package com.android.systemui not found for user -1
04-23 16:59:22.004 E/AppsModel( 8338): 	at android.content.pm.LauncherApps.getApplicationInfo(LauncherApps.java:1404)
04-23 16:59:22.004 E/AppsModel( 8338): 	at com.google.android.gms.internal.wear_companion.Ix.a(Unknown Source:22)
04-23 16:59:22.004 E/AppsModel( 8338): 	at com.google.android.gms.internal.wear_companion.er.a(Unknown Source:370)
04-23 16:59:22.004 E/AppsModel( 8338): 	at com.google.android.gms.internal.wear_companion.up.h(Unknown Source:194)
04-23 16:59:22.004 E/AppsModel( 8338): 	at com.google.android.gms.internal.wear_companion.kD.run(Unknown Source:958)
04-23 16:59:22.004 E/AppsModel( 8338): 	at java.util.concurrent.ThreadPoolExecutor.runWorker(ThreadPoolExecutor.java:1154)
04-23 16:59:22.004 E/AppsModel( 8338): 	at java.util.concurrent.ThreadPoolExecutor$Worker.run(ThreadPoolExecutor.java:652)
04-23 16:59:22.004 E/AppsModel( 8338): 	at java.lang.Thread.run(Thread.java:1564)
04-23 16:59:22.005 E/LoadedApk(23309): Exception : java.lang.NullPointerException: Attempt to invoke virtual method 'boolean android.os.Looper.isPerfLogEnable()' on a null object reference
04-23 16:59:22.005 E/PocketMotionManager( 2852): request activity tracker
04-23 16:59:22.007 E/NowBarCardStackView( 3894): getTopCard topCard is null view size = 0
04-23 16:59:22.008 E/NowBarCardStackView( 3894): getTopCard topCard is null view size = 0
04-23 16:59:22.008 E/NowBarCardStackView( 3894): getTopCard topCard is null view size = 0
04-23 16:59:22.010 E/minksocket( 1772): MinkIPC ERROR: ( 1772:1873 ) MinkIPC_preProcess:272 Client down, but cannot find corresponding minksession
04-23 16:59:22.010 E/minksocket( 1772): MinkIPC ERROR: ( 1772:1864 ) MinkIPC_preProcess:272 Client down, but cannot find corresponding minksession
04-23 16:59:22.010 E/CHIFD   ( 1849): [ERROR][FD     ] camxchinodefd.cpp:1867 FillInputBufferRequirments() Node[SecurePreview_com.qti.node.fd8_cam5] ImageRequirements index 0 width 640 height 480 Y stride 640 scanline 480 UV stride 640 scanline 240
04-23 16:59:22.010 E/CHIFD   ( 1849): [ERROR][FD     ] camxchinodefd.cpp:1867 FillInputBufferRequirments() Node[SecurePreview_com.qti.node.fd8_cam5] ImageRequirements index 1 width 640 height 360 Y stride 640 scanline 480 UV stride 640 scanline 240
04-23 16:59:22.010 E/CHIFD   ( 1849): [ERROR][FD     ] camxchinodefd.cpp:1867 FillInputBufferRequirments() Node[SecurePreview_com.qti.node.fd8_cam5] ImageRequirements index 2 width 1280 height 960 Y stride 1280 scanline 960 UV stride 1280 scanline 480
04-23 16:59:22.010 E/CHIFD   ( 1849): [ERROR][FD     ] camxchinodefd.cpp:1966 FillInputBufferRequirments() Dimensions :Base[640x480], Preview [0x0], Request [640x480] bufferModeChoosed 0
04-23 16:59:22.010 E/CHIFD   ( 1849): [ERROR][FD     ] camxchinodefd.cpp:1988 FillInputBufferRequirments() PortId 0, Min[640x480], Max[640x480], Optimal[640x480]
04-23 16:59:22.011 E/CamX    ( 1849): [ERROR][CHI    ] camxchicontext.cpp:5621 SetPipelineDescriptorOptions() [FmtNego] SecurePreview: Node 65538_0 Output Port::[8] Can't convert buffer format 4
04-23 16:59:22.012 E/minksocket( 1772): MinkIPC ERROR: ( 1772:1864 ) MinkIPC_preProcess:272 Client down, but cannot find corresponding minksession
04-23 16:59:22.012 E/minksocket( 1772): MinkIPC ERROR: ( 1772:1873 ) MinkIPC_preProcess:272 Client down, but cannot find corresponding minksession
04-23 16:59:22.013 E/minksocket( 1772): MinkIPC ERROR: ( 1772:1864 ) MinkIPC_preProcess:272 Client down, but cannot find corresponding minksession
04-23 16:59:22.014 E/minksocket( 1772): MinkIPC ERROR: ( 1772:1864 ) MinkIPC_preProcess:272 Client down, but cannot find corresponding minksession
04-23 16:59:22.014 E/minksocket( 1772): MinkIPC ERROR: ( 1772:1873 ) MinkIPC_preProcess:272 Client down, but cannot find corresponding minksession
04-23 16:59:22.014 E/minksocket( 1772): MinkIPC ERROR: ( 1772:1873 ) MinkIPC_preProcess:272 Client down, but cannot find corresponding minksession
04-23 16:59:22.015 E/CamX    ( 1849): [ERROR][SENSOR ] camxsensornode.cpp:1779 SensorThreadJobCallback() Sensor[5][SecurePreview_Sensor0_cam5] currConfigStatus:1
04-23 16:59:22.015 E/CamX    ( 1849): [ERROR][SENSOR ] camxsensor.cpp:10233 AcquireDevice() Sensor[5][SecurePreview_Sensor0_cam5] hCSL:0xdc0200 hDev:0xaa0101 devIdx:35 isAcquired:0 pipelineRefCount:0
04-23 16:59:22.015 E/PocketModeEvent( 2852): MSG_TYPE_START_SENSING
04-23 16:59:22.015 E/HeatmapThread( 1923): ECT Thread time in milliseconds: 1776974362
04-23 16:59:22.017 E/NowBarCardViewModel( 3894): updateExpandedClickPanelVisibility screen on = true expanded false isTopCardSettingViewOpened = false
04-23 16:59:22.017 E/CamX    ( 1849): [ERROR][ISP    ] camxmctfenode.cpp:5426 ConfigureInputResolution() SecurePreview_MCTFE0_cam5: IPP Input Resolution WxH = [4000 x 3000], RDI Resolution WxH = [4000 x 3000]binningFactor 1, CSIDBinning Enabled 0, bIsXCFANonRemosaicData: 0 SensorMode Index 13,isQPDMode:0
04-23 16:59:22.017 E/CamX    ( 1849): [ERROR][ISP    ] camxmctfenode.cpp:4195 PostUsecaseMetadata() SecurePreview_MCTFE0_cam5: IPP Resolution WxH = [4000 x 3000], RDI Resolution WxH = [4000 x 3000] SensorMode Index 13
04-23 16:59:22.018 E/perf_hint( 3894): Session ID too large, must fit 32-bit integer
04-23 16:59:22.018 E/CamX    ( 1849): [ERROR][CORE   ] camxnodecore.h:4996 IsVSREnabled() SecurePreview_OFE0_cam5 Failed to read VSR enable metaTag
04-23 16:59:22.019 E/CamX    ( 1849): [ERROR][CHI    ] camxchicontext.cpp:5621 SetPipelineDescriptorOptions() [FmtNego] SecurePreview: Node 65538_0 Output Port::[8] Can't convert buffer format 4
04-23 16:59:22.019 E/HeatmapThread( 1923): !@ CAM New BSOH: 100
04-23 16:59:22.019 E/LoadedApk(23309): Exception : java.lang.NullPointerException: Attempt to invoke virtual method 'boolean android.os.Looper.isPerfLogEnable()' on a null object reference
04-23 16:59:22.023 E/LoadedApk(23309): Exception : java.lang.NullPointerException: Attempt to invoke virtual method 'boolean android.os.Looper.isPerfLogEnable()' on a null object reference
04-23 16:59:22.031 E/AF_DEBUG( 1849): AfLib_BootingInit(724) : [cam_id_4] AF_Lib Version = 0x700F Chip Type = 1 (0:LSI, 1:QC) 
04-23 16:59:22.031 E/AF_DEBUG( 1849): LinkAfCalData(187) : af_cal = ref_table_arr[0]->af_cal_data max_arr= 5
04-23 16:59:22.031 E/AF_DEBUG( 1849): SetAfModuleInfo(529) : [cam_id_4] Module = S12XLRD00NM, ModuleInfo = PA123_FRONT, ModuleType = 31, phaseType = 1
04-23 16:59:22.031 E/AF_DEBUG( 1849): PrintAfCalData(606) : [cam_id_4] 12bit | af cal data far: 1553, mid2: -1, mid1: -1, near: 2364, max: 4088, add_80: -1, plus_offset: 65535, minus_offset: 65535 zoom_rate(x1000) 1000
04-23 16:59:22.032 E/AF_DEBUG( 1849): AfLib_BootingInit(745) : [cam_id_4][factory_af_booting_init]  factory_af_flag = 0
04-23 16:59:22.032 E/SS_3A   ( 1849): ERROR:  AF: TsAf_Range_check_connect: 3917: [TsAf_Range] Rear Camera is not activated. Sensor Id : 1
04-23 16:59:22.032 E/AF_DEBUG( 1849): AfLib_AlgorithmInit(1046) : [cam_id_4] paf_cal_data_info = 20240527 paf_cal_errcheck 0x00000000 vpd_cal 0 vpd_cal_data_info = 0 vpaf_cal_errcheck 0x00000000 
04-23 16:59:22.032 E/AF_DEBUG( 1849): AfInit(5685) : [cam_id_4] Version(0x700F). mode(0). lens(1553). sensor(4000 x 3000). touch(0 x 0 ). pafstatvalid(0)
04-23 16:59:22.032 E/AF_DEBUG( 1849): UpdateAfStatus(68) : [cam_id_4] AF status 0x0 -> 0x20, called from : AfInit(5723)  
04-23 16:59:22.039 E/NowBarCardViewModel( 3894): updateExpandedClickPanelVisibility screen on = true expanded false isTopCardSettingViewOpened = false
04-23 16:59:22.041 E/CamX    ( 1849): [ERROR][STATS_AEC] camxcaecstatsprocessor.cpp:7084 GetCropWindow() Wrong input: HALCropWindow left(0),top(0) width,height = 0x0
04-23 16:59:22.041 E/NowBarCardViewModel( 3894): updateExpandedClickPanelVisibility screen on = true expanded false isTopCardSettingViewOpened = false
04-23 16:59:22.044 E/CamX    ( 1849): [ERROR][SENSOR ] camxsensorcache.cpp:117 SetSubDeviceHandle() Device[5][Sensor] refCount:0 hCSL:0xdc0200 hDev:0x7b0101 hCSLCached:0x320200 isAcquired:0 pipelineRefCount:0
04-23 16:59:22.044 E/CamX    ( 1849): [ERROR][SENSOR ] camxsensornode.cpp:1794 SensorThreadJobCallback() Sensor[5][SecurePreview_Sensor0_cam5] currConfigStatus:2
04-23 16:59:22.044 E/CamX    ( 1849): [ERROR][SENSOR ] camxsensorcache.cpp:117 SetSubDeviceHandle() Device[5][CSIPHY] refCount:1 hCSL:0xdc0200 hDev:0x430102 hCSLCached:0xdc0200 isAcquired:0 pipelineRefCount:0
04-23 16:59:22.044 E/CamX    ( 1849): [ERROR][SENSOR ] camxactuator.cpp:148 Initialize() Actuator[5][SecurePreview_Sensor0_cam5] hCSL:0xdc0200 hDev:0xce0103 devIdx:23 isAcquired:0 pipelineRefCount:0
04-23 16:59:22.046 E/NowBarCardViewModel( 3894): updateExpandedClickPanelVisibility screen on = true expanded false isTopCardSettingViewOpened = false
04-23 16:59:22.046 E/CHIFD   ( 1849): [ERROR][FD     ] camxchinodefd.cpp:1453 PostPipelineCreate() Node[SecurePreview_com.qti.node.fd8_cam5] FD node created in pipeline (realtime 1) FD Use client 2, Spectra Version 0x90800Facial attribute settings: GB(0), CT(1), CTV(0), Exp(0), Gen(0), Mask(1), UpperBody(1) Pet(0)
04-23 16:59:22.051 E/SensorListener( 1849): ERR(initSensor[1078]):failed to open hrm alc sensor's name
04-23 16:59:22.052 E/CamX    ( 1849): [ERROR][FD     ] camxfdengine.cpp:209 FDEngineCreate() CN_07626430 - Create Parameters: DLFD 1, Facial Contour 0, Facial Expression 0, Facial Gender 0, ROI Manager 1, FD input Dims: (640, 480)
04-23 16:59:22.054 E/sec_fr_FaceCameraClient( 1802): [0] state is not matched (256)(132)
04-23 16:59:22.058 E/LSO_LSOInterface( 3894): LSO Service is not yet ready!!!
04-23 16:59:22.060 E/PERFHAL-UTIL( 1834): PERFHAL-UTIL: save_node_val() 251: Failed to read /sys/devices/system/cpu/cpu0/cpufreq/walt/target_load_shift
04-23 16:59:22.060 E/PERFHAL-OPTSHANDLER( 1834): PERFHAL-OPTSHANDLER: modify_sysfsnode() 1154: Failed to read /sys/devices/system/cpu/cpu0/cpufreq/walt/target_load_shift
04-23 16:59:22.060 E/PERFHAL-RESOURCEQS( 1834): PERFHAL-RESOURCEQS: AddAndApply() 159: Failed to apply optimization [5, 21]
04-23 16:59:22.060 E/PERFHAL-UTIL( 1834): PERFHAL-UTIL: save_node_val() 251: Failed to read /sys/devices/system/cpu/cpu0/cpufreq/walt/target_load_thresh
04-23 16:59:22.060 E/PERFHAL-OPTSHANDLER( 1834): PERFHAL-OPTSHANDLER: modify_sysfsnode() 1154: Failed to read /sys/devices/system/cpu/cpu0/cpufreq/walt/target_load_thresh
04-23 16:59:22.060 E/PERFHAL-RESOURCEQS( 1834): PERFHAL-RESOURCEQS: AddAndApply() 159: Failed to apply optimization [5, 20]
04-23 16:59:22.065 E/CamX    ( 1849): [ERROR][SENSOR ] camxsensorcache.cpp:117 SetSubDeviceHandle() Device[5][Actuator] refCount:2 hCSL:0xdc0200 hDev:0x810103 hCSLCached:0xdc0200 isAcquired:0 pipelineRefCount:0
04-23 16:59:22.065 E/CamX    ( 1849): [ERROR][SENSOR ] camxsensornode.cpp:2075 SensorThreadJobCallback() Sensor[5][SecurePreview_Sensor0_cam5] ConfigureSensor: start, Config_status:2
04-23 16:59:22.065 E/CamX    ( 1849): [ERROR][SENSOR ] camxsensornode.cpp:2114 SensorThreadJobCallback() Sensor[5][SecurePreview_Sensor0_cam5] currConfigStatus:4
04-23 16:59:22.066 E/minksocket( 1772): MinkIPC ERROR: ( 1772:1864 ) MinkIPC_preProcess:272 Client down, but cannot find corresponding minksession
04-23 16:59:22.066 E/minksocket( 1772): MinkIPC ERROR: ( 1772:1873 ) MinkIPC_preProcess:272 Client down, but cannot find corresponding minksession
04-23 16:59:22.066 E/minksocket( 1772): MinkIPC ERROR: ( 1772:1864 ) MinkIPC_preProcess:272 Client down, but cannot find corresponding minksession
04-23 16:59:22.066 E/minksocket( 1772): MinkIPC ERROR: ( 1772:1873 ) MinkIPC_preProcess:272 Client down, but cannot find corresponding minksession
04-23 16:59:22.066 E/minksocket( 1772): MinkIPC ERROR: ( 1772:1873 ) MinkIPC_preProcess:272 Client down, but cannot find corresponding minksession
04-23 16:59:22.067 E/minksocket( 1772): MinkIPC ERROR: ( 1772:1864 ) MinkIPC_preProcess:272 Client down, but cannot find corresponding minksession
04-23 16:59:22.067 E/minksocket( 1772): MinkIPC ERROR: ( 1772:1864 ) MinkIPC_preProcess:272 Client down, but cannot find corresponding minksession
04-23 16:59:22.067 E/minksocket( 1772): MinkIPC ERROR: ( 1772:1873 ) MinkIPC_preProcess:272 Client down, but cannot find corresponding minksession
04-23 16:59:22.068 E/minksocket( 1772): MinkIPC ERROR: ( 1772:1864 ) MinkIPC_preProcess:272 Client down, but cannot find corresponding minksession
04-23 16:59:22.068 E/minksocket( 1772): MinkIPC ERROR: ( 1772:1873 ) MinkIPC_preProcess:272 Client down, but cannot find corresponding minksession
04-23 16:59:22.068 E/minksocket( 1772): MinkIPC ERROR: ( 1772:1864 ) MinkIPC_preProcess:272 Client down, but cannot find corresponding minksession
04-23 16:59:22.068 E/minksocket( 1772): MinkIPC ERROR: ( 1772:1873 ) MinkIPC_preProcess:272 Client down, but cannot find corresponding minksession
04-23 16:59:22.068 E/minksocket( 1772): MinkIPC ERROR: ( 1772:1864 ) MinkIPC_preProcess:272 Client down, but cannot find corresponding minksession
04-23 16:59:22.068 E/minksocket( 1772): MinkIPC ERROR: ( 1772:1873 ) MinkIPC_preProcess:272 Client down, but cannot find corresponding minksession
04-23 16:59:22.069 E/minksocket( 1772): MinkIPC ERROR: ( 1772:1864 ) MinkIPC_preProcess:272 Client down, but cannot find corresponding minksession
04-23 16:59:22.069 E/minksocket( 1772): MinkIPC ERROR: ( 1772:1873 ) MinkIPC_preProcess:272 Client down, but cannot find corresponding minksession
04-23 16:59:22.072 E/LSO_LSOInterface( 3894): LSO Service is not yet ready!!!
04-23 16:59:22.076 E/PocketMotionManager( 2852): activity tracker 1, 1
04-23 16:59:22.079 E/PocketMotionManager( 2852): activity tracker 1, 1
04-23 16:59:22.089 E/[CE]_TelephonyDataManager( 4695): checkRoamingStatus - networkOperator or simOperator not available
04-23 16:59:22.099 E/CamX    ( 1849): [ERROR][FD     ] camxfdengine.cpp:263 FDEngineCreate() Create ROI manager handle success -CN_07626430, result = 0
04-23 16:59:22.099 E/CamX    ( 1849): [ERROR][FD     ] camxfdengine.cpp:209 FDEngineCreate() CN_07626430 - Create Parameters: DLFD 0, Facial Contour 1, Facial Expression 0, Facial Gender 0, ROI Manager 0, FD input Dims: (640, 480)
04-23 16:59:22.099 E/CamX    ( 1849): [ERROR][ISP    ] camxmctfenode.cpp:1815 PostPipelineCreate() SecurePreview_MCTFE0_cam5: numProcessingExposures 1  usecaseNumExposures 1
04-23 16:59:22.104 E/BatteryDump( 1854): !@new_battery_dump : 3779,-60,475,550,27,296,291,297,296,0,300,297,0,Not-charging,NO_CHARGING,None,UnderVoltage,NONE,0,Normal,0,0,9300,0x4,0x10000,0x0,0,0,94,v0002,0000,0000,00000000,0,0,0,0,78,3774,2718,990,0,
04-23 16:59:22.104 E/MODManager( 3894): hideSubUIChargingInfo skip because mAODChargingInfoSubUiPresenter is null
04-23 16:59:22.104 E/SQLiteLog( 3894): (10) POSIX Error : 11 SQLite Error : 3850
04-23 16:59:22.104 E/SQLiteLog( 3894): (10) LOCK : Getting lock (4) failed due to (11). The current owner is (7202).
04-23 16:59:22.105 E/NativeCustomFrequencyManager( 1939): [NativeCFMS] BpCustomFrequencyManager::acquire()
04-23 16:59:22.116 E/CamX    ( 1849): [ERROR][SENSOR ] camxsensornode.cpp:656 PrepareStreamOn() Sensor[5][SecurePreview_Sensor0_cam5] currConfigStatus:5
04-23 16:59:22.123 E/ScanManager( 9238): [GSIM LOG]: gsimLogHandler, msg: MESSAGE_SCAN_START, appName: com.samsung.android.mcfserver, scannerId: 1, reportDelayMillis=0
04-23 16:59:22.126 E/CamX    ( 1849): [ERROR][IQMod  ] camxtfebds2demosaic201.cpp:277 UpdateBDS2InputData() SecurePreview_MCTFE0_cam5 bayerPattern 1
04-23 16:59:22.128 E/CHIFD   ( 1849): [ERROR][FD     ] camxchinodefd.cpp:2134 ExecuteProcessRequest() Node[SecurePreview_com.qti.node.fd8_cam5] ReqId[1] EPR-0, bindIOBuffers=0
04-23 16:59:22.129 E/bluetooth( 9238): system/gd/hci/le_scanning_manager.cc:998 scan_filter_add: Add passive filterScan. filter_index=40, uuid=0000fd5a-0000-1000-8000-00805f9b34fb
04-23 16:59:22.129 E/bluetooth( 9238): system/gd/hci/le_scanning_manager.cc:998 scan_filter_add: Add passive filterScan. filter_index=41, uuid=0000fd69-0000-1000-8000-00805f9b34fb
04-23 16:59:22.131 E/WifiStaIfaceAidlImpl( 2852): getCachedScanData failed with service-specific exception: android.os.ServiceSpecificException:  (code 4)
04-23 16:59:22.148 E/BatteryDump( 1854): !@new_battery_dump : 3697,-1948,100,100,27,296,291,297,296,0,300,297,0,Discharging,NO_CHARGING,None,Good,NONE,0,Normal,0,0,9300,0x40000000,0x10000,0x0,0,0,94,v0002,0000,0000,00000000,0,0,0,0,78,3774,2718,990,0,
04-23 16:59:22.152 E/CamX    ( 1849): [ERROR][CSL    ] camxcslhw.cpp:3544 CSLAllocHW() [MEMTIME] caller = MPG_12_Buffer1 allocTime = 21 bufferSize = 16269312
04-23 16:59:22.153 E/CamX    ( 1849): [ERROR][IQMod  ] camxtfebds2demosaic201.cpp:277 UpdateBDS2InputData() SecurePreview_MCTFE0_cam5 bayerPattern 1
04-23 16:59:22.157 E/WifiStaIfaceAidlImpl( 2852): getCachedScanData failed with service-specific exception: android.os.ServiceSpecificException:  (code 4)
04-23 16:59:22.165 E/PhoneInterfaceManager( 3871): getCarrierPrivilegeStatusForUid: Invalid subId
04-23 16:59:22.173 E/CHIFD   ( 1849): [ERROR][FD     ] camxchinodefd.cpp:2134 ExecuteProcessRequest() Node[SecurePreview_com.qti.node.fd8_cam5] ReqId[2] EPR-0, bindIOBuffers=0
04-23 16:59:22.174 E/CHIFD   ( 1849): [ERROR][FD     ] camxchinodefd.cpp:2134 ExecuteProcessRequest() Node[SecurePreview_com.qti.node.fd8_cam5] ReqId[3] EPR-0, bindIOBuffers=0
04-23 16:59:22.174 E/CHIFD   ( 1849): [ERROR][FD     ] camxchinodefd.cpp:2134 ExecuteProcessRequest() Node[SecurePreview_com.qti.node.fd8_cam5] ReqId[5] EPR-0, bindIOBuffers=0
