04-23 16:55:46.115 E/ACameraDeviceVendor( 1802): onCaptureStarted: request = 0xb40000727501ab20
04-23 16:55:46.138 E/DATC-IF ( 1849): [ERROR][ChiNode] camxchinodesecofectrl.cpp:896 OverrideOFECGData() SecurePreview_OFE0 req 93 get metadata fail NULL pointer 0x0
04-23 16:55:46.142 E/SmcInvoke_MinkDescriptor( 1802): mem obj with id :40 not found in list
04-23 16:55:46.148 E/ACameraDeviceVendor( 1802): onCaptureStarted: request = 0xb40000727501ab20
04-23 16:55:46.174 E/SmcInvoke_MinkDescriptor( 1802): mem obj with id :40 not found in list
04-23 16:55:46.179 E/DATC-IF ( 1849): [ERROR][ChiNode] camxchinodesecofectrl.cpp:896 OverrideOFECGData() SecurePreview_OFE0 req 94 get metadata fail NULL pointer 0x0
04-23 16:55:46.181 E/ACameraDeviceVendor( 1802): onCaptureStarted: request = 0xb40000727501ab20
04-23 16:55:46.207 E/SmcInvoke_MinkDescriptor( 1802): mem obj with id :40 not found in list
04-23 16:55:46.209 E/DATC-IF ( 1849): [ERROR][ChiNode] camxchinodesecofectrl.cpp:896 OverrideOFECGData() SecurePreview_OFE0 req 95 get metadata fail NULL pointer 0x0
04-23 16:55:46.215 E/ACameraDeviceVendor( 1802): onCaptureStarted: request = 0xb40000727501ab20
04-23 16:55:46.238 E/DATC-IF ( 1849): [ERROR][ChiNode] camxchinodesecofectrl.cpp:896 OverrideOFECGData() SecurePreview_OFE0 req 96 get metadata fail NULL pointer 0x0
04-23 16:55:46.241 E/SmcInvoke_MinkDescriptor( 1802): mem obj with id :40 not found in list
04-23 16:55:46.248 E/ACameraDeviceVendor( 1802): onCaptureStarted: request = 0xb40000727501ab20
04-23 16:55:46.273 E/SmcInvoke_MinkDescriptor( 1802): mem obj with id :40 not found in list
04-23 16:55:46.279 E/DATC-IF ( 1849): [ERROR][ChiNode] camxchinodesecofectrl.cpp:896 OverrideOFECGData() SecurePreview_OFE0 req 97 get metadata fail NULL pointer 0x0
04-23 16:55:46.281 E/ACameraDeviceVendor( 1802): onCaptureStarted: request = 0xb40000727501ab20
04-23 16:55:46.308 E/SmcInvoke_MinkDescriptor( 1802): mem obj with id :40 not found in list
04-23 16:55:46.309 E/DATC-IF ( 1849): [ERROR][ChiNode] camxchinodesecofectrl.cpp:896 OverrideOFECGData() SecurePreview_OFE0 req 98 get metadata fail NULL pointer 0x0
04-23 16:55:46.315 E/ACameraDeviceVendor( 1802): onCaptureStarted: request = 0xb40000727501ab20
04-23 16:55:46.340 E/DATC-IF ( 1849): [ERROR][ChiNode] camxchinodesecofectrl.cpp:896 OverrideOFECGData() SecurePreview_OFE0 req 99 get metadata fail NULL pointer 0x0
04-23 16:55:46.343 E/SmcInvoke_MinkDescriptor( 1802): mem obj with id :40 not found in list
04-23 16:55:46.348 E/ACameraDeviceVendor( 1802): onCaptureStarted: request = 0xb40000727501ab20
04-23 16:55:46.370 E/DATC-IF ( 1849): [ERROR][ChiNode] camxchinodesecofectrl.cpp:896 OverrideOFECGData() SecurePreview_OFE0 req 100 get metadata fail NULL pointer 0x0
04-23 16:55:46.380 E/SmcInvoke_MinkDescriptor( 1802): mem obj with id :40 not found in list
04-23 16:55:46.381 E/ACameraDeviceVendor( 1802): onCaptureStarted: request = 0xb40000727501ab20
04-23 16:55:46.410 E/DATC-IF ( 1849): [ERROR][ChiNode] camxchinodesecofectrl.cpp:896 OverrideOFECGData() SecurePreview_OFE0 req 101 get metadata fail NULL pointer 0x0
04-23 16:55:46.413 E/SmcInvoke_MinkDescriptor( 1802): mem obj with id :40 not found in list
04-23 16:55:46.415 E/ACameraDeviceVendor( 1802): onCaptureStarted: request = 0xb40000727501ab20
04-23 16:55:46.440 E/DATC-IF ( 1849): [ERROR][ChiNode] camxchinodesecofectrl.cpp:896 OverrideOFECGData() SecurePreview_OFE0 req 102 get metadata fail NULL pointer 0x0
04-23 16:55:46.441 E/HeatmapThread( 1923): ECT Thread time in milliseconds: 1776974146
04-23 16:55:46.443 E/HeatmapThread( 1923): !@ CAM New BSOH: 100
04-23 16:55:46.446 E/SmcInvoke_MinkDescriptor( 1802): mem obj with id :40 not found in list
04-23 16:55:46.448 E/ACameraDeviceVendor( 1802): onCaptureStarted: request = 0xb40000727501ab20
04-23 16:55:46.471 E/DATC-IF ( 1849): [ERROR][ChiNode] camxchinodesecofectrl.cpp:896 OverrideOFECGData() SecurePreview_OFE0 req 103 get metadata fail NULL pointer 0x0
04-23 16:55:46.479 E/SmcInvoke_MinkDescriptor( 1802): Invalid handle 40
04-23 16:55:46.481 E/ACameraDeviceVendor( 1802): onCaptureStarted: request = 0xb40000727501ab20
04-23 16:55:46.511 E/DATC-IF ( 1849): [ERROR][ChiNode] camxchinodesecofectrl.cpp:896 OverrideOFECGData() SecurePreview_OFE0 req 104 get metadata fail NULL pointer 0x0
04-23 16:55:46.513 E/SmcInvoke_MinkDescriptor( 1802): mem obj with id :40 not found in list
04-23 16:55:46.515 E/ACameraDeviceVendor( 1802): onCaptureStarted: request = 0xb40000727501ab20
04-23 16:55:46.541 E/DATC-IF ( 1849): [ERROR][ChiNode] camxchinodesecofectrl.cpp:896 OverrideOFECGData() SecurePreview_OFE0 req 105 get metadata fail NULL pointer 0x0
04-23 16:55:46.545 E/SmcInvoke_MinkDescriptor( 1802): mem obj with id :40 not found in list
04-23 16:55:46.548 E/ACameraDeviceVendor( 1802): onCaptureStarted: request = 0xb40000727501ab20
04-23 16:55:46.578 E/SmcInvoke_MinkDescriptor( 1802): mem obj with id :40 not found in list
04-23 16:55:46.581 E/DATC-IF ( 1849): [ERROR][ChiNode] camxchinodesecofectrl.cpp:896 OverrideOFECGData() SecurePreview_OFE0 req 106 get metadata fail NULL pointer 0x0
04-23 16:55:46.582 E/ACameraDeviceVendor( 1802): onCaptureStarted: request = 0xb40000727501ab20
04-23 16:55:46.611 E/SmcInvoke_MinkDescriptor( 1802): mem obj with id :40 not found in list
04-23 16:55:46.611 E/DATC-IF ( 1849): [ERROR][ChiNode] camxchinodesecofectrl.cpp:896 OverrideOFECGData() SecurePreview_OFE0 req 107 get metadata fail NULL pointer 0x0
04-23 16:55:46.615 E/ACameraDeviceVendor( 1802): onCaptureStarted: request = 0xb40000727501ab20
04-23 16:55:46.641 E/DATC-IF ( 1849): [ERROR][ChiNode] camxchinodesecofectrl.cpp:896 OverrideOFECGData() SecurePreview_OFE0 req 108 get metadata fail NULL pointer 0x0
04-23 16:55:46.645 E/SmcInvoke_MinkDescriptor( 1802): mem obj with id :40 not found in list
04-23 16:55:46.648 E/ACameraDeviceVendor( 1802): onCaptureStarted: request = 0xb40000727501ab20
04-23 16:55:46.673 E/DATC-IF ( 1849): [ERROR][ChiNode] camxchinodesecofectrl.cpp:896 OverrideOFECGData() SecurePreview_OFE0 req 109 get metadata fail NULL pointer 0x0
04-23 16:55:46.679 E/SmcInvoke_MinkDescriptor( 1802): mem obj with id :40 not found in list
04-23 16:55:46.680 E/sec_fr_FaceWorkerManager( 1802): mState(6), mode(0x2)
04-23 16:55:46.680 E/sec_fr_FaceWorkerManager( 1802): needKeepBuffer: mState is not init
04-23 16:55:46.689 E/ChiX    ( 1849): [ERROR][ChiMeta] chxmetadata.cpp:3184 ReleaseAndroidFrameworkOutputMetadata() [CMB_ERROR] Cannot release metadata 0xb400007e3c2bf010
04-23 16:55:46.689 E/CameraDeviceClient( 2214): notifyError: pid=1802, errorCode=4, errorStreamId=0, frameNumber=108
04-23 16:55:46.689 E/CameraDeviceClient( 2214): notifyError: pid=1802, skipClientNotification=false
04-23 16:55:46.689 E/CameraDeviceClient( 2214): notifyError: pid=1802, errorCode=4, errorStreamId=0, frameNumber=109
04-23 16:55:46.689 E/CameraDeviceClient( 2214): notifyError: pid=1802, skipClientNotification=false
04-23 16:55:46.689 E/CameraDeviceClient( 2214): notifyError: pid=1802, errorCode=4, errorStreamId=0, frameNumber=110
04-23 16:55:46.689 E/CameraDeviceClient( 2214): notifyError: pid=1802, skipClientNotification=false
04-23 16:55:46.689 E/CameraDeviceClient( 2214): notifyError: pid=1802, errorCode=5, errorStreamId=0, frameNumber=108
04-23 16:55:46.689 E/CameraDeviceClient( 2214): notifyError: pid=1802, skipClientNotification=false
04-23 16:55:46.689 E/CameraDeviceClient( 2214): notifyError: pid=1802, errorCode=5, errorStreamId=0, frameNumber=109
04-23 16:55:46.689 E/CameraDeviceClient( 2214): notifyError: pid=1802, skipClientNotification=false
04-23 16:55:46.689 E/CameraDeviceClient( 2214): notifyError: pid=1802, errorCode=4, errorStreamId=0, frameNumber=111
04-23 16:55:46.689 E/CameraDeviceClient( 2214): notifyError: pid=1802, skipClientNotification=false
04-23 16:55:46.689 E/CameraDeviceClient( 2214): notifyError: pid=1802, errorCode=4, errorStreamId=0, frameNumber=112
04-23 16:55:46.690 E/CameraDeviceClient( 2214): notifyError: pid=1802, skipClientNotification=false
04-23 16:55:46.690 E/CameraDeviceClient( 2214): notifyError: pid=1802, errorCode=5, errorStreamId=0, frameNumber=110
04-23 16:55:46.690 E/CameraDeviceClient( 2214): notifyError: pid=1802, skipClientNotification=false
04-23 16:55:46.690 E/CameraDeviceClient( 2214): notifyError: pid=1802, errorCode=5, errorStreamId=0, frameNumber=111
04-23 16:55:46.690 E/CameraDeviceClient( 2214): notifyError: pid=1802, skipClientNotification=false
04-23 16:55:46.690 E/CameraDeviceClient( 2214): notifyError: pid=1802, errorCode=5, errorStreamId=0, frameNumber=112
04-23 16:55:46.690 E/CameraDeviceClient( 2214): notifyError: pid=1802, skipClientNotification=false
04-23 16:55:46.702 E/CameraDeviceClient( 2214): notifyError: pid=1802, errorCode=3, errorStreamId=0, frameNumber=113
04-23 16:55:46.702 E/CameraDeviceClient( 2214): notifyError: pid=1802, skipClientNotification=false
04-23 16:55:46.704 E/Camera2-FrameProcessorBase( 2214): removeListener: 
04-23 16:55:46.786 E/CamX    ( 1849): [ERROR][CORE   ] camxpipeline.cpp:235 Destroy() SecurePreview_0: Updated m_referenceCount=1
04-23 16:55:46.786 E/CamX    ( 1849): [ERROR][CORE   ] camxpipeline.cpp:235 Destroy() SecurePreview_0: Updated m_referenceCount=0
04-23 16:55:46.786 E/CamX    ( 1849): [ERROR][CORE   ] camxpipeline.cpp:4967 NodeDestroy() Destroying node: SecurePreview_Sensor0_cam5
04-23 16:55:46.786 E/CamX    ( 1849): [ERROR][SENSOR ] camxsensorcache.cpp:261 ReleaseOneSubDevice() Device[5][Actuator] refCount:3 hDev:0xf20103 hCSLCached:0xe60200 isAcquired:1 pipelineRefCount:1
04-23 16:55:46.786 E/CamX    ( 1849): [ERROR][SENSOR ] camxsensorcache.cpp:269 ReleaseOneSubDevice() [SUBDEV_DBG]Camera[5] IsAcquired[1] PipelineRefcount[1] hDevice[0xf20103]
04-23 16:55:46.786 E/CamX    ( 1849): [ERROR][CSL    ] camxcslhw.cpp:1474 CSLReleaseDeviceHW() [SUBDEV_DBG] hCSL[0xe60200] hDevice[0xf20103] hSession[0xe60200]
04-23 16:55:46.786 E/CamX    ( 1849): [ERROR][CSL    ] camxcslhw.cpp:1501 CSLReleaseDeviceHW() [SUBDEV_DBG] hDevice[0xf20103] hAcquired[0xf20103] hSession[0xe60200]                                     devName[] deviceIdx[23] deviceType[2] refCount[0] isStreamActive[0] session_name[SecurePreview]
04-23 16:55:46.786 E/CamX    ( 1849): [ERROR][CORE   ] camxpipeline.cpp:4967 NodeDestroy() Destroying node: SecurePreview_Stats0_cam5
04-23 16:55:46.786 E/CamX    ( 1849): [ERROR][CORE   ] camxpipeline.cpp:4967 NodeDestroy() Destroying node: SecurePreview_AWB0_cam5
04-23 16:55:46.786 E/CamX    ( 1849): [ERROR][CORE   ] camxpipeline.cpp:4967 NodeDestroy() Destroying node: SecurePreview_com.qti.node.gme0_cam5
04-23 16:55:46.786 E/CamX    ( 1849): [ERROR][CORE   ] camxpipeline.cpp:4967 NodeDestroy() Destroying node: SecurePreview_com.qti.node.fd8_cam5
04-23 16:55:46.786 E/CamX    ( 1849): [ERROR][CORE   ] camxpipeline.cpp:4967 NodeDestroy() Destroying node: SecurePreview_AutoFocus0_cam5
04-23 16:55:46.786 E/CamX    ( 1849): [ERROR][CORE   ] camxpipeline.cpp:4967 NodeDestroy() Destroying node: SecurePreview_IPE0_cam5
04-23 16:55:46.786 E/CamX    ( 1849): [ERROR][CORE   ] camxpipeline.cpp:4967 NodeDestroy() Destroying node: SecurePreview_EVA0_cam5
04-23 16:55:46.786 E/CamX    ( 1849): [ERROR][CORE   ] camxpipeline.cpp:4967 NodeDestroy() Destroying node: SecurePreview_MCTFE0_cam5
04-23 16:55:46.786 E/CamX    ( 1849): [ERROR][CSL    ] camxcslhw.cpp:1474 CSLReleaseDeviceHW() [SUBDEV_DBG] hCSL[0xe60200] hDevice[0x90106] hSession[0xe60200]
04-23 16:55:46.786 E/AF_DEBUG( 1849): ProcessPafEndModule(170) : [cam_id_4] Memory for PAF Main Window Free OK!
04-23 16:55:46.788 E/CamX    ( 1849): [ERROR][CORE   ] camxpipeline.cpp:4967 NodeDestroy() Destroying node: SecurePreview_OFE0_cam5
04-23 16:55:46.788 E/CamX    ( 1849): [ERROR][CSL    ] camxcslhw.cpp:1474 CSLReleaseDeviceHW() [SUBDEV_DBG] hCSL[0xe60200] hDevice[0xac0104] hSession[0xe60200]
04-23 16:55:46.789 E/sensors-hal( 1796): register_cb:315, all callbacks are null for new suid. no need to register it
04-23 16:55:46.789 E/CamX    ( 1849): [ERROR][CORE   ] camxpipeline.cpp:4967 NodeDestroy() Destroying node: SecurePreview_StatsParse0_cam5
04-23 16:55:46.790 E/CamX    ( 1849): [ERROR][SENSOR ] camxsensorcache.cpp:309 ReleaseOneSubDevice() [SUBDEV_DBG]CSLReleased CameraId= 5 hCSLSession= 0xe60200 refCount= 2Subdevice: Actuator hDevice= 0xf20103 pipelineRefCount= 0
04-23 16:55:46.790 E/CamX    ( 1849): [ERROR][SENSOR ] camxsensorcache.cpp:261 ReleaseOneSubDevice() Device[5][CSIPHY] refCount:2 hDev:0xdf0102 hCSLCached:0xe60200 isAcquired:1 pipelineRefCount:1
04-23 16:55:46.790 E/CamX    ( 1849): [ERROR][SENSOR ] camxsensorcache.cpp:269 ReleaseOneSubDevice() [SUBDEV_DBG]Camera[5] IsAcquired[1] PipelineRefcount[1] hDevice[0xdf0102]
04-23 16:55:46.790 E/CamX    ( 1849): [ERROR][CSL    ] camxcslhw.cpp:1474 CSLReleaseDeviceHW() [SUBDEV_DBG] hCSL[0xe60200] hDevice[0xdf0102] hSession[0xe60200]
04-23 16:55:46.790 E/CamX    ( 1849): [ERROR][CSL    ] camxcslhw.cpp:1501 CSLReleaseDeviceHW() [SUBDEV_DBG] hDevice[0xdf0102] hAcquired[0xdf0102] hSession[0xe60200]                                     devName[] deviceIdx[5] deviceType[5] refCount[0] isStreamActive[0] session_name[SecurePreview]
04-23 16:55:46.790 E/CamX    ( 1849): [ERROR][SENSOR ] camxsensorcache.cpp:309 ReleaseOneSubDevice() [SUBDEV_DBG]CSLReleased CameraId= 5 hCSLSession= 0xe60200 refCount= 1Subdevice: CSIPHY hDevice= 0xdf0102 pipelineRefCount= 0
04-23 16:55:46.790 E/CamX    ( 1849): [ERROR][CSL    ] camxcslhw.cpp:1501 CSLReleaseDeviceHW() [SUBDEV_DBG] hDevice[0x90106] hAcquired[0x90106] hSession[0xe60200]                                     devName[] deviceIdx[0] deviceType[23] refCount[0] isStreamActive[0] session_name[SecurePreview]
04-23 16:55:46.790 E/CamX    ( 1849): [ERROR][CSL    ] camxcslhw.cpp:1501 CSLReleaseDeviceHW() [SUBDEV_DBG] hDevice[0xac0104] hAcquired[0xac0104] hSession[0xe60200]                                     devName[] deviceIdx[20] deviceType[16] refCount[0] isStreamActive[0] session_name[SecurePreview]
04-23 16:55:46.790 E/CamX    ( 1849): [ERROR][SENSOR ] camxsensorcache.cpp:261 ReleaseOneSubDevice() Device[5][Sensor] refCount:1 hDev:0x280101 hCSLCached:0xe60200 isAcquired:1 pipelineRefCount:1
04-23 16:55:46.790 E/CamX    ( 1849): [ERROR][SENSOR ] camxsensorcache.cpp:269 ReleaseOneSubDevice() [SUBDEV_DBG]Camera[5] IsAcquired[1] PipelineRefcount[1] hDevice[0x280101]
04-23 16:55:46.790 E/CamX    ( 1849): [ERROR][CSL    ] camxcslhw.cpp:1474 CSLReleaseDeviceHW() [SUBDEV_DBG] hCSL[0xe60200] hDevice[0x280101] hSession[0xe60200]
04-23 16:55:46.792 E/CamX    ( 1849): [ERROR][CSL    ] camxcslhw.cpp:1501 CSLReleaseDeviceHW() [SUBDEV_DBG] hDevice[0x280101] hAcquired[0x280101] hSession[0xe60200]                                     devName[] deviceIdx[35] deviceType[1] refCount[0] isStreamActive[0] session_name[SecurePreview]
04-23 16:55:46.792 E/minksocket( 1772): MinkIPC ERROR: ( 1772:1864 ) MinkIPC_preProcess:272 Client down, but cannot find corresponding minksession
04-23 16:55:46.792 E/minksocket( 1772): MinkIPC ERROR: ( 1772:1864 ) MinkIPC_preProcess:272 Client down, but cannot find corresponding minksession
04-23 16:55:46.792 E/minksocket( 1772): MinkIPC ERROR: ( 1772:1873 ) MinkIPC_preProcess:272 Client down, but cannot find corresponding minksession
04-23 16:55:46.792 E/minksocket( 1772): MinkIPC ERROR: ( 1772:1873 ) MinkIPC_preProcess:272 Client down, but cannot find corresponding minksession
04-23 16:55:46.793 E/CamX    ( 1849): [ERROR][CSL    ] camxcslhw.cpp:1474 CSLReleaseDeviceHW() [SUBDEV_DBG] hCSL[0xe60200] hDevice[0x370105] hSession[0xe60200]
04-23 16:55:46.796 E/snap_api::V6( 1849): adapter class instance doesn't exist/Already closed
04-23 16:55:46.804 E/CamX    ( 1849): [ERROR][SENSOR ] camxsensorcache.cpp:309 ReleaseOneSubDevice() [SUBDEV_DBG]CSLReleased CameraId= 5 hCSLSession= 0xe60200 refCount= 0Subdevice: Sensor hDevice= 0x280101 pipelineRefCount= 0
04-23 16:55:46.804 E/CamX    ( 1849): [ERROR][CSL    ] camxcslhw.cpp:1501 CSLReleaseDeviceHW() [SUBDEV_DBG] hDevice[0x370105] hAcquired[0x370105] hSession[0xe60200]                                     devName[] deviceIdx[19] deviceType[16] refCount[0] isStreamActive[0] session_name[SecurePreview]
04-23 16:55:46.804 E/CamX    ( 1849): [ERROR][SENSOR ] camxsensorcache.cpp:336 ReleaseOneSubDevice() [SUBDEV_DBG]CameraId= 5, Closing hCSLSession= 0x7c00e60200
04-23 16:55:46.818 E/CamX    ( 1849): [ERROR][SENSOR ] camxsensorcache.cpp:436 ReleaseAllCache() [SUBDEV_DBG]Camera[0] ReleaseAllCache:hCSLSession0[0x4c0200] hCSLSession1[0x0]refcount[0]<subdeviceSensor: isAcquired[0] deviceIndex[30] hDevice[0xa00101]  pipelineRefCount[0]><subdeviceCSIPHY: isAcquired[0] deviceIndex[6] hDevice[0xe10103]  pipelineRefCount[0]><subdeviceOIS: isAcquired[0] deviceIndex[26] hDevice[0x460108]  pipelineRefCount[0]><subdeviceActuator: isAcquired[0] deviceIndex[7] hDevice[0x38010a]  pipelineRefCount[0]><subdeviceFlash: isAcquired[0] deviceIndex[15] hDevice[0x26010e]  pipelineRefCount[0]><subdeviceTPG: isAcquired[0] deviceIndex[0] hDevice[0x0]  pipelineRefCount[0]>
04-23 16:55:46.818 E/CamX    ( 1849): [ERROR][SENSOR ] camxsensorcache.cpp:436 ReleaseAllCache() [SUBDEV_DBG]Camera[1] ReleaseAllCache:hCSLSession0[0x0] hCSLSession1[0x0]refcount[0]<subdeviceSensor: isAcquired[0] deviceIndex[0] hDevice[0x0]  pipelineRefCount[0]><subdeviceCSIPHY: isAcquired[0] deviceIndex[0] hDevice[0x0]  pipelineRefCount[0]><subdeviceOIS: isAcquired[0] deviceIndex[0] hDevice[0x0]  pipelineRefCount[0]><subdeviceActuator: isAcquired[0] deviceIndex[0] hDevice[0x0]  pipelineRefCount[0]><subdeviceFlash: isAcquired[0] deviceIndex[0] hDevice[0x0]  pipelineRefCount[0]><subdeviceTPG: isAcquired[0] deviceIndex[0] hDevice[0x0]  pipelineRefCount[0]>
04-23 16:55:46.819 E/CamX    ( 1849): [ERROR][SENSOR ] camxsensorcache.cpp:436 ReleaseAllCache() [SUBDEV_DBG]Camera[2] ReleaseAllCache:hCSLSession0[0x4c0200] hCSLSession1[0x0]refcount[0]<subdeviceSensor: isAcquired[0] deviceIndex[32] hDevice[0x600105]  pipelineRefCount[0]><subdeviceCSIPHY: isAcquired[0] deviceIndex[3] hDevice[0xc20128]  pipelineRefCount[0]><subdeviceOIS: isAcquired[0] deviceIndex[0] hDevice[0x0]  pipelineRefCount[0]><subdeviceActuator: isAcquired[0] deviceIndex[25] hDevice[0x3b0129]  pipelineRefCount[0]><subdeviceFlash: isAcquired[0] deviceIndex[16] hDevice[0xd4012c]  pipelineRefCount[0]><subdeviceTPG: isAcquired[0] deviceIndex[0] hDevice[0x0]  pipelineRefCount[0]>
04-23 16:55:46.819 E/CamX    ( 1849): [ERROR][SENSOR ] camxsensorcache.cpp:436 ReleaseAllCache() [SUBDEV_DBG]Camera[3] ReleaseAllCache:hCSLSession0[0x4c0200] hCSLSession1[0x0]refcount[0]<subdeviceSensor: isAcquired[0] deviceIndex[33] hDevice[0x2b0107]  pipelineRefCount[0]><subdeviceCSIPHY: isAcquired[0] deviceIndex[4] hDevice[0xee0104]  pipelineRefCount[0]><subdeviceOIS: isAcquired[0] deviceIndex[27] hDevice[0x8e0109]  pipelineRefCount[0]><subdeviceActuator: isAcquired[0] deviceIndex[22] hDevice[0xaa0123]  pipelineRefCount[0]><subdeviceFlash: isAcquired[0] deviceIndex[17] hDevice[0x6c0127]  pipelineRefCount[0]><subdeviceTPG: isAcquired[0] deviceIndex[0] hDevice[0x0]  pipelineRefCount[0]>
04-23 16:55:46.819 E/CamX    ( 1849): [ERROR][SENSOR ] camxsensorcache.cpp:436 ReleaseAllCache() [SUBDEV_DBG]Camera[4] ReleaseAllCache:hCSLSession0[0x4c0200] hCSLSession1[0x0]refcount[0]<subdeviceSensor: isAcquired[0] deviceIndex[34] hDevice[0xb80106]  pipelineRefCount[0]><subdeviceCSIPHY: isAcquired[0] deviceIndex[2] hDevice[0x520125]  pipelineRefCount[0]><subdeviceOIS: isAcquired[0] deviceIndex[28] hDevice[0x36010b]  pipelineRefCount[0]><subdeviceActuator: isAcquired[0] deviceIndex[24] hDevice[0xea0126]  pipelineRefCount[0]><subdeviceFlash: isAcquired[0] deviceIndex[18] hDevice[0xa012d]  pipelineRefCount[0]><subdeviceTPG: isAcquired[0] deviceIndex[0] hDevice[0x0]  pipelineRefCount[0]>
04-23 16:55:46.819 E/CamX    ( 1849): [ERROR][SENSOR ] camxsensorcache.cpp:436 ReleaseAllCache() [SUBDEV_DBG]Camera[5] ReleaseAllCache:hCSLSession0[0xe60200] hCSLSession1[0x0]refcount[0]<subdeviceSensor: isAcquired[0] deviceIndex[35] hDevice[0x280101]  pipelineRefCount[0]><subdeviceCSIPHY: isAcquired[0] deviceIndex[5] hDevice[0xdf0102]  pipelineRefCount[0]><subdeviceOIS: isAcquired[0] deviceIndex[0] hDevice[0x0]  pipelineRefCount[0]><subdeviceActuator: isAcquired[0] deviceIndex[23] hDevice[0xf20103]  pipelineRefCount[0]><subdeviceFlash: isAcquired[0] deviceIndex[0] hDevice[0x0]  pipelineRefCount[0]><subdeviceTPG: isAcquired[0] deviceIndex[0] hDevice[0x0]  pipelineRefCount[0]>
04-23 16:55:46.819 E/CamX    ( 1849): [ERROR][SENSOR ] camxsensorcache.cpp:436 ReleaseAllCache() [SUBDEV_DBG]Camera[6] ReleaseAllCache:hCSLSession0[0x0] hCSLSession1[0x0]refcount[0]<subdeviceSensor: isAcquired[0] deviceIndex[0] hDevice[0x0]  pipelineRefCount[0]><subdeviceCSIPHY: isAcquired[0] deviceIndex[0] hDevice[0x0]  pipelineRefCount[0]><subdeviceOIS: isAcquired[0] deviceIndex[0] hDevice[0x0]  pipelineRefCount[0]><subdeviceActuator: isAcquired[0] deviceIndex[0] hDevice[0x0]  pipelineRefCount[0]><subdeviceFlash: isAcquired[0] deviceIndex[0] hDevice[0x0]  pipelineRefCount[0]><subdeviceTPG: isAcquired[0] deviceIndex[0] hDevice[0x0]  pipelineRefCount[0]>
04-23 16:55:46.819 E/CamX    ( 1849): [ERROR][SENSOR ] camxsensorcache.cpp:436 ReleaseAllCache() [SUBDEV_DBG]Camera[7] ReleaseAllCache:hCSLSession0[0x0] hCSLSession1[0x0]refcount[0]<subdeviceSensor: isAcquired[0] deviceIndex[0] hDevice[0x0]  pipelineRefCount[0]><subdeviceCSIPHY: isAcquired[0] deviceIndex[0] hDevice[0x0]  pipelineRefCount[0]><subdeviceOIS: isAcquired[0] deviceIndex[0] hDevice[0x0]  pipelineRefCount[0]><subdeviceActuator: isAcquired[0] deviceIndex[0] hDevice[0x0]  pipelineRefCount[0]><subdeviceFlash: isAcquired[0] deviceIndex[0] hDevice[0x0]  pipelineRefCount[0]><subdeviceTPG: isAcquired[0] deviceIndex[0] hDevice[0x0]  pipelineRefCount[0]>
04-23 16:55:46.819 E/CamX    ( 1849): [ERROR][SENSOR ] camxsensorcache.cpp:436 ReleaseAllCache() [SUBDEV_DBG]Camera[8] ReleaseAllCache:hCSLSession0[0x0] hCSLSession1[0x0]refcount[0]<subdeviceSensor: isAcquired[0] deviceIndex[0] hDevice[0x0]  pipelineRefCount[0]><subdeviceCSIPHY: isAcquired[0] deviceIndex[0] hDevice[0x0]  pipelineRefCount[0]><subdeviceOIS: isAcquired[0] deviceIndex[0] hDevice[0x0]  pipelineRefCount[0]><subdeviceActuator: isAcquired[0] deviceIndex[0] hDevice[0x0]  pipelineRefCount[0]><subdeviceFlash: isAcquired[0] deviceIndex[0] hDevice[0x0]  pipelineRefCount[0]><subdeviceTPG: isAcquired[0] deviceIndex[0] hDevice[0x0]  pipelineRefCount[0]>
04-23 16:55:46.819 E/CamX    ( 1849): [ERROR][SENSOR ] camxsensorcache.cpp:436 ReleaseAllCache() [SUBDEV_DBG]Camera[9] ReleaseAllCache:hCSLSession0[0x0] hCSLSession1[0x0]refcount[0]<subdeviceSensor: isAcquired[0] deviceIndex[0] hDevice[0x0]  pipelineRefCount[0]><subdeviceCSIPHY: isAcquired[0] deviceIndex[0] hDevice[0x0]  pipelineRefCount[0]><subdeviceOIS: isAcquired[0] deviceIndex[0] hDevice[0x0]  pipelineRefCount[0]><subdeviceActuator: isAcquired[0] deviceIndex[0] hDevice[0x0]  pipelineRefCount[0]><subdeviceFlash: isAcquired[0] deviceIndex[0] hDevice[0x0]  pipelineRefCount[0]><subdeviceTPG: isAcquired[0] deviceIndex[0] hDevice[0x0]  pipelineRefCount[0]>
04-23 16:55:46.819 E/CamX    ( 1849): [ERROR][SENSOR ] camxsensorcache.cpp:436 ReleaseAllCache() [SUBDEV_DBG]Camera[10] ReleaseAllCache:hCSLSession0[0x0] hCSLSession1[0x0]refcount[0]<subdeviceSensor: isAcquired[0] deviceIndex[0] hDevice[0x0]  pipelineRefCount[0]><subdeviceCSIPHY: isAcquired[0] deviceIndex[0] hDevice[0x0]  pipelineRefCount[0]><subdeviceOIS: isAcquired[0] deviceIndex[0] hDevice[0x0]  pipelineRefCount[0]><subdeviceActuator: isAcquired[0] deviceIndex[0] hDevice[0x0]  pipelineRefCount[0]><subdeviceFlash: isAcquired[0] deviceIndex[0] hDevice[0x0]  pipelineRefCount[0]><subdeviceTPG: isAcquired[0] deviceIndex[0] hDevice[0x0]  pipelineRefCount[0]>
04-23 16:55:46.819 E/CamX    ( 1849): [ERROR][SENSOR ] camxsensorcache.cpp:436 ReleaseAllCache() [SUBDEV_DBG]Camera[11] ReleaseAllCache:hCSLSession0[0x0] hCSLSession1[0x0]refcount[0]<subdeviceSensor: isAcquired[0] deviceIndex[0] hDevice[0x0]  pipelineRefCount[0]><subdeviceCSIPHY: isAcquired[0] deviceIndex[0] hDevice[0x0]  pipelineRefCount[0]><subdeviceOIS: isAcquired[0] deviceIndex[0] hDevice[0x0]  pipelineRefCount[0]><subdeviceActuator: isAcquired[0] deviceIndex[0] hDevice[0x0]  pipelineRefCount[0]><subdeviceFlash: isAcquired[0] deviceIndex[0] hDevice[0x0]  pipelineRefCount[0]><subdeviceTPG: isAcquired[0] deviceIndex[0] hDevice[0x0]  pipelineRefCount[0]>
04-23 16:55:46.819 E/CamX    ( 1849): [ERROR][SENSOR ] camxsensorcache.cpp:436 ReleaseAllCache() [SUBDEV_DBG]Camera[12] ReleaseAllCache:hCSLSession0[0x0] hCSLSession1[0x0]refcount[0]<subdeviceSensor: isAcquired[0] deviceIndex[0] hDevice[0x0]  pipelineRefCount[0]><subdeviceCSIPHY: isAcquired[0] deviceIndex[0] hDevice[0x0]  pipelineRefCount[0]><subdeviceOIS: isAcquired[0] deviceIndex[0] hDevice[0x0]  pipelineRefCount[0]><subdeviceActuator: isAcquired[0] deviceIndex[0] hDevice[0x0]  pipelineRefCount[0]><subdeviceFlash: isAcquired[0] deviceIndex[0] hDevice[0x0]  pipelineRefCount[0]><subdeviceTPG: isAcquired[0] deviceIndex[0] hDevice[0x0]  pipelineRefCount[0]>
04-23 16:55:46.819 E/CamX    ( 1849): [ERROR][SENSOR ] camxsensorcache.cpp:436 ReleaseAllCache() [SUBDEV_DBG]Camera[13] ReleaseAllCache:hCSLSession0[0x0] hCSLSession1[0x0]refcount[0]<subdeviceSensor: isAcquired[0] deviceIndex[0] hDevice[0x0]  pipelineRefCount[0]><subdeviceCSIPHY: isAcquired[0] deviceIndex[0] hDevice[0x0]  pipelineRefCount[0]><subdeviceOIS: isAcquired[0] deviceIndex[0] hDevice[0x0]  pipelineRefCount[0]><subdeviceActuator: isAcquired[0] deviceIndex[0] hDevice[0x0]  pipelineRefCount[0]><subdeviceFlash: isAcquired[0] deviceIndex[0] hDevice[0x0]  pipelineRefCount[0]><subdeviceTPG: isAcquired[0] deviceIndex[0] hDevice[0x0]  pipelineRefCount[0]>
04-23 16:55:46.819 E/CamX    ( 1849): [ERROR][SENSOR ] camxsensorcache.cpp:436 ReleaseAllCache() [SUBDEV_DBG]Camera[14] ReleaseAllCache:hCSLSession0[0x0] hCSLSession1[0x0]refcount[0]<subdeviceSensor: isAcquired[0] deviceIndex[0] hDevice[0x0]  pipelineRefCount[0]><subdeviceCSIPHY: isAcquired[0] deviceIndex[0] hDevice[0x0]  pipelineRefCount[0]><subdeviceOIS: isAcquired[0] deviceIndex[0] hDevice[0x0]  pipelineRefCount[0]><subdeviceActuator: isAcquired[0] deviceIndex[0] hDevice[0x0]  pipelineRefCount[0]><subdeviceFlash: isAcquired[0] deviceIndex[0] hDevice[0x0]  pipelineRefCount[0]><subdeviceTPG: isAcquired[0] deviceIndex[0] hDevice[0x0]  pipelineRefCount[0]>
04-23 16:55:46.819 E/CamX    ( 1849): [ERROR][SENSOR ] camxsensorcache.cpp:436 ReleaseAllCache() [SUBDEV_DBG]Camera[15] ReleaseAllCache:hCSLSession0[0x0] hCSLSession1[0x0]refcount[0]<subdeviceSensor: isAcquired[0] deviceIndex[0] hDevice[0x0]  pipelineRefCount[0]><subdeviceCSIPHY: isAcquired[0] deviceIndex[0] hDevice[0x0]  pipelineRefCount[0]><subdeviceOIS: isAcquired[0] deviceIndex[0] hDevice[0x0]  pipelineRefCount[0]><subdeviceActuator: isAcquired[0] deviceIndex[0] hDevice[0x0]  pipelineRefCount[0]><subdeviceFlash: isAcquired[0] deviceIndex[0] hDevice[0x0]  pipelineRefCount[0]><subdeviceTPG: isAcquired[0] deviceIndex[0] hDevice[0x0]  pipelineRefCount[0]>
04-23 16:55:46.819 E/CamX    ( 1849): [ERROR][SENSOR ] camxsensorcache.cpp:450 ReleaseAllCache() [SUBDEV_DBG]Sensor[5]SubDev[0]PipelineRefCount[0]hDevice[2621697]isAcquired[0]
04-23 16:55:46.819 E/CamX    ( 1849): [ERROR][SENSOR ] camxsensorcache.cpp:450 ReleaseAllCache() [SUBDEV_DBG]Sensor[5]SubDev[1]PipelineRefCount[0]hDevice[14614786]isAcquired[0]
04-23 16:55:46.819 E/CamX    ( 1849): [ERROR][SENSOR ] camxsensorcache.cpp:450 ReleaseAllCache() [SUBDEV_DBG]Sensor[5]SubDev[2]PipelineRefCount[0]hDevice[0]isAcquired[0]
04-23 16:55:46.819 E/CamX    ( 1849): [ERROR][SENSOR ] camxsensorcache.cpp:450 ReleaseAllCache() [SUBDEV_DBG]Sensor[5]SubDev[3]PipelineRefCount[0]hDevice[15859971]isAcquired[0]
04-23 16:55:46.819 E/CamX    ( 1849): [ERROR][SENSOR ] camxsensorcache.cpp:450 ReleaseAllCache() [SUBDEV_DBG]Sensor[5]SubDev[4]PipelineRefCount[0]hDevice[0]isAcquired[0]
04-23 16:55:46.819 E/CamX    ( 1849): [ERROR][SENSOR ] camxsensorcache.cpp:450 ReleaseAllCache() [SUBDEV_DBG]Sensor[5]SubDev[5]PipelineRefCount[0]hDevice[0]isAcquired[0]
04-23 16:55:46.828 E/HYPER-HAL( 1804): [HandlerUClamp.cpp]set_uclamp_max(): sched_setattr failed for thread 13604, err = -1
04-23 16:55:47.417 E/NativeCustomFrequencyManager( 1939): [NativeCFMS] BpCustomFrequencyManager::acquire()
04-23 16:55:47.442 E/HeatmapThread( 1923): ECT Thread time in milliseconds: 1776974147
04-23 16:55:47.443 E/HeatmapThread( 1923): !@ CAM New BSOH: 100
04-23 16:55:47.990 E/MediaCodec( 4009): Media Quality Service not found.
04-23 16:55:47.992 E/.wallpaper.live( 4009): Failed to query component interface for required system resources: 6
04-23 16:55:47.994 E/QC2Comp ( 1836): [hvcD_787] configureIntf failed 95
04-23 16:55:47.996 E/QC2V4l2Codec( 1836): [v4lhvcD_787]  ? is not a supported pixel format!
04-23 16:55:48.105 E/PERFHAL-REQUEST( 1834): PERFHAL-REQUEST: Process() 384: Translate to physical failed
04-23 16:55:48.105 E/ThemeUtils( 3894): View class com.airbnb.lottie.LottieAnimationView is an AppCompat widget that can only be used with a Theme.AppCompat theme (or descendant).
04-23 16:55:48.109 E/perf_hint( 3894): Session ID too large, must fit 32-bit integer
04-23 16:55:48.109 E/NowBarCardViewModel( 3894): updateExpandedClickPanelVisibility screen on = true expanded false isTopCardSettingViewOpened = false
04-23 16:55:48.114 E/sec_fr_NativeFaceService( 1802): wait callback state(1)
04-23 16:55:48.114 E/AppOps  ( 2852): package client.pid<1802> not found, can't check for attributionTag null
04-23 16:55:48.114 E/AppOps  ( 2852): Bad call made by uid 1047. Package "client.pid<1802>" does not belong to uid 1000.
04-23 16:55:48.114 E/AppOps  ( 2852): Cannot getAppOpMode: non-application UID 1000
04-23 16:55:48.116 E/CameraService_worker( 2852): Recent tasks don't include camera client package name: client.pid<1802>
04-23 16:55:48.118 E/CamX    ( 1849): [ERROR][HAL    ] camxhal3.cpp:1962 LoadLibFadvise() Open failed for /vendor/lib64/libarcsoft_triple_sat.so, error : No such file or directory
04-23 16:55:48.118 E/CamX    ( 1849): [ERROR][HAL    ] camxhal3.cpp:1962 LoadLibFadvise() Open failed for /vendor/lib64/libarcsoft_triple_fusion.so, error : No such file or directory
04-23 16:55:48.121 E/ChiX    ( 1849): [ERROR][CORE   ] chxextensionmodule.cpp:19196 InitializeSensorSession() Skip SensorInit on CAM_FRONT_SECURE(logicalCameraId:3)
04-23 16:55:48.122 E/CamX    ( 1849): [ERROR][HAL    ] camxhal3.cpp:1990 initialize() initialize(): 0xb400007c84f2a690, 0xb400007e3c345150
04-23 16:55:48.122 E/CamX    ( 1849): [ERROR][HAL    ] camxhal3.cpp:1999 initialize() haldevice: 0xb400007c84f2a680
04-23 16:55:48.122 E/CamX    ( 1849): [ERROR][HAL    ] camxhaldevice.h:200 SetCallbackOps() device: 0xb400007c84f2a680 callback: 0xb400007e3c345150
04-23 16:55:48.123 E/Camera2-FrameProcessorBase( 2214): FrameProcessorBase: created
04-23 16:55:48.123 E/Camera2-FrameProcessorBase( 2214): registerListener: Registering listener for frame id range 0 - 2147483647
04-23 16:55:48.125 E/ConversionHelperAidl( 1905): Function: parseAndSetVendorParameters Line: 94 Failed 
04-23 16:55:48.125 E/ConversionHelperAidl( 1905): Function: parseAndSetVendorParameters Line: 94 Failed 
04-23 16:55:48.128 E/CamX    ( 1849): [ERROR][HAL    ] camxhaldevice.cpp:1533 CHIModuleInitialize() GetCameraId: 3 callback: 0xb400007c84f2a738 cam3Device: 0xb400007c84f2a690
04-23 16:55:48.128 E/ChiX    ( 1849): [ERROR][CORE   ] chxextensionmodule.cpp:2713 SetHALOps() SetHALOps being set for CameraID:3 pHalOps: 0xb400007c84f2a738
04-23 16:55:48.128 E/ChiX    ( 1849): [ERROR][CORE   ] chxextensionmodule.cpp:8514 InitializeOverrideSession() logicalCam: 3 pCamera3Device: 0xb400007c84f2a690
04-23 16:55:48.139 E/CHIFD   ( 1849): [ERROR][FD     ] camxchinodefd.cpp:1867 FillInputBufferRequirments() Node[SecurePreview_com.qti.node.fd8_cam5] ImageRequirements index 0 width 640 height 480 Y stride 640 scanline 480 UV stride 640 scanline 240
04-23 16:55:48.139 E/CHIFD   ( 1849): [ERROR][FD     ] camxchinodefd.cpp:1867 FillInputBufferRequirments() Node[SecurePreview_com.qti.node.fd8_cam5] ImageRequirements index 1 width 640 height 360 Y stride 640 scanline 480 UV stride 640 scanline 240
04-23 16:55:48.139 E/CHIFD   ( 1849): [ERROR][FD     ] camxchinodefd.cpp:1867 FillInputBufferRequirments() Node[SecurePreview_com.qti.node.fd8_cam5] ImageRequirements index 2 width 1280 height 960 Y stride 1280 scanline 960 UV stride 1280 scanline 480
04-23 16:55:48.139 E/CHIFD   ( 1849): [ERROR][FD     ] camxchinodefd.cpp:1966 FillInputBufferRequirments() Dimensions :Base[640x480], Preview [0x0], Request [640x480] bufferModeChoosed 0
04-23 16:55:48.139 E/CHIFD   ( 1849): [ERROR][FD     ] camxchinodefd.cpp:1988 FillInputBufferRequirments() PortId 0, Min[640x480], Max[640x480], Optimal[640x480]
04-23 16:55:48.139 E/CamX    ( 1849): [ERROR][CHI    ] camxchicontext.cpp:5621 SetPipelineDescriptorOptions() [FmtNego] SecurePreview: Node 65538_0 Output Port::[8] Can't convert buffer format 4
04-23 16:55:48.141 E/CamX    ( 1849): [ERROR][SENSOR ] camxsensornode.cpp:1779 SensorThreadJobCallback() Sensor[5][SecurePreview_Sensor0_cam5] currConfigStatus:1
04-23 16:55:48.141 E/CamX    ( 1849): [ERROR][SENSOR ] camxsensor.cpp:10233 AcquireDevice() Sensor[5][SecurePreview_Sensor0_cam5] hCSL:0x320200 hDev:0x280101 devIdx:35 isAcquired:0 pipelineRefCount:0
04-23 16:55:48.147 E/CamX    ( 1849): [ERROR][ISP    ] camxmctfenode.cpp:5426 ConfigureInputResolution() SecurePreview_MCTFE0_cam5: IPP Input Resolution WxH = [4000 x 3000], RDI Resolution WxH = [4000 x 3000]binningFactor 1, CSIDBinning Enabled 0, bIsXCFANonRemosaicData: 0 SensorMode Index 13,isQPDMode:0
04-23 16:55:48.147 E/CamX    ( 1849): [ERROR][ISP    ] camxmctfenode.cpp:4195 PostUsecaseMetadata() SecurePreview_MCTFE0_cam5: IPP Resolution WxH = [4000 x 3000], RDI Resolution WxH = [4000 x 3000] SensorMode Index 13
04-23 16:55:48.148 E/CamX    ( 1849): [ERROR][CORE   ] camxnodecore.h:4996 IsVSREnabled() SecurePreview_OFE0_cam5 Failed to read VSR enable metaTag
04-23 16:55:48.148 E/CamX    ( 1849): [ERROR][CHI    ] camxchicontext.cpp:5621 SetPipelineDescriptorOptions() [FmtNego] SecurePreview: Node 65538_0 Output Port::[8] Can't convert buffer format 4
04-23 16:55:48.149 E/SurfaceFlinger( 1939): alpha changed 1.000 -> 0.000 - Surface(name=9c4e0c6 NavigationBar0)/@0x952c58 - animation-leash of insets_animation#136674
04-23 16:55:48.159 E/AF_DEBUG( 1849): AfLib_BootingInit(724) : [cam_id_4] AF_Lib Version = 0x700F Chip Type = 1 (0:LSI, 1:QC) 
04-23 16:55:48.159 E/AF_DEBUG( 1849): LinkAfCalData(187) : af_cal = ref_table_arr[0]->af_cal_data max_arr= 5
04-23 16:55:48.159 E/AF_DEBUG( 1849): SetAfModuleInfo(529) : [cam_id_4] Module = S12XLRD00NM, ModuleInfo = PA123_FRONT, ModuleType = 31, phaseType = 1
04-23 16:55:48.159 E/AF_DEBUG( 1849): PrintAfCalData(606) : [cam_id_4] 12bit | af cal data far: 1553, mid2: -1, mid1: -1, near: 2364, max: 4088, add_80: -1, plus_offset: 65535, minus_offset: 65535 zoom_rate(x1000) 1000
04-23 16:55:48.159 E/AF_DEBUG( 1849): AfLib_BootingInit(745) : [cam_id_4][factory_af_booting_init]  factory_af_flag = 0
04-23 16:55:48.159 E/SS_3A   ( 1849): ERROR:  AF: TsAf_Range_check_connect: 3917: [TsAf_Range] Rear Camera is not activated. Sensor Id : 1
04-23 16:55:48.159 E/AF_DEBUG( 1849): AfLib_AlgorithmInit(1046) : [cam_id_4] paf_cal_data_info = 20240527 paf_cal_errcheck 0x00000000 vpd_cal 0 vpd_cal_data_info = 0 vpaf_cal_errcheck 0x00000000 
04-23 16:55:48.159 E/AF_DEBUG( 1849): AfInit(5685) : [cam_id_4] Version(0x700F). mode(0). lens(1553). sensor(4000 x 3000). touch(0 x 0 ). pafstatvalid(0)
04-23 16:55:48.159 E/AF_DEBUG( 1849): UpdateAfStatus(68) : [cam_id_4] AF status 0x0 -> 0x20, called from : AfInit(5723)  
04-23 16:55:48.162 E/CamX    ( 1849): [ERROR][STATS_AEC] camxcaecstatsprocessor.cpp:7084 GetCropWindow() Wrong input: HALCropWindow left(0),top(0) width,height = 0x0
04-23 16:55:48.162 E/WindowManager( 2852): win=Window{41eb534 u0 com.sec.android.app.launcher/com.samsung.app.honeyspace.edge.edgepanel.app.CocktailBarService} destroySurfaces: appStopped=true cleanupOnResume=false win.mWindowRemovalAllowed=false win.mRemoveOnExit=false win.mViewVisibility=8 caller=com.android.server.wm.WindowManagerService.tryStartExitingAnimation:134 com.android.server.wm.WindowManagerService.relayoutWindow:1160 com.android.server.wm.Session.relayout:27 android.view.IWindowSession$Stub.onTransact:829 com.android.server.wm.Session.onTransact:1 android.os.Binder.execTransactInternal:1457 android.os.Binder.execTransact:1401 
04-23 16:55:48.163 E/SensorListener( 1849): ERR(initSensor[1078]):failed to open hrm alc sensor's name
04-23 16:55:48.164 E/minksocket( 1772): MinkIPC ERROR: ( 1772:1864 ) MinkIPC_preProcess:272 Client down, but cannot find corresponding minksession
04-23 16:55:48.164 E/minksocket( 1772): MinkIPC ERROR: ( 1772:1873 ) MinkIPC_preProcess:272 Client down, but cannot find corresponding minksession
04-23 16:55:48.165 E/minksocket( 1772): MinkIPC ERROR: ( 1772:1864 ) MinkIPC_preProcess:272 Client down, but cannot find corresponding minksession
04-23 16:55:48.165 E/minksocket( 1772): MinkIPC ERROR: ( 1772:1873 ) MinkIPC_preProcess:272 Client down, but cannot find corresponding minksession
04-23 16:55:48.166 E/SurfaceFlinger( 1939): alpha changed 0.000 -> 1.000 - Surface(name=9c4e0c6 NavigationBar0)/@0x952c58 - animation-leash of insets_animation#136674
04-23 16:55:48.166 E/CHIFD   ( 1849): [ERROR][FD     ] camxchinodefd.cpp:1453 PostPipelineCreate() Node[SecurePreview_com.qti.node.fd8_cam5] FD node created in pipeline (realtime 1) FD Use client 2, Spectra Version 0x90800Facial attribute settings: GB(0), CT(1), CTV(0), Exp(0), Gen(0), Mask(1), UpperBody(1) Pet(0)
04-23 16:55:48.166 E/minksocket( 1772): MinkIPC ERROR: ( 1772:1873 ) MinkIPC_preProcess:272 Client down, but cannot find corresponding minksession
04-23 16:55:48.166 E/minksocket( 1772): MinkIPC ERROR: ( 1772:1864 ) MinkIPC_preProcess:272 Client down, but cannot find corresponding minksession
04-23 16:55:48.166 E/CamX    ( 1849): [ERROR][FD     ] camxfdengine.cpp:209 FDEngineCreate() CN_07626430 - Create Parameters: DLFD 1, Facial Contour 0, Facial Expression 0, Facial Gender 0, ROI Manager 1, FD input Dims: (640, 480)
04-23 16:55:48.167 E/minksocket( 1772): MinkIPC ERROR: ( 1772:1873 ) MinkIPC_preProcess:272 Client down, but cannot find corresponding minksession
04-23 16:55:48.167 E/minksocket( 1772): MinkIPC ERROR: ( 1772:1864 ) MinkIPC_preProcess:272 Client down, but cannot find corresponding minksession
04-23 16:55:48.168 E/minksocket( 1772): MinkIPC ERROR: ( 1772:1864 ) MinkIPC_preProcess:272 Client down, but cannot find corresponding minksession
04-23 16:55:48.168 E/minksocket( 1772): MinkIPC ERROR: ( 1772:1873 ) MinkIPC_preProcess:272 Client down, but cannot find corresponding minksession
04-23 16:55:48.169 E/minksocket( 1772): MinkIPC ERROR: ( 1772:1873 ) MinkIPC_preProcess:272 Client down, but cannot find corresponding minksession
04-23 16:55:48.169 E/minksocket( 1772): MinkIPC ERROR: ( 1772:1864 ) MinkIPC_preProcess:272 Client down, but cannot find corresponding minksession
04-23 16:55:48.169 E/minksocket( 1772): MinkIPC ERROR: ( 1772:1864 ) MinkIPC_preProcess:272 Client down, but cannot find corresponding minksession
04-23 16:55:48.169 E/minksocket( 1772): MinkIPC ERROR: ( 1772:1873 ) MinkIPC_preProcess:272 Client down, but cannot find corresponding minksession
04-23 16:55:48.170 E/minksocket( 1772): MinkIPC ERROR: ( 1772:1864 ) MinkIPC_preProcess:272 Client down, but cannot find corresponding minksession
04-23 16:55:48.170 E/minksocket( 1772): MinkIPC ERROR: ( 1772:1873 ) MinkIPC_preProcess:272 Client down, but cannot find corresponding minksession
04-23 16:55:48.173 E/sec_fr_FaceCameraClient( 1802): [0] state is not matched (256)(132)
04-23 16:55:48.173 E/sec_fr_FaceCameraController( 1802): TA is not loaded yet (26)(256)
04-23 16:55:48.177 E/CamX    ( 1849): [ERROR][FD     ] camxfdengine.cpp:263 FDEngineCreate() Create ROI manager handle success -CN_07626430, result = 0
04-23 16:55:48.177 E/CamX    ( 1849): [ERROR][FD     ] camxfdengine.cpp:209 FDEngineCreate() CN_07626430 - Create Parameters: DLFD 0, Facial Contour 1, Facial Expression 0, Facial Gender 0, ROI Manager 0, FD input Dims: (640, 480)
04-23 16:55:48.262 E/CamX    ( 1849): [ERROR][SENSOR ] camxsensorcache.cpp:117 SetSubDeviceHandle() Device[5][Sensor] refCount:0 hCSL:0x320200 hDev:0xaa0101 hCSLCached:0xe60200 isAcquired:0 pipelineRefCount:0
04-23 16:55:48.262 E/CamX    ( 1849): [ERROR][SENSOR ] camxsensornode.cpp:1794 SensorThreadJobCallback() Sensor[5][SecurePreview_Sensor0_cam5] currConfigStatus:2
04-23 16:55:48.262 E/CamX    ( 1849): [ERROR][SENSOR ] camxsensorcache.cpp:117 SetSubDeviceHandle() Device[5][CSIPHY] refCount:1 hCSL:0x320200 hDev:0x900102 hCSLCached:0x320200 isAcquired:0 pipelineRefCount:0
04-23 16:55:48.262 E/CamX    ( 1849): [ERROR][SENSOR ] camxactuator.cpp:148 Initialize() Actuator[5][SecurePreview_Sensor0_cam5] hCSL:0x320200 hDev:0xf20103 devIdx:23 isAcquired:0 pipelineRefCount:0
04-23 16:55:48.262 E/SmcInvoke_MinkDescriptor( 1802): mem obj with id :11 not found in list
04-23 16:55:48.269 E/PERFHAL-UTIL( 1834): PERFHAL-UTIL: save_node_val() 251: Failed to read /sys/devices/system/cpu/cpu0/cpufreq/walt/target_load_shift
04-23 16:55:48.269 E/PERFHAL-OPTSHANDLER( 1834): PERFHAL-OPTSHANDLER: modify_sysfsnode() 1154: Failed to read /sys/devices/system/cpu/cpu0/cpufreq/walt/target_load_shift
04-23 16:55:48.269 E/PERFHAL-RESOURCEQS( 1834): PERFHAL-RESOURCEQS: AddAndApply() 159: Failed to apply optimization [5, 21]
04-23 16:55:48.269 E/PERFHAL-UTIL( 1834): PERFHAL-UTIL: save_node_val() 251: Failed to read /sys/devices/system/cpu/cpu0/cpufreq/walt/target_load_thresh
04-23 16:55:48.269 E/PERFHAL-OPTSHANDLER( 1834): PERFHAL-OPTSHANDLER: modify_sysfsnode() 1154: Failed to read /sys/devices/system/cpu/cpu0/cpufreq/walt/target_load_thresh
04-23 16:55:48.269 E/PERFHAL-RESOURCEQS( 1834): PERFHAL-RESOURCEQS: AddAndApply() 159: Failed to apply optimization [5, 20]
04-23 16:55:48.286 E/CamX    ( 1849): [ERROR][SENSOR ] camxsensorcache.cpp:117 SetSubDeviceHandle() Device[5][Actuator] refCount:2 hCSL:0x320200 hDev:0xce0103 hCSLCached:0x320200 isAcquired:0 pipelineRefCount:0
04-23 16:55:48.286 E/CamX    ( 1849): [ERROR][SENSOR ] camxsensornode.cpp:2075 SensorThreadJobCallback() Sensor[5][SecurePreview_Sensor0_cam5] ConfigureSensor: start, Config_status:2
04-23 16:55:48.286 E/CamX    ( 1849): [ERROR][SENSOR ] camxsensornode.cpp:2114 SensorThreadJobCallback() Sensor[5][SecurePreview_Sensor0_cam5] currConfigStatus:4
04-23 16:55:48.294 E/CamX    ( 1849): [ERROR][CSL    ] camxcslhw.cpp:3544 CSLAllocHW() [MEMTIME] caller = MPG_7_Buffer2 allocTime = 27 bufferSize = 45056
04-23 16:55:48.294 E/CamX    ( 1849): [ERROR][ISP    ] camxmctfenode.cpp:1815 PostPipelineCreate() SecurePreview_MCTFE0_cam5: numProcessingExposures 1  usecaseNumExposures 1
04-23 16:55:48.335 E/CamX    ( 1849): [ERROR][SENSOR ] camxsensornode.cpp:656 PrepareStreamOn() Sensor[5][SecurePreview_Sensor0_cam5] currConfigStatus:5
04-23 16:55:48.344 E/CamX    ( 1849): [ERROR][IQMod  ] camxtfebds2demosaic201.cpp:277 UpdateBDS2InputData() SecurePreview_MCTFE0_cam5 bayerPattern 1
04-23 16:55:48.346 E/CHIFD   ( 1849): [ERROR][FD     ] camxchinodefd.cpp:2134 ExecuteProcessRequest() Node[SecurePreview_com.qti.node.fd8_cam5] ReqId[1] EPR-0, bindIOBuffers=0
04-23 16:55:48.355 E/CamX    ( 1849): [ERROR][IQMod  ] camxtfebds2demosaic201.cpp:277 UpdateBDS2InputData() SecurePreview_MCTFE0_cam5 bayerPattern 1
04-23 16:55:48.366 E/CHIFD   ( 1849): [ERROR][FD     ] camxchinodefd.cpp:2134 ExecuteProcessRequest() Node[SecurePreview_com.qti.node.fd8_cam5] ReqId[2] EPR-0, bindIOBuffers=0
04-23 16:55:48.366 E/CHIFD   ( 1849): [ERROR][FD     ] camxchinodefd.cpp:2134 ExecuteProcessRequest() Node[SecurePreview_com.qti.node.fd8_cam5] ReqId[4] EPR-0, bindIOBuffers=0
04-23 16:55:48.367 E/CHIFD   ( 1849): [ERROR][FD     ] camxchinodefd.cpp:2134 ExecuteProcessRequest() Node[SecurePreview_com.qti.node.fd8_cam5] ReqId[3] EPR-0, bindIOBuffers=0
04-23 16:55:48.367 E/CHIFD   ( 1849): [ERROR][FD     ] camxchinodefd.cpp:2134 ExecuteProcessRequest() Node[SecurePreview_com.qti.node.fd8_cam5] ReqId[5] EPR-0, bindIOBuffers=0
04-23 16:55:48.410 E/ACameraDeviceVendor( 1802): onCaptureStarted: request = 0xb400007275013080
04-23 16:55:48.426 E/CHIFD   ( 1849): [ERROR][FD     ] camxchinodefd.cpp:2119 ExecuteProcessRequest() Node[SecurePreview_com.qti.node.fd8_cam5] ReqId[1] EPR-1, bindIOBuffers=0
04-23 16:55:48.426 E/CHIFD   ( 1849): [ERROR][FD     ] camxchinodefd.cpp:2301 ExecuteProcessRequest() Node[SecurePreview_com.qti.node.fd8_cam5] ReqId[1] ChiFD node publishing FD results
04-23 16:55:48.426 E/CHIFD   ( 1849): [ERROR][FD     ] camxchifdutils.cpp:1032 ConvertFDPointsBetweenReferences() previous: 0 0, current: 4000 3000
04-23 16:55:48.426 E/CHIFD   ( 1849): [ERROR][FD     ] camxchinodefd.cpp:4640 ReconvertFDResults() error in ConvertFDPointsBetweenReferences
04-23 16:55:48.426 E/CHIFD   ( 1849): [ERROR][FD     ] camxchinodefd.cpp:2388 ExecuteProcessRequest() Processing SW Detection ReqId[1] reqhandle 0 FD type: DLFD
04-23 16:55:48.426 E/CHIFD   ( 1849): [ERROR][FD     ] camxchinodefd.cpp:7995 OnProcessRequest() Node[SecurePreview_com.qti.node.fd8_cam5] ReqId[1] Request Scheduled (Pending frames 0)
04-23 16:55:48.426 E/CHIFD   ( 1849): [ERROR][FD     ] camxchinodefd.cpp:5265 ExecuteFDResultsProcessing() DL-FD Execution reqid 1
04-23 16:55:48.426 E/CamX    ( 1849): [ERROR][FD     ] camxfdengine.cpp:842 FDEngineGetFDRunFlag() FrameId=1: -CN_07626430 FDRunFlag=1, reqdFrameCyclePeriod=1
04-23 16:55:48.431 E/CamX    ( 1849): [ERROR][FD     ] camxfdengine.cpp:763 FDEngineProcessResult() valid input parameter!-CN_07626430 hFDEHandle 0xb400007cbc24e3d0K, pPerFrameInfo 0x7c27618ff0K, pMainResult 0x7c275ed8d8K, pOutputResult 0x7c275e123cK, pHeadBodyResult 0x7c275d4020K, pOutputResultStabilized 0x7c275d4ba0K, pOutputHeadBodyResult 0x7c275d3cd4K, pOutputHeadBodyResultStabilized 0x7c275d3988K, pPetResult 0x7c275d29a8K,pOutputPetResult 0x7c275d2090K, pOutputPetResultStabilized 0x7c275d251cK
04-23 16:55:48.431 E/CHIFD   ( 1849): [ERROR][FD     ] camxchinodefd.cpp:9009 FDDLExecution() Node[SecurePreview_com.qti.node.fd8_cam5] ReqId[1] Faces 0
04-23 16:55:48.431 E/CHIFD   ( 1849): [ERROR][FD     ] camxchinodefd.cpp:10518 ProcessRequestDone() Node[SecurePreview_com.qti.node.fd8_cam5] ReqId[1] ProcessRequestDone
04-23 16:55:48.439 E/DATC-IF ( 1849): [ERROR][ChiNode] camxchinodesecofectrl.cpp:896 OverrideOFECGData() SecurePreview_OFE0 req 1 get metadata fail NULL pointer 0x0
04-23 16:55:48.441 E/HeatmapThread( 1923): ECT Thread time in milliseconds: 1776974148
04-23 16:55:48.442 E/HeatmapThread( 1923): !@ CAM New BSOH: 100
04-23 16:55:48.458 E/CHIFD   ( 1849): [ERROR][FD     ] camxchinodefd.cpp:2134 ExecuteProcessRequest() Node[SecurePreview_com.qti.node.fd8_cam5] ReqId[6] EPR-0, bindIOBuffers=0
04-23 16:55:48.476 E/ACameraDeviceVendor( 1802): onCaptureStarted: request = 0xb400007275013080
04-23 16:55:48.493 E/CHIFD   ( 1849): [ERROR][FD     ] camxchinodefd.cpp:2119 ExecuteProcessRequest() Node[SecurePreview_com.qti.node.fd8_cam5] ReqId[2] EPR-1, bindIOBuffers=0
04-23 16:55:48.493 E/CHIFD   ( 1849): [ERROR][FD     ] camxchinodefd.cpp:2301 ExecuteProcessRequest() Node[SecurePreview_com.qti.node.fd8_cam5] ReqId[2] ChiFD node publishing FD results
04-23 16:55:48.493 E/CHIFD   ( 1849): [ERROR][FD     ] camxchinodefd.cpp:2388 ExecuteProcessRequest() Processing SW Detection ReqId[2] reqhandle 0 FD type: DLFD
04-23 16:55:48.493 E/CHIFD   ( 1849): [ERROR][FD     ] camxchinodefd.cpp:7995 OnProcessRequest() Node[SecurePreview_com.qti.node.fd8_cam5] ReqId[2] Request Scheduled (Pending frames 0)
04-23 16:55:48.493 E/CHIFD   ( 1849): [ERROR][FD     ] camxchinodefd.cpp:5265 ExecuteFDResultsProcessing() DL-FD Execution reqid 2
04-23 16:55:48.493 E/CamX    ( 1849): [ERROR][FD     ] camxfdengine.cpp:842 FDEngineGetFDRunFlag() FrameId=2: -CN_07626430 FDRunFlag=1, reqdFrameCyclePeriod=1
04-23 16:55:48.498 E/CamX    ( 1849): [ERROR][FD     ] camxfdengine.cpp:763 FDEngineProcessResult() valid input parameter!-CN_07626430 hFDEHandle 0xb400007cbc24e3d0K, pPerFrameInfo 0x7c27618ff0K, pMainResult 0x7c275ed8d8K, pOutputResult 0x7c275e123cK, pHeadBodyResult 0x7c275d4020K, pOutputResultStabilized 0x7c275d4ba0K, pOutputHeadBodyResult 0x7c275d3cd4K, pOutputHeadBodyResultStabilized 0x7c275d3988K, pPetResult 0x7c275d29a8K,pOutputPetResult 0x7c275d2090K, pOutputPetResultStabilized 0x7c275d251cK
04-23 16:55:48.498 E/CHIFD   ( 1849): [ERROR][FD     ] camxchinodefd.cpp:9009 FDDLExecution() Node[SecurePreview_com.qti.node.fd8_cam5] ReqId[2] Faces 1
04-23 16:55:48.498 E/CHIFD   ( 1849): [ERROR][FD     ] camxchinodefd.cpp:9882 PrintFDResults() Node[SecurePreview_com.qti.node.fd8_cam5] ReqId[2] [StabilizedResults-Sorted)] : Dimensions[640x480], numFaces=1
04-23 16:55:48.498 E/CHIFD   ( 1849): [ERROR][FD     ] camxchinodefd.cpp:8743 PostProcessFDEngineResults() Face ID 1 detected: face 1, mask  0 landmark 1head 0 torso 0
04-23 16:55:48.498 E/CamX    ( 1849): [ERROR][FD     ] camxfdengine.cpp:949 FDEngineDLFacialContourDetect() valid lib handles,CN_07626430 hDLFAHandle 0xb400007d3cb58ae0K, PT request 1, PT created 1
04-23 16:55:48.500 E/CHIFD   ( 1849): [ERROR][FD     ] camxchinodefd.cpp:10518 ProcessRequestDone() Node[SecurePreview_com.qti.node.fd8_cam5] ReqId[2] ProcessRequestDone
04-23 16:55:48.504 E/DATC-IF ( 1849): [ERROR][ChiNode] camxchinodesecofectrl.cpp:896 OverrideOFECGData() SecurePreview_OFE0 req 2 get metadata fail NULL pointer 0x0
04-23 16:55:48.510 E/ACameraDeviceVendor( 1802): onCaptureStarted: request = 0xb400007275013080
04-23 16:55:48.522 E/CHIFD   ( 1849): [ERROR][FD     ] camxchinodefd.cpp:2134 ExecuteProcessRequest() Node[SecurePreview_com.qti.node.fd8_cam5] ReqId[7] EPR-0, bindIOBuffers=0
