04-07 14:45:25.388 D/SGM:FgCheckThread( 3111): pkgName: com.shapepro.fitness is not in foreground
04-07 14:45:25.388 D/SGM:FgCheckThread( 3111): noteStopComponent(), received pkgName: com.shapepro.fitness, focusedPkgName: com.android.chrome, userId: 0
04-07 14:45:25.389 D/PkgPredictorService-SecIpmManagerServiceImpl( 3111): bg information pid:22069 uid:10411 pkgName:com.shapepro.fitness
04-07 14:45:25.390 I/SurfaceFlinger( 2352): destroyed b9cac94 SurfaceView[com.shapepro.fitness/com.shapepro.fitness.MainActivity]@0(BLAST)#685307 form LifecycleManager
04-07 14:45:25.390 I/SurfaceFlinger( 2352): destroyed b9cac94 SurfaceView[com.shapepro.fitness/com.shapepro.fitness.MainActivity]@0#685306 form LifecycleManager
04-07 14:45:25.390 I/SurfaceFlinger( 2352): destroyed Bounds for - com.shapepro.fitness/com.shapepro.fitness.MainActivity@4#685305 form LifecycleManager
04-07 14:45:25.390 I/SurfaceFlinger( 2352): destroyed Background for b9cac94 SurfaceView[com.shapepro.fitness/com.shapepro.fitness.MainActivity]@0#685308 form LifecycleManager
04-07 14:45:25.391 I/SurfaceFlinger( 2352): [LayerHierarchy{RequestedLayerState{com.shapepro.fitness/com.shapepro.fitness.MainActivity$_22069#685304} no children}] reparent to OffscreenRoot
04-07 14:45:25.391 I/SurfaceFlinger( 2352): [LayerHierarchy{RequestedLayerState{com.shapepro.fitness/com.shapepro.fitness.MainActivity$_22069#685304} no children}] RelativeParent to null
04-07 14:45:25.391 I/SurfaceFlinger( 2352): [LayerHierarchy{RequestedLayerState{com.shapepro.fitness/com.google.firebase.auth.internal.RecaptchaActivity$_22069#685327} no children}] reparent to OffscreenRoot
04-07 14:45:25.391 I/SurfaceFlinger( 2352): [LayerHierarchy{RequestedLayerState{com.shapepro.fitness/com.google.firebase.auth.internal.RecaptchaActivity$_22069#685327} no children}] RelativeParent to null
04-07 14:45:25.391 I/SurfaceFlinger( 2352): id=685307 onLayerDestroyed from LayerHierarchyBuilder(RequestedLayerState{b9cac94 SurfaceView[com.shapepro.fitness/com.shapepro.fitness.MainActivity]@0(BLAST)#685307 !handle})
04-07 14:45:25.391 I/SurfaceFlinger( 2352): id=685306 onLayerDestroyed from LayerHierarchyBuilder(RequestedLayerState{b9cac94 SurfaceView[com.shapepro.fitness/com.shapepro.fitness.MainActivity]@0#685306 !handle z=-2})
04-07 14:45:25.391 I/SurfaceFlinger( 2352): id=685305 onLayerDestroyed from LayerHierarchyBuilder(RequestedLayerState{Bounds for - com.shapepro.fitness/com.shapepro.fitness.MainActivity@4#685305 !handle})
04-07 14:45:25.391 I/SurfaceFlinger( 2352): id=685308 onLayerDestroyed from LayerHierarchyBuilder(RequestedLayerState{Background for b9cac94 SurfaceView[com.shapepro.fitness/com.shapepro.fitness.MainActivity]@0#685308 !handle z=-2147483648})
04-07 14:45:25.391 I/Layer   ( 2352): id=685307 Destroyed b9cac94 SurfaceView[com.shapepro.fitness/com.shapepro.fitness.MainActivity]@0(BLAST)#685307
04-07 14:45:25.392 I/Layer   ( 2352): id=685306 Destroyed b9cac94 SurfaceView[com.shapepro.fitness/com.shapepro.fitness.MainActivity]@0#685306
04-07 14:45:25.392 I/Layer   ( 2352): id=685305 Destroyed Bounds for - com.shapepro.fitness/com.shapepro.fitness.MainActivity@4#685305
04-07 14:45:25.392 I/Layer   ( 2352): id=685308 Destroyed Background for b9cac94 SurfaceView[com.shapepro.fitness/com.shapepro.fitness.MainActivity]@0#685308
04-07 14:45:25.392 I/SurfaceFlinger( 2352): id=685304 Removed com.shapepro.fitness/com.shapepro.fitness.MainActivity$_22069#685304 (295)
04-07 14:45:25.392 I/SurfaceFlinger( 2352): id=685327 Removed com.shapepro.fitness/com.google.firebase.auth.internal.RecaptchaActivity$_22069#685327 (295)
04-07 14:45:25.407 I/SurfaceFlinger( 2352): destroyed com.shapepro.fitness/com.shapepro.fitness.MainActivity$_22069#685304 form LifecycleManager
04-07 14:45:25.407 I/SurfaceFlinger( 2352): destroyed com.shapepro.fitness/com.google.firebase.auth.internal.RecaptchaActivity$_22069#685327 form LifecycleManager
04-07 14:45:25.407 I/SurfaceFlinger( 2352): id=685304 onLayerDestroyed from LayerHierarchyBuilder(RequestedLayerState{com.shapepro.fitness/com.shapepro.fitness.MainActivity$_22069#685304 !handle})
04-07 14:45:25.407 I/SurfaceFlinger( 2352): id=685327 onLayerDestroyed from LayerHierarchyBuilder(RequestedLayerState{com.shapepro.fitness/com.google.firebase.auth.internal.RecaptchaActivity$_22069#685327 !handle})
04-07 14:45:25.408 I/Layer   ( 2352): id=685304 Destroyed com.shapepro.fitness/com.shapepro.fitness.MainActivity$_22069#685304
04-07 14:45:25.408 I/Layer   ( 2352): id=685327 Destroyed com.shapepro.fitness/com.google.firebase.auth.internal.RecaptchaActivity$_22069#685327
04-07 14:45:31.399 D/FreecessHandler( 3111): freeze com.shapepro.fitness(10411) result : 2
04-07 14:45:37.410 D/FreecessHandler( 3111): freeze com.shapepro.fitness(10411) result : 2
04-07 14:45:38.945 D/BoundBrokerSvc( 4708): onUnbind: Intent { act=com.google.android.gms.auth.api.phone.service.InternalService.START dat=chimera-action:/... xflg=0x4 cmp=com.google.android.gms/.chimera.GmsInternalApiService }
04-07 14:45:43.420 D/FreecessHandler( 3111): freeze com.shapepro.fitness(10411) result : 2
04-07 14:45:45.120 D/io_stats( 1161): !@ Read_top(KB): m.android.phone:normal(4684) 112 sait.sohservice:low(19342) 32 .android.chrome:top(17340) 16
04-07 14:45:49.432 D/FreecessHandler( 3111): freeze com.shapepro.fitness(10411) result : 2
04-07 14:45:55.436 D/FreecessHandler( 3111): freeze com.shapepro.fitness(10411) result : 2
04-07 14:46:00.008 D/QSClock ( 4705): StatusBar clock=2:46 notifyTimeChanged(QSClockBellSound - TimeText:2:46, TimeContentDescription:2:46ΓÇ»PM, DateText:ter., 7 de abril, ShortDateText:ter., 7 de abr., Demo:false) clockVisibleByPolicy=true, clockVisibleByUser=true, visible=true, parent=android.widget.LinearLayout{a9ceb83 V.E...... ......ID 0,0-83,68 #7f0a069b app:id/left_clock_container} caller=com.android.systemui.statusbar.phone.fragment.CollapsedStatusBarFragment.animateShow:52 com.android.systemui.statusbar.phone.fragment.CollapsedStatusBarFragment.updateStatusBarVisibilitiesInner:230 com.android.systemui.statusbar.phone.fragment.CollapsedStatusBarFragment.updateStatusBarVisibilities:65 com.android.systemui.statusbar.phone.fragment.CollapsedStatusBarFragment.disable:71 com.android.systemui.statusbar.CommandQueue$H.handleMessage:2997  
04-07 14:46:01.446 D/FreecessHandler( 3111): freeze com.shapepro.fitness(10411) result : 2
04-07 14:46:04.300 V/CpEventLog(u0)(19481): [P] cp_state: [                 contacts = {contacts=22, raw_contacts=47, data=225, account={secphone(1)=0, sim(2)=0, sim2(3)=0, agg(4)=0, secphone(5)=1, google(6)=21, duo(7)=7, samsung(8)=0, whatsapp(9)=18, mobileservice(12)=0, google(13)=0, google(14)=0, www.instagram.com(15)=0, coreapp(16)=0, www.instagram.com(17)=0, com.adobe.creativesdk.foundation.auth.adobeID.DC(18)=0, google(19)=0, google(20)=0, google(21)=0, google(22)=0}, trash=1, trash_acc={google=1}, trash_sync=0, database=contacts2.db} ]
04-07 14:46:04.300 V/CpEventLog(u0)(19481): [P] cp_state: [               aggregated = {[5]=1, [6,9,7]=7, [6,9]=11, [6]=3} ]
04-07 14:46:04.300 V/CpEventLog(u0)(19481): [P] cp_state: [                  request = {} ]
04-07 14:46:04.300 V/CpEventLog(u0)(19481): [P] cp_state: [                    calls = {types={[100]=27}, database=calllog.db} ]
04-07 14:46:04.300 V/CpEventLog(u0)(19481): [P] cp_state: [                  profile = {contacts=0, raw_contacts=0, data=0, account={secphone(1)=0, sim(2)=0, sim2(3)=0, agg(4)=0, google(5)=0, duo(6)=0, samsung(7)=0, whatsapp(8)=0, mobileservice(11)=0, google(12)=0, google(13)=0, www.instagram.com(14)=0, coreapp(15)=0, www.instagram.com(16)=0, com.adobe.creativesdk.foundation.auth.adobeID.DC(17)=0, google(18)=0, google(19)=0, google(20)=0, google(21)=0}, trash=0, trash_acc={}, trash_sync=0, database=profile.db} ]
04-07 14:46:04.300 V/CpEventLog(u0)(19481): [P] cp_state: [               sa_profile = {contacts=0, raw_contacts=0, data=0, account={secphone(1)=0, sim(2)=0, sim2(3)=0, agg(4)=0, google(5)=0, duo(6)=0, samsung(7)=0, whatsapp(8)=0, mobileservice(11)=0, google(12)=0, google(13)=0, www.instagram.com(14)=0, coreapp(15)=0, www.instagram.com(16)=0, com.adobe.creativesdk.foundation.auth.adobeID.DC(17)=0, google(18)=0, google(19)=0, google(20)=0, google(21)=0}, trash=0, trash_acc={}, trash_sync=0, database=profile_sa.db} ]
04-07 14:46:04.300 V/CpEventLog(u0)(19481): [P] cp_state: [                      etc = {binders=0, country_iso=BR, version=15.6.28, db_version=2000, db_size=0, db_wal_size=1, csc=VZW/VZWMVNO, sec_enabled=false, is_roaming=false} ]
04-07 14:46:04.300 V/CpEventLog(u0)(19481): [P] cp_state: ------------------------------------------------------------------------------
04-07 14:46:07.455 D/FreecessHandler( 3111): freeze com.shapepro.fitness(10411) result : 2
04-07 14:46:13.467 D/FreecessHandler( 3111): freeze com.shapepro.fitness(10411) result : 2
04-07 14:46:14.144 D/QuickPanelLog( 4705): QSCI | setTracking: false -> false
04-07 14:46:14.144 D/QuickPanelLog( 4705):  - com.android.systemui.shade.QuickSettingsControllerImpl.setTracking:47
04-07 14:46:14.144 D/QuickPanelLog( 4705):  - com.android.systemui.shade.QuickSettingsControllerImpl.handleTouch:263
04-07 14:46:14.144 D/QuickPanelLog( 4705):  - com.android.systemui.shade.NotificationPanelViewController$TouchHandler.onTouchEvent:2053
04-07 14:46:14.144 D/QuickPanelLog( 4705):  - com.android.systemui.shade.NotificationPanelViewController.handleExternalTouch:7
04-07 14:46:14.144 D/QuickPanelLog( 4705):  - com.android.systemui.statusbar.phone.PhoneStatusBarView.onTouchEvent:178
04-07 14:46:14.144 D/QuickPanelLog( 4705):  - android.view.View.performOnTouchCallback:17234
04-07 14:46:14.144 D/QuickPanelLog( 4705):  - android.view.View.dispatchTouchEvent:17187
04-07 14:46:14.144 D/QuickPanelLog( 4705):  - android.view.ViewGroup.dispatchTransformedTouchEvent:3365
04-07 14:46:14.144 D/QuickPanelLog( 4705):  - android.view.ViewGroup.dispatchTouchEvent:3032
04-07 14:46:14.144 D/QuickPanelLog( 4705):  - android.view.ViewGroup.dispatchTransformedTouchEvent:3371
04-07 14:46:14.145 D/SecPanelSplitHelper( 4705): slide ( SHADE_STATE )
04-07 14:46:14.145 D/SecPanelSplitHelper( 4705):  - com.android.systemui.shade.SecPanelSplitHelper.shouldQSDown:267
04-07 14:46:14.145 D/SecPanelSplitHelper( 4705):  - com.android.systemui.shade.QuickSettingsControllerImpl.isOpenQsEvent:88
04-07 14:46:14.145 D/SecPanelSplitHelper( 4705):  - com.android.systemui.shade.QuickSettingsControllerImpl.handleTouch:722
04-07 14:46:14.145 D/SecPanelSplitHelper( 4705):  - com.android.systemui.shade.NotificationPanelViewController$TouchHandler.onTouchEvent:2053
04-07 14:46:14.145 D/SecPanelSplitHelper( 4705):  - com.android.systemui.shade.NotificationPanelViewController.handleExternalTouch:7
04-07 14:46:14.145 D/SecPanelSplitHelper( 4705):  - com.android.systemui.statusbar.phone.PhoneStatusBarView.onTouchEvent:178
04-07 14:46:14.145 D/SecPanelSplitHelper( 4705):  - android.view.View.performOnTouchCallback:17234
04-07 14:46:14.145 D/SecPanelSplitHelper( 4705):  - android.view.View.dispatchTouchEvent:17187
04-07 14:46:14.145 D/SecPanelSplitHelper( 4705):  - android.view.ViewGroup.dispatchTransformedTouchEvent:3365
04-07 14:46:14.145 D/SecPanelSplitHelper( 4705):  - android.view.ViewGroup.dispatchTouchEvent:3032
04-07 14:46:14.244 D/QuickPanelLog( 4705): NPVC | onTrackingStarted: isTracking(): false -> true
04-07 14:46:14.244 D/QuickPanelLog( 4705):  - com.android.systemui.shade.NotificationPanelViewController.onTrackingStarted:31
04-07 14:46:14.244 D/QuickPanelLog( 4705):  - com.android.systemui.shade.NotificationPanelViewController$TouchHandler.handleTouch$1:592
04-07 14:46:14.244 D/QuickPanelLog( 4705):  - com.android.systemui.shade.NotificationPanelViewController$TouchHandler.onTouchEvent:2659
04-07 14:46:14.244 D/QuickPanelLog( 4705):  - com.android.systemui.shade.NotificationPanelViewController.handleExternalTouch:7
04-07 14:46:14.244 D/QuickPanelLog( 4705):  - com.android.systemui.statusbar.phone.PhoneStatusBarView.onTouchEvent:178
04-07 14:46:14.244 D/QuickPanelLog( 4705):  - android.view.View.performOnTouchCallback:17234
04-07 14:46:14.244 D/QuickPanelLog( 4705):  - android.view.View.dispatchTouchEvent:17187
04-07 14:46:14.244 D/QuickPanelLog( 4705):  - android.view.ViewGroup.dispatchTransformedTouchEvent:3365
04-07 14:46:14.244 D/QuickPanelLog( 4705):  - android.view.ViewGroup.dispatchTouchEvent:3032
04-07 14:46:14.244 D/QuickPanelLog( 4705):  - android.view.ViewGroup.dispatchTransformedTouchEvent:3371
04-07 14:46:14.252 D/QuickPanelLog( 4705): SC | makeExpandedVisible: force: false
04-07 14:46:14.252 D/QuickPanelLog( 4705):  - com.android.systemui.shade.ShadeControllerImpl.makeExpandedVisible:80
04-07 14:46:14.252 D/QuickPanelLog( 4705):  - com.android.systemui.shade.NotificationPanelViewController$$ExternalSyntheticLambda6.onPanelStateChanged$2:121
04-07 14:46:14.252 D/QuickPanelLog( 4705):  - com.android.systemui.shade.ShadeExpansionStateManager.updateStateInternal:51
04-07 14:46:14.252 D/QuickPanelLog( 4705):  - com.android.systemui.shade.NotificationPanelViewController.updateExpansionAndVisibility:40
04-07 14:46:14.252 D/QuickPanelLog( 4705):  - com.android.systemui.shade.NotificationPanelViewController.onTrackingStarted:61
04-07 14:46:14.252 D/QuickPanelLog( 4705):  - com.android.systemui.shade.NotificationPanelViewController$TouchHandler.handleTouch$1:592
04-07 14:46:14.252 D/QuickPanelLog( 4705):  - com.android.systemui.shade.NotificationPanelViewController$TouchHandler.onTouchEvent:2659
04-07 14:46:14.252 D/QuickPanelLog( 4705):  - com.android.systemui.shade.NotificationPanelViewController.handleExternalTouch:7
04-07 14:46:14.252 D/QuickPanelLog( 4705):  - com.android.systemui.statusbar.phone.PhoneStatusBarView.onTouchEvent:178
04-07 14:46:14.252 D/QuickPanelLog( 4705):  - android.view.View.performOnTouchCallback:17234
04-07 14:46:14.261 D/QuickPanelLog( 4705): NPVC | updateExpansionAndVisibility: mExpandedFraction: 0.0, mInstantExpanding: false, isPanelVisibleBecauseOfHeadsUp: false, isTracking(): true, mIsSpringBackAnimation: false, isExpanded: true, isFullyExpanded: false, isFullyCollapsed: true, mHeightAnimator is null: true
04-07 14:46:14.261 D/QuickPanelLog( 4705):  - com.android.systemui.shade.NotificationPanelViewController.updateExpansionAndVisibility:350
04-07 14:46:14.261 D/QuickPanelLog( 4705):  - com.android.systemui.shade.NotificationPanelViewController.onTrackingStarted:61
04-07 14:46:14.261 D/QuickPanelLog( 4705):  - com.android.systemui.shade.NotificationPanelViewController$TouchHandler.handleTouch$1:592
04-07 14:46:14.261 D/QuickPanelLog( 4705):  - com.android.systemui.shade.NotificationPanelViewController$TouchHandler.onTouchEvent:2659
04-07 14:46:14.261 D/QuickPanelLog( 4705):  - com.android.systemui.shade.NotificationPanelViewController.handleExternalTouch:7
04-07 14:46:14.261 D/QuickPanelLog( 4705):  - com.android.systemui.statusbar.phone.PhoneStatusBarView.onTouchEvent:178
04-07 14:46:14.261 D/QuickPanelLog( 4705):  - android.view.View.performOnTouchCallback:17234
04-07 14:46:14.261 D/QuickPanelLog( 4705):  - android.view.View.dispatchTouchEvent:17187
04-07 14:46:14.261 D/QuickPanelLog( 4705):  - android.view.ViewGroup.dispatchTransformedTouchEvent:3365
04-07 14:46:14.261 D/QuickPanelLog( 4705):  - android.view.ViewGroup.dispatchTouchEvent:3032
04-07 14:46:14.264 D/CollapsedStatusBarFragmentExt( 4705): com.android.systemui.statusbar.phone.fragment.CollapsedStatusBarFragment.disable:71 com.android.systemui.statusbar.CommandQueue$H.handleMessage:2997 com.android.systemui.statusbar.CommandQueue.disable:12 com.android.systemui.statusbar.CommandQueue.recomputeDisableFlags:77 com.android.systemui.shade.NotificationPanelViewController.updateExpandedHeight:194 com.android.systemui.shade.NotificationPanelViewController$$ExternalSyntheticLambda48.run:536 
04-07 14:46:14.271 D/QSMumButton( 4705): needToBeVisible() result: false [MumSetting: false = (TwoPhoneSetting: false || (somethingInDetail(1): true && Pref: false && Settings: false)), !DEX-(DeviceState: true, !DesktopManager: true, !mIsDexEnablingOrEnabled: true) Panel-mExpanded: false, !isEmergencyMode: true, isUserEnabled: true, !isKioskModeEnabled: true, !isDisallowUserSwitch = true
04-07 14:46:14.285 D/Tile.MobileDataTile( 4705): registerPhoneStateListener
04-07 14:46:14.286 D/Tile.CustomTile( 4705): handleSetListening  true  initialized=true  isTileReady=true  getTileSpec() = custom(com.samsung.android.mdx/.windowslink.tileservice.SeYourPhoneTileService)
04-07 14:46:14.286 D/ScrimController( 4705): setScrimAlphaForKeyguard isWhiteWallpaper() = false bouncerScrimAlpha = 0.75 mScrimBouncerColor = #ff000000 callers = com.android.systemui.statusbar.phone.SecLsScrimControlHelper.setQsExpandedOnNightMode:50 
04-07 14:46:14.308 D/SecQSCommonTileView( 4705): handleStateChanged state.spec = custom(com.samsung.android.mdx/.windowslink.tileservice.SeYourPhoneTileService), parent = LabelTileView{@9fbcfaa, #7f0a0df0, app:id/tile_label V, label = @9fbcfaa, #7f0a0df0, app:id/tile_label V, iconFrame = @f9679b V, icon = @4a48738 V, common = @890d311}, labelContainer = @24ba295, #7f0a0661, app:id/label_group V, label = @9fbcfaa, #7f0a0df0, app:id/tile_label V, iconFrame = @f9679b V, icon = @4a48738 V, common = @890d311
04-07 14:46:14.309 D/SecQSCommonTileView( 4705): handleStateChanged state.spec = custom(com.samsung.android.mdx/.windowslink.tileservice.SeYourPhoneTileService), parent = LabelTileView{@9fbcfaa, #7f0a0df0, app:id/tile_label V, label = @9fbcfaa, #7f0a0df0, app:id/tile_label V, iconFrame = @f9679b V, icon = @4a48738 V, common = @890d311}, labelContainer = @24ba295, #7f0a0661, app:id/label_group V, label = @9fbcfaa, #7f0a0df0, app:id/tile_label V, iconFrame = @f9679b V, icon = @4a48738 V, common = @890d311
04-07 14:46:14.319 D/SecQSCommonTileView( 4705): handleStateChanged state.spec = custom(com.samsung.android.mdx/.windowslink.tileservice.SeYourPhoneTileService), parent = LabelTileView{@9fbcfaa, #7f0a0df0, app:id/tile_label V, label = @9fbcfaa, #7f0a0df0, app:id/tile_label V, iconFrame = @f9679b V, icon = @4a48738 V, common = @890d311}, labelContainer = @24ba295, #7f0a0661, app:id/label_group V, label = @9fbcfaa, #7f0a0df0, app:id/tile_label V, iconFrame = @f9679b V, icon = @4a48738 V, common = @890d311
04-07 14:46:14.349 D/QuickPanelLog( 4705): NPVC | flingToHeight: vel: 10643.211, expand: true, target: 1161.0, collapseSpeedUpFactor: 1.0, expandBecauseOfFalsing: false, mExpandedHeight: 554.7217, mOverExpansion: 0.0, mIsFling: false
04-07 14:46:14.349 D/QuickPanelLog( 4705):  - com.android.systemui.shade.NotificationPanelViewController.flingToHeight:106
04-07 14:46:14.349 D/QuickPanelLog( 4705):  - com.android.systemui.shade.NotificationPanelViewController.fling:4
04-07 14:46:14.349 D/QuickPanelLog( 4705):  - com.android.systemui.shade.NotificationPanelViewController.-$$Nest$mendMotionEvent:590
04-07 14:46:14.349 D/QuickPanelLog( 4705):  - com.android.systemui.shade.NotificationPanelViewController$TouchHandler.handleTouch$1:726
04-07 14:46:14.349 D/QuickPanelLog( 4705):  - com.android.systemui.shade.NotificationPanelViewController$TouchHandler.onTouchEvent:2659
04-07 14:46:14.349 D/QuickPanelLog( 4705):  - com.android.systemui.shade.NotificationPanelViewController.handleExternalTouch:7
04-07 14:46:14.349 D/QuickPanelLog( 4705):  - com.android.systemui.statusbar.phone.PhoneStatusBarView.onTouchEvent:178
04-07 14:46:14.349 D/QuickPanelLog( 4705):  - android.view.View.performOnTouchCallback:17234
04-07 14:46:14.349 D/QuickPanelLog( 4705):  - android.view.View.dispatchTouchEvent:17187
04-07 14:46:14.349 D/QuickPanelLog( 4705):  - android.view.ViewGroup.dispatchTransformedTouchEvent:3365
04-07 14:46:14.350 D/QuickPanelLog( 4705): NPVC | setMotionAborted
04-07 14:46:14.350 D/QuickPanelLog( 4705):  - com.android.systemui.shade.NotificationPanelViewController.setMotionAborted:18
04-07 14:46:14.350 D/QuickPanelLog( 4705):  - com.android.systemui.shade.NotificationPanelViewController.flingToHeight:656
04-07 14:46:14.350 D/QuickPanelLog( 4705):  - com.android.systemui.shade.NotificationPanelViewController.fling:4
04-07 14:46:14.350 D/QuickPanelLog( 4705):  - com.android.systemui.shade.NotificationPanelViewController.-$$Nest$mendMotionEvent:590
04-07 14:46:14.350 D/QuickPanelLog( 4705):  - com.android.systemui.shade.NotificationPanelViewController$TouchHandler.handleTouch$1:726
04-07 14:46:14.350 D/QuickPanelLog( 4705):  - com.android.systemui.shade.NotificationPanelViewController$TouchHandler.onTouchEvent:2659
04-07 14:46:14.350 D/QuickPanelLog( 4705):  - com.android.systemui.shade.NotificationPanelViewController.handleExternalTouch:7
04-07 14:46:14.350 D/QuickPanelLog( 4705):  - com.android.systemui.statusbar.phone.PhoneStatusBarView.onTouchEvent:178
04-07 14:46:14.350 D/QuickPanelLog( 4705):  - android.view.View.performOnTouchCallback:17234
04-07 14:46:14.350 D/QuickPanelLog( 4705):  - android.view.View.dispatchTouchEvent:17187
04-07 14:46:14.350 D/QuickPanelLog( 4705): NPVC | onTrackingStopped: expand: true, isTracking(): true -> false
04-07 14:46:14.350 D/QuickPanelLog( 4705):  - com.android.systemui.shade.NotificationPanelViewController.onTrackingStopped:47
04-07 14:46:14.350 D/QuickPanelLog( 4705):  - com.android.systemui.shade.NotificationPanelViewController.-$$Nest$mendMotionEvent:593
04-07 14:46:14.350 D/QuickPanelLog( 4705):  - com.android.systemui.shade.NotificationPanelViewController$TouchHandler.handleTouch$1:726
04-07 14:46:14.350 D/QuickPanelLog( 4705):  - com.android.systemui.shade.NotificationPanelViewController$TouchHandler.onTouchEvent:2659
04-07 14:46:14.350 D/QuickPanelLog( 4705):  - com.android.systemui.shade.NotificationPanelViewController.handleExternalTouch:7
04-07 14:46:14.350 D/QuickPanelLog( 4705):  - com.android.systemui.statusbar.phone.PhoneStatusBarView.onTouchEvent:178
04-07 14:46:14.350 D/QuickPanelLog( 4705):  - android.view.View.performOnTouchCallback:17234
04-07 14:46:14.350 D/QuickPanelLog( 4705):  - android.view.View.dispatchTouchEvent:17187
04-07 14:46:14.350 D/QuickPanelLog( 4705):  - android.view.ViewGroup.dispatchTransformedTouchEvent:3365
04-07 14:46:14.350 D/QuickPanelLog( 4705):  - android.view.ViewGroup.dispatchTouchEvent:3032
04-07 14:46:14.545 D/QSMumButton( 4705): needToBeVisible() result: false [MumSetting: false = (TwoPhoneSetting: false || (somethingInDetail(1): true && Pref: false && Settings: false)), !DEX-(DeviceState: true, !DesktopManager: true, !mIsDexEnablingOrEnabled: true) Panel-mExpanded: false, !isEmergencyMode: true, isUserEnabled: true, !isKioskModeEnabled: true, !isDisallowUserSwitch = true
04-07 14:46:15.098 D/QuickPanelLog( 4705): NPVC | onTrackingStarted: isTracking(): false -> true
04-07 14:46:15.098 D/QuickPanelLog( 4705):  - com.android.systemui.shade.NotificationPanelViewController.onTrackingStarted:31
04-07 14:46:15.098 D/QuickPanelLog( 4705):  - com.android.systemui.shade.NotificationPanelViewController$TouchHandler.handleTouch$1:917
04-07 14:46:15.098 D/QuickPanelLog( 4705):  - com.android.systemui.shade.NotificationPanelViewController$TouchHandler.onTouchEvent:2659
04-07 14:46:15.098 D/QuickPanelLog( 4705):  - com.android.systemui.shade.NotificationPanelViewController.handleExternalTouch:7
04-07 14:46:15.098 D/QuickPanelLog( 4705):  - com.android.systemui.shade.NotificationShadeWindowView.onTouchEvent:546
04-07 14:46:15.098 D/QuickPanelLog( 4705):  - com.android.systemui.statusbar.phone.CentralSurfacesImpl$$ExternalSyntheticLambda36.onTouch:93
04-07 14:46:15.098 D/QuickPanelLog( 4705):  - android.view.View.performOnTouchCallback:17224
04-07 14:46:15.098 D/QuickPanelLog( 4705):  - android.view.View.dispatchTouchEvent:17187
04-07 14:46:15.098 D/QuickPanelLog( 4705):  - android.view.ViewGroup.dispatchTransformedTouchEvent:3365
04-07 14:46:15.098 D/QuickPanelLog( 4705):  - android.view.ViewGroup.dispatchTouchEvent:3032
04-07 14:46:15.099 D/QuickPanelLog( 4705): NPVC | updateExpansionAndVisibility: mExpandedFraction: 1.0, mInstantExpanding: false, isPanelVisibleBecauseOfHeadsUp: false, isTracking(): true, mIsSpringBackAnimation: false, isExpanded: true, isFullyExpanded: true, isFullyCollapsed: false, mHeightAnimator is null: true
04-07 14:46:15.099 D/QuickPanelLog( 4705):  - com.android.systemui.shade.NotificationPanelViewController.updateExpansionAndVisibility:350
04-07 14:46:15.099 D/QuickPanelLog( 4705):  - com.android.systemui.shade.NotificationPanelViewController.onTrackingStarted:61
04-07 14:46:15.099 D/QuickPanelLog( 4705):  - com.android.systemui.shade.NotificationPanelViewController$TouchHandler.handleTouch$1:917
04-07 14:46:15.099 D/QuickPanelLog( 4705):  - com.android.systemui.shade.NotificationPanelViewController$TouchHandler.onTouchEvent:2659
04-07 14:46:15.099 D/QuickPanelLog( 4705):  - com.android.systemui.shade.NotificationPanelViewController.handleExternalTouch:7
04-07 14:46:15.099 D/QuickPanelLog( 4705):  - com.android.systemui.shade.NotificationShadeWindowView.onTouchEvent:546
04-07 14:46:15.099 D/QuickPanelLog( 4705):  - com.android.systemui.statusbar.phone.CentralSurfacesImpl$$ExternalSyntheticLambda36.onTouch:93
04-07 14:46:15.099 D/QuickPanelLog( 4705):  - android.view.View.performOnTouchCallback:17224
04-07 14:46:15.099 D/QuickPanelLog( 4705):  - android.view.View.dispatchTouchEvent:17187
04-07 14:46:15.099 D/QuickPanelLog( 4705):  - android.view.ViewGroup.dispatchTransformedTouchEvent:3365
04-07 14:46:15.100 D/QuickPanelLog( 4705): QSCI | setExpandImmediate: true
04-07 14:46:15.100 D/QuickPanelLog( 4705):  - com.android.systemui.shade.QuickSettingsControllerImpl.setExpandImmediate:58
04-07 14:46:15.100 D/QuickPanelLog( 4705):  - com.android.systemui.shade.NotificationPanelViewController.onTrackingStarted:90
04-07 14:46:15.100 D/QuickPanelLog( 4705):  - com.android.systemui.shade.NotificationPanelViewController$TouchHandler.handleTouch$1:917
04-07 14:46:15.100 D/QuickPanelLog( 4705):  - com.android.systemui.shade.NotificationPanelViewController$TouchHandler.onTouchEvent:2659
04-07 14:46:15.100 D/QuickPanelLog( 4705):  - com.android.systemui.shade.NotificationPanelViewController.handleExternalTouch:7
04-07 14:46:15.100 D/QuickPanelLog( 4705):  - com.android.systemui.shade.NotificationShadeWindowView.onTouchEvent:546
04-07 14:46:15.100 D/QuickPanelLog( 4705):  - com.android.systemui.statusbar.phone.CentralSurfacesImpl$$ExternalSyntheticLambda36.onTouch:93
04-07 14:46:15.100 D/QuickPanelLog( 4705):  - android.view.View.performOnTouchCallback:17224
04-07 14:46:15.100 D/QuickPanelLog( 4705):  - android.view.View.dispatchTouchEvent:17187
04-07 14:46:15.100 D/QuickPanelLog( 4705):  - android.view.ViewGroup.dispatchTransformedTouchEvent:3365
04-07 14:46:15.127 D/QSMumButton( 4705): needToBeVisible() result: false [MumSetting: false = (TwoPhoneSetting: false || (somethingInDetail(1): true && Pref: false && Settings: false)), !DEX-(DeviceState: true, !DesktopManager: true, !mIsDexEnablingOrEnabled: true) Panel-mExpanded: false, !isEmergencyMode: true, isUserEnabled: true, !isKioskModeEnabled: true, !isDisallowUserSwitch = true
04-07 14:46:15.247 D/QuickPanelLog( 4705): NPVC | flingToHeight: vel: -944.9307, expand: false, target: 0.0, collapseSpeedUpFactor: 1.0, expandBecauseOfFalsing: false, mExpandedHeight: 631.41504, mOverExpansion: 0.0, mIsFling: false
04-07 14:46:15.247 D/QuickPanelLog( 4705):  - com.android.systemui.shade.NotificationPanelViewController.flingToHeight:106
04-07 14:46:15.247 D/QuickPanelLog( 4705):  - com.android.systemui.shade.NotificationPanelViewController.fling:4
04-07 14:46:15.247 D/QuickPanelLog( 4705):  - com.android.systemui.shade.NotificationPanelViewController.-$$Nest$mendMotionEvent:590
04-07 14:46:15.247 D/QuickPanelLog( 4705):  - com.android.systemui.shade.NotificationPanelViewController$TouchHandler.handleTouch$1:726
04-07 14:46:15.247 D/QuickPanelLog( 4705):  - com.android.systemui.shade.NotificationPanelViewController$TouchHandler.onTouchEvent:2659
04-07 14:46:15.247 D/QuickPanelLog( 4705):  - com.android.systemui.shade.NotificationPanelViewController.handleExternalTouch:7
04-07 14:46:15.247 D/QuickPanelLog( 4705):  - com.android.systemui.shade.NotificationShadeWindowView.onTouchEvent:546
04-07 14:46:15.247 D/QuickPanelLog( 4705):  - com.android.systemui.statusbar.phone.CentralSurfacesImpl$$ExternalSyntheticLambda36.onTouch:93
04-07 14:46:15.247 D/QuickPanelLog( 4705):  - android.view.View.performOnTouchCallback:17224
04-07 14:46:15.247 D/QuickPanelLog( 4705):  - android.view.View.dispatchTouchEvent:17187
04-07 14:46:15.248 D/QuickPanelLog( 4705): NPVC | setMotionAborted
04-07 14:46:15.248 D/QuickPanelLog( 4705):  - com.android.systemui.shade.NotificationPanelViewController.setMotionAborted:18
04-07 14:46:15.248 D/QuickPanelLog( 4705):  - com.android.systemui.shade.NotificationPanelViewController.flingToHeight:656
04-07 14:46:15.248 D/QuickPanelLog( 4705):  - com.android.systemui.shade.NotificationPanelViewController.fling:4
04-07 14:46:15.248 D/QuickPanelLog( 4705):  - com.android.systemui.shade.NotificationPanelViewController.-$$Nest$mendMotionEvent:590
04-07 14:46:15.248 D/QuickPanelLog( 4705):  - com.android.systemui.shade.NotificationPanelViewController$TouchHandler.handleTouch$1:726
04-07 14:46:15.248 D/QuickPanelLog( 4705):  - com.android.systemui.shade.NotificationPanelViewController$TouchHandler.onTouchEvent:2659
04-07 14:46:15.248 D/QuickPanelLog( 4705):  - com.android.systemui.shade.NotificationPanelViewController.handleExternalTouch:7
04-07 14:46:15.248 D/QuickPanelLog( 4705):  - com.android.systemui.shade.NotificationShadeWindowView.onTouchEvent:546
04-07 14:46:15.248 D/QuickPanelLog( 4705):  - com.android.systemui.statusbar.phone.CentralSurfacesImpl$$ExternalSyntheticLambda36.onTouch:93
04-07 14:46:15.248 D/QuickPanelLog( 4705):  - android.view.View.performOnTouchCallback:17224
04-07 14:46:15.248 D/QuickPanelLog( 4705): NPVC | onTrackingStopped: expand: false, isTracking(): true -> false
04-07 14:46:15.248 D/QuickPanelLog( 4705):  - com.android.systemui.shade.NotificationPanelViewController.onTrackingStopped:47
04-07 14:46:15.248 D/QuickPanelLog( 4705):  - com.android.systemui.shade.NotificationPanelViewController.-$$Nest$mendMotionEvent:593
04-07 14:46:15.248 D/QuickPanelLog( 4705):  - com.android.systemui.shade.NotificationPanelViewController$TouchHandler.handleTouch$1:726
04-07 14:46:15.248 D/QuickPanelLog( 4705):  - com.android.systemui.shade.NotificationPanelViewController$TouchHandler.onTouchEvent:2659
04-07 14:46:15.248 D/QuickPanelLog( 4705):  - com.android.systemui.shade.NotificationPanelViewController.handleExternalTouch:7
04-07 14:46:15.248 D/QuickPanelLog( 4705):  - com.android.systemui.shade.NotificationShadeWindowView.onTouchEvent:546
04-07 14:46:15.248 D/QuickPanelLog( 4705):  - com.android.systemui.statusbar.phone.CentralSurfacesImpl$$ExternalSyntheticLambda36.onTouch:93
04-07 14:46:15.248 D/QuickPanelLog( 4705):  - android.view.View.performOnTouchCallback:17224
04-07 14:46:15.248 D/QuickPanelLog( 4705):  - android.view.View.dispatchTouchEvent:17187
04-07 14:46:15.248 D/QuickPanelLog( 4705):  - android.view.ViewGroup.dispatchTransformedTouchEvent:3365
04-07 14:46:15.576 D/CollapsedStatusBarFragmentExt( 4705): com.android.systemui.statusbar.phone.fragment.CollapsedStatusBarFragment.disable:71 com.android.systemui.statusbar.CommandQueue$H.handleMessage:2997 com.android.systemui.statusbar.CommandQueue.disable:12 com.android.systemui.statusbar.CommandQueue.recomputeDisableFlags:77 com.android.systemui.shade.NotificationPanelViewController.updateExpandedHeight:194 com.android.systemui.shade.NotificationPanelViewController$$ExternalSyntheticLambda48.run:536 
04-07 14:46:15.578 D/QSMumButton( 4705): needToBeVisible() result: false [MumSetting: false = (TwoPhoneSetting: false || (somethingInDetail(1): true && Pref: false && Settings: false)), !DEX-(DeviceState: true, !DesktopManager: true, !mIsDexEnablingOrEnabled: true) Panel-mExpanded: false, !isEmergencyMode: true, isUserEnabled: true, !isKioskModeEnabled: true, !isDisallowUserSwitch = true
04-07 14:46:15.593 D/QuickPanelLog( 4705): SC | makeExpandedInvisible
04-07 14:46:15.593 D/QuickPanelLog( 4705):  - com.android.systemui.shade.ShadeControllerImpl.makeExpandedInvisible:22
04-07 14:46:15.593 D/QuickPanelLog( 4705):  - com.android.systemui.statusbar.phone.CentralSurfacesImpl$$ExternalSyntheticLambda30.run:90
04-07 14:46:15.593 D/QuickPanelLog( 4705):  - android.os.Handler.handleCallback:995
04-07 14:46:15.593 D/QuickPanelLog( 4705):  - android.os.Handler.dispatchMessage:103
04-07 14:46:15.593 D/QuickPanelLog( 4705):  - android.os.Looper.loopOnce:273
04-07 14:46:15.593 D/QuickPanelLog( 4705):  - android.os.Looper.loop:363
04-07 14:46:15.593 D/QuickPanelLog( 4705):  - android.app.ActivityThread.main:10060
04-07 14:46:15.593 D/QuickPanelLog( 4705):  - java.lang.reflect.Method.invoke:-2
04-07 14:46:15.593 D/QuickPanelLog( 4705):  - com.android.internal.os.RuntimeInit$MethodAndArgsCaller.run:632
04-07 14:46:15.593 D/QuickPanelLog( 4705):  - com.android.internal.os.ZygoteInit.main:975
04-07 14:46:15.593 D/Tile.MobileDataTile( 4705): unregisterPhoneStateListener
04-07 14:46:15.593 D/QuickPanelLog( 4705): QSCI | setExpanded: expanded: false, getMinExpansionHeight(): 317, getMaxExpansionHeight(): 2205, mStackScrollerOverscrolling: false, mAnimatorExpand: false, mAnimating: false
04-07 14:46:15.593 D/QuickPanelLog( 4705):  - com.android.systemui.shade.QuickSettingsControllerImpl.setExpanded:188
04-07 14:46:15.593 D/QuickPanelLog( 4705):  - com.android.systemui.shade.QuickSettingsControllerImpl.setExpansionHeight:177
04-07 14:46:15.593 D/QuickPanelLog( 4705):  - com.android.systemui.shade.QuickSettingsControllerImpl.closeQs:11
04-07 14:46:15.593 D/QuickPanelLog( 4705):  - com.android.systemui.shade.NotificationPanelViewController.closeQsIfPossible:52
04-07 14:46:15.593 D/QuickPanelLog( 4705):  - com.android.systemui.shade.NotificationPanelViewController.resetViews:13
04-07 14:46:15.593 D/QuickPanelLog( 4705):  - com.android.systemui.shade.NotificationPanelViewController.collapse:3
04-07 14:46:15.593 D/QuickPanelLog( 4705):  - com.android.systemui.shade.ShadeControllerImpl.makeExpandedInvisible:29
04-07 14:46:15.593 D/QuickPanelLog( 4705):  - com.android.systemui.statusbar.phone.CentralSurfacesImpl$$ExternalSyntheticLambda30.run:90
04-07 14:46:15.593 D/QuickPanelLog( 4705):  - android.os.Handler.handleCallback:995
04-07 14:46:15.593 D/QuickPanelLog( 4705):  - android.os.Handler.dispatchMessage:103
04-07 14:46:15.593 D/ScrimController( 4705): setScrimAlphaForKeyguard isWhiteWallpaper() = false bouncerScrimAlpha = 0.3 mScrimBouncerColor = #ff000000 callers = com.android.systemui.statusbar.phone.SecLsScrimControlHelper.setQsExpandedOnNightMode:50 
04-07 14:46:15.595 D/Tile.CustomTile( 4705): handleSetListening  false  initialized=true  isTileReady=true  getTileSpec() = custom(com.samsung.android.mdx/.windowslink.tileservice.SeYourPhoneTileService)
04-07 14:46:15.595 D/TileLifecycleManager( 4705): onStopListening ComponentInfo{com.samsung.android.mdx/com.samsung.android.mdx.windowslink.tileservice.SeYourPhoneTileService}
04-07 14:46:15.622 V/InputMethodManagerService( 3111): startInputOrWindowGainedFocusInternalLocked: reason=WINDOW_FOCUS_GAIN client=android.os.BinderProxy@b29a9f6 inputContext=null editorInfo=android.view.inputmethod.EditorInfo@a974a8 startInputFlags=VIEW_HAS_FOCUS|INITIAL_CONNECTION softInputMode=STATE_UNSPECIFIED|ADJUST_RESIZE windowFlags=#81810100 unverifiedTargetSdkVersion=36 bindingController=com.android.server.inputmethod.InputMethodBindingController@7cd240b imeDispatcher=android.window.ImeOnBackInvokedDispatcher@ba20bc1 cs=ClientState{93b9690 mUid=10281 mPid=17340 mSelfReportedDisplayId=0} imeRequestedVisible=false
04-07 14:46:19.479 D/FreecessHandler( 3111): freeze com.shapepro.fitness(10411) result : 2
04-07 14:46:24.713 D/QuickPanelLog( 4705): QSCI | setTracking: false -> false
04-07 14:46:24.713 D/QuickPanelLog( 4705):  - com.android.systemui.shade.QuickSettingsControllerImpl.setTracking:47
04-07 14:46:24.713 D/QuickPanelLog( 4705):  - com.android.systemui.shade.QuickSettingsControllerImpl.handleTouch:263
04-07 14:46:24.713 D/QuickPanelLog( 4705):  - com.android.systemui.shade.NotificationPanelViewController$TouchHandler.onTouchEvent:2053
04-07 14:46:24.713 D/QuickPanelLog( 4705):  - com.android.systemui.shade.NotificationPanelViewController.handleExternalTouch:7
04-07 14:46:24.713 D/QuickPanelLog( 4705):  - com.android.systemui.statusbar.phone.PhoneStatusBarView.onTouchEvent:178
04-07 14:46:24.713 D/QuickPanelLog( 4705):  - android.view.View.performOnTouchCallback:17234
04-07 14:46:24.713 D/QuickPanelLog( 4705):  - android.view.View.dispatchTouchEvent:17187
04-07 14:46:24.713 D/QuickPanelLog( 4705):  - android.view.ViewGroup.dispatchTransformedTouchEvent:3365
04-07 14:46:24.713 D/QuickPanelLog( 4705):  - android.view.ViewGroup.dispatchTouchEvent:3032
04-07 14:46:24.713 D/QuickPanelLog( 4705):  - android.view.ViewGroup.dispatchTransformedTouchEvent:3371
04-07 14:46:24.714 D/SecPanelSplitHelper( 4705): slide ( SHADE_STATE )
04-07 14:46:24.714 D/SecPanelSplitHelper( 4705):  - com.android.systemui.shade.SecPanelSplitHelper.shouldQSDown:267
04-07 14:46:24.714 D/SecPanelSplitHelper( 4705):  - com.android.systemui.shade.QuickSettingsControllerImpl.isOpenQsEvent:88
04-07 14:46:24.714 D/SecPanelSplitHelper( 4705):  - com.android.systemui.shade.QuickSettingsControllerImpl.handleTouch:722
04-07 14:46:24.714 D/SecPanelSplitHelper( 4705):  - com.android.systemui.shade.NotificationPanelViewController$TouchHandler.onTouchEvent:2053
04-07 14:46:24.714 D/SecPanelSplitHelper( 4705):  - com.android.systemui.shade.NotificationPanelViewController.handleExternalTouch:7
04-07 14:46:24.714 D/SecPanelSplitHelper( 4705):  - com.android.systemui.statusbar.phone.PhoneStatusBarView.onTouchEvent:178
04-07 14:46:24.714 D/SecPanelSplitHelper( 4705):  - android.view.View.performOnTouchCallback:17234
04-07 14:46:24.714 D/SecPanelSplitHelper( 4705):  - android.view.View.dispatchTouchEvent:17187
04-07 14:46:24.714 D/SecPanelSplitHelper( 4705):  - android.view.ViewGroup.dispatchTransformedTouchEvent:3365
04-07 14:46:24.714 D/SecPanelSplitHelper( 4705):  - android.view.ViewGroup.dispatchTouchEvent:3032
04-07 14:46:24.765 D/QuickPanelLog( 4705): NPVC | onTrackingStarted: isTracking(): false -> true
04-07 14:46:24.765 D/QuickPanelLog( 4705):  - com.android.systemui.shade.NotificationPanelViewController.onTrackingStarted:31
04-07 14:46:24.765 D/QuickPanelLog( 4705):  - com.android.systemui.shade.NotificationPanelViewController$TouchHandler.handleTouch$1:592
04-07 14:46:24.765 D/QuickPanelLog( 4705):  - com.android.systemui.shade.NotificationPanelViewController$TouchHandler.onTouchEvent:2659
04-07 14:46:24.765 D/QuickPanelLog( 4705):  - com.android.systemui.shade.NotificationPanelViewController.handleExternalTouch:7
04-07 14:46:24.765 D/QuickPanelLog( 4705):  - com.android.systemui.statusbar.phone.PhoneStatusBarView.onTouchEvent:178
04-07 14:46:24.765 D/QuickPanelLog( 4705):  - android.view.View.performOnTouchCallback:17234
04-07 14:46:24.765 D/QuickPanelLog( 4705):  - android.view.View.dispatchTouchEvent:17187
04-07 14:46:24.765 D/QuickPanelLog( 4705):  - android.view.ViewGroup.dispatchTransformedTouchEvent:3365
04-07 14:46:24.765 D/QuickPanelLog( 4705):  - android.view.ViewGroup.dispatchTouchEvent:3032
04-07 14:46:24.765 D/QuickPanelLog( 4705):  - android.view.ViewGroup.dispatchTransformedTouchEvent:3371
04-07 14:46:24.767 D/QuickPanelLog( 4705): SC | makeExpandedVisible: force: false
04-07 14:46:24.767 D/QuickPanelLog( 4705):  - com.android.systemui.shade.ShadeControllerImpl.makeExpandedVisible:80
04-07 14:46:24.767 D/QuickPanelLog( 4705):  - com.android.systemui.shade.NotificationPanelViewController$$ExternalSyntheticLambda6.onPanelStateChanged$2:121
04-07 14:46:24.767 D/QuickPanelLog( 4705):  - com.android.systemui.shade.ShadeExpansionStateManager.updateStateInternal:51
04-07 14:46:24.767 D/QuickPanelLog( 4705):  - com.android.systemui.shade.NotificationPanelViewController.updateExpansionAndVisibility:40
04-07 14:46:24.767 D/QuickPanelLog( 4705):  - com.android.systemui.shade.NotificationPanelViewController.onTrackingStarted:61
04-07 14:46:24.767 D/QuickPanelLog( 4705):  - com.android.systemui.shade.NotificationPanelViewController$TouchHandler.handleTouch$1:592
04-07 14:46:24.767 D/QuickPanelLog( 4705):  - com.android.systemui.shade.NotificationPanelViewController$TouchHandler.onTouchEvent:2659
04-07 14:46:24.767 D/QuickPanelLog( 4705):  - com.android.systemui.shade.NotificationPanelViewController.handleExternalTouch:7
04-07 14:46:24.767 D/QuickPanelLog( 4705):  - com.android.systemui.statusbar.phone.PhoneStatusBarView.onTouchEvent:178
04-07 14:46:24.767 D/QuickPanelLog( 4705):  - android.view.View.performOnTouchCallback:17234
04-07 14:46:24.776 D/QuickPanelLog( 4705): NPVC | updateExpansionAndVisibility: mExpandedFraction: 0.0, mInstantExpanding: false, isPanelVisibleBecauseOfHeadsUp: false, isTracking(): true, mIsSpringBackAnimation: false, isExpanded: true, isFullyExpanded: false, isFullyCollapsed: true, mHeightAnimator is null: true
04-07 14:46:24.776 D/QuickPanelLog( 4705):  - com.android.systemui.shade.NotificationPanelViewController.updateExpansionAndVisibility:350
04-07 14:46:24.776 D/QuickPanelLog( 4705):  - com.android.systemui.shade.NotificationPanelViewController.onTrackingStarted:61
04-07 14:46:24.776 D/QuickPanelLog( 4705):  - com.android.systemui.shade.NotificationPanelViewController$TouchHandler.handleTouch$1:592
04-07 14:46:24.776 D/QuickPanelLog( 4705):  - com.android.systemui.shade.NotificationPanelViewController$TouchHandler.onTouchEvent:2659
04-07 14:46:24.776 D/QuickPanelLog( 4705):  - com.android.systemui.shade.NotificationPanelViewController.handleExternalTouch:7
04-07 14:46:24.776 D/QuickPanelLog( 4705):  - com.android.systemui.statusbar.phone.PhoneStatusBarView.onTouchEvent:178
04-07 14:46:24.776 D/QuickPanelLog( 4705):  - android.view.View.performOnTouchCallback:17234
04-07 14:46:24.776 D/QuickPanelLog( 4705):  - android.view.View.dispatchTouchEvent:17187
04-07 14:46:24.776 D/QuickPanelLog( 4705):  - android.view.ViewGroup.dispatchTransformedTouchEvent:3365
04-07 14:46:24.776 D/QuickPanelLog( 4705):  - android.view.ViewGroup.dispatchTouchEvent:3032
04-07 14:46:24.777 D/CollapsedStatusBarFragmentExt( 4705): com.android.systemui.statusbar.phone.fragment.CollapsedStatusBarFragment.disable:71 com.android.systemui.statusbar.CommandQueue$H.handleMessage:2997 com.android.systemui.statusbar.CommandQueue.disable:12 com.android.systemui.statusbar.CommandQueue.recomputeDisableFlags:77 com.android.systemui.shade.NotificationPanelViewController.updateExpandedHeight:194 com.android.systemui.shade.NotificationPanelViewController$$ExternalSyntheticLambda48.run:536 
04-07 14:46:24.780 D/QSMumButton( 4705): needToBeVisible() result: false [MumSetting: false = (TwoPhoneSetting: false || (somethingInDetail(1): true && Pref: false && Settings: false)), !DEX-(DeviceState: true, !DesktopManager: true, !mIsDexEnablingOrEnabled: true) Panel-mExpanded: false, !isEmergencyMode: true, isUserEnabled: true, !isKioskModeEnabled: true, !isDisallowUserSwitch = true
04-07 14:46:24.791 D/ScrimController( 4705): setScrimAlphaForKeyguard isWhiteWallpaper() = false bouncerScrimAlpha = 0.75 mScrimBouncerColor = #ff000000 callers = com.android.systemui.statusbar.phone.SecLsScrimControlHelper.setQsExpandedOnNightMode:50 
04-07 14:46:24.844 D/QuickPanelLog( 4705): NPVC | flingToHeight: vel: 8997.584, expand: true, target: 1161.0, collapseSpeedUpFactor: 1.0, expandBecauseOfFalsing: false, mExpandedHeight: 551.29395, mOverExpansion: 0.0, mIsFling: false
04-07 14:46:24.844 D/QuickPanelLog( 4705):  - com.android.systemui.shade.NotificationPanelViewController.flingToHeight:106
04-07 14:46:24.844 D/QuickPanelLog( 4705):  - com.android.systemui.shade.NotificationPanelViewController.fling:4
04-07 14:46:24.844 D/QuickPanelLog( 4705):  - com.android.systemui.shade.NotificationPanelViewController.-$$Nest$mendMotionEvent:590
04-07 14:46:24.844 D/QuickPanelLog( 4705):  - com.android.systemui.shade.NotificationPanelViewController$TouchHandler.handleTouch$1:726
04-07 14:46:24.844 D/QuickPanelLog( 4705):  - com.android.systemui.shade.NotificationPanelViewController$TouchHandler.onTouchEvent:2659
04-07 14:46:24.844 D/QuickPanelLog( 4705):  - com.android.systemui.shade.NotificationPanelViewController.handleExternalTouch:7
04-07 14:46:24.844 D/QuickPanelLog( 4705):  - com.android.systemui.statusbar.phone.PhoneStatusBarView.onTouchEvent:178
04-07 14:46:24.844 D/QuickPanelLog( 4705):  - android.view.View.performOnTouchCallback:17234
04-07 14:46:24.844 D/QuickPanelLog( 4705):  - android.view.View.dispatchTouchEvent:17187
04-07 14:46:24.844 D/QuickPanelLog( 4705):  - android.view.ViewGroup.dispatchTransformedTouchEvent:3365
04-07 14:46:24.845 D/QuickPanelLog( 4705): NPVC | setMotionAborted
04-07 14:46:24.845 D/QuickPanelLog( 4705):  - com.android.systemui.shade.NotificationPanelViewController.setMotionAborted:18
04-07 14:46:24.845 D/QuickPanelLog( 4705):  - com.android.systemui.shade.NotificationPanelViewController.flingToHeight:656
04-07 14:46:24.845 D/QuickPanelLog( 4705):  - com.android.systemui.shade.NotificationPanelViewController.fling:4
04-07 14:46:24.845 D/QuickPanelLog( 4705):  - com.android.systemui.shade.NotificationPanelViewController.-$$Nest$mendMotionEvent:590
04-07 14:46:24.845 D/QuickPanelLog( 4705):  - com.android.systemui.shade.NotificationPanelViewController$TouchHandler.handleTouch$1:726
04-07 14:46:24.845 D/QuickPanelLog( 4705):  - com.android.systemui.shade.NotificationPanelViewController$TouchHandler.onTouchEvent:2659
04-07 14:46:24.845 D/QuickPanelLog( 4705):  - com.android.systemui.shade.NotificationPanelViewController.handleExternalTouch:7
04-07 14:46:24.845 D/QuickPanelLog( 4705):  - com.android.systemui.statusbar.phone.PhoneStatusBarView.onTouchEvent:178
04-07 14:46:24.845 D/QuickPanelLog( 4705):  - android.view.View.performOnTouchCallback:17234
04-07 14:46:24.845 D/QuickPanelLog( 4705):  - android.view.View.dispatchTouchEvent:17187
04-07 14:46:24.845 D/QuickPanelLog( 4705): NPVC | onTrackingStopped: expand: true, isTracking(): true -> false
04-07 14:46:24.845 D/QuickPanelLog( 4705):  - com.android.systemui.shade.NotificationPanelViewController.onTrackingStopped:47
04-07 14:46:24.845 D/QuickPanelLog( 4705):  - com.android.systemui.shade.NotificationPanelViewController.-$$Nest$mendMotionEvent:593
04-07 14:46:24.845 D/QuickPanelLog( 4705):  - com.android.systemui.shade.NotificationPanelViewController$TouchHandler.handleTouch$1:726
04-07 14:46:24.845 D/QuickPanelLog( 4705):  - com.android.systemui.shade.NotificationPanelViewController$TouchHandler.onTouchEvent:2659
04-07 14:46:24.845 D/QuickPanelLog( 4705):  - com.android.systemui.shade.NotificationPanelViewController.handleExternalTouch:7
04-07 14:46:24.845 D/QuickPanelLog( 4705):  - com.android.systemui.statusbar.phone.PhoneStatusBarView.onTouchEvent:178
04-07 14:46:24.845 D/QuickPanelLog( 4705):  - android.view.View.performOnTouchCallback:17234
04-07 14:46:24.845 D/QuickPanelLog( 4705):  - android.view.View.dispatchTouchEvent:17187
04-07 14:46:24.845 D/QuickPanelLog( 4705):  - android.view.ViewGroup.dispatchTransformedTouchEvent:3365
04-07 14:46:24.845 D/QuickPanelLog( 4705):  - android.view.ViewGroup.dispatchTouchEvent:3032
04-07 14:46:25.065 D/QSMumButton( 4705): needToBeVisible() result: false [MumSetting: false = (TwoPhoneSetting: false || (somethingInDetail(1): true && Pref: false && Settings: false)), !DEX-(DeviceState: true, !DesktopManager: true, !mIsDexEnablingOrEnabled: true) Panel-mExpanded: false, !isEmergencyMode: true, isUserEnabled: true, !isKioskModeEnabled: true, !isDisallowUserSwitch = true
04-07 14:46:25.347 D/Tile.MobileDataTile( 4705): registerPhoneStateListener
04-07 14:46:25.348 D/Tile.CustomTile( 4705): handleSetListening  true  initialized=true  isTileReady=true  getTileSpec() = custom(com.samsung.android.mdx/.windowslink.tileservice.SeYourPhoneTileService)
04-07 14:46:25.353 D/GMR     ( 3111): bg_async : 22069 com.shapepro.fitness 700->900 state:15->15
04-07 14:46:25.354 D/PerProcessNandswap$NandswapMsgHandler( 3111): startNandswapProcess to-delay Cached-ppn com.shapepro.fitness
04-07 14:46:25.365 D/SecQSCommonTileView( 4705): handleStateChanged state.spec = custom(com.samsung.android.mdx/.windowslink.tileservice.SeYourPhoneTileService), parent = LabelTileView{@9fbcfaa, #7f0a0df0, app:id/tile_label V, label = @9fbcfaa, #7f0a0df0, app:id/tile_label V, iconFrame = @f9679b V, icon = @4a48738 V, common = @890d311}, labelContainer = @24ba295, #7f0a0661, app:id/label_group V, label = @9fbcfaa, #7f0a0df0, app:id/tile_label V, iconFrame = @f9679b V, icon = @4a48738 V, common = @890d311
04-07 14:46:25.365 D/SecQSCommonTileView( 4705): handleStateChanged state.spec = custom(com.samsung.android.mdx/.windowslink.tileservice.SeYourPhoneTileService), parent = LabelTileView{@9fbcfaa, #7f0a0df0, app:id/tile_label V, label = @9fbcfaa, #7f0a0df0, app:id/tile_label V, iconFrame = @f9679b V, icon = @4a48738 V, common = @890d311}, labelContainer = @24ba295, #7f0a0661, app:id/label_group V, label = @9fbcfaa, #7f0a0df0, app:id/tile_label V, iconFrame = @f9679b V, icon = @4a48738 V, common = @890d311
04-07 14:46:25.366 D/SecQSCommonTileView( 4705): handleStateChanged state.spec = custom(com.samsung.android.mdx/.windowslink.tileservice.SeYourPhoneTileService), parent = LabelTileView{@9fbcfaa, #7f0a0df0, app:id/tile_label V, label = @9fbcfaa, #7f0a0df0, app:id/tile_label V, iconFrame = @f9679b V, icon = @4a48738 V, common = @890d311}, labelContainer = @24ba295, #7f0a0661, app:id/label_group V, label = @9fbcfaa, #7f0a0df0, app:id/tile_label V, iconFrame = @f9679b V, icon = @4a48738 V, common = @890d311
04-07 14:46:25.486 D/FreecessHandler( 3111): freeze com.shapepro.fitness(10411) result : 2
04-07 14:46:25.510 D/QuickPanelLog( 4705): NPVC | onTrackingStarted: isTracking(): false -> true
