04-07 15:34:34.696 W/PresentationStatsEventLogger( 3111): Bad view state for: -1, state: ViewState: [id=1073741824@1732050922, state:d008, currentValue:android.view.autofill.AutofillValue@89606638]
04-07 15:34:34.828 W/PresentationStatsEventLogger( 3111): Bad view state for: -1, state: ViewState: [id=1073741824@1732050922, state:d008, currentValue:android.view.autofill.AutofillValue@46e7689]
04-07 15:34:35.030 W/PresentationStatsEventLogger( 3111): Bad view state for: -1, state: ViewState: [id=1073741824@1732050922, state:d008, currentValue:android.view.autofill.AutofillValue@24980f]
04-07 15:34:35.369 W/PresentationStatsEventLogger( 3111): Bad view state for: -1, state: ViewState: [id=1073741824@1732050922, state:d008, currentValue:android.view.autofill.AutofillValue@17929e36]
04-07 15:34:35.469 W/PresentationStatsEventLogger( 3111): Bad view state for: -1, state: ViewState: [id=1073741824@1732050922, state:d008, currentValue:android.view.autofill.AutofillValue@dc7718d3]
04-07 15:34:35.721 W/PresentationStatsEventLogger( 3111): Bad view state for: -1, state: ViewState: [id=1073741824@1732050922, state:d008, currentValue:android.view.autofill.AutofillValue@1dc7c86a]
04-07 15:34:35.935 W/PresentationStatsEventLogger( 3111): Bad view state for: -1, state: ViewState: [id=1073741824@1732050922, state:d008, currentValue:android.view.autofill.AutofillValue@9ac1d835]
04-07 15:34:36.065 W/PresentationStatsEventLogger( 3111): Bad view state for: -1, state: ViewState: [id=1073741824@1732050922, state:d008, currentValue:android.view.autofill.AutofillValue@a2abc037]
04-07 15:34:36.195 W/PresentationStatsEventLogger( 3111): Bad view state for: -1, state: ViewState: [id=1073741824@1732050922, state:d008, currentValue:android.view.autofill.AutofillValue@896060a6]
04-07 15:34:36.360 W/PresentationStatsEventLogger( 3111): Bad view state for: -1, state: ViewState: [id=1073741824@1732050922, state:d008, currentValue:android.view.autofill.AutofillValue@46e764b]
04-07 15:34:36.618 W/PresentationStatsEventLogger( 3111): Bad view state for: -1, state: ViewState: [id=1073741824@1732050922, state:d008, currentValue:android.view.autofill.AutofillValue@5c9f4754]
04-07 15:34:36.885 W/PresentationStatsEventLogger( 3111): Bad view state for: -1, state: ViewState: [id=1073741824@1732050922, state:d008, currentValue:android.view.autofill.AutofillValue@c016807c]
04-07 15:34:37.034 W/PresentationStatsEventLogger( 3111): Bad view state for: -1, state: ViewState: [id=1073741824@1732050922, state:d008, currentValue:android.view.autofill.AutofillValue@15db02cf]
04-07 15:34:37.227 W/PresentationStatsEventLogger( 3111): Bad view state for: -1, state: ViewState: [id=1073741824@1732050922, state:d008, currentValue:android.view.autofill.AutofillValue@a2abb7dc]
04-07 15:34:37.378 W/PresentationStatsEventLogger( 3111): Bad view state for: -1, state: ViewState: [id=1073741824@1732050922, state:d008, currentValue:android.view.autofill.AutofillValue@896060a6]
04-07 15:34:37.543 W/PresentationStatsEventLogger( 3111): Bad view state for: -1, state: ViewState: [id=1073741824@1732050922, state:d008, currentValue:android.view.autofill.AutofillValue@46e764b]
04-07 15:34:37.758 W/PresentationStatsEventLogger( 3111): Bad view state for: -1, state: ViewState: [id=1073741824@1732050922, state:d008, currentValue:android.view.autofill.AutofillValue@94de5a99]
04-07 15:34:38.148 W/PresentationStatsEventLogger( 3111): Bad view state for: -1, state: ViewState: [id=1073741824@1732050922, state:d008, currentValue:android.view.autofill.AutofillValue@9581c900]
04-07 15:34:38.513 W/PresentationStatsEventLogger( 3111): Bad view state for: -1, state: ViewState: [id=1073741824@1732050922, state:d008, currentValue:android.view.autofill.AutofillValue@f16661e]
04-07 15:34:38.623 W/PresentationStatsEventLogger( 3111): Bad view state for: -1, state: ViewState: [id=1073741824@1732050922, state:d008, currentValue:android.view.autofill.AutofillValue@dcee0f0b]
04-07 15:34:38.844 W/PresentationStatsEventLogger( 3111): Bad view state for: -1, state: ViewState: [id=1073741824@1732050922, state:d008, currentValue:android.view.autofill.AutofillValue@dcec1c0a]
04-07 15:34:39.066 W/PresentationStatsEventLogger( 3111): Bad view state for: -1, state: ViewState: [id=1073741824@1732050922, state:d008, currentValue:android.view.autofill.AutofillValue@f03f79f8]
04-07 15:34:39.313 W/PresentationStatsEventLogger( 3111): Bad view state for: -1, state: ViewState: [id=1073741824@1732050922, state:d008, currentValue:android.view.autofill.AutofillValue@e2ea3564]
04-07 15:34:39.539 W/PresentationStatsEventLogger( 3111): Bad view state for: -1, state: ViewState: [id=1073741824@1732050922, state:d008, currentValue:android.view.autofill.AutofillValue@f541fe55]
04-07 15:34:39.729 W/PresentationStatsEventLogger( 3111): Bad view state for: -1, state: ViewState: [id=1073741824@1732050922, state:d008, currentValue:android.view.autofill.AutofillValue@81b4fd49]
04-07 15:34:40.012 W/PresentationStatsEventLogger( 3111): Bad view state for: -1, state: ViewState: [id=1073741824@1732050922, state:d008, currentValue:android.view.autofill.AutofillValue@f6c1233a]
04-07 15:34:40.295 W/PresentationStatsEventLogger( 3111): Bad view state for: -1, state: ViewState: [id=1073741824@1732050922, state:d008, currentValue:android.view.autofill.AutofillValue@f8d16963]
04-07 15:34:40.494 W/PresentationStatsEventLogger( 3111): Bad view state for: -1, state: ViewState: [id=1073741824@1732050922, state:d008, currentValue:android.view.autofill.AutofillValue@983a0d27]
04-07 15:34:40.769 W/PresentationStatsEventLogger( 3111): Bad view state for: -1, state: ViewState: [id=1073741824@1732050922, state:d008, currentValue:android.view.autofill.AutofillValue@38471e42]
04-07 15:34:41.038 W/PresentationStatsEventLogger( 3111): Bad view state for: -1, state: ViewState: [id=1073741824@1732050922, state:d008, currentValue:android.view.autofill.AutofillValue@aa013b60]
04-07 15:34:41.496 W/PresentationStatsEventLogger( 3111): Bad view state for: -1, state: ViewState: [id=1073741824@1732050922, state:d008, currentValue:android.view.autofill.AutofillValue@f126d08e]
04-07 15:34:41.711 W/PresentationStatsEventLogger( 3111): Bad view state for: -1, state: ViewState: [id=1073741824@1732050922, state:d008, currentValue:android.view.autofill.AutofillValue@ad8a4ec7]
04-07 15:34:41.887 W/PresentationStatsEventLogger( 3111): Bad view state for: -1, state: ViewState: [id=1073741824@1732050922, state:d008, currentValue:android.view.autofill.AutofillValue@3c9e075c]
04-07 15:34:42.136 W/PresentationStatsEventLogger( 3111): Bad view state for: -1, state: ViewState: [id=1073741824@1732050922, state:d008, currentValue:android.view.autofill.AutofillValue@a5242696]
04-07 15:34:42.320 W/PresentationStatsEventLogger( 3111): Bad view state for: -1, state: ViewState: [id=1073741824@1732050922, state:d008, currentValue:android.view.autofill.AutofillValue@849c462f]
04-07 15:34:42.534 W/PresentationStatsEventLogger( 3111): Bad view state for: -1, state: ViewState: [id=1073741824@1732050922, state:d008, currentValue:android.view.autofill.AutofillValue@db6aebb4]
04-07 15:34:42.811 W/PresentationStatsEventLogger( 3111): Bad view state for: -1, state: ViewState: [id=1073741824@1732050922, state:d008, currentValue:android.view.autofill.AutofillValue@a1814f26]
04-07 15:34:43.219 W/PresentationStatsEventLogger( 3111): Bad view state for: -1, state: ViewState: [id=1073741824@1732050922, state:d008, currentValue:android.view.autofill.AutofillValue@535b7d7]
04-07 15:34:43.276 W/PresentationStatsEventLogger( 3111): Bad view state for: -1, state: ViewState: [id=1073741824@1732050922, state:d008, currentValue:android.view.autofill.AutofillValue@f7e8f505]
04-07 15:34:43.330 W/PresentationStatsEventLogger( 3111): Bad view state for: -1, state: ViewState: [id=1073741824@1732050922, state:d008, currentValue:android.view.autofill.AutofillValue@94625a0a]
04-07 15:34:43.387 W/PresentationStatsEventLogger( 3111): Bad view state for: -1, state: ViewState: [id=1073741824@1732050922, state:d008, currentValue:android.view.autofill.AutofillValue@3655c077]
04-07 15:34:43.709 W/PresentationStatsEventLogger( 3111): Bad view state for: -1, state: ViewState: [id=1073741824@1732050922, state:d008, currentValue:android.view.autofill.AutofillValue@54555865]
04-07 15:34:44.382 W/PresentationStatsEventLogger( 3111): Bad view state for: -1, state: ViewState: [id=1073741824@1732050922, state:d008, currentValue:android.view.autofill.AutofillValue@c2693ecb]
04-07 15:34:44.443 W/ContextImpl( 3111): Calling a method in the system process without a qualified user: android.app.ContextImpl.sendBroadcast:1335 vendor.samsung.frameworks.codecsolution.Logging.insertDiagmonLog:14 vendor.samsung.frameworks.codecsolution.Logging.insertLog:6 vendor.samsung.frameworks.codecsolution.Logging.insertLog:1 vendor.samsung.frameworks.codecsolution.SehCodecSolutionService$1.handleMessage:24 
04-07 15:34:44.444 W/ContextImpl( 7412): Calling a method in the system process without a qualified user: android.app.ContextImpl.startService:2068 android.content.ContextWrapper.startService:872 android.content.ContextWrapper.startService:872 com.sec.android.diagmonagent.sa.receiver.CFLogReceiver.onReceive:56 android.app.ActivityThread.handleReceiver:5663 
04-07 15:34:44.891 W/ProcessStats( 3111): Tracking association SourceState{82ad6ea com.samsung.android.carkey/10123 ImpBg #4544189} whose proc state 6 is better than process ProcessState{5fbe706 com.skms.android.agent:remote/1000 pkg=com.skms.android.agent} proc state 15 (1 skipped)
04-07 15:34:44.931 W/PresentationStatsEventLogger( 3111): Bad view state for: -1, state: ViewState: [id=1073741824@1732050922, state:d008, currentValue:android.view.autofill.AutofillValue@357bbda1]
04-07 15:34:45.048 W/PresentationStatsEventLogger( 3111): Bad view state for: -1, state: ViewState: [id=1073741824@1732050922, state:d008, currentValue:android.view.autofill.AutofillValue@7b52ca60]
04-07 15:34:45.323 W/PresentationStatsEventLogger( 3111): Bad view state for: -1, state: ViewState: [id=1073741824@1732050922, state:d008, currentValue:android.view.autofill.AutofillValue@1c46b0b7]
04-07 15:34:45.513 W/PresentationStatsEventLogger( 3111): Bad view state for: -1, state: ViewState: [id=1073741824@1732050922, state:d008, currentValue:android.view.autofill.AutofillValue@b2e8383e]
04-07 15:34:45.622 W/PresentationStatsEventLogger( 3111): Bad view state for: -1, state: ViewState: [id=1073741824@1732050922, state:d008, currentValue:android.view.autofill.AutofillValue@fff50825]
04-07 15:34:45.984 W/PresentationStatsEventLogger( 3111): Bad view state for: -1, state: ViewState: [id=1073741824@1732050922, state:d008, currentValue:android.view.autofill.AutofillValue@a33627c5]
04-07 15:34:46.165 W/PresentationStatsEventLogger( 3111): Bad view state for: -1, state: ViewState: [id=1073741824@1732050922, state:d008, currentValue:android.view.autofill.AutofillValue@543cf58]
04-07 15:34:46.331 W/PresentationStatsEventLogger( 3111): Bad view state for: -1, state: ViewState: [id=1073741824@1732050922, state:d008, currentValue:android.view.autofill.AutofillValue@f7e96964]
04-07 15:34:47.004 W/PresentationStatsEventLogger( 3111): Bad view state for: -1, state: ViewState: [id=1073741824@1732050922, state:d008, currentValue:android.view.autofill.AutofillValue@ef60e5aa]
04-07 15:34:47.196 W/PresentationStatsEventLogger( 3111): Bad view state for: -1, state: ViewState: [id=1073741824@1732050922, state:d008, currentValue:android.view.autofill.AutofillValue@b9bf6374]
04-07 15:34:47.311 W/PresentationStatsEventLogger( 3111): Bad view state for: -1, state: ViewState: [id=1073741824@1732050922, state:d008, currentValue:android.view.autofill.AutofillValue@2c04f655]
04-07 15:34:47.505 W/PresentationStatsEventLogger( 3111): Bad view state for: -1, state: ViewState: [id=1073741824@1732050922, state:d008, currentValue:android.view.autofill.AutofillValue@1ec7776d]
04-07 15:34:47.772 W/PresentationStatsEventLogger( 3111): Bad view state for: -1, state: ViewState: [id=1073741824@1732050922, state:d008, currentValue:android.view.autofill.AutofillValue@fff812f0]
04-07 15:34:47.988 W/PresentationStatsEventLogger( 3111): Bad view state for: -1, state: ViewState: [id=1073741824@1732050922, state:d008, currentValue:android.view.autofill.AutofillValue@5588d924]
04-07 15:34:48.112 E/Watchdog( 3111): !@Sync: 36523 heap(MB): 173 / 208 FD: 2162 [2026-04-07 15:34:48.111]
04-07 15:34:48.188 W/PresentationStatsEventLogger( 3111): Bad view state for: -1, state: ViewState: [id=1073741824@1732050922, state:d008, currentValue:android.view.autofill.AutofillValue@13ebb0e7]
04-07 15:34:48.302 W/PresentationStatsEventLogger( 3111): Bad view state for: -1, state: ViewState: [id=1073741824@1732050922, state:d008, currentValue:android.view.autofill.AutofillValue@def71cfd]
04-07 15:34:48.554 W/PresentationStatsEventLogger( 3111): Bad view state for: -1, state: ViewState: [id=1073741824@1732050922, state:d008, currentValue:android.view.autofill.AutofillValue@5f9dab6a]
04-07 15:34:48.768 W/PresentationStatsEventLogger( 3111): Bad view state for: -1, state: ViewState: [id=1073741824@1732050922, state:d008, currentValue:android.view.autofill.AutofillValue@83c729a1]
04-07 15:34:48.888 W/PresentationStatsEventLogger( 3111): Bad view state for: -1, state: ViewState: [id=1073741824@1732050922, state:d008, currentValue:android.view.autofill.AutofillValue@9f0fbf56]
04-07 15:34:49.069 W/PresentationStatsEventLogger( 3111): Bad view state for: -1, state: ViewState: [id=1073741824@1732050922, state:d008, currentValue:android.view.autofill.AutofillValue@810081ab]
04-07 15:34:49.227 W/PresentationStatsEventLogger( 3111): Bad view state for: -1, state: ViewState: [id=1073741824@1732050922, state:d008, currentValue:android.view.autofill.AutofillValue@2d73a0a5]
04-07 15:34:49.435 W/PresentationStatsEventLogger( 3111): Bad view state for: -1, state: ViewState: [id=1073741824@1732050922, state:d008, currentValue:android.view.autofill.AutofillValue@53a33c09]
04-07 15:34:49.666 W/PresentationStatsEventLogger( 3111): Bad view state for: -1, state: ViewState: [id=1073741824@1732050922, state:d008, currentValue:android.view.autofill.AutofillValue@8b7ba6a2]
04-07 15:34:49.975 W/PresentationStatsEventLogger( 3111): Bad view state for: -1, state: ViewState: [id=1073741824@1732050922, state:d008, currentValue:android.view.autofill.AutofillValue@16ab0e82]
04-07 15:34:50.299 W/PresentationStatsEventLogger( 3111): Bad view state for: -1, state: ViewState: [id=1073741824@1732050922, state:d008, currentValue:android.view.autofill.AutofillValue@888b9bed]
04-07 15:34:50.515 W/PresentationStatsEventLogger( 3111): Bad view state for: -1, state: ViewState: [id=1073741824@1732050922, state:d008, currentValue:android.view.autofill.AutofillValue@b390c003]
04-07 15:34:50.714 W/PresentationStatsEventLogger( 3111): Bad view state for: -1, state: ViewState: [id=1073741824@1732050922, state:d008, currentValue:android.view.autofill.AutofillValue@43f27d50]
04-07 15:34:50.825 W/PresentationStatsEventLogger( 3111): Bad view state for: -1, state: ViewState: [id=1073741824@1732050922, state:d008, currentValue:android.view.autofill.AutofillValue@41aabaae]
04-07 15:34:50.896 W/PresentationStatsEventLogger( 3111): Bad view state for: -1, state: ViewState: [id=1073741824@1732050922, state:d008, currentValue:android.view.autofill.AutofillValue@cd0916ed]
04-07 15:34:51.411 W/PresentationStatsEventLogger( 3111): Bad view state for: -1, state: ViewState: [id=1073741824@1732050922, state:d008, currentValue:android.view.autofill.AutofillValue@1, candidateSaveValue:android.view.autofill.AutofillValue@cd0916ed]
04-07 15:34:51.742 W/ContextImpl( 3111): Calling a method in the system process without a qualified user: android.app.ContextImpl.sendBroadcast:1335 vendor.samsung.frameworks.codecsolution.Logging.insertDiagmonLog:14 vendor.samsung.frameworks.codecsolution.Logging.insertLog:6 vendor.samsung.frameworks.codecsolution.Logging.insertLog:1 vendor.samsung.frameworks.codecsolution.SehCodecSolutionService$1.handleMessage:24 
04-07 15:34:51.744 W/ContextImpl( 7412): Calling a method in the system process without a qualified user: android.app.ContextImpl.startService:2068 android.content.ContextWrapper.startService:872 android.content.ContextWrapper.startService:872 com.sec.android.diagmonagent.sa.receiver.CFLogReceiver.onReceive:56 android.app.ActivityThread.handleReceiver:5663 
04-07 15:34:52.951 W/PresentationStatsEventLogger( 3111): Bad view state for: -1, state: ViewState: [id=1073741824@1732050922, state:d008, currentValue:android.view.autofill.AutofillValue@81059ae3]
04-07 15:34:53.123 W/PresentationStatsEventLogger( 3111): Bad view state for: -1, state: ViewState: [id=1073741824@1732050922, state:d008, currentValue:android.view.autofill.AutofillValue@6d48db3d]
04-07 15:34:53.353 W/PresentationStatsEventLogger( 3111): Bad view state for: -1, state: ViewState: [id=1073741824@1732050922, state:d008, currentValue:android.view.autofill.AutofillValue@9661b830]
04-07 15:34:53.451 W/PresentationStatsEventLogger( 3111): Bad view state for: -1, state: ViewState: [id=1073741824@1732050922, state:d008, currentValue:android.view.autofill.AutofillValue@dda65471]
04-07 15:34:53.646 W/PresentationStatsEventLogger( 3111): Bad view state for: -1, state: ViewState: [id=1073741824@1732050922, state:d008, currentValue:android.view.autofill.AutofillValue@7ecb1db6]
04-07 15:34:53.787 W/PresentationStatsEventLogger( 3111): Bad view state for: -1, state: ViewState: [id=1073741824@1732050922, state:d008, currentValue:android.view.autofill.AutofillValue@be9d3fe5]
04-07 15:34:54.069 W/PresentationStatsEventLogger( 3111): Bad view state for: -1, state: ViewState: [id=1073741824@1732050922, state:d008, currentValue:android.view.autofill.AutofillValue@4f2be1d9]
04-07 15:34:54.443 W/PresentationStatsEventLogger( 3111): Bad view state for: -1, state: ViewState: [id=1073741824@1732050922, state:d008, currentValue:android.view.autofill.AutofillValue@166bb183]
04-07 15:34:54.561 W/PresentationStatsEventLogger( 3111): Bad view state for: -1, state: ViewState: [id=1073741824@1732050922, state:d008, currentValue:android.view.autofill.AutofillValue@ff26db86]
04-07 15:34:54.668 W/PresentationStatsEventLogger( 3111): Bad view state for: -1, state: ViewState: [id=1073741824@1732050922, state:d008, currentValue:android.view.autofill.AutofillValue@29d31a0d]
04-07 15:34:54.835 W/PresentationStatsEventLogger( 3111): Bad view state for: -1, state: ViewState: [id=1073741824@1732050922, state:d008, currentValue:android.view.autofill.AutofillValue@2dd08c26]
04-07 15:34:55.289 W/PresentationStatsEventLogger( 3111): Bad view state for: -1, state: ViewState: [id=1073741824@1732050922, state:d008, currentValue:android.view.autofill.AutofillValue@1, candidateSaveValue:android.view.autofill.AutofillValue@2dd08c26]
04-07 15:34:55.638 W/ContextImpl( 3111): Calling a method in the system process without a qualified user: android.app.ContextImpl.sendBroadcast:1335 vendor.samsung.frameworks.codecsolution.Logging.insertDiagmonLog:14 vendor.samsung.frameworks.codecsolution.Logging.insertLog:6 vendor.samsung.frameworks.codecsolution.Logging.insertLog:1 vendor.samsung.frameworks.codecsolution.SehCodecSolutionService$1.handleMessage:24 
04-07 15:34:55.640 W/ContextImpl( 7412): Calling a method in the system process without a qualified user: android.app.ContextImpl.startService:2068 android.content.ContextWrapper.startService:872 android.content.ContextWrapper.startService:872 com.sec.android.diagmonagent.sa.receiver.CFLogReceiver.onReceive:56 android.app.ActivityThread.handleReceiver:5663 
04-07 15:34:56.572 W/BLASTSyncEngine( 3111): setSyncMethod, id=62102, method=0, caller=com.android.server.wm.TransitionController.moveToCollecting:91 com.android.server.wm.TransitionController.createTransition:46 com.android.server.wm.TransitionController.requestCloseTransitionIfNeeded:73 
04-07 15:34:57.042 E/WindowManager( 3111): win=Window{8ec5c5d u0 InputMethod} destroySurfaces: appStopped=true cleanupOnResume=false win.mWindowRemovalAllowed=false win.mRemoveOnExit=false win.mViewVisibility=8 caller=com.android.server.wm.WindowManagerService.tryStartExitingAnimation:134 com.android.server.wm.WindowManagerService.relayoutWindow:1138 com.android.server.wm.Session.relayout:27 android.view.IWindowSession$Stub.onTransact:829 com.android.server.wm.Session.onTransact:1 android.os.Binder.execTransactInternal:1457 android.os.Binder.execTransact:1401 
04-07 15:34:57.072 W/PresentationStatsEventLogger( 3111): Empty dataset. Autofill ignoring log
04-07 15:34:57.078 W/FillRequestEventLogger( 3111): Shouldn't be logging AutofillFillRequestReported again for same event
04-07 15:34:57.078 W/FillResponseEventLogger( 3111): Shouldn't be logging AutofillFillRequestReported again for same event
04-07 15:34:57.078 W/PresentationStatsEventLogger( 3111): Shouldn't be logging AutofillPresentationEventReported again for same event
04-07 15:34:57.092 W/ProcessStats( 3111): Tracking association SourceState{f90b2aa com.samsung.android.samsungpass/10134 ImpFg #4544217} whose proc state 5 is better than process ProcessState{5cdd70e com.samsung.android.authfw/5278 pkg=com.samsung.android.authfw} proc state 15 (0 skipped)
04-07 15:34:59.319 W/OptProp ( 3111): Cannot read opt property android.window.PROPERTY_COMPAT_ALLOW_RESIZEABLE_ACTIVITY_OVERRIDES
04-07 15:34:59.319 W/OptProp ( 3111): Cannot read opt property android.window.PROPERTY_COMPAT_ALLOW_MIN_ASPECT_RATIO_OVERRIDE
04-07 15:34:59.321 W/BLASTSyncEngine( 3111): setSyncMethod, id=62103, method=0, caller=com.android.server.wm.TransitionController.moveToCollecting:91 com.android.server.wm.TransitionController.createAndStartCollecting:109 com.android.server.wm.ActivityStarter.executeRequest:3515 
04-07 15:34:59.323 W/OptProp ( 3111): Cannot read opt property android.window.PROPERTY_COMPAT_ALLOW_ORIENTATION_OVERRIDE
04-07 15:34:59.913 E/WindowManager( 3111): win=Window{3582309 u0 com.whatsapp/com.whatsapp.home.ui.HomeActivity} destroySurfaces: appStopped=true cleanupOnResume=false win.mWindowRemovalAllowed=false win.mRemoveOnExit=false win.mViewVisibility=8 caller=com.android.server.wm.ActivityRecord.destroySurfaces:25 com.android.server.wm.ActivityRecord.activityStopped:192 com.android.server.wm.ActivityClientController.activityStopped:97 android.app.IActivityClientController$Stub.onTransact:740 com.android.server.wm.ActivityClientController.onTransact:1 android.os.Binder.execTransactInternal:1462 android.os.Binder.execTransact:1401 
04-07 15:35:00.537 W/JobScheduler( 3111): Job didn't exist in JobStore: 6b6cee6 {androidx.work.systemjobscheduler} #5004/1412 @androidx.work.systemjobscheduler@com.samsung.faceservice/androidx.work.impl.background.systemjob.SystemJobService
04-07 15:35:00.591 E/TaskPersister( 3111): File error accessing recents directory (directory doesn't exist?).
04-07 15:35:03.525 W/ContextImpl( 3111): Calling a method in the system process without a qualified user: android.app.ContextImpl.sendStickyBroadcast:1764 com.android.server.wifi.ClientModeImpl.sendNetworkChangeBroadcast:3151 com.android.server.wifi.ClientModeImpl.lambda$sendNetworkChangeBroadcastWithCurrentState$14:3128 com.android.server.wifi.ClientModeImpl.$r8$lambda$mtuS9ulugUkTxNA_sDDnAioo66w:0 com.android.server.wifi.ClientModeImpl$$ExternalSyntheticLambda13.send:0 
04-07 15:35:04.031 W/ContextImpl( 3111): Calling a method in the system process without a qualified user: android.app.ContextImpl.sendBroadcast:1335 com.android.server.notification.NotificationManagerService$17.enqueueToastForDex:62 com.android.server.notification.NotificationManagerService$17.enqueueTextToastForDex:17 android.app.INotificationManager$Stub.onTransact:4630 android.os.Binder.execTransactInternal:1462 
04-07 15:35:04.195 E/WindowManager( 3111): win=Window{fe124a3 u0 com.whatsapp/com.whatsapp.Conversation EXITING} destroySurfaces: appStopped=false cleanupOnResume=false win.mWindowRemovalAllowed=true win.mRemoveOnExit=true win.mViewVisibility=0 caller=com.android.server.wm.WindowState.onExitAnimationDone:224 com.android.server.wm.WindowState.onAnimationFinished:161 com.android.server.wm.WindowContainer$$ExternalSyntheticLambda8.onAnimationFinished:3 com.android.server.wm.SurfaceAnimator$$ExternalSyntheticLambda0.onAnimationFinished:69 com.android.server.wm.LocalAnimationAdapter$$ExternalSyntheticLambda0.run:10 android.os.Handler.handleCallback:995 android.os.Handler.dispatchMessage:103 
04-07 15:35:05.314 W/ActivityTaskManager( 3111): callingPackage for (uid=-1, pid=0) has no WPC
04-07 15:35:05.314 W/ActivityStartInterceptor( 3111): Starting home with component specified, uid=0
04-07 15:35:05.314 W/OptProp ( 3111): Cannot read opt property android.window.PROPERTY_COMPAT_ALLOW_RESIZEABLE_ACTIVITY_OVERRIDES
04-07 15:35:05.314 W/OptProp ( 3111): Cannot read opt property android.window.PROPERTY_COMPAT_ALLOW_MIN_ASPECT_RATIO_OVERRIDE
04-07 15:35:05.315 W/BLASTSyncEngine( 3111): setSyncMethod, id=62104, method=0, caller=com.android.server.wm.TransitionController.moveToCollecting:91 com.android.server.wm.TransitionController.createAndStartCollecting:109 com.android.server.wm.ActivityStarter.executeRequest:3515 
04-07 15:35:05.508 W/ActivityTaskManager( 3111): callingPackage for (uid=-1, pid=0) has no WPC
04-07 15:35:05.509 W/ActivityStartInterceptor( 3111): Starting home with component specified, uid=0
04-07 15:35:05.509 W/OptProp ( 3111): Cannot read opt property android.window.PROPERTY_COMPAT_ALLOW_RESIZEABLE_ACTIVITY_OVERRIDES
04-07 15:35:05.509 W/OptProp ( 3111): Cannot read opt property android.window.PROPERTY_COMPAT_ALLOW_MIN_ASPECT_RATIO_OVERRIDE
04-07 15:35:05.509 W/BLASTSyncEngine( 3111): setSyncMethod, id=62105, method=0, caller=com.android.server.wm.TransitionController.moveToCollecting:91 com.android.server.wm.TransitionController.createAndStartCollecting:109 com.android.server.wm.ActivityStarter.executeRequest:3515 
04-07 15:35:05.753 E/WindowManager( 3111): win=Window{f88022e u0 com.whatsapp/com.whatsapp.Conversation} destroySurfaces: appStopped=true cleanupOnResume=false win.mWindowRemovalAllowed=false win.mRemoveOnExit=false win.mViewVisibility=8 caller=com.android.server.wm.ActivityRecord.destroySurfaces:25 com.android.server.wm.ActivityRecord.activityStopped:192 com.android.server.wm.ActivityClientController.activityStopped:97 android.app.IActivityClientController$Stub.onTransact:740 com.android.server.wm.ActivityClientController.onTransact:1 android.os.Binder.execTransactInternal:1462 android.os.Binder.execTransact:1401 
04-07 15:35:06.375 W/NotificationService( 3111): Toast already killed. pkg=com.whatsapp token=android.os.BinderProxy@9ad62d5
04-07 15:35:06.873 W/PowerManagerService( 3111): !@Screen__Off(d) - 9574 :  goToSleep:  (uid: 1000 pid: 3111) (power_button) groupId=0
04-07 15:35:06.896 W/DisplayPowerController[0]( 3111): ColorFade: onAnimationStart
04-07 15:35:06.925 W/WALLPAPER_SVC:WallpaperManagerService( 3111): semSendWallpaperCommand: failed to determine current wallpaper. which=18 
04-07 15:35:06.980 W/ContextImpl( 3111): Calling a method in the system process without a qualified user: android.app.ContextImpl.sendBroadcast:1335 vendor.samsung.frameworks.codecsolution.Logging.insertDiagmonLog:14 vendor.samsung.frameworks.codecsolution.Logging.insertLog:6 vendor.samsung.frameworks.codecsolution.Logging.insertLog:1 vendor.samsung.frameworks.codecsolution.SehCodecSolutionService$1.handleMessage:24 
04-07 15:35:06.981 W/ContextImpl( 7412): Calling a method in the system process without a qualified user: android.app.ContextImpl.startService:2068 android.content.ContextWrapper.startService:872 android.content.ContextWrapper.startService:872 com.sec.android.diagmonagent.sa.receiver.CFLogReceiver.onReceive:56 android.app.ActivityThread.handleReceiver:5663 
04-07 15:35:07.000 W/DeviceStorageMonitorService( 3111): updateBroadcasts(/data) oldLevel:0, newLevel:0, seq:1
04-07 15:35:07.001 W/DeviceStorageMonitorService( 3111): updateBroadcasts_filenode(/data) fn_oldLevel:0, fn_newLevel:0, seq:1
04-07 15:35:07.234 W/DisplayPowerState( 3111): !@ColorFade entry displayId=0
04-07 15:35:07.234 W/DisplayPowerController[0]( 3111): ColorFade: onAnimationEnd
04-07 15:35:07.271 W/PresentationStatsEventLogger( 3111): Shouldn't be logging AutofillPresentationEventReported again for same event
04-07 15:35:07.276 W/LocalDisplayAdapter( 3111): !@display_state - 3553 : ON -> OFF (MAIN)
04-07 15:35:07.294 E/WindowManager( 3111): win=Window{6777b08 u0 Acetone} destroySurfaces: appStopped=true cleanupOnResume=false win.mWindowRemovalAllowed=false win.mRemoveOnExit=false win.mViewVisibility=8 caller=com.android.server.wm.ActivityRecord.destroySurfaces:25 com.android.server.wm.ActivityRecord.activityStopped:192 com.android.server.wm.ActivityClientController.activityStopped:97 android.app.IActivityClientController$Stub.onTransact:740 com.android.server.wm.ActivityClientController.onTransact:1 android.os.Binder.execTransactInternal:1462 android.os.Binder.execTransact:1401 
04-07 15:35:07.294 E/WindowManager( 3111): win=Window{f40910d u0 com.sec.android.app.launcher/com.sec.android.app.launcher.activities.LauncherActivity} destroySurfaces: appStopped=true cleanupOnResume=false win.mWindowRemovalAllowed=false win.mRemoveOnExit=false win.mViewVisibility=8 caller=com.android.server.wm.ActivityRecord.destroySurfaces:25 com.android.server.wm.ActivityRecord.activityStopped:192 com.android.server.wm.ActivityClientController.activityStopped:97 android.app.IActivityClientController$Stub.onTransact:740 com.android.server.wm.ActivityClientController.onTransact:1 android.os.Binder.execTransactInternal:1462 android.os.Binder.execTransact:1401 
04-07 15:35:07.458 W/LocalDisplayAdapter( 3111): !@display_state - 3553 : OFF (MAIN) took 182 ms
04-07 15:35:07.475 W/CocktailBarStatePolicyController( 3111): updateWindowType: current window type is requested window type(1)
04-07 15:35:07.482 W/BLASTSyncEngine( 3111): setSyncMethod, id=62106, method=0, caller=com.android.server.wm.TransitionController.moveToCollecting:91 com.android.server.wm.TransitionController.createTransition:46 com.android.server.wm.TransitionController.requestTransitionIfNeeded:48 
04-07 15:35:07.491 E/WindowManager( 3111): win=Window{58b8933 u0 com.sec.android.app.launcher/com.samsung.app.honeyspace.edge.edgepanel.app.CocktailBarService} destroySurfaces: appStopped=true cleanupOnResume=false win.mWindowRemovalAllowed=false win.mRemoveOnExit=false win.mViewVisibility=8 caller=com.android.server.wm.WindowManagerService.tryStartExitingAnimation:134 com.android.server.wm.WindowManagerService.relayoutWindow:1138 com.android.server.wm.Session.relayout:27 android.view.IWindowSession$Stub.onTransact:829 com.android.server.wm.Session.onTransact:1 android.os.Binder.execTransactInternal:1457 android.os.Binder.execTransact:1401 
04-07 15:35:07.505 W/BLASTSyncEngine( 3111): setSyncMethod, id=62107, method=0, caller=com.android.server.wm.TransitionController.moveToCollecting:91 com.android.server.wm.TransitionController.createTransition:46 com.android.server.wm.TransitionController.requestTransitionIfNeeded:48 
04-07 15:35:07.512 W/keymint_tee( 1214): [WRN]ret OK PARAMS: A32, UAT2, PP1, BM32, PD1, AT15, CN1, KS256, CD2026.04.07,15:35:07.510, 
04-07 15:35:07.522 E/LoadedApk(  450): Exception : java.lang.NullPointerException: Attempt to invoke virtual method 'boolean android.os.Looper.isPerfLogEnable()' on a null object reference
04-07 15:35:07.529 W/ContextImpl( 7412): Calling a method in the system process without a qualified user: android.app.ContextImpl.startService:2068 android.content.ContextWrapper.startService:872 android.content.ContextWrapper.startService:872 com.sec.android.diagmonagent.sa.receiver.CFLogReceiver.onReceive:56 android.app.ActivityThread.handleReceiver:5663 
04-07 15:35:07.545 E/LoadedApk(  450): Exception : java.lang.NullPointerException: Attempt to invoke virtual method 'boolean android.os.Looper.isPerfLogEnable()' on a null object reference
04-07 15:35:07.546 W/ContextImpl( 7412): Calling a method in the system process without a qualified user: android.app.ContextImpl.startService:2068 android.content.ContextWrapper.startService:872 android.content.ContextWrapper.startService:872 com.sec.android.diagmonagent.sa.receiver.CFLogReceiver.onReceive:56 android.app.ActivityThread.handleReceiver:5663 
04-07 15:35:07.546 E/LoadedApk(  450): Exception : java.lang.NullPointerException: Attempt to invoke virtual method 'boolean android.os.Looper.isPerfLogEnable()' on a null object reference
04-07 15:35:07.550 W/ContextImpl( 7412): Calling a method in the system process without a qualified user: android.app.ContextImpl.startService:2068 android.content.ContextWrapper.startService:872 android.content.ContextWrapper.startService:872 com.sec.android.diagmonagent.sa.receiver.CFLogReceiver.onReceive:56 android.app.ActivityThread.handleReceiver:5663 
04-07 15:35:07.560 W/JobScheduler( 3111): Job didn't exist in JobStore: 9a0c78b {androidx.work.systemjobscheduler} #u0a387/22941 @androidx.work.systemjobscheduler@com.samsung.wearable.watch7plugin/androidx.work.impl.background.systemjob.SystemJobService
04-07 15:35:07.565 W/ContextImpl( 7412): Calling a method in the system process without a qualified user: android.app.ContextImpl.startService:2068 android.content.ContextWrapper.startService:872 android.content.ContextWrapper.startService:872 com.sec.android.diagmonagent.sa.receiver.CFLogReceiver.onReceive:56 android.app.ActivityThread.handleReceiver:5663 
04-07 15:35:07.743 W/SemFace ( 3111): sehOpenTaSession FINISH (195ms) RESULT: 0
04-07 15:35:07.921 W/LocalDisplayAdapter( 3111): !@display_state - 3554 : OFF -> DOZE (MAIN)
04-07 15:35:07.935 W/PhoneWindowManager( 3111): Setting mKeyguardDrawComplete
04-07 15:35:07.958 W/PhoneWindowManager( 3111): All windows drawn on display -1
04-07 15:35:07.958 W/DisplayPowerState( 3111): !@ColorFade exit displayId=0
04-07 15:35:08.045 W/WindowManager( 3111): Unable to start animation, surface is null or no children.
04-07 15:35:08.092 W/ContextImpl( 7412): Calling a method in the system process without a qualified user: android.app.ContextImpl.startService:2068 android.content.ContextWrapper.startService:872 android.content.ContextWrapper.startService:872 com.sec.android.diagmonagent.sa.receiver.CFLogReceiver.onReceive:56 android.app.ActivityThread.handleReceiver:5663 
04-07 15:35:08.129 W/LocalDisplayAdapter( 3111): !@display_state - 3554 : DOZE (MAIN) took 208 ms
04-07 15:35:13.446 W/LocalDisplayAdapter( 3111): !@display_state - 3555 : DOZE -> DOZE_SUSPEND (MAIN)
04-07 15:35:13.471 W/LocalDisplayAdapter( 3111): !@display_state - 3555 : DOZE_SUSPEND (MAIN) took 25 ms
04-07 15:35:18.127 E/Watchdog( 3111): !@Sync: 36524 heap(MB): 197 / 208 FD: 2188 [2026-04-07 15:35:18.126]
04-07 15:35:20.904 E/ActivityThread(23506): Failed to find provider info for com.samsung.android.systemui.edgelighting.plus.provider
04-07 15:35:20.915 W/LocalDisplayAdapter( 3111): !@display_state - 3556 : DOZE_SUSPEND -> DOZE (MAIN)
04-07 15:35:20.915 W/LocalDisplayAdapter( 3111): !@display_state - 3556 : DOZE (MAIN) took 0 ms
04-07 15:35:20.928 W/ForegroundServiceTypeLoggerModule( 3111): Foreground service start for UID: 10047 does not have any types
04-07 15:35:24.792 W/PermissionService( 3111): getPermissionFlags: Unknown user -1
04-07 15:35:24.792 W/PermissionService( 3111): getPermissionFlags: Unknown user -1
04-07 15:35:24.929 W/ForegroundServiceTypeLoggerModule( 3111): FGS stop call for: 10047 has no types!
04-07 15:35:30.302 W/LocalDisplayAdapter( 3111): !@display_state - 3557 : DOZE -> DOZE_SUSPEND (MAIN)
04-07 15:35:30.319 W/LocalDisplayAdapter( 3111): !@display_state - 3557 : DOZE_SUSPEND (MAIN) took 17 ms
04-07 15:35:48.138 E/Watchdog( 3111): !@Sync: 36525 heap(MB): 206 / 208 FD: 2216 [2026-04-07 15:35:48.138]
04-07 15:35:56.575 W/PowerManagerService( 3111): !@Screen__On  - 9574 :  wakeUp:  (uid: 1000 pid: 3111) (power_button) (3ms) groupId=0
04-07 15:35:56.582 W/BMFC    ( 3111): fc_auth_result: cancel
04-07 15:35:56.583 W/BMFC    ( 3111): fc_auth_start: com.android.systemui, user 0, pid 4705
04-07 15:35:56.597 W/LocalDisplayAdapter( 3111): !@display_state - 3558 : DOZE_SUSPEND -> ON (MAIN)
04-07 15:35:56.603 W/SemFace ( 3111): SetRotation START
04-07 15:35:56.604 W/SemFace ( 3111): SetRotation FINISH (1ms) RESULT: 0
04-07 15:35:56.604 W/FaceAuthenticationClient( 3111): authenticate START
04-07 15:35:56.617 E/LoadedApk(  450): Exception : java.lang.NullPointerException: Attempt to invoke virtual method 'boolean android.os.Looper.isPerfLogEnable()' on a null object reference
04-07 15:35:56.623 E/AppOps  ( 3111): package client.pid<2214> not found, can't check for attributionTag null
04-07 15:35:56.623 E/AppOps  ( 3111): Bad call made by uid 1047. Package "client.pid<2214>" does not belong to uid 1000.
04-07 15:35:56.623 E/AppOps  ( 3111): Cannot getAppOpMode: non-application UID 1000
04-07 15:35:56.625 W/LocalDisplayAdapter( 3111): !@display_state - 3558 : ON (MAIN) took 28 ms
04-07 15:35:56.630 E/CameraService_worker( 3111): Recent tasks don't include camera client package name: client.pid<2214>
04-07 15:35:56.631 W/ContextImpl( 7412): Calling a method in the system process without a qualified user: android.app.ContextImpl.startService:2068 android.content.ContextWrapper.startService:872 android.content.ContextWrapper.startService:872 com.sec.android.diagmonagent.sa.receiver.CFLogReceiver.onReceive:56 android.app.ActivityThread.handleReceiver:5663 
04-07 15:35:56.651 W/AutomaticBrightnessController( 3111): [api] updateAutoBrightness :   9(0.03)     -1 <      1.0 <     17 (adj:+1.0) (1st)
04-07 15:35:56.653 W/DisplayPowerController[0]( 3111): Animating brightness: target=53(0.21), rate=0,000, reason=automatic[9] -> low_pwr[8] -> ab_limit[53]
04-07 15:35:56.658 W/ContextImpl( 7412): Calling a method in the system process without a qualified user: android.app.ContextImpl.startService:2068 android.content.ContextWrapper.startService:872 android.content.ContextWrapper.startService:872 com.sec.android.diagmonagent.sa.receiver.CFLogReceiver.onReceive:56 android.app.ActivityThread.handleReceiver:5663 
04-07 15:35:56.664 W/ContextImpl( 7412): Calling a method in the system process without a qualified user: android.app.ContextImpl.startService:2068 android.content.ContextWrapper.startService:872 android.content.ContextWrapper.startService:872 com.sec.android.diagmonagent.sa.receiver.CFLogReceiver.onReceive:56 android.app.ActivityThread.handleReceiver:5663 
04-07 15:35:56.675 E/LoadedApk(  450): Exception : java.lang.NullPointerException: Attempt to invoke virtual method 'boolean android.os.Looper.isPerfLogEnable()' on a null object reference
04-07 15:35:56.675 E/LoadedApk(  450): Exception : java.lang.NullPointerException: Attempt to invoke virtual method 'boolean android.os.Looper.isPerfLogEnable()' on a null object reference
04-07 15:35:56.693 W/CocktailBarStatePolicyController( 3111): updateWindowType: current window type is requested window type(1)
04-07 15:35:56.732 W/BMFC    ( 3111): fc_acquired: 20, 0,
04-07 15:35:56.732 W/FaceAuthenticationClient( 3111): authenticate FINISH (128ms) RESULT: android.hardware.biometrics.common.ICancellationSignal$Stub$Proxy@5075aed
04-07 15:35:56.772 W/ContextImpl( 7412): Calling a method in the system process without a qualified user: android.app.ContextImpl.startService:2068 android.content.ContextWrapper.startService:872 android.content.ContextWrapper.startService:872 com.sec.android.diagmonagent.sa.receiver.CFLogReceiver.onReceive:56 android.app.ActivityThread.handleReceiver:5663 
04-07 15:35:56.852 W/ContextImpl( 3111): Calling a method in the system process without a qualified user: android.app.ContextImpl.sendBroadcast:1335 vendor.samsung.frameworks.codecsolution.Logging.insertDiagmonLog:14 vendor.samsung.frameworks.codecsolution.Logging.insertLog:6 vendor.samsung.frameworks.codecsolution.Logging.insertLog:1 vendor.samsung.frameworks.codecsolution.SehCodecSolutionService$1.handleMessage:24 
04-07 15:35:56.854 W/ContextImpl( 7412): Calling a method in the system process without a qualified user: android.app.ContextImpl.startService:2068 android.content.ContextWrapper.startService:872 android.content.ContextWrapper.startService:872 com.sec.android.diagmonagent.sa.receiver.CFLogReceiver.onReceive:56 android.app.ActivityThread.handleReceiver:5663 
04-07 15:35:57.155 W/ContextImpl( 7412): Calling a method in the system process without a qualified user: android.app.ContextImpl.startService:2068 android.content.ContextWrapper.startService:872 android.content.ContextWrapper.startService:872 com.sec.android.diagmonagent.sa.receiver.CFLogReceiver.onReceive:56 android.app.ActivityThread.handleReceiver:5663 
04-07 15:35:57.246 W/ContextImpl( 3111): Calling a method in the system process without a qualified user: android.app.ContextImpl.sendBroadcast:1335 com.samsung.android.gesture.PocketModeEvent$1.handleMessage:465 android.os.Handler.dispatchMessage:110 android.os.Looper.loopOnce:273 android.os.Looper.loop:363 
04-07 15:35:57.300 W/BMFC    ( 3111): fc_acquired: 22, 1020,
04-07 15:35:57.301 W/FaceManager( 3111): Unknown enrollment acquired message: 22, 1020
04-07 15:35:57.301 W/BMFC    ( 3111): fc_acquired: 10, 0,
04-07 15:35:57.301 W/FaceManager( 4705): Unknown enrollment acquired message: 22, 1020
04-07 15:35:57.504 W/CocktailBarStatePolicyController( 3111): updateWindowType: current window type is requested window type(1)
04-07 15:35:57.508 E/WindowManager( 3111): win=Window{58b8933 u0 com.sec.android.app.launcher/com.samsung.app.honeyspace.edge.edgepanel.app.CocktailBarService} destroySurfaces: appStopped=true cleanupOnResume=false win.mWindowRemovalAllowed=false win.mRemoveOnExit=false win.mViewVisibility=8 caller=com.android.server.wm.WindowManagerService.tryStartExitingAnimation:134 com.android.server.wm.WindowManagerService.relayoutWindow:1138 com.android.server.wm.Session.relayout:27 android.view.IWindowSession$Stub.onTransact:829 com.android.server.wm.Session.onTransact:1 android.os.Binder.execTransactInternal:1457 android.os.Binder.execTransact:1401 
04-07 15:35:58.177 W/BMFC    ( 3111): fc_auth_result: 1
04-07 15:35:58.178 W/SemFace ( 3111): getWrappedData : data is null or 0
04-07 15:35:58.178 W/ContextImpl( 3111): Calling a method in the system process without a qualified user: android.app.ContextImpl.sendBroadcast:1335 com.android.server.biometrics.SemBioAnalyticsManager$$ExternalSyntheticLambda0.run:344 android.os.Handler.handleCallback:995 android.os.Handler.dispatchMessage:103 android.os.Looper.loopOnce:273 
04-07 15:35:58.180 W/ContextImpl( 7412): Calling a method in the system process without a qualified user: android.app.ContextImpl.startService:2068 android.content.ContextWrapper.startService:872 android.content.ContextWrapper.startService:872 com.sec.android.diagmonagent.sa.receiver.CFLogReceiver.onReceive:56 android.app.ActivityThread.handleReceiver:5663 
04-07 15:35:58.182 W/DisplayPowerController[0]( 3111): Animating brightness: target=8(0.03), rate=0,706, reason=automatic[9] -> low_pwr[8]
04-07 15:35:58.182 W/Biometrics/AuthenticationClient( 3111): Allowing background authentication, this is allowed only for platform or test invocations
04-07 15:35:58.184 W/SemFace ( 3111): daemonCancel START
04-07 15:35:58.184 W/SemFace ( 3111): daemonCancel FINISH (0ms) RESULT: 
04-07 15:35:58.406 W/BLASTSyncEngine( 3111): setSyncMethod, id=62108, method=0, caller=com.android.server.wm.TransitionController.moveToCollecting:91 com.android.server.wm.TransitionController.createTransition:46 com.android.server.wm.TransitionController.requestTransitionIfNeeded:48 
04-07 15:35:58.452 W/SemFace ( 3111): sehCloseTaSession FINISH (1ms) RESULT: 0
04-07 15:35:58.477 E/WindowManager( 3111): win=Window{20399a2 u0 Bouncer} destroySurfaces: appStopped=true cleanupOnResume=false win.mWindowRemovalAllowed=false win.mRemoveOnExit=false win.mViewVisibility=4 caller=com.android.server.wm.WindowManagerService.tryStartExitingAnimation:134 com.android.server.wm.WindowManagerService.relayoutWindow:1138 com.android.server.wm.Session.relayout:27 android.view.IWindowSession$Stub.onTransact:829 com.android.server.wm.Session.onTransact:1 android.os.Binder.execTransactInternal:1462 android.os.Binder.execTransact:1401 
04-07 15:35:58.510 W/CocktailBarStatePolicyController( 3111): updateWindowType: current window type is requested window type(1)
04-07 15:35:58.716 E/WindowManager( 3111): win=Window{566ced7 u0 NotificationShade} destroySurfaces: appStopped=true cleanupOnResume=false win.mWindowRemovalAllowed=false win.mRemoveOnExit=false win.mViewVisibility=4 caller=com.android.server.wm.WindowManagerService.tryStartExitingAnimation:134 com.android.server.wm.WindowManagerService.relayoutWindow:1138 com.android.server.wm.Session.relayout:27 android.view.IWindowSession$Stub.onTransact:829 com.android.server.wm.Session.onTransact:1 android.os.Binder.execTransactInternal:1462 android.os.Binder.execTransact:1401 
04-07 15:35:59.263 W/CocktailBarStatePolicyController( 3111): updateWindowType: current window type is requested window type(1)
04-07 15:35:59.271 E/WindowManager( 3111): win=Window{58b8933 u0 com.sec.android.app.launcher/com.samsung.app.honeyspace.edge.edgepanel.app.CocktailBarService} destroySurfaces: appStopped=true cleanupOnResume=false win.mWindowRemovalAllowed=false win.mRemoveOnExit=false win.mViewVisibility=8 caller=com.android.server.wm.WindowManagerService.tryStartExitingAnimation:134 com.android.server.wm.WindowManagerService.relayoutWindow:1138 com.android.server.wm.Session.relayout:27 android.view.IWindowSession$Stub.onTransact:829 com.android.server.wm.Session.onTransact:1 android.os.Binder.execTransactInternal:1457 android.os.Binder.execTransact:1401 
04-07 15:35:59.453 W/ContextImpl( 3111): Calling a method in the system process without a qualified user: android.app.ContextImpl.bindService:2167 android.content.ContextWrapper.bindService:908 com.samsung.android.mcf.McfContext.bindService:173 com.samsung.android.mcf.McfAdapter.bindService:147 com.samsung.android.mcf.McfAdapter.bindService:106 
04-07 15:35:59.560 W/ContextImpl( 7412): Calling a method in the system process without a qualified user: android.app.ContextImpl.startService:2068 android.content.ContextWrapper.startService:872 android.content.ContextWrapper.startService:872 com.sec.android.diagmonagent.sa.receiver.CFLogReceiver.onReceive:56 android.app.ActivityThread.handleReceiver:5663 
04-07 15:36:00.924 W/UriGrantsManagerService( 3111): No content provider found for content URI permission check: content://com.whatsapp.provider.contact/...
04-07 15:36:00.925 W/OptProp ( 3111): Cannot read opt property android.window.PROPERTY_COMPAT_ALLOW_RESIZEABLE_ACTIVITY_OVERRIDES
04-07 15:36:00.925 W/OptProp ( 3111): Cannot read opt property android.window.PROPERTY_COMPAT_ALLOW_MIN_ASPECT_RATIO_OVERRIDE
04-07 15:36:00.926 W/BLASTSyncEngine( 3111): setSyncMethod, id=62109, method=0, caller=com.android.server.wm.TransitionController.moveToCollecting:91 com.android.server.wm.TransitionController.createAndStartCollecting:109 com.android.server.wm.ActivityStarter.executeRequest:3515 
04-07 15:36:00.928 W/OptProp ( 3111): Cannot read opt property android.window.PROPERTY_COMPAT_ALLOW_ORIENTATION_OVERRIDE
04-07 15:36:00.930 W/UriGrantsManagerService( 3111): No content provider found for content URI permission check: content://com.whatsapp.provider.contact/...
04-07 15:36:00.930 W/UriGrantsManagerService( 3111): No content provider found for content URI permission check: content://com.whatsapp.provider.contact/...
04-07 15:36:00.944 W/UsageStatsService( 3111): Unexpected activity event reported! (com.whatsapp/com.whatsapp.Conversation event : 23 instanceId : 3878615)
04-07 15:36:01.355 W/PresentationStatsEventLogger( 3111): Shouldn't be logging AutofillPresentationEventReported again for same event
04-07 15:36:01.368 E/WindowManager( 3111): win=Window{6777b08 u0 Acetone} destroySurfaces: appStopped=true cleanupOnResume=false win.mWindowRemovalAllowed=false win.mRemoveOnExit=false win.mViewVisibility=8 caller=com.android.server.wm.ActivityRecord.destroySurfaces:25 com.android.server.wm.ActivityRecord.activityStopped:192 com.android.server.wm.ActivityClientController.activityStopped:97 android.app.IActivityClientController$Stub.onTransact:740 com.android.server.wm.ActivityClientController.onTransact:1 android.os.Binder.execTransactInternal:1462 android.os.Binder.execTransact:1401 
04-07 15:36:01.368 E/WindowManager( 3111): win=Window{f40910d u0 com.sec.android.app.launcher/com.sec.android.app.launcher.activities.LauncherActivity} destroySurfaces: appStopped=true cleanupOnResume=false win.mWindowRemovalAllowed=false win.mRemoveOnExit=false win.mViewVisibility=8 caller=com.android.server.wm.ActivityRecord.destroySurfaces:25 com.android.server.wm.ActivityRecord.activityStopped:192 com.android.server.wm.ActivityClientController.activityStopped:97 android.app.IActivityClientController$Stub.onTransact:740 com.android.server.wm.ActivityClientController.onTransact:1 android.os.Binder.execTransactInternal:1462 android.os.Binder.execTransact:1401 
04-07 15:36:01.527 E/WindowManager( 3111): win=Window{566ced7 u0 NotificationShade} destroySurfaces: appStopped=true cleanupOnResume=false win.mWindowRemovalAllowed=false win.mRemoveOnExit=false win.mViewVisibility=4 caller=com.android.server.wm.WindowManagerService.tryStartExitingAnimation:134 com.android.server.wm.WindowManagerService.relayoutWindow:1138 com.android.server.wm.Session.relayout:27 android.view.IWindowSession$Stub.onTransact:829 com.android.server.wm.Session.onTransact:1 android.os.Binder.execTransactInternal:1462 android.os.Binder.execTransact:1401 
04-07 15:36:01.543 W/CocktailBarStatePolicyController( 3111): updateWindowType: current window type is requested window type(1)
