--------- beginning of system
04-07 14:43:25.103 W/ProcessStats( 3111): Tracking association SourceState{8071d6a com.shapepro.fitness/10411 Top #4538719} whose proc state 1 is better than process ProcessState{a74cfb6 com.android.vending/10274 pkg=com.android.vending} proc state 2 (0 skipped)
--------- beginning of main
04-07 14:43:25.111 I/WindowManager( 4705): WindowManagerGlobal#addView, ty=2228, view=com.android.keyguard.biometrics.KeyguardBiometricToastView{8b6dde5 G.E...... ......I. 0,0-0,0}, caller=android.view.WindowManagerImpl.addView:158 com.android.systemui.statusbar.phone.BiometricUnlockController.updateBackgroundAuthToast:125 com.android.systemui.statusbar.phone.BiometricUnlockController.updateBackgroundAuthToastForBiometrics:63 
04-07 14:43:25.138 I/Notification4Watch7_NB(29411): PhoneStatusBroadcastReceiver.onReceive-action: android.intent.action.SCREEN_ON
04-07 14:43:25.139 I/Notification4Watch7_NB(29411): PhoneStatus.onScreenStateChanged-isOn: true
04-07 14:43:25.174 I/[SCPMV2][RegistrationVerifier](23594): verify
04-07 14:43:25.174 I/[SCPMV2][RegistrationVerifier](23594): callers : [com.samsung.android.camerasdkservice, com.samsung.gpuwatchapp, com.sec.android.app.RilPhoneNumberService, com.sec.android.app.setupwizard, com.samsung.android.app.dressroom, com.sec.mhs.smarttethering, com.android.providers.settings, com.samsung.android.bbc.bbcagent, com.samsung.android.stickercenter, com.samsung.android.smartswitchassistant, com.samsung.android.provider.filterprovider, com.samsung.android.biometrics.app.setting, com.sec.epdg, com.sec.android.iaft, com.sec.usbsettings, com.samsung.android.app.omcagent, com.samsung.android.svcagent, com.samsung.android.hdmapp, com.samsung.android.globalpostprocmgr, com.sec.android.app.personalization, com.samsung.android.mdecservice, com.sec.sve, com.sec.imslogger, com.sec.android.sdhms, com.samsung.android.dck.timesync, com.samsung.android.simagent, com.sec.facatfunction, com.samsung.android.knox.attestation, com.samsung.android.emergency, com.samsung.android.qmdservice, com.samsung.ts43authservice, com.sec.android.app.wlantest, com.sec.automation, com.skms.android.agent, com.sec.android.Cdfs, com.samsung.android.ese, com.samsung.android.photoremasterservice, com.sec.android.app.hwmoduletest, com.sec.android.app.desktoplauncher, com.samsung.sdm, com.samsung.sait.sohservice, com.sec.bcservice, com.samsung.android.brightnessbackupservice, com.sec.android.CcInfo, com.android.keychain, com.samsung.android.lool, com.sec.android.app.SecSetupWizard, com.samsung.euicc, com.samsung.android.fmm, com.samsung.oda.service, com.samsung.unifiedtp, com.samsung.android.vexfwk.service, com.qti.snapdragon.qdcm_ff, com.sec.android.app.uwbtest, com.wssyncmldm, com.sec.factory.camera, com.samsung.android.vtcamerasettings, com.android.settings, com.android.inputdevices, com.samsung.android.da.daagent, com.sec.app.RilErrorNotifier, com.sec.android.app.quicktool, com.sec.imsservice, com.android.server.telecom, com.sec.android.soagent, com.samsung.android.smartface, com.samsung.android.themecenter, com.samsung.android.motionphoto.app, com.samsung.android.dqagent, com.samsung.android.knox.pushmanager, com.samsung.carrier.logcollector, com.samsung.android.knox.mpos, com.samsung.android.wifi.intelligence, com.sec.android.smartfpsadjuster, com.sec.modem.settings, com.android.location.fused, com.sec.android.diagmonagent, com.sec.android.app.factorykeystring, com.samsung.accessibility, com.samsung.android.forest, android, com.samsung.android.aircommandmanager, com.samsung.SMT, com.samsung.android.providers.factory, com.samsung.android.knox.zt.framework, com.sem.factoryapp, com.sec.android.app.servicemodeapp, com.android.dynsystem, com.samsung.android.wifi.ai, com.android.localtransport, com.samsung.android.cameraxservice, com.samsung.android.app.esimkeystring, com.sec.android.emergencylauncher, com.samsung.InputEventApp, com.samsung.android.sead, com.samsung.drm, com.sec.android.app.parser, com.samsung.aasaservice, com.samsung.android.bixby.wakeup, com.qualcomm.qti.services.systemhelper]
04-07 14:43:25.180 D/NotificationPanelView( 4705): setNowBarExpandMode() enabled = false, duration = 300, listener = null, mKeyguardSecBottomArea = com.android.systemui.statusbar.phone.KeyguardSecBottomAreaView{415e3a4 V.E...... ........ 0,0-1080,2340 #7f0a05fd app:id/keyguard_bottom_shortcut_area}
04-07 14:43:25.188 D/NotificationPanelView( 4705): setNowBarExpandMode() enabled = false, duration = 300, listener = null, mKeyguardSecBottomArea = com.android.systemui.statusbar.phone.KeyguardSecBottomAreaView{415e3a4 V.E...... ........ 0,0-1080,2340 #7f0a05fd app:id/keyguard_bottom_shortcut_area}
04-07 14:43:25.189 D/QSClock ( 4705): StatusBar clock=2:43 notifyTimeChanged(QSClockBellSound - TimeText:2:43, TimeContentDescription:2:43ΓÇ»PM, DateText:ter., 7 de abril, ShortDateText:ter., 7 de abr., Demo:false) clockVisibleByPolicy=true, clockVisibleByUser=true, visible=false, parent=android.widget.LinearLayout{a9ceb83 V.E...... ........ 0,0-0,68 #7f0a069b app:id/left_clock_container} caller=com.android.systemui.statusbar.phone.fragment.CollapsedStatusBarFragment.animateHiddenState:96 com.android.systemui.statusbar.phone.fragment.CollapsedStatusBarFragment.updateStatusBarVisibilitiesInner:260 com.android.systemui.statusbar.phone.fragment.CollapsedStatusBarFragment.updateStatusBarVisibilities:65 com.android.systemui.statusbar.phone.fragment.CollapsedStatusBarFragment.disable:71 com.android.systemui.statusbar.CommandQueue$H.handleMessage:2997  
04-07 14:43:25.236 D/KeyguardStatusBarViewExt( 4705): v:0, a:1,00, com.android.systemui.statusbar.phone.KeyguardStatusBarViewController.updateViewState:34 com.android.systemui.shade.NotificationPanelViewController.setDozing:71 com.android.systemui.statusbar.phone.CentralSurfacesImpl.updateDozingState:104 com.android.systemui.statusbar.phone.CentralSurfacesImpl$17.onDozingChanged:85 com.android.systemui.statusbar.phone.DozeServiceHost.updateDozing:348 
04-07 14:43:25.236 D/KeyguardStatusBarViewExt( 4705): v:0, a:0,00, com.android.systemui.shade.NotificationPanelViewController.updateDozingVisibilities:64 com.android.systemui.shade.NotificationPanelViewController.setDozing:95 com.android.systemui.statusbar.phone.CentralSurfacesImpl.updateDozingState:104 com.android.systemui.statusbar.phone.CentralSurfacesImpl$17.onDozingChanged:85 com.android.systemui.statusbar.phone.DozeServiceHost.updateDozing:348 
04-07 14:43:25.236 D/KeyguardStatusBarViewExt( 4705): v:4, a:0,00, com.android.systemui.statusbar.phone.KeyguardStatusBarViewController.updateViewState:34 com.android.systemui.statusbar.phone.KeyguardStatusBarViewController$$ExternalSyntheticLambda8.onAnimationUpdate:19 androidx.core.animation.ValueAnimator.animateValue:44 androidx.core.animation.ValueAnimator.setCurrentFraction:52 androidx.core.animation.ValueAnimator.start:15 
04-07 14:43:25.240 D/QuickPanelLog( 4705): NPVC | setTouchAndAnimationDisabled: true -> false
04-07 14:43:25.240 D/QuickPanelLog( 4705):  - com.android.systemui.shade.NotificationPanelViewController.setTouchAndAnimationDisabled:30
04-07 14:43:25.240 D/QuickPanelLog( 4705):  - com.android.systemui.statusbar.phone.CentralSurfacesImpl.updateNotificationPanelTouchState:91
04-07 14:43:25.240 D/QuickPanelLog( 4705):  - com.android.systemui.statusbar.phone.CentralSurfacesImpl$9.startLockscreenTransitionFromAod:12
04-07 14:43:25.240 D/QuickPanelLog( 4705):  - com.android.systemui.statusbar.phone.CentralSurfacesImpl$9$$ExternalSyntheticLambda0.run:8
04-07 14:43:25.240 D/QuickPanelLog( 4705):  - com.android.systemui.shade.NotificationShadeWindowControllerImpl.batchApplyWindowLayoutParams:7
04-07 14:43:25.240 D/QuickPanelLog( 4705):  - com.android.systemui.statusbar.phone.CentralSurfacesImpl$9.onFinishedWakingUp:18
04-07 14:43:25.240 D/QuickPanelLog( 4705):  - com.android.systemui.keyguard.WakefulnessLifecycle$$ExternalSyntheticLambda0.accept:20
04-07 14:43:25.240 D/QuickPanelLog( 4705):  - com.android.systemui.keyguard.SecLifecycle.dispatch:171
04-07 14:43:25.240 D/QuickPanelLog( 4705):  - com.android.systemui.keyguard.KeyguardLifecyclesDispatcher$KeyguardLifecycleHandler.handleMessage:175
04-07 14:43:25.240 D/QuickPanelLog( 4705):  - android.os.Handler.dispatchMessage:110
04-07 14:43:25.289 D/KeyguardStatusBarViewExt( 4705): v:4, a:0,28, com.android.systemui.statusbar.phone.KeyguardStatusBarViewController.updateViewState:34 com.android.systemui.statusbar.phone.KeyguardStatusBarViewController$$ExternalSyntheticLambda8.onAnimationUpdate:19 androidx.core.animation.ValueAnimator.animateValue:44 androidx.core.animation.ValueAnimator.doAnimationFrame:195 androidx.core.animation.AnimationHandler$FrameCallbackProvider16.doFrame:28 
04-07 14:43:25.289 D/KeyguardStatusBarViewExt( 4705): v:0, a:0,28, com.android.systemui.statusbar.phone.KeyguardStatusBarViewController.updateViewState:34 com.android.systemui.statusbar.phone.KeyguardStatusBarViewController$$ExternalSyntheticLambda8.onAnimationUpdate:19 androidx.core.animation.ValueAnimator.animateValue:44 androidx.core.animation.ValueAnimator.doAnimationFrame:195 androidx.core.animation.AnimationHandler$FrameCallbackProvider16.doFrame:28 
04-07 14:43:25.611 D/KeyguardStatusBarViewExt( 4705): v:0, a:1,00, com.android.systemui.statusbar.phone.KeyguardStatusBarViewController.updateViewState:34 com.android.systemui.statusbar.phone.KeyguardStatusBarViewController$$ExternalSyntheticLambda8.onAnimationUpdate:19 androidx.core.animation.ValueAnimator.animateValue:44 androidx.core.animation.ValueAnimator.doAnimationFrame:195 androidx.core.animation.AnimationHandler$FrameCallbackProvider16.doFrame:28 
04-07 14:43:25.956 D/QuickPanelLog( 4705): SC | makeExpandedInvisible
04-07 14:43:25.956 D/QuickPanelLog( 4705):  - com.android.systemui.shade.ShadeControllerImpl.makeExpandedInvisible:22
04-07 14:43:25.956 D/QuickPanelLog( 4705):  - com.android.systemui.statusbar.phone.CentralSurfacesImpl$$ExternalSyntheticLambda30.run:90
04-07 14:43:25.956 D/QuickPanelLog( 4705):  - android.os.Handler.handleCallback:995
04-07 14:43:25.956 D/QuickPanelLog( 4705):  - android.os.Handler.dispatchMessage:103
04-07 14:43:25.956 D/QuickPanelLog( 4705):  - android.os.Looper.loopOnce:273
04-07 14:43:25.956 D/QuickPanelLog( 4705):  - android.os.Looper.loop:363
04-07 14:43:25.956 D/QuickPanelLog( 4705):  - android.app.ActivityThread.main:10060
04-07 14:43:25.956 D/QuickPanelLog( 4705):  - java.lang.reflect.Method.invoke:-2
04-07 14:43:25.956 D/QuickPanelLog( 4705):  - com.android.internal.os.RuntimeInit$MethodAndArgsCaller.run:632
04-07 14:43:25.956 D/QuickPanelLog( 4705):  - com.android.internal.os.ZygoteInit.main:975
04-07 14:43:25.956 D/KeyguardStatusBarViewExt( 4705): v:0, a:1,00, com.android.systemui.keyguard.animator.KeyguardTouchAnimator.reset:254 com.android.systemui.shade.NotificationPanelViewController.resetViews:18 com.android.systemui.shade.NotificationPanelViewController.collapse:3 com.android.systemui.shade.ShadeControllerImpl.makeExpandedInvisible:29 com.android.systemui.statusbar.phone.CentralSurfacesImpl$$ExternalSyntheticLambda30.run:90 
04-07 14:43:25.957 D/KeyguardStatusBarViewExt( 4705): v:0, a:0,00, com.android.systemui.statusbar.phone.KeyguardStatusBarViewController.updateViewState:34 com.android.systemui.shade.NotificationPanelViewController$$ExternalSyntheticLambda48.run:545 com.android.systemui.shade.NotificationShadeWindowControllerImpl.batchApplyWindowLayoutParams:7 com.android.systemui.shade.NotificationPanelViewController.setExpandedHeightInternal:23 com.android.systemui.shade.NotificationPanelViewController.setExpandedHeight:1 
04-07 14:43:25.957 D/KeyguardStatusBarViewExt( 4705): v:4, a:0,00, com.android.systemui.statusbar.phone.KeyguardStatusBarViewController.updateViewState:34 com.android.systemui.shade.NotificationPanelViewController$$ExternalSyntheticLambda48.run:545 com.android.systemui.shade.NotificationShadeWindowControllerImpl.batchApplyWindowLayoutParams:7 com.android.systemui.shade.NotificationPanelViewController.setExpandedHeightInternal:23 com.android.systemui.shade.NotificationPanelViewController.setExpandedHeight:1 
04-07 14:43:25.958 D/SecPanelSplitHelper( 4705): slide ( SHADE_STATE )
04-07 14:43:25.958 D/SecPanelSplitHelper( 4705):  - com.android.systemui.shade.SecPanelSplitHelper.onPanelExpansionChanged:38
04-07 14:43:25.958 D/SecPanelSplitHelper( 4705):  - com.android.systemui.shade.NotificationPanelViewController.updateExpansionAndVisibility:196
04-07 14:43:25.958 D/SecPanelSplitHelper( 4705):  - com.android.systemui.shade.NotificationPanelViewController$$ExternalSyntheticLambda48.run:557
04-07 14:43:25.958 D/SecPanelSplitHelper( 4705):  - com.android.systemui.shade.NotificationShadeWindowControllerImpl.batchApplyWindowLayoutParams:7
04-07 14:43:25.958 D/SecPanelSplitHelper( 4705):  - com.android.systemui.shade.NotificationPanelViewController.setExpandedHeightInternal:23
04-07 14:43:25.958 D/SecPanelSplitHelper( 4705):  - com.android.systemui.shade.NotificationPanelViewController.setExpandedHeight:1
04-07 14:43:25.958 D/SecPanelSplitHelper( 4705):  - com.android.systemui.shade.NotificationPanelViewController.setExpandedFraction:7
04-07 14:43:25.958 D/SecPanelSplitHelper( 4705):  - com.android.systemui.shade.NotificationPanelViewController.collapse:4
04-07 14:43:25.958 D/SecPanelSplitHelper( 4705):  - com.android.systemui.shade.ShadeControllerImpl.makeExpandedInvisible:29
04-07 14:43:25.958 D/SecPanelSplitHelper( 4705):  - com.android.systemui.statusbar.phone.CentralSurfacesImpl$$ExternalSyntheticLambda30.run:90
04-07 14:43:25.972 I/WindowManager( 4705): WindowManagerGlobal#removeView, ty=2228, view=com.android.keyguard.biometrics.KeyguardBiometricToastView{8b6dde5 G.E...... ......ID 0,0-617,203}, caller=android.view.WindowManagerGlobal.removeView:654 android.view.WindowManagerImpl.removeView:211 com.android.systemui.statusbar.phone.BiometricUnlockController.updateBackgroundAuthToast:95 
04-07 14:43:25.974 I/WindowManager( 4705): WindowManagerGlobal#addView, ty=2228, view=com.android.keyguard.biometrics.KeyguardBiometricToastView{fbdd629 G.E...... ......I. 0,0-0,0}, caller=android.view.WindowManagerImpl.addView:158 com.android.systemui.statusbar.phone.BiometricUnlockController.updateBackgroundAuthToast:125 com.android.systemui.statusbar.phone.BiometricUnlockController.updateBackgroundAuthToastForBiometrics:63 
04-07 14:43:25.979 D/NotificationPanelView( 4705): setNowBarExpandMode() enabled = false, duration = 300, listener = null, mKeyguardSecBottomArea = com.android.systemui.statusbar.phone.KeyguardSecBottomAreaView{415e3a4 V.E...... ......ID 0,0-1080,2340 #7f0a05fd app:id/keyguard_bottom_shortcut_area}
04-07 14:43:25.988 D/QuickPanelLog( 4705): SC | makeExpandedInvisible canceled: !mExpandedVisible: true || getNotificationShadeWindowView == null: false
04-07 14:43:25.988 D/QuickPanelLog( 4705):  - com.android.systemui.shade.ShadeControllerImpl.makeExpandedInvisible:194
04-07 14:43:25.988 D/QuickPanelLog( 4705):  - com.android.systemui.statusbar.phone.CentralSurfacesImpl$$ExternalSyntheticLambda30.run:90
04-07 14:43:25.988 D/QuickPanelLog( 4705):  - android.os.Handler.handleCallback:995
04-07 14:43:25.988 D/QuickPanelLog( 4705):  - android.os.Handler.dispatchMessage:103
04-07 14:43:25.988 D/QuickPanelLog( 4705):  - android.os.Looper.loopOnce:273
04-07 14:43:25.988 D/QuickPanelLog( 4705):  - android.os.Looper.loop:363
04-07 14:43:25.988 D/QuickPanelLog( 4705):  - android.app.ActivityThread.main:10060
04-07 14:43:25.988 D/QuickPanelLog( 4705):  - java.lang.reflect.Method.invoke:-2
04-07 14:43:25.988 D/QuickPanelLog( 4705):  - com.android.internal.os.RuntimeInit$MethodAndArgsCaller.run:632
04-07 14:43:25.988 D/QuickPanelLog( 4705):  - com.android.internal.os.ZygoteInit.main:975
04-07 14:43:26.065 D/QSClock ( 4705): StatusBar clock=2:43 notifyTimeChanged(QSClockBellSound - TimeText:2:43, TimeContentDescription:2:43ΓÇ»PM, DateText:ter., 7 de abril, ShortDateText:ter., 7 de abr., Demo:false) clockVisibleByPolicy=true, clockVisibleByUser=true, visible=false, parent=android.widget.LinearLayout{a9ceb83 V.E...... ........ 0,0-0,68 #7f0a069b app:id/left_clock_container} caller=com.android.systemui.statusbar.phone.fragment.CollapsedStatusBarFragment.animateHiddenState:96 com.android.systemui.statusbar.phone.fragment.CollapsedStatusBarFragment.updateStatusBarVisibilitiesInner:260 com.android.systemui.statusbar.phone.fragment.CollapsedStatusBarFragment.updateStatusBarVisibilities:65 com.android.systemui.statusbar.phone.fragment.CollapsedStatusBarFragment.disable:71 com.android.systemui.statusbar.CommandQueue$H.handleMessage:2997  
04-07 14:43:26.292 I/InsetsController( 4705): setRequestedVisibleTypes: visible=true, mask=navigationBars, host=NotificationShade, from=android.view.InsetsController.controlAnimationUnchecked:1604 android.view.InsetsController.applyAnimation:2416 android.view.InsetsController.applyAnimation:2343 android.view.InsetsController.show:1422 android.view.InsetsController.show:1335 com.android.systemui.statusbar.phone.StatusBarKeyguardViewManager$8.run:31 android.view.Choreographer$CallbackRecord.run:1901 android.view.Choreographer$CallbackRecord.run:1910 android.view.Choreographer.doCallbacks:1367 android.view.Choreographer.doFrame:1282 
04-07 14:43:28.423 D/KeyguardSecPinViewController( 4705): verifyPassword by N digits pin option
04-07 14:43:28.624 D/KeyguardSecAbsKeyInputViewController( 4705): verifyPasswordAndUnlock
04-07 14:43:28.629 I/SDPLog  ( 3111): Verify credential for user 0
04-07 14:43:28.629 I/LockSettingsService( 3111): Verifying lockscreen credential for user 0
04-07 14:43:28.755 D/SDPLog  ( 3111): Result of weaver verification for user 0 [ sl : 1, st : Weaver read status ok ]
04-07 14:43:28.800 D/keymint_tee( 2206): [DBG] (nwd_gatekeeper.cpp:118) verify start : 1
04-07 14:43:28.803 D/keymint_swd( 2206): keymint_swd keymint [WRN] (GK_swd_verify:995) GK Verify End [0], took  3 ms
04-07 14:43:28.803 D/keymint_tee( 2206): [DBG] (nwd_gatekeeper.cpp:183) verify end ret = 0, timeout = 0, tokenlen = 69 request_reenroll = 0
04-07 14:43:28.805 I/gatekeeperd( 2743): !@verify ret = 0, uid = 0
04-07 14:43:28.805 I/LockSettingsService( 3111): Successfully verified lockscreen credential for user 0
04-07 14:43:28.806 D/keymint_tee( 2206): [DBG] (nwd_gatekeeper.cpp:118) verify start : 1
04-07 14:43:28.808 D/keymint_swd( 2206): keymint_swd keymint [WRN] (GK_swd_verify:995) GK Verify End [0], took  1 ms
04-07 14:43:28.808 D/keymint_tee( 2206): [DBG] (nwd_gatekeeper.cpp:183) verify end ret = 0, timeout = 0, tokenlen = 69 request_reenroll = 0
04-07 14:43:28.811 I/gatekeeperd( 2743): !@verify ret = 0, uid = 0
04-07 14:43:28.990 V/WindowManager( 3111): Collecting in transition 62041: ActivityRecord{136719249 u0 com.shapepro.fitness/.MainActivity t2889}, caller=com.android.server.wm.TransitionController.collect:7 com.android.server.wm.ActivityRecord.setVisibility:132 com.android.server.wm.TaskFragment.resumeTopActivity:1662 com.android.server.wm.Task.resumeTopActivityInnerLocked:119 com.android.server.wm.Task.resumeTopActivityUncheckedLocked:23 
04-07 14:43:28.990 D/WindowManager( 3111): prepareSync <SYNC_STATE_WAITING_FOR_DRAW>, mPrepareSyncSeqId=0, win=Window{1d32b9b u0 com.shapepro.fitness/com.shapepro.fitness.MainActivity}
04-07 14:43:28.991 V/WindowManager( 3111): Setting visibility of Window{1d32b9b u0 com.shapepro.fitness/com.shapepro.fitness.MainActivity}: true, caller=com.android.server.wm.WindowContainer.sendAppVisibilityToClients:19 com.android.server.wm.WindowToken.setClientVisible:48 com.android.server.wm.ActivityRecord.setVisibility:486 com.android.server.wm.TaskFragment.resumeTopActivity:1662 com.android.server.wm.Task.resumeTopActivityInnerLocked:119 
04-07 14:43:28.991 D/ActivityTaskManager( 3111): scheduleTopResumedActivityChanged, onTop=true, r=ActivityRecord{136719249 u0 com.shapepro.fitness/.MainActivity t2889}, caller=com.android.server.wm.ActivityTaskSupervisor.scheduleTopResumedActivityStateIfNeeded:18 com.android.server.wm.ActivityTaskSupervisor.updateTopResumedActivityIfNeeded:54 com.android.server.wm.TaskFragment.setResumedActivity:30 com.android.server.wm.ActivityRecord.setState:100 com.android.server.wm.TaskFragment.resumeTopActivity:1705 com.android.server.wm.Task.resumeTopActivityInnerLocked:119 
04-07 14:43:28.992 D/WindowManager( 3111): rotationForOrientation, orientationSource=ActivityRecord{136719249 u0 com.shapepro.fitness/.MainActivity t2889}
04-07 14:43:28.992 D/WindowManagerServiceExt( 3111): updateTaskbarTargetIfNeeded: cn=ComponentInfo{com.shapepro.fitness/com.shapepro.fitness.MainActivity} occludesParent=true isInSplitScreenMode=false
04-07 14:43:28.993 V/WindowManager( 3111): Add starting ActivityRecord{136719249 u0 com.shapepro.fitness/.MainActivity t2889}: startingData=SnapshotStartingData{10fca58 removeAfterTransaction= 0}
04-07 14:43:28.993 V/WindowManager( 3111): Added starting ActivityRecord{136719249 u0 com.shapepro.fitness/.MainActivity t2889}: startingWindow=null startingView=com.android.server.wm.StartingSurfaceController$StartingSurface@b7027b1
04-07 14:43:28.993 D/SurfaceComposerClient( 3111): setCornerRadius ## 1d32b9b com.shapepro.fitness/com.shapepro.fitness.MainActivity#685155 cornerRadius=0.000000
04-07 14:43:28.993 D/VRI[MainActivity]@4823ae1(22069): WindowStopped on com.shapepro.fitness/com.shapepro.fitness.MainActivity set to false
04-07 14:43:28.994 D/SGM:FgCheckThread( 3111): noteResumeComponent(), received pkgName: com.shapepro.fitness, userId: 0
04-07 14:43:28.994 D/SGM:FgCheckThread( 3111): onLooperPrepared(), msg: MSG_APP_RESUME, pkgName: com.shapepro.fitness, userid: 0
04-07 14:43:28.994 I/SDHMS:k ( 7732): handleResumeComponent : put = com.shapepro.fitness, userid = 0 instanceid =212658934
04-07 14:43:28.994 D/SurfaceComposerClient( 3111): setCornerRadius ## 1d32b9b com.shapepro.fitness/com.shapepro.fitness.MainActivity#685155 cornerRadius=0.000000
04-07 14:43:28.994 D/BLASTSyncEngine( 3111): SyncGroup 62041:  Unfinished container: ActivityRecord{136719249 u0 com.shapepro.fitness/.MainActivity t2889} mSyncState=2
04-07 14:43:28.994 I/HoneySpace.EdgePanel.EdgePanelContainerViewModel(13246): cocktailHostRepository.edgePanelOperation NoteResumeComponent(componentName=ComponentInfo{com.shapepro.fitness/com.shapepro.fitness.MainActivity})
04-07 14:43:28.994 I/HoneySpace.EdgePanel.ActivityUtils(13246): HomePackage : com.sec.android.app.launcher, resumePackageName : com.shapepro.fitness, className : com.shapepro.fitness.MainActivity
04-07 14:43:28.995 V/WindowManager( 3111): addWindow: ActivityRecord{136719249 u0 com.shapepro.fitness/.MainActivity t2889} startingWindow=Window{cbed817 u0 SnapshotStartingWindow for taskId=2889}
04-07 14:43:28.995 D/CoreBackPreview( 3111): Window{1d32b9b u0 com.shapepro.fitness/com.shapepro.fitness.MainActivity}: Setting back callback OnBackInvokedCallbackInfo{mCallback=android.window.IOnBackInvokedCallback$Stub$Proxy@be33404, mPriority=0, mIsAnimationCallback=true, mOverrideBehavior=0}
04-07 14:43:28.995 D/SurfaceComposerClient( 3111): setCornerRadius ## 1d32b9b com.shapepro.fitness/com.shapepro.fitness.MainActivity#685155 cornerRadius=0.000000
04-07 14:43:28.995 D/BLASTSyncEngine( 3111): SyncGroup 62041:  Unfinished container: ActivityRecord{136719249 u0 com.shapepro.fitness/.MainActivity t2889} mSyncState=2
04-07 14:43:28.996 I/SurfaceFlinger( 2352): [cbed817 SnapshotStartingWindow for taskId=2889#685265] attach to parent LayerHierarchy{RequestedLayerState{ActivityRecord{136719249 u0 com.shapepro.fitness/.MainActivity t2889}#685146 parentId=685145} 4 children}
04-07 14:43:28.997 D/SurfaceComposerClient( 3111): setCornerRadius ## 1d32b9b com.shapepro.fitness/com.shapepro.fitness.MainActivity#685155 cornerRadius=0.000000
04-07 14:43:28.997 D/ChangeTransitionController( 3111): onTransactionReady: TransitionRecord{9433b id=62041 type=TO_BACK flags=0x104 c=[
04-07 14:43:28.997 D/ChangeTransitionController( 3111):    ChangeInfo{3ded422 container=Display{#0 state=ON size=1080x2340 ROTATION_0} flags=0x0}
04-07 14:43:28.997 D/ChangeTransitionController( 3111):    ChangeInfo{ecedeb3 container=DefaultTaskDisplayArea_d0@85358705 flags=0x0}
04-07 14:43:28.997 D/ChangeTransitionController( 3111):    ChangeInfo{7618c70 container=ActivityRecord{136719249 u0 com.shapepro.fitness/.MainActivity t2889} flags=0x0}
04-07 14:43:28.997 D/ChangeTransitionController( 3111):    ChangeInfo{bf31be9 container=Task{e41a23a #2889 type=standard I=com.shapepro.fitness/.MainActivity} flags=0x0}
04-07 14:43:28.997 D/ChangeTransitionController( 3111): ]
04-07 14:43:28.997 D/ChangeTransitionController( 3111): }
04-07 14:43:28.997 V/WindowManager( 3111): Start calculating TransitionInfo based on participants: {ActivityRecord{136719249 u0 com.shapepro.fitness/.MainActivity t2889}}
04-07 14:43:28.998 V/WindowManager( 3111):   Final targets: [ChangeInfo{bf31be9 container=Task{e41a23a #2889 type=standard I=com.shapepro.fitness/.MainActivity} flags=0x10}, ChangeInfo{ecedeb3 container=DefaultTaskDisplayArea_d0@85358705 flags=0x10}]
04-07 14:43:28.999 I/SurfaceControlRegistry( 3111): show, t=StartTransaction_SyncId<62041> sc=ActivityRecord{136719249 u0 com.shapepro.fitness/.MainActivity t2889}, caller=android.view.SurfaceControl$Transaction.show:3557 com.android.server.wm.Transition.onTransactionReady:2048 com.android.server.wm.BLASTSyncEngine$SyncGroup.finishNow:240 com.android.server.wm.BLASTSyncEngine.onSurfacePlacement:263 com.android.server.wm.RootWindowContainer.performSurfacePlacementNoTrace:1083 com.android.server.wm.WindowSurfacePlacer.performSurfacePlacement:166 
04-07 14:43:29.000 V/WindowManager( 3111): Calling onTransitionReady: {id=62041 t=TO_BACK f=0x104 trk=0 r=[0@Point(0, 0)] c=[
04-07 14:43:29.000 V/WindowManager( 3111):         {WCT{RemoteToken{32dda87 Task{e41a23a #2889 type=standard I=com.shapepro.fitness/.MainActivity}}} m=TO_FRONT f=NONE p=WCT{RemoteToken{4f8600e DefaultTaskDisplayArea_d0@85358705}} leash=Surface(name=Task=2889)/@0xc606c9f sb=Rect(0, 0 - 1080, 2340) eb=Rect(0, 0 - 1080, 2340) epz=Point(1080, 2340) d=0 taskParent=-1 inset=Rect(0, 85 - 0, 135) allowAppBgLayer=true},
04-07 14:43:29.000 V/WindowManager( 3111):         {WCT{RemoteToken{4f8600e DefaultTaskDisplayArea_d0@85358705}} m=TO_FRONT f=FLAG_IS_TASK_DISPLAY_AREA leash=Surface(name=DefaultTaskDisplayArea_d0)/@0x825760d sb=Rect(0, 0 - 1080, 2340) eb=Rect(0, 0 - 1080, 2340) epz=Point(1080, 2340) d=0 inset=Rect(0, 0 - 0, 0)}
04-07 14:43:29.000 V/WindowManager( 3111):     ]}
04-07 14:43:29.000 V/WindowManager( 3111):     info={id=62041 t=TO_BACK f=0x104 trk=0 r=[0@Point(0, 0)] c=[
04-07 14:43:29.000 V/WindowManager( 3111):         {WCT{RemoteToken{32dda87 Task{e41a23a #2889 type=standard I=com.shapepro.fitness/.MainActivity}}} m=TO_FRONT f=NONE p=WCT{RemoteToken{4f8600e DefaultTaskDisplayArea_d0@85358705}} leash=Surface(name=Task=2889)/@0xc606c9f sb=Rect(0, 0 - 1080, 2340) eb=Rect(0, 0 - 1080, 2340) epz=Point(1080, 2340) d=0 taskParent=-1 inset=Rect(0, 85 - 0, 135) allowAppBgLayer=true},
04-07 14:43:29.000 V/WindowManager( 3111):         {WCT{RemoteToken{4f8600e DefaultTaskDisplayArea_d0@85358705}} m=TO_FRONT f=FLAG_IS_TASK_DISPLAY_AREA leash=Surface(name=DefaultTaskDisplayArea_d0)/@0x825760d sb=Rect(0, 0 - 1080, 2340) eb=Rect(0, 0 - 1080, 2340) epz=Point(1080, 2340) d=0 inset=Rect(0, 0 - 0, 0)}
04-07 14:43:29.000 V/WindowManager( 3111):     ]}
04-07 14:43:29.001 D/SurfaceComposerClient( 3111): setCornerRadius ## 1d32b9b com.shapepro.fitness/com.shapepro.fitness.MainActivity#685155 cornerRadius=0.000000
04-07 14:43:29.003 D/QuickPanelLog( 4705): SC | makeExpandedVisible: force: true
04-07 14:43:29.003 D/QuickPanelLog( 4705):  - com.android.systemui.shade.ShadeControllerImpl.makeExpandedVisible:80
04-07 14:43:29.003 D/QuickPanelLog( 4705):  - com.android.systemui.shade.ShadeControllerImpl.instantExpandShade:2
04-07 14:43:29.003 D/QuickPanelLog( 4705):  - com.android.systemui.statusbar.phone.CentralSurfacesImpl.updatePanelExpansionForKeyguard:37
04-07 14:43:29.003 D/QuickPanelLog( 4705):  - com.android.systemui.statusbar.phone.StatusBarKeyguardViewManager.updateStates:190
04-07 14:43:29.003 D/QuickPanelLog( 4705):  - com.android.systemui.statusbar.phone.SecStatusBarKeyguardViewManager$5.onUnlockAnimationStarted:5
04-07 14:43:29.003 D/QuickPanelLog( 4705):  - com.android.systemui.keyguard.KeyguardSecLegacyUnlockAnimationControllerImpl.notifyStartSurfaceBehindRemoteAnimation:49
04-07 14:43:29.003 D/QuickPanelLog( 4705):  - com.android.systemui.keyguard.KeyguardViewMediator.handleStartKeyguardExitAnimationInner:380
04-07 14:43:29.003 D/QuickPanelLog( 4705):  - com.android.systemui.keyguard.KeyguardViewMediator$14$$ExternalSyntheticLambda1.run:31
04-07 14:43:29.003 D/QuickPanelLog( 4705):  - com.android.systemui.shade.NotificationShadeWindowControllerImpl.batchApplyWindowLayoutParams:7
04-07 14:43:29.003 D/QuickPanelLog( 4705):  - com.android.systemui.keyguard.KeyguardViewMediator$14.handleMessage:509
04-07 14:43:29.003 D/QuickPanelLog( 4705): NPVC | expand: animate: false, mInstantExpanding: false -> true, mAnimateAfterExpanding: false -> false, mUpdateFlingOnLayout: false -> false, isTracking(): false, mExpanding: false
04-07 14:43:29.003 D/QuickPanelLog( 4705):  - com.android.systemui.shade.NotificationPanelViewController.expand:104
04-07 14:43:29.003 D/QuickPanelLog( 4705):  - com.android.systemui.shade.ShadeControllerImpl.instantExpandShade:10
04-07 14:43:29.003 D/QuickPanelLog( 4705):  - com.android.systemui.statusbar.phone.CentralSurfacesImpl.updatePanelExpansionForKeyguard:37
04-07 14:43:29.003 D/QuickPanelLog( 4705):  - com.android.systemui.statusbar.phone.StatusBarKeyguardViewManager.updateStates:190
04-07 14:43:29.003 D/QuickPanelLog( 4705):  - com.android.systemui.statusbar.phone.SecStatusBarKeyguardViewManager$5.onUnlockAnimationStarted:5
04-07 14:43:29.003 D/QuickPanelLog( 4705):  - com.android.systemui.keyguard.KeyguardSecLegacyUnlockAnimationControllerImpl.notifyStartSurfaceBehindRemoteAnimation:49
04-07 14:43:29.003 D/QuickPanelLog( 4705):  - com.android.systemui.keyguard.KeyguardViewMediator.handleStartKeyguardExitAnimationInner:380
04-07 14:43:29.003 D/QuickPanelLog( 4705):  - com.android.systemui.keyguard.KeyguardViewMediator$14$$ExternalSyntheticLambda1.run:31
04-07 14:43:29.003 D/QuickPanelLog( 4705):  - com.android.systemui.shade.NotificationShadeWindowControllerImpl.batchApplyWindowLayoutParams:7
04-07 14:43:29.003 D/QuickPanelLog( 4705):  - com.android.systemui.keyguard.KeyguardViewMediator$14.handleMessage:509
04-07 14:43:29.004 D/QuickPanelLog( 4705): SC | makeExpandedVisible canceled: mExpandedVisible: true || !getCommandQueue().panelsEnabled(): false
04-07 14:43:29.004 D/QuickPanelLog( 4705):  - com.android.systemui.shade.ShadeControllerImpl.makeExpandedVisible:60
04-07 14:43:29.004 D/QuickPanelLog( 4705):  - com.android.systemui.shade.NotificationPanelViewController$$ExternalSyntheticLambda6.onPanelStateChanged$2:121
04-07 14:43:29.004 D/QuickPanelLog( 4705):  - com.android.systemui.shade.ShadeExpansionStateManager.updateStateInternal:51
04-07 14:43:29.004 D/QuickPanelLog( 4705):  - com.android.systemui.shade.NotificationPanelViewController.updateExpansionAndVisibility:40
04-07 14:43:29.004 D/QuickPanelLog( 4705):  - com.android.systemui.shade.NotificationPanelViewController.expand:132
04-07 14:43:29.004 D/QuickPanelLog( 4705):  - com.android.systemui.shade.ShadeControllerImpl.instantExpandShade:10
04-07 14:43:29.004 D/QuickPanelLog( 4705):  - com.android.systemui.statusbar.phone.CentralSurfacesImpl.updatePanelExpansionForKeyguard:37
04-07 14:43:29.004 D/QuickPanelLog( 4705):  - com.android.systemui.statusbar.phone.StatusBarKeyguardViewManager.updateStates:190
04-07 14:43:29.004 D/QuickPanelLog( 4705):  - com.android.systemui.statusbar.phone.SecStatusBarKeyguardViewManager$5.onUnlockAnimationStarted:5
04-07 14:43:29.004 D/QuickPanelLog( 4705):  - com.android.systemui.keyguard.KeyguardSecLegacyUnlockAnimationControllerImpl.notifyStartSurfaceBehindRemoteAnimation:49
04-07 14:43:29.004 D/QuickPanelLog( 4705): NPVC | updateExpansionAndVisibility: mExpandedFraction: 0.0, mInstantExpanding: true, isPanelVisibleBecauseOfHeadsUp: false, isTracking(): false, mIsSpringBackAnimation: false, isExpanded: true, isFullyExpanded: false, isFullyCollapsed: true, mHeightAnimator is null: true
04-07 14:43:29.004 D/QuickPanelLog( 4705):  - com.android.systemui.shade.NotificationPanelViewController.updateExpansionAndVisibility:350
04-07 14:43:29.004 D/QuickPanelLog( 4705):  - com.android.systemui.shade.NotificationPanelViewController.expand:132
04-07 14:43:29.004 D/QuickPanelLog( 4705):  - com.android.systemui.shade.ShadeControllerImpl.instantExpandShade:10
04-07 14:43:29.004 D/QuickPanelLog( 4705):  - com.android.systemui.statusbar.phone.CentralSurfacesImpl.updatePanelExpansionForKeyguard:37
04-07 14:43:29.004 D/QuickPanelLog( 4705):  - com.android.systemui.statusbar.phone.StatusBarKeyguardViewManager.updateStates:190
04-07 14:43:29.004 D/QuickPanelLog( 4705):  - com.android.systemui.statusbar.phone.SecStatusBarKeyguardViewManager$5.onUnlockAnimationStarted:5
04-07 14:43:29.004 D/QuickPanelLog( 4705):  - com.android.systemui.keyguard.KeyguardSecLegacyUnlockAnimationControllerImpl.notifyStartSurfaceBehindRemoteAnimation:49
04-07 14:43:29.004 D/QuickPanelLog( 4705):  - com.android.systemui.keyguard.KeyguardViewMediator.handleStartKeyguardExitAnimationInner:380
04-07 14:43:29.004 D/QuickPanelLog( 4705):  - com.android.systemui.keyguard.KeyguardViewMediator$14$$ExternalSyntheticLambda1.run:31
04-07 14:43:29.004 D/QuickPanelLog( 4705):  - com.android.systemui.shade.NotificationShadeWindowControllerImpl.batchApplyWindowLayoutParams:7
04-07 14:43:29.005 I/SV[194817172 MainActivity](22069): onWindowVisibilityChanged(0) false io.flutter.embedding.android.FlutterSurfaceView{b9cac94 V.E...... ......ID 0,0-1080,2340} of VRI[MainActivity]@4823ae1
04-07 14:43:29.005 D/SurfaceComposerClient( 3111): setCornerRadius ## 1d32b9b com.shapepro.fitness/com.shapepro.fitness.MainActivity#685155 cornerRadius=0.000000
04-07 14:43:29.006 D/InsetsSourceProvider( 3111): updateFakeControlTarget: fakeControl=InsetsSourceControl: {acd70001 mType=navigationBars mSurfacePosition=Point(0, 0) mInsetsHint=Insets{left=0, top=0, right=0, bottom=0}}, fakeTarget=Window{1d32b9b u0 com.shapepro.fitness/com.shapepro.fitness.MainActivity}
04-07 14:43:29.007 D/KeyguardStatusBarViewExt( 4705): v:4, a:1,00, com.android.systemui.statusbar.phone.KeyguardStatusBarViewController.updateViewState:34 com.android.systemui.shade.NotificationPanelViewController$$ExternalSyntheticLambda48.run:545 com.android.systemui.shade.NotificationShadeWindowControllerImpl.batchApplyWindowLayoutParams:7 com.android.systemui.shade.NotificationPanelViewController.setExpandedHeightInternal:23 com.android.systemui.shade.NotificationPanelViewController.setExpandedHeight:1 
04-07 14:43:29.007 D/KeyguardStatusBarViewExt( 4705): v:0, a:1,00, com.android.systemui.statusbar.phone.KeyguardStatusBarViewController.updateViewState:34 com.android.systemui.shade.NotificationPanelViewController$$ExternalSyntheticLambda48.run:545 com.android.systemui.shade.NotificationShadeWindowControllerImpl.batchApplyWindowLayoutParams:7 com.android.systemui.shade.NotificationPanelViewController.setExpandedHeightInternal:23 com.android.systemui.shade.NotificationPanelViewController.setExpandedHeight:1 
04-07 14:43:29.007 D/InsetsSourceProvider( 3111): updateFakeControlTarget: fakeControl=InsetsSourceControl: {81c60000 mType=statusBars mSurfacePosition=Point(0, 0) mInsetsHint=Insets{left=0, top=0, right=0, bottom=0}}, fakeTarget=Window{1d32b9b u0 com.shapepro.fitness/com.shapepro.fitness.MainActivity}
04-07 14:43:29.007 I/WindowManager( 3111): Relayout Window{1d32b9b u0 com.shapepro.fitness/com.shapepro.fitness.MainActivity}: viewVisibility=0 req=1080x2340 ty=1 d0
04-07 14:43:29.007 I/SurfaceFlinger( 2352): id=685271 createSurf, flag=44004, com.shapepro.fitness/com.shapepro.fitness.MainActivity$_22069#685271
04-07 14:43:29.007 D/WindowManager( 3111): makeSurface duration=0 name=com.shapepro.fitness/com.shapepro.fitness.MainActivity$_22069
04-07 14:43:29.007 D/SurfaceComposerClient( 3111): setCornerRadius ## 1d32b9b com.shapepro.fitness/com.shapepro.fitness.MainActivity#685155 cornerRadius=0.000000
04-07 14:43:29.007 D/SurfaceComposerClient( 3111): setCornerRadius ## 1d32b9b com.shapepro.fitness/com.shapepro.fitness.MainActivity#685155 cornerRadius=0.000000
04-07 14:43:29.008 I/SV[194817172 MainActivity](22069): windowStopped(false) true io.flutter.embedding.android.FlutterSurfaceView{b9cac94 V.E...... ......ID 0,0-1080,2340} of VRI[MainActivity]@4823ae1
04-07 14:43:29.008 I/SurfaceFlinger( 2352): id=685272 createSurf, flag=20004, Bounds for - com.shapepro.fitness/com.shapepro.fitness.MainActivity@3#685272
04-07 14:43:29.009 I/SurfaceFlinger( 2352): id=685273 createSurf, flag=84004, b9cac94 SurfaceView[com.shapepro.fitness/com.shapepro.fitness.MainActivity]@0#685273
04-07 14:43:29.009 I/SurfaceFlinger( 2352): id=685274 createSurf, flag=44400, b9cac94 SurfaceView[com.shapepro.fitness/com.shapepro.fitness.MainActivity]@0(BLAST)#685274
04-07 14:43:29.009 I/SurfaceFlinger( 2352): id=685275 createSurf, flag=20404, Background for b9cac94 SurfaceView[com.shapepro.fitness/com.shapepro.fitness.MainActivity]@0#685275
04-07 14:43:29.009 D/SurfaceComposerClient( 3111): setCornerRadius ## 1d32b9b com.shapepro.fitness/com.shapepro.fitness.MainActivity#685155 cornerRadius=0.000000
04-07 14:43:29.009 I/BLASTBufferQueue_Java(22069): new BLASTBufferQueue, mName= b9cac94 SurfaceView[com.shapepro.fitness/com.shapepro.fitness.MainActivity]@0 mNativeObject= 0xb4000076360c8f70 caller= android.view.SurfaceView.createBlastSurfaceControls:1781 android.view.SurfaceView.updateSurface:1450 android.view.SurfaceView.setWindowStopped:539 android.view.SurfaceView.surfaceCreated:2327 android.view.ViewRootImpl.notifySurfaceCreated:3502 android.view.ViewRootImpl.performTraversals:5286 android.view.ViewRootImpl.doTraversal:3924 android.view.ViewRootImpl$TraversalRunnable.run:12903 android.view.Choreographer$CallbackRecord.run:1901 android.view.Choreographer$CallbackRecord.run:1910 
04-07 14:43:29.009 I/BLASTBufferQueue_Java(22069): update, w= 1080 h= 2340 mName = b9cac94 SurfaceView[com.shapepro.fitness/com.shapepro.fitness.MainActivity]@0 mNativeObject= 0xb4000076360c8f70 sc.mNativeObject= 0xb400007795fc8390 format= 4 caller= android.view.SurfaceView.createBlastSurfaceControls:1782 android.view.SurfaceView.updateSurface:1450 android.view.SurfaceView.setWindowStopped:539 android.view.SurfaceView.surfaceCreated:2327 android.view.ViewRootImpl.notifySurfaceCreated:3502 android.view.ViewRootImpl.performTraversals:5286 
04-07 14:43:29.009 D/SurfaceComposerClient( 3111): setCornerRadius ## 1d32b9b com.shapepro.fitness/com.shapepro.fitness.MainActivity#685155 cornerRadius=0.000000
04-07 14:43:29.009 D/SurfaceComposerClient(22069): setCornerRadius ## b9cac94 SurfaceView[com.shapepro.fitness/com.shapepro.fitness.MainActivity]@0#685273 cornerRadius=0.000000
04-07 14:43:29.009 I/SV[194817172 MainActivity](22069): surfaceCreated 1 #1 io.flutter.embedding.android.FlutterSurfaceView{b9cac94 V.E...... ......ID 0,0-1080,2340}
04-07 14:43:29.013 I/SurfaceFlinger( 2352): RequestedLayer [ActivityRecord{136719249 u0 com.shapepro.fitness/.MainActivity t2889}#685146] hidden!! flag  from(1) --> to(0)
04-07 14:43:29.013 I/SurfaceFlinger( 2352): [com.shapepro.fitness/com.shapepro.fitness.MainActivity$_22069#685271] attach to parent LayerHierarchy{RequestedLayerState{1d32b9b com.shapepro.fitness/com.shapepro.fitness.MainActivity#685155 parentId=685146} 1 children}
04-07 14:43:29.013 I/SurfaceFlinger( 2352): [Bounds for - com.shapepro.fitness/com.shapepro.fitness.MainActivity@3#685272] attach to parent LayerHierarchy{RequestedLayerState{com.shapepro.fitness/com.shapepro.fitness.MainActivity$_22069#685271 parentId=685155} 1 children}
04-07 14:43:29.013 I/SurfaceFlinger( 2352): [b9cac94 SurfaceView[com.shapepro.fitness/com.shapepro.fitness.MainActivity]@0#685273] attach to parent LayerHierarchy{RequestedLayerState{Bounds for - com.shapepro.fitness/com.shapepro.fitness.MainActivity@3#685272 parentId=685271} 1 children}
04-07 14:43:29.013 I/SurfaceFlinger( 2352): [b9cac94 SurfaceView[com.shapepro.fitness/com.shapepro.fitness.MainActivity]@0(BLAST)#685274] attach to parent LayerHierarchy{RequestedLayerState{b9cac94 SurfaceView[com.shapepro.fitness/com.shapepro.fitness.MainActivity]@0#685273 parentId=685272} 1 children}
04-07 14:43:29.013 I/SurfaceFlinger( 2352): [Background for b9cac94 SurfaceView[com.shapepro.fitness/com.shapepro.fitness.MainActivity]@0#685275] attach to parent LayerHierarchy{RequestedLayerState{b9cac94 SurfaceView[com.shapepro.fitness/com.shapepro.fitness.MainActivity]@0#685273 parentId=685272} 2 children}
04-07 14:43:29.015 I/SV[194817172 MainActivity](22069): surfaceChanged (1080,2340) 1 #1 io.flutter.embedding.android.FlutterSurfaceView{b9cac94 V.E...... ......ID 0,0-1080,2340}
04-07 14:43:29.015 I/NowBarCardViewModel( 4705): setNowBarState nowBarViewState = COLLAPSED aod.o5.s:71 aod.Sw0.B:16 com.samsung.android.app.facewidget.presentation.NowBarCardViewModel.o:29 com.samsung.android.app.facewidget.presentation.NowBarCardViewModel.h:10 com.samsung.android.app.facewidget.presentation.NowBarCardViewModel.i:53 com.samsung.android.app.facewidget.presentation.NowBarCardViewModel$keyguardUpdateMonitorCallback$1.onKeyguardVisibilityChanged:174 com.android.systemui.facewidget.plugin.FaceWidgetKeyguardUpdateMonitorWrapper$FaceWidgetKeyguardUpdateMonitorCallbackWrapper.onKeyguardVisibilityChanged:3 com.android.keyguard.KeyguardSecUpdateMonitorImpl$$ExternalSyntheticLambda24.accept:36 com.android.keyguard.KeyguardSecUpdateMonitorImpl.dispatchCallback:12 com.android.keyguard.KeyguardSecUpdateMonitorImpl.setKeyguardShowing:75 com.android.systemui.statusbar.policy.KeyguardStateControllerImpl.notifyKeyguardState:16 com.android.systemui.statusbar.phone.StatusBarKeyguardViewManager.hide:24 com.android.systemui.statusbar.phone.SecStatusBarKeyguardViewManager.hide:43 com.android.systemui.keyguard.KeyguardUnlockAnimationController.hideKeyguardViewAfterRemoteAnimation:15 com.android.systemui.keyguard.KeyguardViewMediator$$ExternalSyntheticLambda1.run:206 com.android.systemui.DejankUtils.postAfterTraversal:5 com.android.systemui.keyguard.KeyguardViewMediator.postAfterTraversal:1 com.android.systemui.keyguard.KeyguardViewMediator.exitKeyguardAndFinishSurfaceBehindRemoteAnimation:93 com.android.systemui.keyguard.KeyguardSecLegacyUnlockAnimationControllerImpl$playUnlockAnimation$4.run:11 android.os.Handler.handleCallback:995 
04-07 14:43:29.015 D/NotificationPanelView( 4705): setNowBarExpandMode() enabled = false, duration = 300, listener = null, mKeyguardSecBottomArea = com.android.systemui.statusbar.phone.KeyguardSecBottomAreaView{415e3a4 V.E...... ........ 0,0-1080,2340 #7f0a05fd app:id/keyguard_bottom_shortcut_area}
04-07 14:43:29.018 I/SurfaceFlinger( 2352): [com.shapepro.fitness/com.shapepro.fitness.MainActivity$_22069#685271] setTransactionState with the first frame. bufferData(ID: 94785633255493, frameNumber: 1)
04-07 14:43:29.022 D/SGM:FgCheckThread( 3111):   handleUserPresent(). resume signal is needed for com.shapepro.fitness
04-07 14:43:29.023 D/MdnieScenarioControlService( 3111):  packageName : com.shapepro.fitness    className : com.shapepro.fitness.MainActivity
04-07 14:43:29.024 D/KeyguardStatusBarViewExt( 4705): v:4, a:1,00, com.android.systemui.shade.NotificationPanelViewController$StatusBarStateListener.onStateChanged:69 com.android.systemui.shade.NotificationPanelViewController$StatusBarStateListener.onStateChanged:1 com.android.systemui.statusbar.StatusBarStateControllerImpl.setState:266 com.android.systemui.statusbar.phone.CentralSurfacesImpl.updateIsKeyguard:284 com.android.systemui.statusbar.phone.CentralSurfacesImpl.hideKeyguard:8 
04-07 14:43:29.024 D/CollapsedStatusBarFragmentExt( 4705): com.android.systemui.statusbar.phone.ongoingactivity.OngoingActivityController.updateParentViewVisibility:99 com.android.systemui.statusbar.phone.ongoingactivity.OngoingActivityController$statusBarStateListener$1.onStateChanged:83 com.android.systemui.statusbar.StatusBarStateControllerImpl.setState:266 com.android.systemui.statusbar.phone.CentralSurfacesImpl.updateIsKeyguard:284 com.android.systemui.statusbar.phone.CentralSurfacesImpl.hideKeyguard:8 com.android.systemui.statusbar.phone.StatusBarKeyguardViewManager.hide:231 
04-07 14:43:29.025 D/QuickPanelLog( 4705): NPVC | instantCollapse
04-07 14:43:29.025 D/QuickPanelLog( 4705):  - com.android.systemui.shade.NotificationPanelViewController.instantCollapse:7
04-07 14:43:29.025 D/QuickPanelLog( 4705):  - com.android.systemui.shade.ShadeControllerImpl.instantCollapseShade:5
04-07 14:43:29.025 D/QuickPanelLog( 4705):  - com.android.systemui.statusbar.phone.CentralSurfacesImpl.updateIsKeyguard:429
04-07 14:43:29.025 D/QuickPanelLog( 4705):  - com.android.systemui.statusbar.phone.CentralSurfacesImpl.hideKeyguard:8
04-07 14:43:29.025 D/QuickPanelLog( 4705):  - com.android.systemui.statusbar.phone.StatusBarKeyguardViewManager.hide:231
04-07 14:43:29.025 D/QuickPanelLog( 4705):  - com.android.systemui.statusbar.phone.SecStatusBarKeyguardViewManager.hide:43
04-07 14:43:29.025 D/QuickPanelLog( 4705):  - com.android.systemui.keyguard.KeyguardUnlockAnimationController.hideKeyguardViewAfterRemoteAnimation:15
04-07 14:43:29.025 D/QuickPanelLog( 4705):  - com.android.systemui.keyguard.KeyguardViewMediator$$ExternalSyntheticLambda1.run:206
04-07 14:43:29.025 D/QuickPanelLog( 4705):  - com.android.systemui.DejankUtils.postAfterTraversal:5
04-07 14:43:29.025 D/QuickPanelLog( 4705):  - com.android.systemui.keyguard.KeyguardViewMediator.postAfterTraversal:1
04-07 14:43:29.026 D/SecPanelSplitHelper( 4705): slide ( SHADE_STATE )
04-07 14:43:29.026 D/SecPanelSplitHelper( 4705):  - com.android.systemui.shade.SecPanelSplitHelper.onPanelExpansionChanged:38
04-07 14:43:29.026 D/SecPanelSplitHelper( 4705):  - com.android.systemui.shade.NotificationPanelViewController.updateExpansionAndVisibility:196
04-07 14:43:29.026 D/SecPanelSplitHelper( 4705):  - com.android.systemui.shade.NotificationPanelViewController$$ExternalSyntheticLambda48.run:557
04-07 14:43:29.026 D/SecPanelSplitHelper( 4705):  - com.android.systemui.shade.NotificationShadeWindowControllerImpl.batchApplyWindowLayoutParams:7
04-07 14:43:29.026 D/SecPanelSplitHelper( 4705):  - com.android.systemui.shade.NotificationPanelViewController.setExpandedHeightInternal:23
04-07 14:43:29.026 D/SecPanelSplitHelper( 4705):  - com.android.systemui.shade.NotificationPanelViewController.setExpandedHeight:1
04-07 14:43:29.026 D/SecPanelSplitHelper( 4705):  - com.android.systemui.shade.NotificationPanelViewController.setExpandedFraction:7
04-07 14:43:29.026 D/SecPanelSplitHelper( 4705):  - com.android.systemui.shade.NotificationPanelViewController.instantCollapse:14
04-07 14:43:29.026 D/SecPanelSplitHelper( 4705):  - com.android.systemui.shade.ShadeControllerImpl.instantCollapseShade:5
04-07 14:43:29.026 D/SecPanelSplitHelper( 4705):  - com.android.systemui.statusbar.phone.CentralSurfacesImpl.updateIsKeyguard:429
04-07 14:43:29.029 I/SurfaceFlinger( 2352): RequestedLayer [b9cac94 SurfaceView[com.shapepro.fit[...]pepro.fitness.MainActivity]@0#685273] hidden!! flag  from(1) --> to(0)
04-07 14:43:29.030 I/SurfaceFlinger( 2352): RequestedLayer [Bounds for - com.shapepro.fitness/com.shapepro.fitness.MainActivity@3#685272] hidden!! flag  from(1) --> to(0)
04-07 14:43:29.030 I/SurfaceFlinger( 2352): [LayerHierarchy{RequestedLayerState{b9cac94 SurfaceView[com.shapepro.fitness/com.shapepro.fitness.MainActivity]@0#685273 parentId=685272 relativeParentId=685271 z=-2} 2 children}] RelativeParent to LayerHierarchy{RequestedLayerState{com.shapepro.fitness/com.shapepro.fitness.MainActivity$_22069#685271 parentId=685155} 2 children}
04-07 14:43:29.030 I/SurfaceFlinger( 2352): [LayerHierarchy{RequestedLayerState{Background for b9cac94 SurfaceView[com.shapepro.fitness/com.shapepro.fitness.MainActivity]@0#685275 parentId=685273 relativeParentId=685271 z=-2147483648} no children}] RelativeParent to LayerHierarchy{RequestedLayerState{com.shapepro.fitness/com.shapepro.fitness.MainActivity$_22069#685271 parentId=685155} 3 children}
04-07 14:43:29.031 D/NotificationPanelView( 4705): setNowBarExpandMode() enabled = false, duration = 300, listener = null, mKeyguardSecBottomArea = com.android.systemui.statusbar.phone.KeyguardSecBottomAreaView{415e3a4 G.E...... ......ID 0,0-1080,2340 #7f0a05fd app:id/keyguard_bottom_shortcut_area}
04-07 14:43:29.032 D/NotificationPanelView( 4705): setNowBarExpandMode() enabled = false, duration = 300, listener = null, mKeyguardSecBottomArea = com.android.systemui.statusbar.phone.KeyguardSecBottomAreaView{415e3a4 G.E...... ......ID 0,0-1080,2340 #7f0a05fd app:id/keyguard_bottom_shortcut_area}
04-07 14:43:29.033 D/SurfaceComposerClient( 3111): setCornerRadius ## 1d32b9b com.shapepro.fitness/com.shapepro.fitness.MainActivity#685155 cornerRadius=0.000000
04-07 14:43:29.035 V/WindowManager( 3111): Finish Transition: TransitionRecord{9433b id=62041 type=TO_BACK flags=0x104 c=[
04-07 14:43:29.035 V/WindowManager( 3111):    ChangeInfo{3ded422 container=Display{#0 state=ON size=1080x2340 ROTATION_0} flags=0x0}
04-07 14:43:29.035 V/WindowManager( 3111):    ChangeInfo{ecedeb3 container=DefaultTaskDisplayArea_d0@85358705 flags=0x10}
04-07 14:43:29.035 V/WindowManager( 3111):    ChangeInfo{7618c70 container=ActivityRecord{136719249 u0 com.shapepro.fitness/.MainActivity t2889} flags=0x0}
04-07 14:43:29.035 V/WindowManager( 3111):    ChangeInfo{bf31be9 container=Task{e41a23a #2889 type=standard I=com.shapepro.fitness/.MainActivity} flags=0x10}
04-07 14:43:29.035 V/WindowManager( 3111): ]
