04-07 14:44:57.336 D/QuickPanelLog( 4705):  - com.android.systemui.shade.NotificationPanelViewController.updateExpansionAndVisibility:40
04-07 14:44:57.336 D/QuickPanelLog( 4705):  - com.android.systemui.shade.NotificationPanelViewController.expand:132
04-07 14:44:57.336 D/QuickPanelLog( 4705):  - com.android.systemui.shade.ShadeControllerImpl.instantExpandShade:10
04-07 14:44:57.336 D/QuickPanelLog( 4705):  - com.android.systemui.statusbar.phone.CentralSurfacesImpl.updatePanelExpansionForKeyguard:37
04-07 14:44:57.336 D/QuickPanelLog( 4705):  - com.android.systemui.statusbar.phone.StatusBarKeyguardViewManager.updateStates:190
04-07 14:44:57.336 D/QuickPanelLog( 4705):  - com.android.systemui.statusbar.phone.SecStatusBarKeyguardViewManager$5.onUnlockAnimationStarted:5
04-07 14:44:57.336 D/QuickPanelLog( 4705):  - com.android.systemui.keyguard.KeyguardSecLegacyUnlockAnimationControllerImpl.notifyStartSurfaceBehindRemoteAnimation:49
04-07 14:44:57.336 I/SV[194817172 MainActivity](22069): surfaceCreated 1 #1 io.flutter.embedding.android.FlutterSurfaceView{b9cac94 V.E...... ......ID 0,0-1080,2340}
04-07 14:44:57.337 D/QuickPanelLog( 4705): NPVC | updateExpansionAndVisibility: mExpandedFraction: 0.0, mInstantExpanding: true, isPanelVisibleBecauseOfHeadsUp: false, isTracking(): false, mIsSpringBackAnimation: false, isExpanded: true, isFullyExpanded: false, isFullyCollapsed: true, mHeightAnimator is null: true
04-07 14:44:57.337 D/QuickPanelLog( 4705):  - com.android.systemui.shade.NotificationPanelViewController.updateExpansionAndVisibility:350
04-07 14:44:57.337 D/QuickPanelLog( 4705):  - com.android.systemui.shade.NotificationPanelViewController.expand:132
04-07 14:44:57.337 D/QuickPanelLog( 4705):  - com.android.systemui.shade.ShadeControllerImpl.instantExpandShade:10
04-07 14:44:57.337 D/QuickPanelLog( 4705):  - com.android.systemui.statusbar.phone.CentralSurfacesImpl.updatePanelExpansionForKeyguard:37
04-07 14:44:57.337 D/QuickPanelLog( 4705):  - com.android.systemui.statusbar.phone.StatusBarKeyguardViewManager.updateStates:190
04-07 14:44:57.337 D/QuickPanelLog( 4705):  - com.android.systemui.statusbar.phone.SecStatusBarKeyguardViewManager$5.onUnlockAnimationStarted:5
04-07 14:44:57.337 D/QuickPanelLog( 4705):  - com.android.systemui.keyguard.KeyguardSecLegacyUnlockAnimationControllerImpl.notifyStartSurfaceBehindRemoteAnimation:49
04-07 14:44:57.337 D/QuickPanelLog( 4705):  - com.android.systemui.keyguard.KeyguardViewMediator.handleStartKeyguardExitAnimationInner:380
04-07 14:44:57.337 D/QuickPanelLog( 4705):  - com.android.systemui.keyguard.KeyguardViewMediator$14$$ExternalSyntheticLambda1.run:31
04-07 14:44:57.337 D/QuickPanelLog( 4705):  - com.android.systemui.shade.NotificationShadeWindowControllerImpl.batchApplyWindowLayoutParams:7
04-07 14:44:57.341 I/SurfaceFlinger( 2352): RequestedLayer [ActivityRecord{136719249 u0 com.shapepro.fitness/.MainActivity t2889}#685146] hidden!! flag  from(1) --> to(0)
04-07 14:44:57.341 I/SurfaceFlinger( 2352): [785e254 SnapshotStartingWindow for taskId=2889#685300] attach to parent LayerHierarchy{RequestedLayerState{ActivityRecord{136719249 u0 com.shapepro.fitness/.MainActivity t2889}#685146 parentId=685145} 4 children}
04-07 14:44:57.341 I/SurfaceFlinger( 2352): [com.shapepro.fitness/com.shapepro.fitness.MainActivity$_22069#685304] attach to parent LayerHierarchy{RequestedLayerState{1d32b9b com.shapepro.fitness/com.shapepro.fitness.MainActivity#685155 parentId=685146} 1 children}
04-07 14:44:57.341 I/SurfaceFlinger( 2352): [Bounds for - com.shapepro.fitness/com.shapepro.fitness.MainActivity@4#685305] attach to parent LayerHierarchy{RequestedLayerState{com.shapepro.fitness/com.shapepro.fitness.MainActivity$_22069#685304 parentId=685155} 1 children}
04-07 14:44:57.341 I/SurfaceFlinger( 2352): [b9cac94 SurfaceView[com.shapepro.fitness/com.shapepro.fitness.MainActivity]@0#685306] attach to parent LayerHierarchy{RequestedLayerState{Bounds for - com.shapepro.fitness/com.shapepro.fitness.MainActivity@4#685305 parentId=685304} 1 children}
04-07 14:44:57.341 I/SurfaceFlinger( 2352): [b9cac94 SurfaceView[com.shapepro.fitness/com.shapepro.fitness.MainActivity]@0(BLAST)#685307] attach to parent LayerHierarchy{RequestedLayerState{b9cac94 SurfaceView[com.shapepro.fitness/com.shapepro.fitness.MainActivity]@0#685306 parentId=685305} 1 children}
04-07 14:44:57.341 I/SurfaceFlinger( 2352): [Background for b9cac94 SurfaceView[com.shapepro.fitness/com.shapepro.fitness.MainActivity]@0#685308] attach to parent LayerHierarchy{RequestedLayerState{b9cac94 SurfaceView[com.shapepro.fitness/com.shapepro.fitness.MainActivity]@0#685306 parentId=685305} 2 children}
04-07 14:44:57.343 I/SV[194817172 MainActivity](22069): surfaceChanged (1080,2340) 1 #1 io.flutter.embedding.android.FlutterSurfaceView{b9cac94 V.E...... ......ID 0,0-1080,2340}
04-07 14:44:57.347 I/SurfaceFlinger( 2352): [com.shapepro.fitness/com.shapepro.fitness.MainActivity$_22069#685304] setTransactionState with the first frame. bufferData(ID: 94785633255510, frameNumber: 1)
04-07 14:44:57.350 D/SurfaceComposerClient( 3111): setCornerRadius ## 1d32b9b com.shapepro.fitness/com.shapepro.fitness.MainActivity#685155 cornerRadius=0.000000
04-07 14:44:57.350 D/SurfaceComposerClient( 3111): setCornerRadius ## 1d32b9b com.shapepro.fitness/com.shapepro.fitness.MainActivity#685155 cornerRadius=0.000000
04-07 14:44:57.351 D/InsetsSourceProvider( 3111): updateFakeControlTarget: fakeControl=InsetsSourceControl: {acd70001 mType=navigationBars mSurfacePosition=Point(0, 0) mInsetsHint=Insets{left=0, top=0, right=0, bottom=0}}, fakeTarget=Window{1d32b9b u0 com.shapepro.fitness/com.shapepro.fitness.MainActivity}
04-07 14:44:57.351 D/InsetsSourceProvider( 3111): updateFakeControlTarget: fakeControl=InsetsSourceControl: {81c60000 mType=statusBars mSurfacePosition=Point(0, 0) mInsetsHint=Insets{left=0, top=0, right=0, bottom=0}}, fakeTarget=Window{1d32b9b u0 com.shapepro.fitness/com.shapepro.fitness.MainActivity}
04-07 14:44:57.352 D/SurfaceComposerClient( 3111): setCornerRadius ## 1d32b9b com.shapepro.fitness/com.shapepro.fitness.MainActivity#685155 cornerRadius=0.000000
04-07 14:44:57.352 D/SurfaceComposerClient( 3111): setCornerRadius ## 1d32b9b com.shapepro.fitness/com.shapepro.fitness.MainActivity#685155 cornerRadius=0.000000
04-07 14:44:57.353 D/KeyguardStatusBarViewExt( 4705): v:4, a:1,00, com.android.systemui.statusbar.phone.KeyguardStatusBarViewController.updateViewState:34 com.android.systemui.shade.NotificationPanelViewController$$ExternalSyntheticLambda48.run:545 com.android.systemui.shade.NotificationShadeWindowControllerImpl.batchApplyWindowLayoutParams:7 com.android.systemui.shade.NotificationPanelViewController.setExpandedHeightInternal:23 com.android.systemui.shade.NotificationPanelViewController.setExpandedHeight:1 
04-07 14:44:57.353 D/KeyguardStatusBarViewExt( 4705): v:0, a:1,00, com.android.systemui.statusbar.phone.KeyguardStatusBarViewController.updateViewState:34 com.android.systemui.shade.NotificationPanelViewController$$ExternalSyntheticLambda48.run:545 com.android.systemui.shade.NotificationShadeWindowControllerImpl.batchApplyWindowLayoutParams:7 com.android.systemui.shade.NotificationPanelViewController.setExpandedHeightInternal:23 com.android.systemui.shade.NotificationPanelViewController.setExpandedHeight:1 
04-07 14:44:57.357 I/SurfaceFlinger( 2352): RequestedLayer [b9cac94 SurfaceView[com.shapepro.fit[...]pepro.fitness.MainActivity]@0#685306] hidden!! flag  from(1) --> to(0)
04-07 14:44:57.357 I/SurfaceFlinger( 2352): RequestedLayer [Bounds for - com.shapepro.fitness/com.shapepro.fitness.MainActivity@4#685305] hidden!! flag  from(1) --> to(0)
04-07 14:44:57.357 I/SurfaceFlinger( 2352): [LayerHierarchy{RequestedLayerState{b9cac94 SurfaceView[com.shapepro.fitness/com.shapepro.fitness.MainActivity]@0#685306 parentId=685305 relativeParentId=685304 z=-2} 2 children}] RelativeParent to LayerHierarchy{RequestedLayerState{com.shapepro.fitness/com.shapepro.fitness.MainActivity$_22069#685304 parentId=685155} 2 children}
04-07 14:44:57.357 I/SurfaceFlinger( 2352): [LayerHierarchy{RequestedLayerState{Background for b9cac94 SurfaceView[com.shapepro.fitness/com.shapepro.fitness.MainActivity]@0#685308 parentId=685306 relativeParentId=685304 z=-2147483648} no children}] RelativeParent to LayerHierarchy{RequestedLayerState{com.shapepro.fitness/com.shapepro.fitness.MainActivity$_22069#685304 parentId=685155} 3 children}
04-07 14:44:57.365 I/NowBarCardViewModel( 4705): setNowBarState nowBarViewState = COLLAPSED aod.o5.s:71 aod.Sw0.B:16 com.samsung.android.app.facewidget.presentation.NowBarCardViewModel.o:29 com.samsung.android.app.facewidget.presentation.NowBarCardViewModel.h:10 com.samsung.android.app.facewidget.presentation.NowBarCardViewModel.i:53 com.samsung.android.app.facewidget.presentation.NowBarCardViewModel$keyguardUpdateMonitorCallback$1.onKeyguardVisibilityChanged:174 com.android.systemui.facewidget.plugin.FaceWidgetKeyguardUpdateMonitorWrapper$FaceWidgetKeyguardUpdateMonitorCallbackWrapper.onKeyguardVisibilityChanged:3 com.android.keyguard.KeyguardSecUpdateMonitorImpl$$ExternalSyntheticLambda24.accept:36 com.android.keyguard.KeyguardSecUpdateMonitorImpl.dispatchCallback:12 com.android.keyguard.KeyguardSecUpdateMonitorImpl.setKeyguardShowing:75 com.android.systemui.statusbar.policy.KeyguardStateControllerImpl.notifyKeyguardState:16 com.android.systemui.statusbar.phone.StatusBarKeyguardViewManager.hide:24 com.android.systemui.statusbar.phone.SecStatusBarKeyguardViewManager.hide:43 com.android.systemui.keyguard.KeyguardUnlockAnimationController.hideKeyguardViewAfterRemoteAnimation:15 com.android.systemui.keyguard.KeyguardViewMediator$$ExternalSyntheticLambda1.run:206 com.android.systemui.DejankUtils.postAfterTraversal:5 com.android.systemui.keyguard.KeyguardViewMediator.postAfterTraversal:1 com.android.systemui.keyguard.KeyguardViewMediator.exitKeyguardAndFinishSurfaceBehindRemoteAnimation:93 com.android.systemui.keyguard.KeyguardSecLegacyUnlockAnimationControllerImpl$playUnlockAnimation$4.run:11 android.os.Handler.handleCallback:995 
04-07 14:44:57.365 D/NotificationPanelView( 4705): setNowBarExpandMode() enabled = false, duration = 300, listener = null, mKeyguardSecBottomArea = com.android.systemui.statusbar.phone.KeyguardSecBottomAreaView{415e3a4 V.E...... ........ 0,0-1080,2340 #7f0a05fd app:id/keyguard_bottom_shortcut_area}
04-07 14:44:57.369 I/BLASTBufferQueue(22069): [b9cac94 SurfaceView[com.shapepro.fitness/com.shapepro.fitness.MainActivity]@0#9](f:0,a:0,s:0) onFrameAvailable the first frame is available
04-07 14:44:57.369 I/SurfaceFlinger( 2352): [b9cac94 SurfaceView[com.shapepro.fitness/com.shapepro.fitness.MainActivity]@0(BLAST)#685307] setTransactionState with the first frame. bufferData(ID: 94785633255505, frameNumber: 1)
04-07 14:44:57.370 D/WindowManager( 3111): finishDrawingWindow: Window{1d32b9b u0 com.shapepro.fitness/com.shapepro.fitness.MainActivity} mDrawState=DRAW_PENDING seqId=0
04-07 14:44:57.371 D/SurfaceComposerClient( 3111): setCornerRadius ## 1d32b9b com.shapepro.fitness/com.shapepro.fitness.MainActivity#685155 cornerRadius=0.000000
04-07 14:44:57.373 D/KeyguardStatusBarViewExt( 4705): v:4, a:1,00, com.android.systemui.shade.NotificationPanelViewController$StatusBarStateListener.onStateChanged:69 com.android.systemui.shade.NotificationPanelViewController$StatusBarStateListener.onStateChanged:1 com.android.systemui.statusbar.StatusBarStateControllerImpl.setState:266 com.android.systemui.statusbar.phone.CentralSurfacesImpl.updateIsKeyguard:284 com.android.systemui.statusbar.phone.CentralSurfacesImpl.hideKeyguard:8 
04-07 14:44:57.373 D/CollapsedStatusBarFragmentExt( 4705): com.android.systemui.statusbar.phone.ongoingactivity.OngoingActivityController.updateParentViewVisibility:99 com.android.systemui.statusbar.phone.ongoingactivity.OngoingActivityController$statusBarStateListener$1.onStateChanged:83 com.android.systemui.statusbar.StatusBarStateControllerImpl.setState:266 com.android.systemui.statusbar.phone.CentralSurfacesImpl.updateIsKeyguard:284 com.android.systemui.statusbar.phone.CentralSurfacesImpl.hideKeyguard:8 com.android.systemui.statusbar.phone.StatusBarKeyguardViewManager.hide:231 
04-07 14:44:57.374 V/WindowManager( 3111): Finish starting ActivityRecord{136719249 u0 com.shapepro.fitness/.MainActivity t2889}: first real window is shown, no animation
04-07 14:44:57.374 V/WindowManager( 3111): Schedule remove starting ActivityRecord{136719249 u0 com.shapepro.fitness/.MainActivity t2889} startingWindow=Window{785e254 u0 SnapshotStartingWindow for taskId=2889} animate=false Callers=com.android.server.wm.ActivityRecord.removeStartingWindow:178 com.android.server.wm.WindowState.performShowLocked:155 com.android.server.wm.WindowStateAnimator.commitFinishDrawingLocked:73 com.android.server.wm.DisplayContent$$ExternalSyntheticLambda1.accept$com$android$server$wm$DisplayContent$$ExternalSyntheticLambda37:23 com.android.server.wm.DisplayContent$$ExternalSyntheticLambda1.accept:143 
04-07 14:44:57.388 V/WindowManager( 3111): performShowLocked: mDrawState=HAS_DRAWN in Window{1d32b9b u0 com.shapepro.fitness/com.shapepro.fitness.MainActivity}
04-07 14:44:57.388 D/SurfaceComposerClient( 3111): setCornerRadius ## 1d32b9b com.shapepro.fitness/com.shapepro.fitness.MainActivity#685155 cornerRadius=0.000000
04-07 14:44:57.389 D/QuickPanelLog( 4705): NPVC | instantCollapse
04-07 14:44:57.389 D/QuickPanelLog( 4705):  - com.android.systemui.shade.NotificationPanelViewController.instantCollapse:7
04-07 14:44:57.389 D/QuickPanelLog( 4705):  - com.android.systemui.shade.ShadeControllerImpl.instantCollapseShade:5
04-07 14:44:57.389 D/QuickPanelLog( 4705):  - com.android.systemui.statusbar.phone.CentralSurfacesImpl.updateIsKeyguard:429
04-07 14:44:57.389 D/QuickPanelLog( 4705):  - com.android.systemui.statusbar.phone.CentralSurfacesImpl.hideKeyguard:8
04-07 14:44:57.389 D/QuickPanelLog( 4705):  - com.android.systemui.statusbar.phone.StatusBarKeyguardViewManager.hide:231
04-07 14:44:57.389 D/QuickPanelLog( 4705):  - com.android.systemui.statusbar.phone.SecStatusBarKeyguardViewManager.hide:43
04-07 14:44:57.389 D/QuickPanelLog( 4705):  - com.android.systemui.keyguard.KeyguardUnlockAnimationController.hideKeyguardViewAfterRemoteAnimation:15
04-07 14:44:57.389 D/QuickPanelLog( 4705):  - com.android.systemui.keyguard.KeyguardViewMediator$$ExternalSyntheticLambda1.run:206
04-07 14:44:57.389 D/QuickPanelLog( 4705):  - com.android.systemui.DejankUtils.postAfterTraversal:5
04-07 14:44:57.389 D/QuickPanelLog( 4705):  - com.android.systemui.keyguard.KeyguardViewMediator.postAfterTraversal:1
04-07 14:44:57.393 D/SurfaceComposerClient( 3111): setCornerRadius ## 1d32b9b com.shapepro.fitness/com.shapepro.fitness.MainActivity#685155 cornerRadius=0.000000
04-07 14:44:57.393 D/SecPanelSplitHelper( 4705): slide ( SHADE_STATE )
04-07 14:44:57.393 D/SecPanelSplitHelper( 4705):  - com.android.systemui.shade.SecPanelSplitHelper.onPanelExpansionChanged:38
04-07 14:44:57.393 D/SecPanelSplitHelper( 4705):  - com.android.systemui.shade.NotificationPanelViewController.updateExpansionAndVisibility:196
04-07 14:44:57.393 D/SecPanelSplitHelper( 4705):  - com.android.systemui.shade.NotificationPanelViewController$$ExternalSyntheticLambda48.run:557
04-07 14:44:57.393 D/SecPanelSplitHelper( 4705):  - com.android.systemui.shade.NotificationShadeWindowControllerImpl.batchApplyWindowLayoutParams:7
04-07 14:44:57.393 D/SecPanelSplitHelper( 4705):  - com.android.systemui.shade.NotificationPanelViewController.setExpandedHeightInternal:23
04-07 14:44:57.393 D/SecPanelSplitHelper( 4705):  - com.android.systemui.shade.NotificationPanelViewController.setExpandedHeight:1
04-07 14:44:57.393 D/SecPanelSplitHelper( 4705):  - com.android.systemui.shade.NotificationPanelViewController.setExpandedFraction:7
04-07 14:44:57.393 D/SecPanelSplitHelper( 4705):  - com.android.systemui.shade.NotificationPanelViewController.instantCollapse:14
04-07 14:44:57.393 D/SecPanelSplitHelper( 4705):  - com.android.systemui.shade.ShadeControllerImpl.instantCollapseShade:5
04-07 14:44:57.393 D/SecPanelSplitHelper( 4705):  - com.android.systemui.statusbar.phone.CentralSurfacesImpl.updateIsKeyguard:429
04-07 14:44:57.394 D/SurfaceComposerClient( 3111): setCornerRadius ## 1d32b9b com.shapepro.fitness/com.shapepro.fitness.MainActivity#685155 cornerRadius=0.000000
04-07 14:44:57.394 D/SGM:FgCheckThread( 3111):   handleUserPresent(). resume signal is needed for com.shapepro.fitness
04-07 14:44:57.396 D/MdnieScenarioControlService( 3111):  packageName : com.shapepro.fitness    className : com.shapepro.fitness.MainActivity
04-07 14:44:57.397 D/SurfaceComposerClient( 3111): setCornerRadius ## 1d32b9b com.shapepro.fitness/com.shapepro.fitness.MainActivity#685155 cornerRadius=0.000000
04-07 14:44:57.401 D/NotificationPanelView( 4705): setNowBarExpandMode() enabled = false, duration = 300, listener = null, mKeyguardSecBottomArea = com.android.systemui.statusbar.phone.KeyguardSecBottomAreaView{415e3a4 G.E...... ......ID 0,0-1080,2340 #7f0a05fd app:id/keyguard_bottom_shortcut_area}
04-07 14:44:57.402 D/NotificationPanelView( 4705): setNowBarExpandMode() enabled = false, duration = 300, listener = null, mKeyguardSecBottomArea = com.android.systemui.statusbar.phone.KeyguardSecBottomAreaView{415e3a4 G.E...... ......ID 0,0-1080,2340 #7f0a05fd app:id/keyguard_bottom_shortcut_area}
04-07 14:44:57.405 V/WindowManager( 3111): Finish Transition: TransitionRecord{3f03fcb id=62044 type=TO_BACK flags=0x104 c=[
04-07 14:44:57.405 V/WindowManager( 3111):    ChangeInfo{51472f2 container=Display{#0 state=ON size=1080x2340 ROTATION_0} flags=0x0}
04-07 14:44:57.405 V/WindowManager( 3111):    ChangeInfo{de6dd43 container=DefaultTaskDisplayArea_d0@85358705 flags=0x10}
04-07 14:44:57.405 V/WindowManager( 3111):    ChangeInfo{788cfc0 container=ActivityRecord{136719249 u0 com.shapepro.fitness/.MainActivity t2889} flags=0x0}
04-07 14:44:57.405 V/WindowManager( 3111):    ChangeInfo{30d24f9 container=Task{e41a23a #2889 type=standard I=com.shapepro.fitness/.MainActivity} flags=0x10}
04-07 14:44:57.405 V/WindowManager( 3111): ]
04-07 14:44:57.405 V/WindowManager( 3111): }, caller=com.android.server.wm.WindowOrganizerController.finishTransitionInner:31 com.android.server.wm.WindowOrganizerController.finishAllTransitions:60 android.window.IWindowOrganizerController$Stub.onTransact:283 
04-07 14:44:57.406 D/ChangeTransitionController( 3111): onTransitionFinished: TransitionRecord{3f03fcb id=62044 type=TO_BACK flags=0x104 c=[
04-07 14:44:57.406 D/ChangeTransitionController( 3111):    ChangeInfo{51472f2 container=Display{#0 state=ON size=1080x2340 ROTATION_0} flags=0x0}
04-07 14:44:57.406 D/ChangeTransitionController( 3111):    ChangeInfo{de6dd43 container=DefaultTaskDisplayArea_d0@85358705 flags=0x10}
04-07 14:44:57.406 D/ChangeTransitionController( 3111):    ChangeInfo{788cfc0 container=ActivityRecord{136719249 u0 com.shapepro.fitness/.MainActivity t2889} flags=0x0}
04-07 14:44:57.406 D/ChangeTransitionController( 3111):    ChangeInfo{30d24f9 container=Task{e41a23a #2889 type=standard I=com.shapepro.fitness/.MainActivity} flags=0x10}
04-07 14:44:57.406 D/ChangeTransitionController( 3111): ]
04-07 14:44:57.406 D/ChangeTransitionController( 3111): }
04-07 14:44:57.407 D/SurfaceComposerClient( 3111): setCornerRadius ## 1d32b9b com.shapepro.fitness/com.shapepro.fitness.MainActivity#685155 cornerRadius=0.000000
04-07 14:44:57.407 I/SurfaceFlinger( 2352): RequestedLayer [com.shapepro.fitness/com.shapepro.fitness.MainActivity$_22069#685304] hidden!! flag  from(1) --> to(0)
04-07 14:44:57.408 D/SurfaceComposerClient( 3111): setCornerRadius ## 1d32b9b com.shapepro.fitness/com.shapepro.fitness.MainActivity#685155 cornerRadius=0.000000
04-07 14:44:57.408 D/WindowManager( 3111): Changing focus from Window{566ced7 u0 NotificationShade} to Window{1d32b9b u0 com.shapepro.fitness/com.shapepro.fitness.MainActivity} displayId=0 Callers=com.android.server.wm.WindowManagerService.relayoutWindow:1350 com.android.server.wm.Session.relayout:27 com.android.server.wm.Session.relayoutAsync:14 android.view.IWindowSession$Stub.onTransact:854 
04-07 14:44:57.409 D/InsetsSourceProvider( 3111): updateControlForTarget: control=InsetsSourceControl: {acd70001 mType=navigationBars initiallyVisible mSurfacePosition=Point(0, 2205) mInsetsHint=Insets{left=0, top=0, right=0, bottom=135}}, target=Window{1d32b9b u0 com.shapepro.fitness/com.shapepro.fitness.MainActivity}, from=com.android.server.wm.InsetsStateController.onControlTargetChanged:83 com.android.server.wm.InsetsPolicy.updateBarControlTarget:225 com.android.server.wm.DisplayPolicy.updateSystemBarAttributes:262 com.android.server.wm.WindowManagerService.updateFocusedWindowLocked:372 com.android.server.wm.WindowManagerService.relayoutWindow:1350 
04-07 14:44:57.409 D/InsetsSourceProvider( 3111): updateControlForTarget: control=InsetsSourceControl: {81c60000 mType=statusBars initiallyVisible mSurfacePosition=Point(0, 0) mInsetsHint=Insets{left=0, top=85, right=0, bottom=0}}, target=Window{1d32b9b u0 com.shapepro.fitness/com.shapepro.fitness.MainActivity}, from=com.android.server.wm.InsetsStateController.onControlTargetChanged:83 com.android.server.wm.InsetsPolicy.updateBarControlTarget:212 com.android.server.wm.DisplayPolicy.updateSystemBarAttributes:262 com.android.server.wm.WindowManagerService.updateFocusedWindowLocked:372 com.android.server.wm.WindowManagerService.relayoutWindow:1350 
04-07 14:44:57.409 D/WindowManager( 3111): updateSystemBarAttributes: displayId=0, focusedCanBeNavColorWin=false, win=Window{1d32b9b u0 com.shapepro.fitness/com.shapepro.fitness.MainActivity}, navColorWin=Window{1d32b9b u0 com.shapepro.fitness/com.shapepro.fitness.MainActivity}, caller=com.android.server.wm.WindowManagerService.updateFocusedWindowLocked:372 com.android.server.wm.WindowManagerService.relayoutWindow:1350 com.android.server.wm.Session.relayout:27 
04-07 14:44:57.410 V/SystemKeyManager( 3111): updateFocusedWindow() is called, com.shapepro.fitness/com.shapepro.fitness.MainActivity
04-07 14:44:57.413 D/SurfaceFlinger( 2352): Display 4630947191136750483 HWC layers:
04-07 14:44:57.413 D/SurfaceFlinger( 2352):        CLIENT |           94785633255506 | 00000102 | RGBA_8888    |    0.0    0.0 1080.0 2340.0 |    0    0 1080 2340 | b9cac94 SurfaceView[com.shapepro.fit[...]itness.MainActivity]@0(BLAST)#685307 (2)
04-07 14:44:57.413 D/SurfaceFlinger( 2352):        CLIENT |           94785633255511 | 00002100 | RGBA_8888    |    0.0    0.0 1080.0 2340.0 |    0    0 1080 2340 | com.shapepro.fitness/com.shapepro.fitness.MainActivity$_22069#685304 (2)
04-07 14:44:57.413 D/SurfaceFlinger( 2352):        CLIENT |           10101763803552 | 00000000 | RGBA_8888    |    0.0    0.0 1080.0 2340.0 |    0    0 1080 2340 | SnapshotStartingWindow for taskId=2889$_4705#685301 (100)
04-07 14:44:57.413 D/SurfaceFlinger( 2352):        CLIENT |           20207821554601 | 00002100 | RGBA_8888    |    0.0    0.0 1080.0   85.0 |    0    0 1080   85 | StatusBar$_4705#104 (985541)
04-07 14:44:57.413 D/SurfaceFlinger( 2352):        CLIENT |           20207821554609 | 00002100 | RGBA_8888    |    0.0    0.0 1080.0 2340.0 |    0    0 1080 2340 | NotificationShade$_4705#685289 (75)
04-07 14:44:57.413 D/SurfaceFlinger( 2352):        DEVICE |           20207821554612 | 00002100 | RGBA_8888    |    0.0    0.0 1080.0 2340.0 |  
04-07 14:44:57.414 D/SurfaceComposerClient( 3111): setCornerRadius ## 1d32b9b com.shapepro.fitness/com.shapepro.fitness.MainActivity#685155 cornerRadius=0.000000
04-07 14:44:57.415 D/SurfaceComposerClient( 3111): setCornerRadius ## 1d32b9b com.shapepro.fitness/com.shapepro.fitness.MainActivity#685155 cornerRadius=0.000000
04-07 14:44:57.415 D/SurfaceComposerClient( 3111): setCornerRadius ## 1d32b9b com.shapepro.fitness/com.shapepro.fitness.MainActivity#685155 cornerRadius=0.000000
04-07 14:44:57.416 D/SurfaceComposerClient( 3111): setCornerRadius ## 1d32b9b com.shapepro.fitness/com.shapepro.fitness.MainActivity#685155 cornerRadius=0.000000
04-07 14:44:57.417 D/SurfaceComposerClient( 3111): setCornerRadius ## 1d32b9b com.shapepro.fitness/com.shapepro.fitness.MainActivity#685155 cornerRadius=0.000000
04-07 14:44:57.419 D/NotificationPanelView( 4705): setNowBarExpandMode() enabled = false, duration = 300, listener = null, mKeyguardSecBottomArea = com.android.systemui.statusbar.phone.KeyguardSecBottomAreaView{415e3a4 G.E...... ......ID 0,0-1080,2340 #7f0a05fd app:id/keyguard_bottom_shortcut_area}
04-07 14:44:57.419 D/NotificationPanelView( 4705): setNowBarExpandMode() enabled = false, duration = 300, listener = null, mKeyguardSecBottomArea = com.android.systemui.statusbar.phone.KeyguardSecBottomAreaView{415e3a4 G.E...... ......ID 0,0-1080,2340 #7f0a05fd app:id/keyguard_bottom_shortcut_area}
04-07 14:44:57.420 D/NotificationPanelView( 4705): setNowBarExpandMode() enabled = false, duration = 300, listener = null, mKeyguardSecBottomArea = com.android.systemui.statusbar.phone.KeyguardSecBottomAreaView{415e3a4 G.E...... ......ID 0,0-1080,2340 #7f0a05fd app:id/keyguard_bottom_shortcut_area}
04-07 14:44:57.422 D/SurfaceComposerClient( 3111): setCornerRadius ## 1d32b9b com.shapepro.fitness/com.shapepro.fitness.MainActivity#685155 cornerRadius=0.000000
04-07 14:44:57.429 I/InsetsSourceConsumer(22069): applyRequestedVisibilityToControl: visible=true, type=navigationBars, host=com.shapepro.fitness/com.shapepro.fitness.MainActivity
04-07 14:44:57.429 I/InsetsSourceConsumer(22069): applyRequestedVisibilityToControl: visible=true, type=statusBars, host=com.shapepro.fitness/com.shapepro.fitness.MainActivity
04-07 14:44:57.430 D/QuickPanelLog( 4705): SC | makeExpandedInvisible
04-07 14:44:57.430 D/QuickPanelLog( 4705):  - com.android.systemui.shade.ShadeControllerImpl.makeExpandedInvisible:22
04-07 14:44:57.430 D/QuickPanelLog( 4705):  - com.android.systemui.statusbar.phone.CentralSurfacesImpl$$ExternalSyntheticLambda30.run:90
04-07 14:44:57.430 D/QuickPanelLog( 4705):  - android.os.Handler.handleCallback:995
04-07 14:44:57.430 D/QuickPanelLog( 4705):  - android.os.Handler.dispatchMessage:103
04-07 14:44:57.430 D/QuickPanelLog( 4705):  - android.os.Looper.loopOnce:273
04-07 14:44:57.430 D/QuickPanelLog( 4705):  - android.os.Looper.loop:363
04-07 14:44:57.430 D/QuickPanelLog( 4705):  - android.app.ActivityThread.main:10060
04-07 14:44:57.430 D/QuickPanelLog( 4705):  - java.lang.reflect.Method.invoke:-2
04-07 14:44:57.430 D/QuickPanelLog( 4705):  - com.android.internal.os.RuntimeInit$MethodAndArgsCaller.run:632
04-07 14:44:57.430 D/QuickPanelLog( 4705):  - com.android.internal.os.ZygoteInit.main:975
04-07 14:44:57.436 D/SurfaceComposerClient( 3111): setCornerRadius ## 1d32b9b com.shapepro.fitness/com.shapepro.fitness.MainActivity#685155 cornerRadius=0.000000
04-07 14:44:57.437 D/SurfaceComposerClient( 3111): setCornerRadius ## 1d32b9b com.shapepro.fitness/com.shapepro.fitness.MainActivity#685155 cornerRadius=0.000000
04-07 14:44:57.441 D/QSMumButton( 4705): needToBeVisible() result: false [MumSetting: false = (TwoPhoneSetting: false || (somethingInDetail(1): true && Pref: false && Settings: false)), !DEX-(DeviceState: true, !DesktopManager: true, !mIsDexEnablingOrEnabled: true) Panel-mExpanded: false, !isEmergencyMode: true, isUserEnabled: true, !isKioskModeEnabled: true, !isDisallowUserSwitch = true
04-07 14:44:57.444 D/SurfaceFlinger( 2352): Display 4630947191136750483 HWC layers:
04-07 14:44:57.444 D/SurfaceFlinger( 2352):        DEVICE |           94785633255506 | 00000102 | RGBA_8888    |    0.0    0.0 1080.0 2340.0 |    0    0 1080 2340 | b9cac94 SurfaceView[com.shapepro.fit[...]itness.MainActivity]@0(BLAST)#685307 (2)
04-07 14:44:57.444 D/SurfaceFlinger( 2352):        DEVICE |           94785633255511 | 00002100 | RGBA_8888    |    0.0    0.0 1080.0 2340.0 |    0    0 1080 2340 | com.shapepro.fitness/com.shapepro.fitness.MainActivity$_22069#685304 (2)
04-07 14:44:57.444 D/SurfaceFlinger( 2352):        DEVICE |           10101763803552 | 00000000 | RGBA_8888    |    0.0    0.0 1080.0 2340.0 |    0    0 1080 2340 | SnapshotStartingWindow for taskId=2889$_4705#685301 (100)
04-07 14:44:57.444 D/SurfaceFlinger( 2352):        DEVICE |           20207821554593 | 00002100 | RGBA_8888    |    0.0    0.0 1080.0   85.0 |    0    0 1080   85 | StatusBar$_4705#104 (985542)
04-07 14:44:57.444 D/SurfaceFlinger( 2352):        DEVICE |           20207821554611 | 00002100 | RGBA_8888    |    0.0    0.0 1080.0 2340.0 |    0    0 1080 2340 | NotificationShade$_4705#685289 (77)
04-07 14:44:57.444 D/SurfaceFlinger( 2352):        DEVICE |           20207821554595 | 00002100 | RGBA_8888    |    0.0    0.0 1080.0  135.0 |  
04-07 14:44:57.445 D/SurfaceFlinger( 2352): [input] setFocusedWindow: 1d32b9b com.shapepro.fitness/com.shapepro.fitness.MainActivity
04-07 14:44:57.445 D/InputDispatcher( 3111): Once focus requested (0): 1d32b9b com.shapepro.fitness/com.shapepro.fitness.MainActivity
04-07 14:44:57.445 D/InputDispatcher( 3111): Focus entered window (0): 1d32b9b com.shapepro.fitness/com.shapepro.fitness.MainActivity
04-07 14:44:57.447 V/InputMethodManagerService( 3111): startInputOrWindowGainedFocusInternalLocked: reason=WINDOW_FOCUS_GAIN client=android.os.BinderProxy@eea69c6 inputContext=null editorInfo=android.view.inputmethod.EditorInfo@cfc5b0 startInputFlags=VIEW_HAS_FOCUS|INITIAL_CONNECTION softInputMode=STATE_UNSPECIFIED|ADJUST_RESIZE windowFlags=#81810100 unverifiedTargetSdkVersion=36 bindingController=com.android.server.inputmethod.InputMethodBindingController@7cd240b imeDispatcher=android.window.ImeOnBackInvokedDispatcher@cd2fc29 cs=ClientState{1025fb0 mUid=10411 mPid=22069 mSelfReportedDisplayId=0} imeRequestedVisible=false
04-07 14:44:57.447 I/ImeTracker( 3111): com.shapepro.fitness:45039a41: onRequestHide at ORIGIN_SERVER reason HIDE_SAME_WINDOW_FOCUSED_WITHOUT_EDITOR fromUser false
04-07 14:44:57.448 I/ImeTracker(22069): com.shapepro.fitness:45039a41: onCancelled at PHASE_CLIENT_ALREADY_HIDDEN
04-07 14:44:57.451 D/SurfaceComposerClient( 3111): setCornerRadius ## 1d32b9b com.shapepro.fitness/com.shapepro.fitness.MainActivity#685155 cornerRadius=0.000000
04-07 14:44:57.451 D/SurfaceComposerClient( 3111): setCornerRadius ## 1d32b9b com.shapepro.fitness/com.shapepro.fitness.MainActivity#685155 cornerRadius=0.000000
04-07 14:44:57.452 I/HBD     (22777): b [AiWriter] setContact : com.shapepro.fitness
04-07 14:44:57.475 I/WindowManager( 3111): Reparenting to leash, surface=Surface(name=785e254 SnapshotStartingWindow for taskId=2889)/@0xc91e50c, leashParent=Surface(name=ActivityRecord{136719249 u0 com.shapepro.fitness/.MainActivity t2889})/@0xc23505f
04-07 14:44:57.476 D/SurfaceComposerClient( 3111): setCornerRadius ## 1d32b9b com.shapepro.fitness/com.shapepro.fitness.MainActivity#685155 cornerRadius=0.000000
04-07 14:44:57.476 D/SurfaceComposerClient( 3111): setCornerRadius ## 1d32b9b com.shapepro.fitness/com.shapepro.fitness.MainActivity#685155 cornerRadius=0.000000
04-07 14:44:57.476 D/SurfaceComposerClient( 3111): setCornerRadius ## 1d32b9b com.shapepro.fitness/com.shapepro.fitness.MainActivity#685155 cornerRadius=0.000000
04-07 14:44:57.483 D/SurfaceComposerClient( 3111): setCornerRadius ## 1d32b9b com.shapepro.fitness/com.shapepro.fitness.MainActivity#685155 cornerRadius=0.000000
04-07 14:44:57.483 D/SurfaceComposerClient( 3111): setCornerRadius ## 1d32b9b com.shapepro.fitness/com.shapepro.fitness.MainActivity#685155 cornerRadius=0.000000
04-07 14:44:57.483 I/FirebaseApp(25565): Device unlocked: initializing all Firebase APIs for app CHIME_ANDROID_SDK
04-07 14:44:57.485 D/SurfaceComposerClient( 3111): setCornerRadius ## 1d32b9b com.shapepro.fitness/com.shapepro.fitness.MainActivity#685155 cornerRadius=0.000000
04-07 14:44:57.485 D/SurfaceComposerClient( 3111): setCornerRadius ## 1d32b9b com.shapepro.fitness/com.shapepro.fitness.MainActivity#685155 cornerRadius=0.000000
04-07 14:44:57.487 D/SurfaceComposerClient( 3111): setCornerRadius ## 1d32b9b com.shapepro.fitness/com.shapepro.fitness.MainActivity#685155 cornerRadius=0.000000
04-07 14:44:57.487 D/SurfaceComposerClient( 3111): setCornerRadius ## 1d32b9b com.shapepro.fitness/com.shapepro.fitness.MainActivity#685155 cornerRadius=0.000000
04-07 14:44:57.490 I/SurfaceFlinger( 2352): [Surface(name=785e254 SnapshotStartingWindow for taskId=2889)/@0xc91e50c - animation-leash of window_animation#685313] attach to parent LayerHierarchy{RequestedLayerState{ActivityRecord{136719249 u0 com.shapepro.fitness/.MainActivity t2889}#685146 parentId=685145} 5 children}
04-07 14:44:57.509 D/SurfaceComposerClient( 3111): setCornerRadius ## 1d32b9b com.shapepro.fitness/com.shapepro.fitness.MainActivity#685155 cornerRadius=0.000000
04-07 14:44:57.509 D/SurfaceFlinger( 2352): Display 4630947191136750483 HWC layers:
04-07 14:44:57.509 D/SurfaceFlinger( 2352):        DEVICE |           94785633255507 | 00000102 | RGBA_8888    |    0.0    0.0 1080.0 2340.0 |    0    0 1080 2340 | b9cac94 SurfaceView[com.shapepro.fit[...]itness.MainActivity]@0(BLAST)#685307 (3)
04-07 14:44:57.509 D/SurfaceFlinger( 2352):        DEVICE |           94785633255511 | 00002100 | RGBA_8888    |    0.0    0.0 1080.0 2340.0 |    0    0 1080 2340 | com.shapepro.fitness/com.shapepro.fitness.MainActivity$_22069#685304 (2)
04-07 14:44:57.509 D/SurfaceFlinger( 2352):        DEVICE |           10101763803552 | 00000000 | RGBA_8888    |    0.0    0.0 1080.0 2340.0 |    0    0 1080 2340 | SnapshotStartingWindow for taskId=2889$_4705#685301 (100)
04-07 14:44:57.509 D/SurfaceFlinger( 2352):        DEVICE |           20207821554593 | 00002100 | RGBA_8888    |    0.0    0.0 1080.0   85.0 |    0    0 1080   85 | StatusBar$_4705#104 (985542)
04-07 14:44:57.509 D/SurfaceFlinger( 2352):        DEVICE |           20207821554610 | 00002100 | RGBA_8888    |    0.0    0.0 1080.0 2340.0 |    0    0 1080 2340 | NotificationShade$_4705#685289 (78)
04-07 14:44:57.509 D/SurfaceFlinger( 2352):        DEVICE |           56891136911675 | 00002100 | RGBA_8888    |    0.0    0.0   67.0  342.0 | 1
04-07 14:44:57.600 I/View    ( 4705): setRequestedFrameRate frameRate=-2.0, this=StatusBarIconView(slot='com.android.systemui/0x7f0a08a6' alpha=1.0 icon=StatusBarIcon(icon=Icon(typ=RESOURCE pkg=com.android.systemui id=0x7f080871) visible user=-1 ) visibleState=ICON iconColor=#ffb0c6ff staticDrawableColor=#ffb0c6ff decorColor=#ff1b6cf7 animationStartColor=#0 currentSetColor=#ffb0c6ff notification=StatusBarNotification(pkg=com.android.systemui user=UserHandle{-1} id=2131364006 tag=charging_state key=-1|com.android.systemui|2131364006|charging_state|10047: Notification(channel=CHR shortcut=null contentView=null vibrate=null sound=null defaults=0 flags=ONGOING_EVENT|ONLY_ALERT_ONCE color=0x00000000 category=sys groupKey=CHARGING vis=PUBLIC semFlags=0x0 semPriority=0 semMissedCount=0))), caller=com.android.systemui.statusbar.StatusBarIconView.onAttachedToWindow:6 android.view.View.dispatchAttachedToWindow:24320 android.view.ViewGroup.addViewInner:5582 android.view.ViewGroup.addView:5358 com.android.systemui.statusbar.phone.LegacyNotificationIconAreaControllerImpl.updateIconsForLayout:468 
04-07 14:44:57.600 I/View    ( 4705): setRequestedFrameRate frameRate=-2.0, this=StatusBarIconView(slot='com.google.android.googlequicksearchbox/0x0' alpha=1.0 icon=StatusBarIcon(icon=Icon(typ=RESOURCE pkg=com.google.android.googlequicksearchbox id=0x7f081674) visible user=0 ) visibleState=ICON iconColor=#ffb0c6ff staticDrawableColor=#ffb0c6ff decorColor=#ff1b6cf7 animationStartColor=#0 currentSetColor=#ffb0c6ff notification=StatusBarNotification(pkg=com.google.android.googlequicksearchbox user=UserHandle{0} id=0 tag=-1551373497::a:snotification:[0x394,wx.f,NOTIFICATION] key=0|com.google.android.googlequicksearchbox|0|-1551373497::a:snotification:[0x394,wx.f,NOTIFICATION]|10276: Notification(channel=71 shortcut=null contentView=null vibrate=null sound=null tick defaults=0 flags=ONLY_ALERT_ONCE color=0x00000000 groupKey=-1551373497::SUMMARY::wx vis=PRIVATE semFlags=0x0 semPriority=0 semMissedCount=0))), caller=com.android.systemui.statusbar.StatusBarIconView.onAttachedToWindow:6 android.view.View.dispatchAttachedToWindow:24320 android.view.ViewGroup.addViewInner:5582 android.view.ViewGroup.addView:5358 com.android.systemui.statusbar.phone.LegacyNotificationIconAreaControllerImpl.updateIconsForLayout:468 
04-07 14:44:57.608 D/SurfaceComposerClient( 3111): setCornerRadius ## 1d32b9b com.shapepro.fitness/com.shapepro.fitness.MainActivity#685155 cornerRadius=0.000000
04-07 14:44:57.608 D/SurfaceComposerClient( 3111): setCornerRadius ## 1d32b9b com.shapepro.fitness/com.shapepro.fitness.MainActivity#685155 cornerRadius=0.000000
04-07 14:44:57.611 D/SurfaceComposerClient( 3111): setCornerRadius ## 1d32b9b com.shapepro.fitness/com.shapepro.fitness.MainActivity#685155 cornerRadius=0.000000
04-07 14:44:57.611 D/SurfaceComposerClient( 3111): setCornerRadius ## 1d32b9b com.shapepro.fitness/com.shapepro.fitness.MainActivity#685155 cornerRadius=0.000000
04-07 14:44:57.625 D/SurfaceFlinger( 2352): Display 4630947191136750483 HWC layers:
04-07 14:44:57.625 D/SurfaceFlinger( 2352):        DEVICE |           94785633255507 | 00000102 | RGBA_8888    |    0.0    0.0 1080.0 2340.0 |    0    0 1080 2340 | b9cac94 SurfaceView[com.shapepro.fit[...]itness.MainActivity]@0(BLAST)#685307 (3)
04-07 14:44:57.625 D/SurfaceFlinger( 2352):        DEVICE |           94785633255511 | 00002100 | RGBA_8888    |    0.0    0.0 1080.0 2340.0 |    0    0 1080 2340 | com.shapepro.fitness/com.shapepro.fitness.MainActivity$_22069#685304 (2)
04-07 14:44:57.625 D/SurfaceFlinger( 2352):        DEVICE |           10101763803552 | 00000000 | RGBA_8888    |    0.0    0.0 1080.0 2340.0 |    0    0 1080 2340 | SnapshotStartingWindow for taskId=2889$_4705#685301 (100)
04-07 14:44:57.625 D/SurfaceFlinger( 2352):        DEVICE |           20207821554593 | 00002100 | RGBA_8888    |    0.0    0.0 1080.0   85.0 |    0    0 1080   85 | StatusBar$_4705#104 (985542)
04-07 14:44:57.625 D/SurfaceFlinger( 2352):        DEVICE |           56891136911675 | 00002100 | RGBA_8888    |    0.0    0.0   67.0  342.0 | 1013  442 1080  784 | com.sec.android.app.launcher/com.sam[...]app.CocktailBarService$_13246#685314 (1)
04-07 14:44:57.625 D/SurfaceFlinger( 2352):        DEVICE |           20207821554595 | 00002100 | 
04-07 14:44:57.640 I/WindowManager( 3111): Reparenting to original parent: Surface(name=ActivityRecord{136719249 u0 com.shapepro.fitness/.MainActivity t2889})/@0xc23505f, destroy=true, surface=Surface(name=785e254 SnapshotStartingWindow for taskId=2889)/@0xc91e50c
04-07 14:44:57.641 D/SurfaceComposerClient( 3111): setCornerRadius ## 1d32b9b com.shapepro.fitness/com.shapepro.fitness.MainActivity#685155 cornerRadius=0.000000
04-07 14:44:57.641 D/SurfaceComposerClient( 3111): setCornerRadius ## 1d32b9b com.shapepro.fitness/com.shapepro.fitness.MainActivity#685155 cornerRadius=0.000000
04-07 14:44:57.657 D/SurfaceComposerClient( 3111): setCornerRadius ## 1d32b9b com.shapepro.fitness/com.shapepro.fitness.MainActivity#685155 cornerRadius=0.000000
04-07 14:44:57.658 D/SurfaceFlinger( 2352): Display 4630947191136750483 HWC layers:
04-07 14:44:57.658 D/SurfaceFlinger( 2352):        DEVICE |           94785633255507 | 00000102 | RGBA_8888    |    0.0    0.0 1080.0 2340.0 |    0    0 1080 2340 | b9cac94 SurfaceView[com.shapepro.fit[...]itness.MainActivity]@0(BLAST)#685307 (3)
04-07 14:44:57.658 D/SurfaceFlinger( 2352):        DEVICE |           94785633255511 | 00002100 | RGBA_8888    |    0.0    0.0 1080.0 2340.0 |    0    0 1080 2340 | com.shapepro.fitness/com.shapepro.fitness.MainActivity$_22069#685304 (2)
04-07 14:44:57.658 D/SurfaceFlinger( 2352):        DEVICE |           20207821554617 | 00002100 | RGBA_8888    |    0.0    0.0 1080.0   85.0 |    0    0 1080   85 | StatusBar$_4705#104 (985543)
04-07 14:44:57.658 D/SurfaceFlinger( 2352):        DEVICE |           56891136911675 | 00002100 | RGBA_8888    |    0.0    0.0   67.0  342.0 | 1013  442 1080  784 | com.sec.android.app.launcher/com.sam[...]app.CocktailBarService$_13246#685314 (1)
04-07 14:44:57.658 D/SurfaceFlinger( 2352):        DEVICE |           20207821554595 | 00002100 | RGBA_8888    |    0.0    0.0 1080.0  135.0 |    0 2205 1080 2340 | NavigationBar0$_4705#102 (1074831)
04-07 14:44:57.658 D/SurfaceFlinger( 2352): 
04-07 14:44:57.673 I/SurfaceFlinger( 2352): [LayerHierarchy{RequestedLayerState{ImeContainer#15 parentId=685146 relativeParentId=685155 z=1} 1 children}] RelativeParent to LayerHierarchy{RequestedLayerState{1d32b9b com.shapepro.fitness/com.shapepro.fitness.MainActivity#685155 parentId=685146} 2 children}
04-07 14:44:57.675 D/SurfaceComposerClient( 3111): setCornerRadius ## 1d32b9b com.shapepro.fitness/com.shapepro.fitness.MainActivity#685155 cornerRadius=0.000000
04-07 14:44:57.873 I/Notification4Watch7_NB(29411): PhoneStatusBroadcastReceiver.onReceive-action: android.intent.action.USER_PRESENT
04-07 14:44:57.873 I/Notification4Watch7_NB(29411): PhoneStatus.onUserPresentEvent-unlocked
04-07 14:44:57.874 D/SGM:GameManager( 3111): identifyGamePackage. com.shapepro.fitness, mCurrentUserId: 0, callingMethodInfo: com.samsung.android.game.IGameManagerService$Stub.onTransact(IGameManagerService.java:247)
04-07 14:44:57.875 D/SGM:GameManager( 3111): identifyForegroundApp. com.shapepro.fitness, mCurrentUserId: 0, callerUserId: 0
04-07 14:44:57.948 D/SGM:GameManager( 3111): identifyForegroundApp. com.shapepro.fitness, mCurrentUserId: 0, callerUserId: 0
04-07 14:44:58.389 I/SurfaceFlinger( 2352): [com.shapepro.fitness/com.shapepro.fitness.MainActivity$_22069#685304] setFrameRateCategory: HighHint
04-07 14:44:58.861 I/GnpBase (25565): Registered account for push notifications successfully. [CONTEXT account_android="shapepro605@gmail.com" ]
04-07 14:45:00.005 D/QSClock ( 4705): StatusBar clock=2:45 notifyTimeChanged(QSClockBellSound - TimeText:2:45, TimeContentDescription:2:45ΓÇ»PM, DateText:ter., 7 de abril, ShortDateText:ter., 7 de abr., Demo:false) clockVisibleByPolicy=true, clockVisibleByUser=true, visible=true, parent=android.widget.LinearLayout{a9ceb83 V.E...... ......ID 0,0-83,68 #7f0a069b app:id/left_clock_container} caller=com.android.systemui.statusbar.phone.fragment.CollapsedStatusBarFragment.animateShow:52 com.android.systemui.statusbar.phone.fragment.CollapsedStatusBarFragment.updateStatusBarVisibilitiesInner:230 com.android.systemui.statusbar.phone.fragment.CollapsedStatusBarFragment.updateStatusBarVisibilities:65 com.android.systemui.statusbar.phone.fragment.CollapsedStatusBarFragment.disable:71 com.android.systemui.statusbar.CommandQueue$H.handleMessage:2997  
04-07 14:45:00.068 I/ImeTracker(22069): com.shapepro.fitness:1d1991f6: onRequestShow at ORIGIN_CLIENT reason SHOW_SOFT_INPUT fromUser false
04-07 14:45:00.068 I/InputMethodManager_LC(22069): ssi(): flags=0 view=com.shapepro.fitness reason=SHOW_SOFT_INPUT
04-07 14:45:00.069 I/InsetsController(22069): setRequestedVisibleTypes: visible=true, mask=ime, host=com.shapepro.fitness/com.shapepro.fitness.MainActivity, from=android.view.InsetsController.controlAnimationUnchecked:1604 android.view.InsetsController.applyAnimation:2416 android.view.InsetsController.applyAnimation:2343 android.view.InsetsController.show:1422 android.view.inputmethod.InputMethodManager.showSoftInput:2659 android.view.inputmethod.InputMethodManager.showSoftInput:2571 android.view.inputmethod.InputMethodManager.showSoftInput:2563 android.view.inputmethod.InputMethodManager.showSoftInput:2491 io.flutter.plugin.editing.TextInputPlugin.showTextInput:26 io.flutter.plugin.editing.TextInputPlugin$2.show:7 
04-07 14:45:00.069 V/InputMethodManagerService( 3111): startInputOrWindowGainedFocusInternalLocked: reason=CHECK_FOCUS client=android.os.BinderProxy@eea69c6 inputContext=com.android.internal.inputmethod.IRemoteInputConnection$Stub$Proxy@e5a2875 editorInfo=android.view.inputmethod.EditorInfo@435100a startInputFlags=VIEW_HAS_FOCUS|INITIAL_CONNECTION softInputMode=STATE_UNSPECIFIED|ADJUST_RESIZE windowFlags=#81810100 unverifiedTargetSdkVersion=36 bindingController=com.android.server.inputmethod.InputMethodBindingController@7cd240b imeDispatcher=android.window.ImeOnBackInvokedDispatcher@737107b cs=ClientState{1025fb0 mUid=10411 mPid=22069 mSelfReportedDisplayId=0} imeRequestedVisible=false
04-07 14:45:00.069 D/WindowManager( 3111): updateSystemBarAttributes: displayId=0, focusedCanBeNavColorWin=false, win=Window{1d32b9b u0 com.shapepro.fitness/com.shapepro.fitness.MainActivity}, navColorWin=Window{1d32b9b u0 com.shapepro.fitness/com.shapepro.fitness.MainActivity}, caller=com.android.server.wm.InsetsStateController.onRequestedVisibleTypesChanged:86 com.android.server.wm.InsetsPolicy.onRequestedVisibleTypesChanged:3 com.android.server.wm.Session.updateRequestedVisibleTypes:37 
04-07 14:45:00.070 D/SurfaceComposerClient( 3111): setCornerRadius ## 1d32b9b com.shapepro.fitness/com.shapepro.fitness.MainActivity#685155 cornerRadius=0.000000
04-07 14:45:00.070 D/SurfaceComposerClient( 3111): setCornerRadius ## 1d32b9b com.shapepro.fitness/com.shapepro.fitness.MainActivity#685155 cornerRadius=0.000000
04-07 14:45:00.081 D/CoreBackPreview( 3111): Window{1d32b9b u0 com.shapepro.fitness/com.shapepro.fitness.MainActivity}: Setting back callback OnBackInvokedCallbackInfo{mCallback=android.window.IOnBackInvokedCallback$Stub$Proxy@8c71c44, mPriority=-1, mIsAnimationCallback=false, mOverrideBehavior=0}
04-07 14:45:00.081 I/HBD     (22777): b [AiWriter] setContact : com.shapepro.fitness
04-07 14:45:00.082 I/HBD     (22777): HoneyBoardService onStartInputView : restarting=false, client=com.shapepro.fitness, pid=22069 
04-07 14:45:00.084 I/HBD     (22777): a [AiWriter] setContact : com.shapepro.fitness
04-07 14:45:00.084 I/HBD     (22777): b updateConfig: [LanguageItem] Portuguese / [KeyboardViewTypeItem] 0 / [KeyboardInputTypeItem] mainType(1), subType(0) / [CurrentLanguageInputTypeItem] mainType(0), subType(0) / [KeyboardInputRangeItem] 2 / [SelectedLanguageItem] 1 / [PhoneNumberInputClassItem] true / [DigitEditorItem] true / [NumberKeyFirstLineItem] true / [SpaceRowStyleCmItem] true / [SpaceRowStylePeriodItem] true /  
04-07 14:45:00.086 D/CoreBackPreview( 3111): Window{1d32b9b u0 com.shapepro.fitness/com.shapepro.fitness.MainActivity}: Setting back callback OnBackInvokedCallbackInfo{mCallback=android.window.IOnBackInvokedCallback$Stub$Proxy@ecefc4f, mPriority=0, mIsAnimationCallback=true, mOverrideBehavior=0}
04-07 14:45:00.089 D/SurfaceComposerClient( 3111): setCornerRadius ## 1d32b9b com.shapepro.fitness/com.shapepro.fitness.MainActivity#685155 cornerRadius=0.000000
04-07 14:45:00.090 D/SurfaceComposerClient( 3111): setCornerRadius ## 1d32b9b com.shapepro.fitness/com.shapepro.fitness.MainActivity#685155 cornerRadius=0.000000
04-07 14:45:00.091 D/SurfaceComposerClient( 3111): setCornerRadius ## 1d32b9b com.shapepro.fitness/com.shapepro.fitness.MainActivity#685155 cornerRadius=0.000000
04-07 14:45:00.091 D/SurfaceComposerClient( 3111): setCornerRadius ## 1d32b9b com.shapepro.fitness/com.shapepro.fitness.MainActivity#685155 cornerRadius=0.000000
04-07 14:45:00.094 D/SurfaceComposerClient( 3111): setCornerRadius ## 1d32b9b com.shapepro.fitness/com.shapepro.fitness.MainActivity#685155 cornerRadius=0.000000
04-07 14:45:00.094 D/SurfaceComposerClient( 3111): setCornerRadius ## 1d32b9b com.shapepro.fitness/com.shapepro.fitness.MainActivity#685155 cornerRadius=0.000000
04-07 14:45:00.094 D/SurfaceComposerClient( 3111): setCornerRadius ## 1d32b9b com.shapepro.fitness/com.shapepro.fitness.MainActivity#685155 cornerRadius=0.000000
04-07 14:45:00.094 D/InsetsSourceProvider( 3111): updateVisibility: serverVisible=true, clientVisible=true, source=InsetsSource: {3 mType=ime mFrame=[0,1332][1080,2340] mVisible=true mFlags= mSideHint=BOTTOM mBoundingRects=null}, controlTarget=Window{1d32b9b u0 com.shapepro.fitness/com.shapepro.fitness.MainActivity}, from=com.android.server.wm.ImeInsetsSourceProvider.updateVisibility:7 com.android.server.wm.InsetsSourceProvider.setServerVisible:6 com.android.server.wm.ImeInsetsSourceProvider.setServerVisible:75 com.android.server.wm.InsetsSourceProvider.onPostLayout:30 com.android.server.wm.ImeInsetsSourceProvider.onPostLayout:3 com.android.server.wm.InsetsStateController.onPostLayout:26 com.android.server.wm.RootWindowContainer.applySurfaceChangesTransaction$1:203 com.android.server.wm.RootWindowContainer.performSurfacePlacementNoTrace:59 com.android.server.wm.WindowSurfacePlacer.performSurfacePlacement:166 com.android.server.wm.WindowSurfacePlacer$Traverser.run:14 
04-07 14:45:00.094 D/SurfaceComposerClient( 3111): setCornerRadius ## 1d32b9b com.shapepro.fitness/com.shapepro.fitness.MainActivity#685155 cornerRadius=0.000000
