04-07 14:43:29.035 V/WindowManager( 3111): }, caller=com.android.server.wm.WindowOrganizerController.finishTransitionInner:31 com.android.server.wm.WindowOrganizerController.finishAllTransitions:60 android.window.IWindowOrganizerController$Stub.onTransact:283 
04-07 14:43:29.035 D/ChangeTransitionController( 3111): onTransitionFinished: TransitionRecord{9433b id=62041 type=TO_BACK flags=0x104 c=[
04-07 14:43:29.035 D/ChangeTransitionController( 3111):    ChangeInfo{3ded422 container=Display{#0 state=ON size=1080x2340 ROTATION_0} flags=0x0}
04-07 14:43:29.035 D/ChangeTransitionController( 3111):    ChangeInfo{ecedeb3 container=DefaultTaskDisplayArea_d0@85358705 flags=0x10}
04-07 14:43:29.035 D/ChangeTransitionController( 3111):    ChangeInfo{7618c70 container=ActivityRecord{136719249 u0 com.shapepro.fitness/.MainActivity t2889} flags=0x0}
04-07 14:43:29.035 D/ChangeTransitionController( 3111):    ChangeInfo{bf31be9 container=Task{e41a23a #2889 type=standard I=com.shapepro.fitness/.MainActivity} flags=0x10}
04-07 14:43:29.035 D/ChangeTransitionController( 3111): ]
04-07 14:43:29.035 D/ChangeTransitionController( 3111): }
04-07 14:43:29.036 D/SurfaceComposerClient( 3111): setCornerRadius ## 1d32b9b com.shapepro.fitness/com.shapepro.fitness.MainActivity#685155 cornerRadius=0.000000
04-07 14:43:29.036 D/SurfaceComposerClient( 3111): setCornerRadius ## 1d32b9b com.shapepro.fitness/com.shapepro.fitness.MainActivity#685155 cornerRadius=0.000000
04-07 14:43:29.037 D/WindowManager( 3111): Changing focus from Window{566ced7 u0 NotificationShade} to Window{1d32b9b u0 com.shapepro.fitness/com.shapepro.fitness.MainActivity} displayId=0 Callers=com.android.server.wm.WindowManagerService.relayoutWindow:1350 com.android.server.wm.Session.relayout:27 com.android.server.wm.Session.relayoutAsync:14 android.view.IWindowSession$Stub.onTransact:854 
04-07 14:43:29.037 D/InsetsSourceProvider( 3111): updateControlForTarget: control=InsetsSourceControl: {acd70001 mType=navigationBars initiallyVisible mSurfacePosition=Point(0, 2205) mInsetsHint=Insets{left=0, top=0, right=0, bottom=135}}, target=Window{1d32b9b u0 com.shapepro.fitness/com.shapepro.fitness.MainActivity}, from=com.android.server.wm.InsetsStateController.onControlTargetChanged:83 com.android.server.wm.InsetsPolicy.updateBarControlTarget:225 com.android.server.wm.DisplayPolicy.updateSystemBarAttributes:262 com.android.server.wm.WindowManagerService.updateFocusedWindowLocked:372 com.android.server.wm.WindowManagerService.relayoutWindow:1350 
04-07 14:43:29.038 D/InsetsSourceProvider( 3111): updateControlForTarget: control=InsetsSourceControl: {81c60000 mType=statusBars initiallyVisible mSurfacePosition=Point(0, 0) mInsetsHint=Insets{left=0, top=85, right=0, bottom=0}}, target=Window{1d32b9b u0 com.shapepro.fitness/com.shapepro.fitness.MainActivity}, from=com.android.server.wm.InsetsStateController.onControlTargetChanged:83 com.android.server.wm.InsetsPolicy.updateBarControlTarget:212 com.android.server.wm.DisplayPolicy.updateSystemBarAttributes:262 com.android.server.wm.WindowManagerService.updateFocusedWindowLocked:372 com.android.server.wm.WindowManagerService.relayoutWindow:1350 
04-07 14:43:29.039 D/WindowManager( 3111): updateSystemBarAttributes: displayId=0, focusedCanBeNavColorWin=false, win=Window{1d32b9b u0 com.shapepro.fitness/com.shapepro.fitness.MainActivity}, navColorWin=Window{1d32b9b u0 com.shapepro.fitness/com.shapepro.fitness.MainActivity}, caller=com.android.server.wm.WindowManagerService.updateFocusedWindowLocked:372 com.android.server.wm.WindowManagerService.relayoutWindow:1350 com.android.server.wm.Session.relayout:27 
04-07 14:43:29.039 V/SystemKeyManager( 3111): updateFocusedWindow() is called, com.shapepro.fitness/com.shapepro.fitness.MainActivity
04-07 14:43:29.039 D/SurfaceComposerClient( 3111): setCornerRadius ## 1d32b9b com.shapepro.fitness/com.shapepro.fitness.MainActivity#685155 cornerRadius=0.000000
04-07 14:43:29.039 D/SurfaceComposerClient( 3111): setCornerRadius ## 1d32b9b com.shapepro.fitness/com.shapepro.fitness.MainActivity#685155 cornerRadius=0.000000
04-07 14:43:29.040 D/WindowManager( 3111): finishDrawingWindow: Window{1d32b9b u0 com.shapepro.fitness/com.shapepro.fitness.MainActivity} mDrawState=DRAW_PENDING seqId=0
04-07 14:43:29.040 D/SurfaceComposerClient( 3111): setCornerRadius ## 1d32b9b com.shapepro.fitness/com.shapepro.fitness.MainActivity#685155 cornerRadius=0.000000
04-07 14:43:29.040 V/WindowManager( 3111): Finish starting ActivityRecord{136719249 u0 com.shapepro.fitness/.MainActivity t2889}: first real window is shown, no animation
04-07 14:43:29.040 V/WindowManager( 3111): Schedule remove starting ActivityRecord{136719249 u0 com.shapepro.fitness/.MainActivity t2889} startingWindow=Window{cbed817 u0 SnapshotStartingWindow for taskId=2889} animate=false Callers=com.android.server.wm.ActivityRecord.removeStartingWindow:178 com.android.server.wm.WindowState.performShowLocked:155 com.android.server.wm.WindowStateAnimator.commitFinishDrawingLocked:73 com.android.server.wm.DisplayContent$$ExternalSyntheticLambda1.accept$com$android$server$wm$DisplayContent$$ExternalSyntheticLambda37:23 com.android.server.wm.DisplayContent$$ExternalSyntheticLambda1.accept:143 
04-07 14:43:29.040 V/WindowManager( 3111): performShowLocked: mDrawState=HAS_DRAWN in Window{1d32b9b u0 com.shapepro.fitness/com.shapepro.fitness.MainActivity}
04-07 14:43:29.040 D/SurfaceComposerClient( 3111): setCornerRadius ## 1d32b9b com.shapepro.fitness/com.shapepro.fitness.MainActivity#685155 cornerRadius=0.000000
04-07 14:43:29.040 D/SurfaceComposerClient( 3111): setCornerRadius ## 1d32b9b com.shapepro.fitness/com.shapepro.fitness.MainActivity#685155 cornerRadius=0.000000
04-07 14:43:29.040 D/SurfaceComposerClient( 3111): setCornerRadius ## 1d32b9b com.shapepro.fitness/com.shapepro.fitness.MainActivity#685155 cornerRadius=0.000000
04-07 14:43:29.041 D/SurfaceComposerClient( 3111): setCornerRadius ## 1d32b9b com.shapepro.fitness/com.shapepro.fitness.MainActivity#685155 cornerRadius=0.000000
04-07 14:43:29.041 D/SurfaceComposerClient( 3111): setCornerRadius ## 1d32b9b com.shapepro.fitness/com.shapepro.fitness.MainActivity#685155 cornerRadius=0.000000
04-07 14:43:29.042 D/SurfaceComposerClient( 3111): setCornerRadius ## 1d32b9b com.shapepro.fitness/com.shapepro.fitness.MainActivity#685155 cornerRadius=0.000000
04-07 14:43:29.043 D/NotificationPanelView( 4705): setNowBarExpandMode() enabled = false, duration = 300, listener = null, mKeyguardSecBottomArea = com.android.systemui.statusbar.phone.KeyguardSecBottomAreaView{415e3a4 G.E...... ......ID 0,0-1080,2340 #7f0a05fd app:id/keyguard_bottom_shortcut_area}
04-07 14:43:29.044 D/NotificationPanelView( 4705): setNowBarExpandMode() enabled = false, duration = 300, listener = null, mKeyguardSecBottomArea = com.android.systemui.statusbar.phone.KeyguardSecBottomAreaView{415e3a4 G.E...... ......ID 0,0-1080,2340 #7f0a05fd app:id/keyguard_bottom_shortcut_area}
04-07 14:43:29.045 D/NotificationPanelView( 4705): setNowBarExpandMode() enabled = false, duration = 300, listener = null, mKeyguardSecBottomArea = com.android.systemui.statusbar.phone.KeyguardSecBottomAreaView{415e3a4 G.E...... ......ID 0,0-1080,2340 #7f0a05fd app:id/keyguard_bottom_shortcut_area}
04-07 14:43:29.045 I/BLASTBufferQueue(22069): [b9cac94 SurfaceView[com.shapepro.fitness/com.shapepro.fitness.MainActivity]@0#7](f:0,a:0,s:0) onFrameAvailable the first frame is available
04-07 14:43:29.046 I/SurfaceFlinger( 2352): [b9cac94 SurfaceView[com.shapepro.fitness/com.shapepro.fitness.MainActivity]@0(BLAST)#685274] setTransactionState with the first frame. bufferData(ID: 94785633255488, frameNumber: 1)
04-07 14:43:29.049 D/SurfaceComposerClient( 3111): setCornerRadius ## 1d32b9b com.shapepro.fitness/com.shapepro.fitness.MainActivity#685155 cornerRadius=0.000000
04-07 14:43:29.050 D/WindowManager( 3111): finishDrawingWindow: Window{1d32b9b u0 com.shapepro.fitness/com.shapepro.fitness.MainActivity} mDrawState=HAS_DRAWN seqId=0
04-07 14:43:29.051 D/SurfaceComposerClient( 3111): setCornerRadius ## 1d32b9b com.shapepro.fitness/com.shapepro.fitness.MainActivity#685155 cornerRadius=0.000000
04-07 14:43:29.051 D/SurfaceComposerClient( 3111): setCornerRadius ## 1d32b9b com.shapepro.fitness/com.shapepro.fitness.MainActivity#685155 cornerRadius=0.000000
04-07 14:43:29.055 D/SurfaceComposerClient( 3111): setCornerRadius ## 1d32b9b com.shapepro.fitness/com.shapepro.fitness.MainActivity#685155 cornerRadius=0.000000
04-07 14:43:29.055 D/SurfaceComposerClient( 3111): setCornerRadius ## 1d32b9b com.shapepro.fitness/com.shapepro.fitness.MainActivity#685155 cornerRadius=0.000000
04-07 14:43:29.058 D/QuickPanelLog( 4705): SC | makeExpandedInvisible
04-07 14:43:29.058 D/QuickPanelLog( 4705):  - com.android.systemui.shade.ShadeControllerImpl.makeExpandedInvisible:22
04-07 14:43:29.058 D/QuickPanelLog( 4705):  - com.android.systemui.statusbar.phone.CentralSurfacesImpl$$ExternalSyntheticLambda30.run:90
04-07 14:43:29.058 D/QuickPanelLog( 4705):  - android.os.Handler.handleCallback:995
04-07 14:43:29.058 D/QuickPanelLog( 4705):  - android.os.Handler.dispatchMessage:103
04-07 14:43:29.058 D/QuickPanelLog( 4705):  - android.os.Looper.loopOnce:273
04-07 14:43:29.058 D/QuickPanelLog( 4705):  - android.os.Looper.loop:363
04-07 14:43:29.058 D/QuickPanelLog( 4705):  - android.app.ActivityThread.main:10060
04-07 14:43:29.058 D/QuickPanelLog( 4705):  - java.lang.reflect.Method.invoke:-2
04-07 14:43:29.058 D/QuickPanelLog( 4705):  - com.android.internal.os.RuntimeInit$MethodAndArgsCaller.run:632
04-07 14:43:29.058 D/QuickPanelLog( 4705):  - com.android.internal.os.ZygoteInit.main:975
04-07 14:43:29.063 I/SurfaceFlinger( 2352): RequestedLayer [com.shapepro.fitness/com.shapepro.fitness.MainActivity$_22069#685271] hidden!! flag  from(1) --> to(0)
04-07 14:43:29.064 I/InsetsSourceConsumer(22069): applyRequestedVisibilityToControl: visible=true, type=navigationBars, host=com.shapepro.fitness/com.shapepro.fitness.MainActivity
04-07 14:43:29.064 I/InsetsSourceConsumer(22069): applyRequestedVisibilityToControl: visible=true, type=statusBars, host=com.shapepro.fitness/com.shapepro.fitness.MainActivity
04-07 14:43:29.065 D/QSMumButton( 4705): needToBeVisible() result: false [MumSetting: false = (TwoPhoneSetting: false || (somethingInDetail(1): true && Pref: false && Settings: false)), !DEX-(DeviceState: true, !DesktopManager: true, !mIsDexEnablingOrEnabled: true) Panel-mExpanded: false, !isEmergencyMode: true, isUserEnabled: true, !isKioskModeEnabled: true, !isDisallowUserSwitch = true
04-07 14:43:29.067 D/SurfaceFlinger( 2352): Display 4630947191136750483 HWC layers:
04-07 14:43:29.067 D/SurfaceFlinger( 2352):        DEVICE |           94785633255489 | 00000102 | RGBA_8888    |    0.0    0.0 1080.0 2340.0 |    0    0 1080 2340 | b9cac94 SurfaceView[com.shapepro.fit[...]itness.MainActivity]@0(BLAST)#685274 (2)
04-07 14:43:29.067 D/SurfaceFlinger( 2352):        DEVICE |           94785633255494 | 00002100 | RGBA_8888    |    0.0    0.0 1080.0 2340.0 |    0    0 1080 2340 | com.shapepro.fitness/com.shapepro.fitness.MainActivity$_22069#685271 (2)
04-07 14:43:29.067 D/SurfaceFlinger( 2352):        DEVICE |           10101763803503 | 00000000 | RGBA_8888    |    0.0    0.0 1080.0 2340.0 |    0    0 1080 2340 | SnapshotStartingWindow for taskId=2889$_4705#685266 (100)
04-07 14:43:29.067 D/SurfaceFlinger( 2352):        DEVICE |           20207821554569 | 00002100 | RGBA_8888    |    0.0    0.0 1080.0   85.0 |    0    0 1080   85 | StatusBar$_4705#104 (985499)
04-07 14:43:29.067 D/SurfaceFlinger( 2352):        DEVICE |           20207821554587 | 00002100 | RGBA_8888    |    0.0    0.0 1080.0 2340.0 |    0    0 1080 2340 | NotificationShade$_4705#685254 (81)
04-07 14:43:29.067 D/SurfaceFlinger( 2352):        DEVICE |           20207821554577 | 00002100 | RGBA_8888    |    0.0    0.0 1080.0  135.0 |  
04-07 14:43:29.067 D/SurfaceFlinger( 2352): [input] setFocusedWindow: 1d32b9b com.shapepro.fitness/com.shapepro.fitness.MainActivity
04-07 14:43:29.067 D/InputDispatcher( 3111): Once focus requested (0): 1d32b9b com.shapepro.fitness/com.shapepro.fitness.MainActivity
04-07 14:43:29.067 D/InputDispatcher( 3111): Focus request (0): 1d32b9b com.shapepro.fitness/com.shapepro.fitness.MainActivity but waiting because NOT_VISIBLE
04-07 14:43:29.068 D/InputDispatcher( 3111): Focus entered window (0): 1d32b9b com.shapepro.fitness/com.shapepro.fitness.MainActivity
04-07 14:43:29.069 V/InputMethodManagerService( 3111): startInputOrWindowGainedFocusInternalLocked: reason=WINDOW_FOCUS_GAIN client=android.os.BinderProxy@eea69c6 inputContext=null editorInfo=android.view.inputmethod.EditorInfo@19b59a9 startInputFlags=VIEW_HAS_FOCUS|INITIAL_CONNECTION softInputMode=STATE_UNSPECIFIED|ADJUST_RESIZE windowFlags=#81810100 unverifiedTargetSdkVersion=36 bindingController=com.android.server.inputmethod.InputMethodBindingController@7cd240b imeDispatcher=android.window.ImeOnBackInvokedDispatcher@62cdb2e cs=ClientState{1025fb0 mUid=10411 mPid=22069 mSelfReportedDisplayId=0} imeRequestedVisible=false
04-07 14:43:29.069 I/ImeTracker( 3111): com.shapepro.fitness:2f40da7e: onRequestHide at ORIGIN_SERVER reason HIDE_SAME_WINDOW_FOCUSED_WITHOUT_EDITOR fromUser false
04-07 14:43:29.071 I/ImeTracker(22069): com.shapepro.fitness:2f40da7e: onCancelled at PHASE_CLIENT_ALREADY_HIDDEN
04-07 14:43:29.072 I/HBD     (22777): b [AiWriter] setContact : com.shapepro.fitness
04-07 14:43:29.088 D/SurfaceComposerClient( 3111): setCornerRadius ## 1d32b9b com.shapepro.fitness/com.shapepro.fitness.MainActivity#685155 cornerRadius=0.000000
04-07 14:43:29.089 D/SurfaceComposerClient( 3111): setCornerRadius ## 1d32b9b com.shapepro.fitness/com.shapepro.fitness.MainActivity#685155 cornerRadius=0.000000
04-07 14:43:29.090 D/SurfaceComposerClient( 3111): setCornerRadius ## 1d32b9b com.shapepro.fitness/com.shapepro.fitness.MainActivity#685155 cornerRadius=0.000000
04-07 14:43:29.091 D/SurfaceComposerClient( 3111): setCornerRadius ## 1d32b9b com.shapepro.fitness/com.shapepro.fitness.MainActivity#685155 cornerRadius=0.000000
04-07 14:43:29.092 D/SurfaceComposerClient( 3111): setCornerRadius ## 1d32b9b com.shapepro.fitness/com.shapepro.fitness.MainActivity#685155 cornerRadius=0.000000
04-07 14:43:29.092 D/SurfaceComposerClient( 3111): setCornerRadius ## 1d32b9b com.shapepro.fitness/com.shapepro.fitness.MainActivity#685155 cornerRadius=0.000000
04-07 14:43:29.115 D/SurfaceFlinger( 2352): Display 4630947191136750483 HWC layers:
04-07 14:43:29.115 D/SurfaceFlinger( 2352):        DEVICE |           94785633255490 | 00000102 | RGBA_8888    |    0.0    0.0 1080.0 2340.0 |    0    0 1080 2340 | b9cac94 SurfaceView[com.shapepro.fit[...]itness.MainActivity]@0(BLAST)#685274 (3)
04-07 14:43:29.115 D/SurfaceFlinger( 2352):        DEVICE |           94785633255494 | 00002100 | RGBA_8888    |    0.0    0.0 1080.0 2340.0 |    0    0 1080 2340 | com.shapepro.fitness/com.shapepro.fitness.MainActivity$_22069#685271 (2)
04-07 14:43:29.115 D/SurfaceFlinger( 2352):        DEVICE |           10101763803503 | 00000000 | RGBA_8888    |    0.0    0.0 1080.0 2340.0 |    0    0 1080 2340 | SnapshotStartingWindow for taskId=2889$_4705#685266 (100)
04-07 14:43:29.115 D/SurfaceFlinger( 2352):        DEVICE |           20207821554569 | 00002100 | RGBA_8888    |    0.0    0.0 1080.0   85.0 |    0    0 1080   85 | StatusBar$_4705#104 (985499)
04-07 14:43:29.115 D/SurfaceFlinger( 2352):        DEVICE |           20207821554586 | 00002100 | RGBA_8888    |    0.0    0.0 1080.0 2340.0 |    0    0 1080 2340 | NotificationShade$_4705#685254 (82)
04-07 14:43:29.115 D/SurfaceFlinger( 2352):        DEVICE |           56891136911662 | 00002100 | RGBA_8888    |    0.0    0.0   67.0  342.0 | 1
04-07 14:43:29.141 I/WindowManager( 3111): Reparenting to leash, surface=Surface(name=cbed817 SnapshotStartingWindow for taskId=2889)/@0xde39e1d, leashParent=Surface(name=ActivityRecord{136719249 u0 com.shapepro.fitness/.MainActivity t2889})/@0xc23505f
04-07 14:43:29.142 D/SurfaceComposerClient( 3111): setCornerRadius ## 1d32b9b com.shapepro.fitness/com.shapepro.fitness.MainActivity#685155 cornerRadius=0.000000
04-07 14:43:29.142 D/SurfaceComposerClient( 3111): setCornerRadius ## 1d32b9b com.shapepro.fitness/com.shapepro.fitness.MainActivity#685155 cornerRadius=0.000000
04-07 14:43:29.142 D/SurfaceComposerClient( 3111): setCornerRadius ## 1d32b9b com.shapepro.fitness/com.shapepro.fitness.MainActivity#685155 cornerRadius=0.000000
04-07 14:43:29.146 I/SurfaceFlinger( 2352): [Surface(name=cbed817 SnapshotStartingWindow for taskId=2889)/@0xde39e1d - animation-leash of window_animation#685280] attach to parent LayerHierarchy{RequestedLayerState{ActivityRecord{136719249 u0 com.shapepro.fitness/.MainActivity t2889}#685146 parentId=685145} 5 children}
04-07 14:43:29.164 D/SurfaceComposerClient( 3111): setCornerRadius ## 1d32b9b com.shapepro.fitness/com.shapepro.fitness.MainActivity#685155 cornerRadius=0.000000
04-07 14:43:29.273 I/View    ( 4705): setRequestedFrameRate frameRate=-2.0, this=StatusBarIconView(slot='com.android.systemui/0x7f0a08a6' alpha=1.0 icon=StatusBarIcon(icon=Icon(typ=RESOURCE pkg=com.android.systemui id=0x7f080871) visible user=-1 ) visibleState=ICON iconColor=#ffb0c6ff staticDrawableColor=#ffb0c6ff decorColor=#ff1b6cf7 animationStartColor=#0 currentSetColor=#ffb0c6ff notification=StatusBarNotification(pkg=com.android.systemui user=UserHandle{-1} id=2131364006 tag=charging_state key=-1|com.android.systemui|2131364006|charging_state|10047: Notification(channel=CHR shortcut=null contentView=null vibrate=null sound=null defaults=0 flags=ONGOING_EVENT|ONLY_ALERT_ONCE color=0x00000000 category=sys groupKey=CHARGING vis=PUBLIC semFlags=0x0 semPriority=0 semMissedCount=0))), caller=com.android.systemui.statusbar.StatusBarIconView.onAttachedToWindow:6 android.view.View.dispatchAttachedToWindow:24320 android.view.ViewGroup.addViewInner:5582 android.view.ViewGroup.addView:5358 com.android.systemui.statusbar.phone.LegacyNotificationIconAreaControllerImpl.updateIconsForLayout:468 
04-07 14:43:29.273 I/View    ( 4705): setRequestedFrameRate frameRate=-2.0, this=StatusBarIconView(slot='com.google.android.googlequicksearchbox/0x0' alpha=1.0 icon=StatusBarIcon(icon=Icon(typ=RESOURCE pkg=com.google.android.googlequicksearchbox id=0x7f081674) visible user=0 ) visibleState=ICON iconColor=#ffb0c6ff staticDrawableColor=#ffb0c6ff decorColor=#ff1b6cf7 animationStartColor=#0 currentSetColor=#ffb0c6ff notification=StatusBarNotification(pkg=com.google.android.googlequicksearchbox user=UserHandle{0} id=0 tag=-1551373497::a:snotification:[0x394,wx.f,NOTIFICATION] key=0|com.google.android.googlequicksearchbox|0|-1551373497::a:snotification:[0x394,wx.f,NOTIFICATION]|10276: Notification(channel=71 shortcut=null contentView=null vibrate=null sound=null tick defaults=0 flags=ONLY_ALERT_ONCE color=0x00000000 groupKey=-1551373497::SUMMARY::wx vis=PRIVATE semFlags=0x0 semPriority=0 semMissedCount=0))), caller=com.android.systemui.statusbar.StatusBarIconView.onAttachedToWindow:6 android.view.View.dispatchAttachedToWindow:24320 android.view.ViewGroup.addViewInner:5582 android.view.ViewGroup.addView:5358 com.android.systemui.statusbar.phone.LegacyNotificationIconAreaControllerImpl.updateIconsForLayout:468 
04-07 14:43:29.281 D/SurfaceComposerClient( 3111): setCornerRadius ## 1d32b9b com.shapepro.fitness/com.shapepro.fitness.MainActivity#685155 cornerRadius=0.000000
04-07 14:43:29.282 D/SurfaceComposerClient( 3111): setCornerRadius ## 1d32b9b com.shapepro.fitness/com.shapepro.fitness.MainActivity#685155 cornerRadius=0.000000
04-07 14:43:29.285 D/SurfaceComposerClient( 3111): setCornerRadius ## 1d32b9b com.shapepro.fitness/com.shapepro.fitness.MainActivity#685155 cornerRadius=0.000000
04-07 14:43:29.285 D/SurfaceComposerClient( 3111): setCornerRadius ## 1d32b9b com.shapepro.fitness/com.shapepro.fitness.MainActivity#685155 cornerRadius=0.000000
04-07 14:43:29.296 I/WindowManager( 3111): Reparenting to original parent: Surface(name=ActivityRecord{136719249 u0 com.shapepro.fitness/.MainActivity t2889})/@0xc23505f, destroy=true, surface=Surface(name=cbed817 SnapshotStartingWindow for taskId=2889)/@0xde39e1d
04-07 14:43:29.296 D/SurfaceComposerClient( 3111): setCornerRadius ## 1d32b9b com.shapepro.fitness/com.shapepro.fitness.MainActivity#685155 cornerRadius=0.000000
04-07 14:43:29.296 D/SurfaceComposerClient( 3111): setCornerRadius ## 1d32b9b com.shapepro.fitness/com.shapepro.fitness.MainActivity#685155 cornerRadius=0.000000
04-07 14:43:29.297 D/SurfaceFlinger( 2352): Display 4630947191136750483 HWC layers:
04-07 14:43:29.297 D/SurfaceFlinger( 2352):        DEVICE |           94785633255490 | 00000102 | RGBA_8888    |    0.0    0.0 1080.0 2340.0 |    0    0 1080 2340 | b9cac94 SurfaceView[com.shapepro.fit[...]itness.MainActivity]@0(BLAST)#685274 (3)
04-07 14:43:29.297 D/SurfaceFlinger( 2352):        DEVICE |           94785633255494 | 00002100 | RGBA_8888    |    0.0    0.0 1080.0 2340.0 |    0    0 1080 2340 | com.shapepro.fitness/com.shapepro.fitness.MainActivity$_22069#685271 (2)
04-07 14:43:29.297 D/SurfaceFlinger( 2352):        DEVICE |           10101763803503 | 00000000 | RGBA_8888    |    0.0    0.0 1080.0 2340.0 |    0    0 1080 2340 | SnapshotStartingWindow for taskId=2889$_4705#685266 (100)
04-07 14:43:29.297 D/SurfaceFlinger( 2352):        DEVICE |           20207821554569 | 00002100 | RGBA_8888    |    0.0    0.0 1080.0   85.0 |    0    0 1080   85 | StatusBar$_4705#104 (985499)
04-07 14:43:29.297 D/SurfaceFlinger( 2352):        DEVICE |           56891136911662 | 00002100 | RGBA_8888    |    0.0    0.0   67.0  342.0 | 1013  442 1080  784 | com.sec.android.app.launcher/com.sam[...]app.CocktailBarService$_13246#685278 (1)
04-07 14:43:29.297 D/SurfaceFlinger( 2352):        DEVICE |           20207821554577 | 00002100 | 
04-07 14:43:29.313 D/SurfaceComposerClient( 3111): setCornerRadius ## 1d32b9b com.shapepro.fitness/com.shapepro.fitness.MainActivity#685155 cornerRadius=0.000000
04-07 14:43:29.314 D/SurfaceFlinger( 2352): Display 4630947191136750483 HWC layers:
04-07 14:43:29.314 D/SurfaceFlinger( 2352):        DEVICE |           94785633255490 | 00000102 | RGBA_8888    |    0.0    0.0 1080.0 2340.0 |    0    0 1080 2340 | b9cac94 SurfaceView[com.shapepro.fit[...]itness.MainActivity]@0(BLAST)#685274 (3)
04-07 14:43:29.314 D/SurfaceFlinger( 2352):        DEVICE |           94785633255494 | 00002100 | RGBA_8888    |    0.0    0.0 1080.0 2340.0 |    0    0 1080 2340 | com.shapepro.fitness/com.shapepro.fitness.MainActivity$_22069#685271 (2)
04-07 14:43:29.314 D/SurfaceFlinger( 2352):        DEVICE |           20207821554593 | 00002100 | RGBA_8888    |    0.0    0.0 1080.0   85.0 |    0    0 1080   85 | StatusBar$_4705#104 (985500)
04-07 14:43:29.314 D/SurfaceFlinger( 2352):        DEVICE |           56891136911662 | 00002100 | RGBA_8888    |    0.0    0.0   67.0  342.0 | 1013  442 1080  784 | com.sec.android.app.launcher/com.sam[...]app.CocktailBarService$_13246#685278 (1)
04-07 14:43:29.314 D/SurfaceFlinger( 2352):        DEVICE |           20207821554577 | 00002100 | RGBA_8888    |    0.0    0.0 1080.0  135.0 |    0 2205 1080 2340 | NavigationBar0$_4705#102 (1074811)
04-07 14:43:29.314 D/SurfaceFlinger( 2352): 
04-07 14:43:29.329 I/SurfaceFlinger( 2352): [LayerHierarchy{RequestedLayerState{ImeContainer#15 parentId=685146 relativeParentId=685155 z=1} 1 children}] RelativeParent to LayerHierarchy{RequestedLayerState{1d32b9b com.shapepro.fitness/com.shapepro.fitness.MainActivity#685155 parentId=685146} 2 children}
04-07 14:43:29.331 D/SurfaceComposerClient( 3111): setCornerRadius ## 1d32b9b com.shapepro.fitness/com.shapepro.fitness.MainActivity#685155 cornerRadius=0.000000
04-07 14:43:29.522 I/Notification4Watch7_NB(29411): PhoneStatusBroadcastReceiver.onReceive-action: android.intent.action.USER_PRESENT
04-07 14:43:29.523 I/Notification4Watch7_NB(29411): PhoneStatus.onUserPresentEvent-unlocked
04-07 14:43:29.524 D/SGM:GameManager( 3111): identifyGamePackage. com.shapepro.fitness, mCurrentUserId: 0, callingMethodInfo: com.samsung.android.game.IGameManagerService$Stub.onTransact(IGameManagerService.java:247)
04-07 14:43:29.525 D/SGM:GameManager( 3111): identifyForegroundApp. com.shapepro.fitness, mCurrentUserId: 0, callerUserId: 0
04-07 14:43:29.570 D/SGM:GameManager( 3111): identifyForegroundApp. com.shapepro.fitness, mCurrentUserId: 0, callerUserId: 0
04-07 14:43:30.411 I/SurfaceFlinger( 2352): [com.shapepro.fitness/com.shapepro.fitness.MainActivity$_22069#685271] setFrameRateCategory: HighHint
04-07 14:43:31.614 D/WindowManager( 3111): requestTransientBars: swipeTarget=Window{b513a20 u0 StatusBar}, controlTarget=Window{1d32b9b u0 com.shapepro.fitness/com.shapepro.fitness.MainActivity}, canShowTransient=false, restorePositionTypes=0x3, from=com.android.server.wm.DisplayPolicy$1.onSwipeFromTop:51 com.android.server.wm.SystemGesturesPointerEventListener.onPointerEvent:537 
04-07 14:43:32.426 D/QuickPanelLog( 4705): QSCI | setTracking: false -> false
04-07 14:43:32.426 D/QuickPanelLog( 4705):  - com.android.systemui.shade.QuickSettingsControllerImpl.setTracking:47
04-07 14:43:32.426 D/QuickPanelLog( 4705):  - com.android.systemui.shade.QuickSettingsControllerImpl.handleTouch:263
04-07 14:43:32.426 D/QuickPanelLog( 4705):  - com.android.systemui.shade.NotificationPanelViewController$TouchHandler.onTouchEvent:2053
04-07 14:43:32.426 D/QuickPanelLog( 4705):  - com.android.systemui.shade.NotificationPanelViewController.handleExternalTouch:7
04-07 14:43:32.426 D/QuickPanelLog( 4705):  - com.android.systemui.statusbar.phone.PhoneStatusBarView.onTouchEvent:178
04-07 14:43:32.426 D/QuickPanelLog( 4705):  - android.view.View.performOnTouchCallback:17234
04-07 14:43:32.426 D/QuickPanelLog( 4705):  - android.view.View.dispatchTouchEvent:17187
04-07 14:43:32.426 D/QuickPanelLog( 4705):  - android.view.ViewGroup.dispatchTransformedTouchEvent:3365
04-07 14:43:32.426 D/QuickPanelLog( 4705):  - android.view.ViewGroup.dispatchTouchEvent:3032
04-07 14:43:32.426 D/QuickPanelLog( 4705):  - android.view.ViewGroup.dispatchTransformedTouchEvent:3371
04-07 14:43:32.426 D/SecPanelSplitHelper( 4705): slide ( SHADE_STATE )
04-07 14:43:32.426 D/SecPanelSplitHelper( 4705):  - com.android.systemui.shade.SecPanelSplitHelper.shouldQSDown:267
04-07 14:43:32.426 D/SecPanelSplitHelper( 4705):  - com.android.systemui.shade.QuickSettingsControllerImpl.isOpenQsEvent:88
04-07 14:43:32.426 D/SecPanelSplitHelper( 4705):  - com.android.systemui.shade.QuickSettingsControllerImpl.handleTouch:722
04-07 14:43:32.426 D/SecPanelSplitHelper( 4705):  - com.android.systemui.shade.NotificationPanelViewController$TouchHandler.onTouchEvent:2053
04-07 14:43:32.426 D/SecPanelSplitHelper( 4705):  - com.android.systemui.shade.NotificationPanelViewController.handleExternalTouch:7
04-07 14:43:32.426 D/SecPanelSplitHelper( 4705):  - com.android.systemui.statusbar.phone.PhoneStatusBarView.onTouchEvent:178
04-07 14:43:32.426 D/SecPanelSplitHelper( 4705):  - android.view.View.performOnTouchCallback:17234
04-07 14:43:32.426 D/SecPanelSplitHelper( 4705):  - android.view.View.dispatchTouchEvent:17187
04-07 14:43:32.426 D/SecPanelSplitHelper( 4705):  - android.view.ViewGroup.dispatchTransformedTouchEvent:3365
04-07 14:43:32.426 D/SecPanelSplitHelper( 4705):  - android.view.ViewGroup.dispatchTouchEvent:3032
04-07 14:43:32.451 D/QuickPanelLog( 4705): NPVC | onTrackingStarted: isTracking(): false -> true
04-07 14:43:32.451 D/QuickPanelLog( 4705):  - com.android.systemui.shade.NotificationPanelViewController.onTrackingStarted:31
04-07 14:43:32.451 D/QuickPanelLog( 4705):  - com.android.systemui.shade.NotificationPanelViewController$TouchHandler.handleTouch$1:592
04-07 14:43:32.451 D/QuickPanelLog( 4705):  - com.android.systemui.shade.NotificationPanelViewController$TouchHandler.onTouchEvent:2659
04-07 14:43:32.451 D/QuickPanelLog( 4705):  - com.android.systemui.shade.NotificationPanelViewController.handleExternalTouch:7
04-07 14:43:32.451 D/QuickPanelLog( 4705):  - com.android.systemui.statusbar.phone.PhoneStatusBarView.onTouchEvent:178
04-07 14:43:32.451 D/QuickPanelLog( 4705):  - android.view.View.performOnTouchCallback:17234
04-07 14:43:32.451 D/QuickPanelLog( 4705):  - android.view.View.dispatchTouchEvent:17187
04-07 14:43:32.451 D/QuickPanelLog( 4705):  - android.view.ViewGroup.dispatchTransformedTouchEvent:3365
04-07 14:43:32.451 D/QuickPanelLog( 4705):  - android.view.ViewGroup.dispatchTouchEvent:3032
04-07 14:43:32.451 D/QuickPanelLog( 4705):  - android.view.ViewGroup.dispatchTransformedTouchEvent:3371
04-07 14:43:32.452 D/QuickPanelLog( 4705): SC | makeExpandedVisible: force: false
04-07 14:43:32.452 D/QuickPanelLog( 4705):  - com.android.systemui.shade.ShadeControllerImpl.makeExpandedVisible:80
04-07 14:43:32.452 D/QuickPanelLog( 4705):  - com.android.systemui.shade.NotificationPanelViewController$$ExternalSyntheticLambda6.onPanelStateChanged$2:121
04-07 14:43:32.452 D/QuickPanelLog( 4705):  - com.android.systemui.shade.ShadeExpansionStateManager.updateStateInternal:51
04-07 14:43:32.452 D/QuickPanelLog( 4705):  - com.android.systemui.shade.NotificationPanelViewController.updateExpansionAndVisibility:40
04-07 14:43:32.452 D/QuickPanelLog( 4705):  - com.android.systemui.shade.NotificationPanelViewController.onTrackingStarted:61
04-07 14:43:32.452 D/QuickPanelLog( 4705):  - com.android.systemui.shade.NotificationPanelViewController$TouchHandler.handleTouch$1:592
04-07 14:43:32.452 D/QuickPanelLog( 4705):  - com.android.systemui.shade.NotificationPanelViewController$TouchHandler.onTouchEvent:2659
04-07 14:43:32.452 D/QuickPanelLog( 4705):  - com.android.systemui.shade.NotificationPanelViewController.handleExternalTouch:7
04-07 14:43:32.452 D/QuickPanelLog( 4705):  - com.android.systemui.statusbar.phone.PhoneStatusBarView.onTouchEvent:178
04-07 14:43:32.452 D/QuickPanelLog( 4705):  - android.view.View.performOnTouchCallback:17234
04-07 14:43:32.458 D/QuickPanelLog( 4705): NPVC | updateExpansionAndVisibility: mExpandedFraction: 0.0, mInstantExpanding: false, isPanelVisibleBecauseOfHeadsUp: false, isTracking(): true, mIsSpringBackAnimation: false, isExpanded: true, isFullyExpanded: false, isFullyCollapsed: true, mHeightAnimator is null: true
04-07 14:43:32.458 D/QuickPanelLog( 4705):  - com.android.systemui.shade.NotificationPanelViewController.updateExpansionAndVisibility:350
04-07 14:43:32.458 D/QuickPanelLog( 4705):  - com.android.systemui.shade.NotificationPanelViewController.onTrackingStarted:61
04-07 14:43:32.458 D/QuickPanelLog( 4705):  - com.android.systemui.shade.NotificationPanelViewController$TouchHandler.handleTouch$1:592
04-07 14:43:32.458 D/QuickPanelLog( 4705):  - com.android.systemui.shade.NotificationPanelViewController$TouchHandler.onTouchEvent:2659
04-07 14:43:32.458 D/QuickPanelLog( 4705):  - com.android.systemui.shade.NotificationPanelViewController.handleExternalTouch:7
04-07 14:43:32.458 D/QuickPanelLog( 4705):  - com.android.systemui.statusbar.phone.PhoneStatusBarView.onTouchEvent:178
04-07 14:43:32.458 D/QuickPanelLog( 4705):  - android.view.View.performOnTouchCallback:17234
04-07 14:43:32.458 D/QuickPanelLog( 4705):  - android.view.View.dispatchTouchEvent:17187
04-07 14:43:32.458 D/QuickPanelLog( 4705):  - android.view.ViewGroup.dispatchTransformedTouchEvent:3365
04-07 14:43:32.458 D/QuickPanelLog( 4705):  - android.view.ViewGroup.dispatchTouchEvent:3032
04-07 14:43:32.460 D/CollapsedStatusBarFragmentExt( 4705): com.android.systemui.statusbar.phone.fragment.CollapsedStatusBarFragment.disable:71 com.android.systemui.statusbar.CommandQueue$H.handleMessage:2997 com.android.systemui.statusbar.CommandQueue.disable:12 com.android.systemui.statusbar.CommandQueue.recomputeDisableFlags:77 com.android.systemui.shade.NotificationPanelViewController.updateExpandedHeight:194 com.android.systemui.shade.NotificationPanelViewController$$ExternalSyntheticLambda48.run:536 
04-07 14:43:32.464 D/QSMumButton( 4705): needToBeVisible() result: false [MumSetting: false = (TwoPhoneSetting: false || (somethingInDetail(1): true && Pref: false && Settings: false)), !DEX-(DeviceState: true, !DesktopManager: true, !mIsDexEnablingOrEnabled: true) Panel-mExpanded: false, !isEmergencyMode: true, isUserEnabled: true, !isKioskModeEnabled: true, !isDisallowUserSwitch = true
04-07 14:43:32.467 D/SurfaceComposerClient( 3111): setCornerRadius ## 1d32b9b com.shapepro.fitness/com.shapepro.fitness.MainActivity#685155 cornerRadius=0.000000
04-07 14:43:32.468 D/SurfaceComposerClient( 3111): setCornerRadius ## 1d32b9b com.shapepro.fitness/com.shapepro.fitness.MainActivity#685155 cornerRadius=0.000000
04-07 14:43:32.472 D/Tile.MobileDataTile( 4705): registerPhoneStateListener
04-07 14:43:32.473 D/Tile.CustomTile( 4705): handleSetListening  true  initialized=true  isTileReady=true  getTileSpec() = custom(com.samsung.android.mdx/.windowslink.tileservice.SeYourPhoneTileService)
04-07 14:43:32.473 D/ScrimController( 4705): setScrimAlphaForKeyguard isWhiteWallpaper() = false bouncerScrimAlpha = 0.75 mScrimBouncerColor = #ff000000 callers = com.android.systemui.statusbar.phone.SecLsScrimControlHelper.setQsExpandedOnNightMode:50 
04-07 14:43:32.474 D/SurfaceComposerClient( 3111): setCornerRadius ## 1d32b9b com.shapepro.fitness/com.shapepro.fitness.MainActivity#685155 cornerRadius=0.000000
04-07 14:43:32.474 D/SurfaceComposerClient( 3111): setCornerRadius ## 1d32b9b com.shapepro.fitness/com.shapepro.fitness.MainActivity#685155 cornerRadius=0.000000
04-07 14:43:32.488 D/WindowManager( 3111): requestTransientBars: swipeTarget=Window{b513a20 u0 StatusBar}, controlTarget=Window{1d32b9b u0 com.shapepro.fitness/com.shapepro.fitness.MainActivity}, canShowTransient=false, restorePositionTypes=0x3, from=com.android.server.wm.DisplayPolicy$1.onSwipeFromTop:51 com.android.server.wm.SystemGesturesPointerEventListener.onPointerEvent:537 
04-07 14:43:32.489 D/SurfaceComposerClient( 3111): setCornerRadius ## 1d32b9b com.shapepro.fitness/com.shapepro.fitness.MainActivity#685155 cornerRadius=0.000000
04-07 14:43:32.490 D/SurfaceComposerClient( 3111): setCornerRadius ## 1d32b9b com.shapepro.fitness/com.shapepro.fitness.MainActivity#685155 cornerRadius=0.000000
04-07 14:43:32.494 D/SurfaceComposerClient( 3111): setCornerRadius ## 1d32b9b com.shapepro.fitness/com.shapepro.fitness.MainActivity#685155 cornerRadius=0.000000
04-07 14:43:32.494 D/SurfaceComposerClient( 3111): setCornerRadius ## 1d32b9b com.shapepro.fitness/com.shapepro.fitness.MainActivity#685155 cornerRadius=0.000000
04-07 14:43:32.494 D/WindowManager( 3111): Changing focus from Window{1d32b9b u0 com.shapepro.fitness/com.shapepro.fitness.MainActivity} to Window{566ced7 u0 NotificationShade} displayId=0 Callers=com.android.server.wm.WindowManagerService.relayoutWindow:1350 com.android.server.wm.Session.relayout:27 com.android.server.wm.Session.relayoutAsync:14 android.view.IWindowSession$Stub.onTransact:854 
04-07 14:43:32.494 D/InsetsSourceProvider( 3111): updateFakeControlTarget: fakeControl=InsetsSourceControl: {acd70001 mType=navigationBars mSurfacePosition=Point(0, 0) mInsetsHint=Insets{left=0, top=0, right=0, bottom=0}}, fakeTarget=Window{1d32b9b u0 com.shapepro.fitness/com.shapepro.fitness.MainActivity}
04-07 14:43:32.494 D/InsetsSourceProvider( 3111): updateFakeControlTarget: fakeControl=InsetsSourceControl: {81c60000 mType=statusBars mSurfacePosition=Point(0, 0) mInsetsHint=Insets{left=0, top=0, right=0, bottom=0}}, fakeTarget=Window{1d32b9b u0 com.shapepro.fitness/com.shapepro.fitness.MainActivity}
04-07 14:43:32.494 D/WindowManager( 3111): updateSystemBarAttributes: displayId=0, focusedCanBeNavColorWin=false, win=Window{566ced7 u0 NotificationShade}, navColorWin=Window{1d32b9b u0 com.shapepro.fitness/com.shapepro.fitness.MainActivity}, caller=com.android.server.wm.WindowManagerService.updateFocusedWindowLocked:372 com.android.server.wm.WindowManagerService.relayoutWindow:1350 com.android.server.wm.Session.relayout:27 
04-07 14:43:32.496 D/SecQSCommonTileView( 4705): handleStateChanged state.spec = custom(com.samsung.android.mdx/.windowslink.tileservice.SeYourPhoneTileService), parent = LabelTileView{@9fbcfaa, #7f0a0df0, app:id/tile_label V, label = @9fbcfaa, #7f0a0df0, app:id/tile_label V, iconFrame = @f9679b V, icon = @4a48738 V, common = @890d311}, labelContainer = @24ba295, #7f0a0661, app:id/label_group V, label = @9fbcfaa, #7f0a0df0, app:id/tile_label V, iconFrame = @f9679b V, icon = @4a48738 V, common = @890d311
04-07 14:43:32.497 D/SecQSCommonTileView( 4705): handleStateChanged state.spec = custom(com.samsung.android.mdx/.windowslink.tileservice.SeYourPhoneTileService), parent = LabelTileView{@9fbcfaa, #7f0a0df0, app:id/tile_label V, label = @9fbcfaa, #7f0a0df0, app:id/tile_label V, iconFrame = @f9679b V, icon = @4a48738 V, common = @890d311}, labelContainer = @24ba295, #7f0a0661, app:id/label_group V, label = @9fbcfaa, #7f0a0df0, app:id/tile_label V, iconFrame = @f9679b V, icon = @4a48738 V, common = @890d311
04-07 14:43:32.507 D/SecQSCommonTileView( 4705): handleStateChanged state.spec = custom(com.samsung.android.mdx/.windowslink.tileservice.SeYourPhoneTileService), parent = LabelTileView{@9fbcfaa, #7f0a0df0, app:id/tile_label V, label = @9fbcfaa, #7f0a0df0, app:id/tile_label V, iconFrame = @f9679b V, icon = @4a48738 V, common = @890d311}, labelContainer = @24ba295, #7f0a0661, app:id/label_group V, label = @9fbcfaa, #7f0a0df0, app:id/tile_label V, iconFrame = @f9679b V, icon = @4a48738 V, common = @890d311
04-07 14:43:32.512 D/SurfaceFlinger( 2352): Display 4630947191136750483 HWC layers:
04-07 14:43:32.512 D/SurfaceFlinger( 2352):        CLIENT |           94785633255489 | 00000102 | RGBA_8888    |    0.0    0.0 1080.0 2340.0 |    0    0 1080 2340 | b9cac94 SurfaceView[com.shapepro.fit[...]itness.MainActivity]@0(BLAST)#685274 (42)
04-07 14:43:32.512 D/SurfaceFlinger( 2352):        CLIENT |           94785633255494 | 00002100 | RGBA_8888    |    0.0    0.0 1080.0 2340.0 |    0    0 1080 2340 | com.shapepro.fitness/com.shapepro.fitness.MainActivity$_22069#685271 (2)
04-07 14:43:32.512 D/SurfaceFlinger( 2352):        CLIENT |           20207821554600 | 00002100 | RGBA_8888    |    0.0    0.0 1080.0   85.0 |    0    0 1080   85 | StatusBar$_4705#104 (985501)
04-07 14:43:32.512 D/SurfaceFlinger( 2352):        DEVICE |           20207821554598 | 00002100 | RGBA_8888    |    0.0    0.0 1080.0 2340.0 |    0    0 1080 2340 | NotificationShade$_4705#685281 (blurRegions) (2)
04-07 14:43:32.512 D/SurfaceFlinger( 2352):        DEVICE |           56891136911662 | 00002100 | RGBA_8888    |    0.0    0.0   67.0  342.0 | 1013  442 1080  784 | com.sec.android.app.launcher/com.sam[...]app.CocktailBarService$_13246#685278 (1)
04-07 14:43:32.512 D/SurfaceFlinger( 2352):        DEVICE |           20207821554595 | 00002100 | RGBA_888
04-07 14:43:32.518 D/SurfaceComposerClient( 3111): setCornerRadius ## 1d32b9b com.shapepro.fitness/com.shapepro.fitness.MainActivity#685155 cornerRadius=0.000000
04-07 14:43:32.518 D/SurfaceComposerClient( 3111): setCornerRadius ## 1d32b9b com.shapepro.fitness/com.shapepro.fitness.MainActivity#685155 cornerRadius=0.000000
04-07 14:43:32.519 D/SurfaceComposerClient( 3111): setCornerRadius ## 1d32b9b com.shapepro.fitness/com.shapepro.fitness.MainActivity#685155 cornerRadius=0.000000
04-07 14:43:32.519 D/SurfaceComposerClient( 3111): setCornerRadius ## 1d32b9b com.shapepro.fitness/com.shapepro.fitness.MainActivity#685155 cornerRadius=0.000000
04-07 14:43:32.527 D/SurfaceComposerClient( 3111): setCornerRadius ## 1d32b9b com.shapepro.fitness/com.shapepro.fitness.MainActivity#685155 cornerRadius=0.000000
04-07 14:43:32.528 D/SurfaceFlinger( 2352): Display 4630947191136750483 HWC layers:
04-07 14:43:32.528 D/SurfaceFlinger( 2352):        CLIENT |           94785633255489 | 00000102 | RGBA_8888    |    0.0    0.0 1080.0 2340.0 |    0    0 1080 2340 | b9cac94 SurfaceView[com.shapepro.fit[...]itness.MainActivity]@0(BLAST)#685274 (42)
04-07 14:43:32.528 D/SurfaceFlinger( 2352):        CLIENT |           94785633255494 | 00002100 | RGBA_8888    |    0.0    0.0 1080.0 2340.0 |    0    0 1080 2340 | com.shapepro.fitness/com.shapepro.fitness.MainActivity$_22069#685271 (2)
04-07 14:43:32.528 D/SurfaceFlinger( 2352):        CLIENT |           20207821554601 | 00002100 | RGBA_8888    |    0.0    0.0 1080.0   85.0 |    0    0 1080   85 | StatusBar$_4705#104 (985502)
04-07 14:43:32.528 D/SurfaceFlinger( 2352):        DEVICE |           20207821554597 | 00002100 | RGBA_8888    |    0.0    0.0 1080.0 2340.0 |    0    0 1080 2340 | NotificationShade$_4705#685281 (blurRegions) (3)
04-07 14:43:32.528 D/SurfaceFlinger( 2352):        DEVICE |           20207821554595 | 00002100 | RGBA_8888    |    0.0    0.0 1080.0  135.0 |    0 2205 1080 2340 | NavigationBar0$_4705#102 (1074813)
04-07 14:43:32.528 D/SurfaceFlinger( 2352): 
04-07 14:43:32.528 D/InputDispatcher( 3111): Focus left window (0): 1d32b9b com.shapepro.fitness/com.shapepro.fitness.MainActivity
04-07 14:43:32.623 D/QuickPanelLog( 4705): NPVC | flingToHeight: vel: 12818.312, expand: true, target: 1161.0, collapseSpeedUpFactor: 1.0, expandBecauseOfFalsing: false, mExpandedHeight: 924.917, mOverExpansion: 0.0, mIsFling: false
04-07 14:43:32.623 D/QuickPanelLog( 4705):  - com.android.systemui.shade.NotificationPanelViewController.flingToHeight:106
04-07 14:43:32.623 D/QuickPanelLog( 4705):  - com.android.systemui.shade.NotificationPanelViewController.fling:4
04-07 14:43:32.623 D/QuickPanelLog( 4705):  - com.android.systemui.shade.NotificationPanelViewController.-$$Nest$mendMotionEvent:590
04-07 14:43:32.623 D/QuickPanelLog( 4705):  - com.android.systemui.shade.NotificationPanelViewController$TouchHandler.handleTouch$1:726
04-07 14:43:32.623 D/QuickPanelLog( 4705):  - com.android.systemui.shade.NotificationPanelViewController$TouchHandler.onTouchEvent:2659
04-07 14:43:32.623 D/QuickPanelLog( 4705):  - com.android.systemui.shade.NotificationPanelViewController.handleExternalTouch:7
04-07 14:43:32.623 D/QuickPanelLog( 4705):  - com.android.systemui.statusbar.phone.PhoneStatusBarView.onTouchEvent:178
04-07 14:43:32.623 D/QuickPanelLog( 4705):  - android.view.View.performOnTouchCallback:17234
04-07 14:43:32.623 D/QuickPanelLog( 4705):  - android.view.View.dispatchTouchEvent:17187
04-07 14:43:32.623 D/QuickPanelLog( 4705):  - android.view.ViewGroup.dispatchTransformedTouchEvent:3365
04-07 14:43:32.624 D/QuickPanelLog( 4705): NPVC | setMotionAborted
04-07 14:43:32.624 D/QuickPanelLog( 4705):  - com.android.systemui.shade.NotificationPanelViewController.setMotionAborted:18
04-07 14:43:32.624 D/QuickPanelLog( 4705):  - com.android.systemui.shade.NotificationPanelViewController.flingToHeight:656
04-07 14:43:32.624 D/QuickPanelLog( 4705):  - com.android.systemui.shade.NotificationPanelViewController.fling:4
04-07 14:43:32.624 D/QuickPanelLog( 4705):  - com.android.systemui.shade.NotificationPanelViewController.-$$Nest$mendMotionEvent:590
04-07 14:43:32.624 D/QuickPanelLog( 4705):  - com.android.systemui.shade.NotificationPanelViewController$TouchHandler.handleTouch$1:726
04-07 14:43:32.624 D/QuickPanelLog( 4705):  - com.android.systemui.shade.NotificationPanelViewController$TouchHandler.onTouchEvent:2659
04-07 14:43:32.624 D/QuickPanelLog( 4705):  - com.android.systemui.shade.NotificationPanelViewController.handleExternalTouch:7
04-07 14:43:32.624 D/QuickPanelLog( 4705):  - com.android.systemui.statusbar.phone.PhoneStatusBarView.onTouchEvent:178
04-07 14:43:32.624 D/QuickPanelLog( 4705):  - android.view.View.performOnTouchCallback:17234
04-07 14:43:32.624 D/QuickPanelLog( 4705):  - android.view.View.dispatchTouchEvent:17187
04-07 14:43:32.624 D/QuickPanelLog( 4705): NPVC | onTrackingStopped: expand: true, isTracking(): true -> false
04-07 14:43:32.624 D/QuickPanelLog( 4705):  - com.android.systemui.shade.NotificationPanelViewController.onTrackingStopped:47
04-07 14:43:32.624 D/QuickPanelLog( 4705):  - com.android.systemui.shade.NotificationPanelViewController.-$$Nest$mendMotionEvent:593
04-07 14:43:32.624 D/QuickPanelLog( 4705):  - com.android.systemui.shade.NotificationPanelViewController$TouchHandler.handleTouch$1:726
04-07 14:43:32.624 D/QuickPanelLog( 4705):  - com.android.systemui.shade.NotificationPanelViewController$TouchHandler.onTouchEvent:2659
04-07 14:43:32.624 D/QuickPanelLog( 4705):  - com.android.systemui.shade.NotificationPanelViewController.handleExternalTouch:7
04-07 14:43:32.624 D/QuickPanelLog( 4705):  - com.android.systemui.statusbar.phone.PhoneStatusBarView.onTouchEvent:178
04-07 14:43:32.624 D/QuickPanelLog( 4705):  - android.view.View.performOnTouchCallback:17234
04-07 14:43:32.624 D/QuickPanelLog( 4705):  - android.view.View.dispatchTouchEvent:17187
04-07 14:43:32.624 D/QuickPanelLog( 4705):  - android.view.ViewGroup.dispatchTransformedTouchEvent:3365
04-07 14:43:32.624 D/QuickPanelLog( 4705):  - android.view.ViewGroup.dispatchTouchEvent:3032
04-07 14:43:32.702 D/QSMumButton( 4705): needToBeVisible() result: false [MumSetting: false = (TwoPhoneSetting: false || (somethingInDetail(1): true && Pref: false && Settings: false)), !DEX-(DeviceState: true, !DesktopManager: true, !mIsDexEnablingOrEnabled: true) Panel-mExpanded: false, !isEmergencyMode: true, isUserEnabled: true, !isKioskModeEnabled: true, !isDisallowUserSwitch = true
04-07 14:43:33.164 D/QuickPanelLog( 4705): NPVC | onTrackingStarted: isTracking(): false -> true
04-07 14:43:33.164 D/QuickPanelLog( 4705):  - com.android.systemui.shade.NotificationPanelViewController.onTrackingStarted:31
04-07 14:43:33.164 D/QuickPanelLog( 4705):  - com.android.systemui.shade.NotificationPanelViewController$TouchHandler.handleTouch$1:917
04-07 14:43:33.164 D/QuickPanelLog( 4705):  - com.android.systemui.shade.NotificationPanelViewController$TouchHandler.onTouchEvent:2659
04-07 14:43:33.164 D/QuickPanelLog( 4705):  - com.android.systemui.shade.NotificationPanelViewController.handleExternalTouch:7
04-07 14:43:33.164 D/QuickPanelLog( 4705):  - com.android.systemui.shade.NotificationShadeWindowView.onTouchEvent:546
04-07 14:43:33.164 D/QuickPanelLog( 4705):  - com.android.systemui.statusbar.phone.CentralSurfacesImpl$$ExternalSyntheticLambda36.onTouch:93
04-07 14:43:33.164 D/QuickPanelLog( 4705):  - android.view.View.performOnTouchCallback:17224
04-07 14:43:33.164 D/QuickPanelLog( 4705):  - android.view.View.dispatchTouchEvent:17187
04-07 14:43:33.164 D/QuickPanelLog( 4705):  - android.view.ViewGroup.dispatchTransformedTouchEvent:3365
04-07 14:43:33.164 D/QuickPanelLog( 4705):  - android.view.ViewGroup.dispatchTouchEvent:3032
04-07 14:43:33.165 D/QuickPanelLog( 4705): NPVC | updateExpansionAndVisibility: mExpandedFraction: 1.0, mInstantExpanding: false, isPanelVisibleBecauseOfHeadsUp: false, isTracking(): true, mIsSpringBackAnimation: false, isExpanded: true, isFullyExpanded: true, isFullyCollapsed: false, mHeightAnimator is null: true
04-07 14:43:33.165 D/QuickPanelLog( 4705):  - com.android.systemui.shade.NotificationPanelViewController.updateExpansionAndVisibility:350
04-07 14:43:33.165 D/QuickPanelLog( 4705):  - com.android.systemui.shade.NotificationPanelViewController.onTrackingStarted:61
04-07 14:43:33.165 D/QuickPanelLog( 4705):  - com.android.systemui.shade.NotificationPanelViewController$TouchHandler.handleTouch$1:917
04-07 14:43:33.165 D/QuickPanelLog( 4705):  - com.android.systemui.shade.NotificationPanelViewController$TouchHandler.onTouchEvent:2659
04-07 14:43:33.165 D/QuickPanelLog( 4705):  - com.android.systemui.shade.NotificationPanelViewController.handleExternalTouch:7
04-07 14:43:33.165 D/QuickPanelLog( 4705):  - com.android.systemui.shade.NotificationShadeWindowView.onTouchEvent:546
04-07 14:43:33.165 D/QuickPanelLog( 4705):  - com.android.systemui.statusbar.phone.CentralSurfacesImpl$$ExternalSyntheticLambda36.onTouch:93
04-07 14:43:33.165 D/QuickPanelLog( 4705):  - android.view.View.performOnTouchCallback:17224
04-07 14:43:33.165 D/QuickPanelLog( 4705):  - android.view.View.dispatchTouchEvent:17187
04-07 14:43:33.165 D/QuickPanelLog( 4705):  - android.view.ViewGroup.dispatchTransformedTouchEvent:3365
04-07 14:43:33.165 D/QuickPanelLog( 4705): QSCI | setExpandImmediate: true
04-07 14:43:33.165 D/QuickPanelLog( 4705):  - com.android.systemui.shade.QuickSettingsControllerImpl.setExpandImmediate:58
04-07 14:43:33.165 D/QuickPanelLog( 4705):  - com.android.systemui.shade.NotificationPanelViewController.onTrackingStarted:90
04-07 14:43:33.165 D/QuickPanelLog( 4705):  - com.android.systemui.shade.NotificationPanelViewController$TouchHandler.handleTouch$1:917
04-07 14:43:33.165 D/QuickPanelLog( 4705):  - com.android.systemui.shade.NotificationPanelViewController$TouchHandler.onTouchEvent:2659
04-07 14:43:33.165 D/QuickPanelLog( 4705):  - com.android.systemui.shade.NotificationPanelViewController.handleExternalTouch:7
04-07 14:43:33.165 D/QuickPanelLog( 4705):  - com.android.systemui.shade.NotificationShadeWindowView.onTouchEvent:546
04-07 14:43:33.165 D/QuickPanelLog( 4705):  - com.android.systemui.statusbar.phone.CentralSurfacesImpl$$ExternalSyntheticLambda36.onTouch:93
04-07 14:43:33.165 D/QuickPanelLog( 4705):  - android.view.View.performOnTouchCallback:17224
04-07 14:43:33.165 D/QuickPanelLog( 4705):  - android.view.View.dispatchTouchEvent:17187
04-07 14:43:33.165 D/QuickPanelLog( 4705):  - android.view.ViewGroup.dispatchTransformedTouchEvent:3365
04-07 14:43:33.185 D/QSMumButton( 4705): needToBeVisible() result: false [MumSetting: false = (TwoPhoneSetting: false || (somethingInDetail(1): true && Pref: false && Settings: false)), !DEX-(DeviceState: true, !DesktopManager: true, !mIsDexEnablingOrEnabled: true) Panel-mExpanded: false, !isEmergencyMode: true, isUserEnabled: true, !isKioskModeEnabled: true, !isDisallowUserSwitch = true
