04-07 15:36:04.446 E/TaskPersister( 3111): File error accessing recents directory (directory doesn't exist?).
04-07 15:36:05.445 W/PermissionService( 3111): getPermissionFlags: Unknown user -1
04-07 15:36:05.445 W/PermissionService( 3111): getPermissionFlags: Unknown user -1
04-07 15:36:07.089 W/DeviceStorageMonitorService( 3111): updateBroadcasts(/data) oldLevel:0, newLevel:0, seq:1
04-07 15:36:07.090 W/DeviceStorageMonitorService( 3111): updateBroadcasts_filenode(/data) fn_oldLevel:0, fn_newLevel:0, seq:1
04-07 15:36:14.947 W/PresentationStatsEventLogger( 3111): Bad view state for: -1, state: ViewState: [id=1073741824@1105290675, state:1000, currentValue:android.view.autofill.AutofillValue@85c]
04-07 15:36:15.155 W/PresentationStatsEventLogger( 3111): Bad view state for: -1, state: ViewState: [id=1073741824@1105290675, state:1008, currentValue:android.view.autofill.AutofillValue@810c5ead]
04-07 15:36:15.287 W/PresentationStatsEventLogger( 3111): Bad view state for: -1, state: ViewState: [id=1073741824@1105290675, state:1008, currentValue:android.view.autofill.AutofillValue@f28d6a87]
04-07 15:36:15.405 W/PresentationStatsEventLogger( 3111): Bad view state for: -1, state: ViewState: [id=1073741824@1105290675, state:1008, currentValue:android.view.autofill.AutofillValue@fe51372c]
04-07 15:36:15.512 W/PresentationStatsEventLogger( 3111): Bad view state for: -1, state: ViewState: [id=1073741824@1105290675, state:1008, currentValue:android.view.autofill.AutofillValue@54adb026]
04-07 15:36:16.053 W/PresentationStatsEventLogger( 3111): Bad view state for: -1, state: ViewState: [id=1073741824@1105290675, state:1008, currentValue:android.view.autofill.AutofillValue@cf499544]
04-07 15:36:16.145 W/PresentationStatsEventLogger( 3111): Bad view state for: -1, state: ViewState: [id=1073741824@1105290675, state:1008, currentValue:android.view.autofill.AutofillValue@24a9d0f5]
04-07 15:36:16.369 W/PresentationStatsEventLogger( 3111): Bad view state for: -1, state: ViewState: [id=1073741824@1105290675, state:1008, currentValue:android.view.autofill.AutofillValue@5a5a5cf5]
04-07 15:36:16.587 W/PresentationStatsEventLogger( 3111): Bad view state for: -1, state: ViewState: [id=1073741824@1105290675, state:1008, currentValue:android.view.autofill.AutofillValue@ec0a672a]
04-07 15:36:16.776 W/PresentationStatsEventLogger( 3111): Bad view state for: -1, state: ViewState: [id=1073741824@1105290675, state:1008, currentValue:android.view.autofill.AutofillValue@315c126]
04-07 15:36:17.124 W/PresentationStatsEventLogger( 3111): Bad view state for: -1, state: ViewState: [id=1073741824@1105290675, state:5008, currentValue:android.view.autofill.AutofillValue@1, candidateSaveValue:android.view.autofill.AutofillValue@315c126]
04-07 15:36:17.455 W/ContextImpl( 3111): Calling a method in the system process without a qualified user: android.app.ContextImpl.sendBroadcast:1335 vendor.samsung.frameworks.codecsolution.Logging.insertDiagmonLog:14 vendor.samsung.frameworks.codecsolution.Logging.insertLog:6 vendor.samsung.frameworks.codecsolution.Logging.insertLog:1 vendor.samsung.frameworks.codecsolution.SehCodecSolutionService$1.handleMessage:24 
04-07 15:36:17.456 W/ContextImpl( 7412): Calling a method in the system process without a qualified user: android.app.ContextImpl.startService:2068 android.content.ContextWrapper.startService:872 android.content.ContextWrapper.startService:872 com.sec.android.diagmonagent.sa.receiver.CFLogReceiver.onReceive:56 android.app.ActivityThread.handleReceiver:5663 
04-07 15:36:18.150 E/Watchdog( 3111): !@Sync: 36526 heap(MB): 195 / 208 FD: 2213 [2026-04-07 15:36:18.150]
04-07 15:36:18.913 W/BLASTSyncEngine( 3111): setSyncMethod, id=62110, method=0, caller=com.android.server.wm.TransitionController.moveToCollecting:91 com.android.server.wm.TransitionController.createTransition:46 com.android.server.wm.TransitionController.requestCloseTransitionIfNeeded:73 
04-07 15:36:19.086 E/WindowManager( 3111): win=Window{8ec5c5d u0 InputMethod} destroySurfaces: appStopped=true cleanupOnResume=false win.mWindowRemovalAllowed=false win.mRemoveOnExit=false win.mViewVisibility=8 caller=com.android.server.wm.WindowManagerService.tryStartExitingAnimation:134 com.android.server.wm.WindowManagerService.relayoutWindow:1138 com.android.server.wm.Session.relayout:27 android.view.IWindowSession$Stub.onTransact:829 com.android.server.wm.Session.onTransact:1 android.os.Binder.execTransactInternal:1457 android.os.Binder.execTransact:1401 
04-07 15:36:19.427 W/PresentationStatsEventLogger( 3111): Empty dataset. Autofill ignoring log
04-07 15:36:19.430 W/FillRequestEventLogger( 3111): Shouldn't be logging AutofillFillRequestReported again for same event
04-07 15:36:19.430 W/FillResponseEventLogger( 3111): Shouldn't be logging AutofillFillRequestReported again for same event
04-07 15:36:19.430 W/PresentationStatsEventLogger( 3111): Shouldn't be logging AutofillPresentationEventReported again for same event
04-07 15:36:19.436 W/ProcessStats( 3111): Tracking association SourceState{f90b2aa com.samsung.android.samsungpass/10134 ImpFg #4544592} whose proc state 5 is better than process ProcessState{5cdd70e com.samsung.android.authfw/5278 pkg=com.samsung.android.authfw} proc state 15 (8 skipped)
04-07 15:36:22.444 E/TaskPersister( 3111): File error accessing recents directory (directory doesn't exist?).
04-07 15:36:24.612 W/AppOps  ( 3111): Noting op not finished: uid 10275 pkg com.google.android.gms code 113 startTime of in progress event=1775585365013
04-07 15:36:24.617 W/AppOps  ( 3111): Noting op not finished: uid 10275 pkg com.google.android.gms code 113 startTime of in progress event=1775585365013
04-07 15:36:24.623 W/AppOps  ( 3111): Noting op not finished: uid 10275 pkg com.google.android.gms code 113 startTime of in progress event=1775585365013
04-07 15:36:25.614 W/AppOps  ( 3111): Noting op not finished: uid 10275 pkg com.google.android.gms code 113 startTime of in progress event=1775585365013
04-07 15:36:26.766 W/OptProp ( 3111): Cannot read opt property android.window.PROPERTY_COMPAT_ALLOW_RESIZEABLE_ACTIVITY_OVERRIDES
04-07 15:36:26.766 W/OptProp ( 3111): Cannot read opt property android.window.PROPERTY_COMPAT_ALLOW_MIN_ASPECT_RATIO_OVERRIDE
04-07 15:36:26.767 W/BLASTSyncEngine( 3111): setSyncMethod, id=62111, method=0, caller=com.android.server.wm.TransitionController.moveToCollecting:91 com.android.server.wm.TransitionController.createAndStartCollecting:109 com.android.server.wm.ActivityStarter.executeRequest:3515 
04-07 15:36:26.769 W/OptProp ( 3111): Cannot read opt property android.window.PROPERTY_COMPAT_ALLOW_ORIENTATION_OVERRIDE
04-07 15:36:27.359 E/WindowManager( 3111): win=Window{3582309 u0 com.whatsapp/com.whatsapp.home.ui.HomeActivity} destroySurfaces: appStopped=true cleanupOnResume=false win.mWindowRemovalAllowed=false win.mRemoveOnExit=false win.mViewVisibility=8 caller=com.android.server.wm.ActivityRecord.destroySurfaces:25 com.android.server.wm.ActivityRecord.activityStopped:192 com.android.server.wm.ActivityClientController.activityStopped:97 android.app.IActivityClientController$Stub.onTransact:740 com.android.server.wm.ActivityClientController.onTransact:1 android.os.Binder.execTransactInternal:1462 android.os.Binder.execTransact:1401 
04-07 15:36:27.616 W/ContextImpl( 3111): Calling a method in the system process without a qualified user: android.app.ContextImpl.sendBroadcast:1335 com.samsung.android.mocca.app.vehicle.AdvancedVehicleDetection.reportAdvancedVehicleEvent:185 com.samsung.android.mocca.app.vehicle.AdvancedVehicleDetection.handleWifiScanResult:340 com.samsung.android.mocca.app.vehicle.AdvancedVehicleDetection.q:0 D.e.h:231 
04-07 15:36:28.962 W/PresentationStatsEventLogger( 3111): Bad view state for: -1, state: ViewState: [id=1073741824@11414568, state:1000, currentValue:android.view.autofill.AutofillValue@83d]
04-07 15:36:29.089 W/PresentationStatsEventLogger( 3111): Bad view state for: -1, state: ViewState: [id=1073741824@11414568, state:1008, currentValue:android.view.autofill.AutofillValue@1e4c3257]
04-07 15:36:29.292 W/PresentationStatsEventLogger( 3111): Bad view state for: -1, state: ViewState: [id=1073741824@11414568, state:1008, currentValue:android.view.autofill.AutofillValue@258342f2]
04-07 15:36:29.456 W/PresentationStatsEventLogger( 3111): Bad view state for: -1, state: ViewState: [id=1073741824@11414568, state:1008, currentValue:android.view.autofill.AutofillValue@8752b263]
04-07 15:36:29.630 W/PresentationStatsEventLogger( 3111): Bad view state for: -1, state: ViewState: [id=1073741824@11414568, state:1008, currentValue:android.view.autofill.AutofillValue@3404abcb]
04-07 15:36:29.723 W/PresentationStatsEventLogger( 3111): Bad view state for: -1, state: ViewState: [id=1073741824@11414568, state:1008, currentValue:android.view.autofill.AutofillValue@eb10f31a]
04-07 15:36:29.779 E/TaskPersister( 3111): File error accessing recents directory (directory doesn't exist?).
04-07 15:36:29.871 W/PresentationStatsEventLogger( 3111): Bad view state for: -1, state: ViewState: [id=1073741824@11414568, state:1008, currentValue:android.view.autofill.AutofillValue@f5be5c2c]
04-07 15:36:30.192 W/PresentationStatsEventLogger( 3111): Bad view state for: -1, state: ViewState: [id=1073741824@11414568, state:5008, currentValue:android.view.autofill.AutofillValue@d0c2e375]
04-07 15:36:30.358 W/PresentationStatsEventLogger( 3111): Bad view state for: -1, state: ViewState: [id=1073741824@11414568, state:5008, currentValue:android.view.autofill.AutofillValue@7a58dda6]
04-07 15:36:30.489 W/PresentationStatsEventLogger( 3111): Bad view state for: -1, state: ViewState: [id=1073741824@11414568, state:5008, currentValue:android.view.autofill.AutofillValue@3f2595a]
04-07 15:36:30.836 W/PresentationStatsEventLogger( 3111): Bad view state for: -1, state: ViewState: [id=1073741824@11414568, state:d008, currentValue:android.view.autofill.AutofillValue@98042f35]
04-07 15:36:31.119 W/PresentationStatsEventLogger( 3111): Bad view state for: -1, state: ViewState: [id=1073741824@11414568, state:d008, currentValue:android.view.autofill.AutofillValue@95f86181]
04-07 15:36:31.238 W/PresentationStatsEventLogger( 3111): Bad view state for: -1, state: ViewState: [id=1073741824@11414568, state:d008, currentValue:android.view.autofill.AutofillValue@8a4fd8f3]
04-07 15:36:31.398 W/PresentationStatsEventLogger( 3111): Bad view state for: -1, state: ViewState: [id=1073741824@11414568, state:d008, currentValue:android.view.autofill.AutofillValue@82e21df]
04-07 15:36:31.647 W/PresentationStatsEventLogger( 3111): Bad view state for: -1, state: ViewState: [id=1073741824@11414568, state:d008, currentValue:android.view.autofill.AutofillValue@ad3a56d9]
04-07 15:36:31.736 W/PresentationStatsEventLogger( 3111): Bad view state for: -1, state: ViewState: [id=1073741824@11414568, state:d008, currentValue:android.view.autofill.AutofillValue@69060fc4]
04-07 15:36:31.919 W/PresentationStatsEventLogger( 3111): Bad view state for: -1, state: ViewState: [id=1073741824@11414568, state:d008, currentValue:android.view.autofill.AutofillValue@995871d9]
04-07 15:36:32.035 W/PresentationStatsEventLogger( 3111): Bad view state for: -1, state: ViewState: [id=1073741824@11414568, state:d008, currentValue:android.view.autofill.AutofillValue@e673dc69]
04-07 15:36:32.195 W/PresentationStatsEventLogger( 3111): Bad view state for: -1, state: ViewState: [id=1073741824@11414568, state:d008, currentValue:android.view.autofill.AutofillValue@f1d93d9b]
04-07 15:36:32.275 W/PresentationStatsEventLogger( 3111): Bad view state for: -1, state: ViewState: [id=1073741824@11414568, state:d008, currentValue:android.view.autofill.AutofillValue@2368edfe]
04-07 15:36:32.469 W/PresentationStatsEventLogger( 3111): Bad view state for: -1, state: ViewState: [id=1073741824@11414568, state:d008, currentValue:android.view.autofill.AutofillValue@2c86193c]
04-07 15:36:32.653 W/PresentationStatsEventLogger( 3111): Bad view state for: -1, state: ViewState: [id=1073741824@11414568, state:d008, currentValue:android.view.autofill.AutofillValue@a2b17097]
04-07 15:36:33.043 W/ContextImpl( 3111): Calling a method in the system process without a qualified user: android.app.ContextImpl.sendBroadcast:1335 vendor.samsung.frameworks.codecsolution.Logging.insertDiagmonLog:14 vendor.samsung.frameworks.codecsolution.Logging.insertLog:6 vendor.samsung.frameworks.codecsolution.Logging.insertLog:1 vendor.samsung.frameworks.codecsolution.SehCodecSolutionService$1.handleMessage:24 
04-07 15:36:33.044 W/ContextImpl( 7412): Calling a method in the system process without a qualified user: android.app.ContextImpl.startService:2068 android.content.ContextWrapper.startService:872 android.content.ContextWrapper.startService:872 com.sec.android.diagmonagent.sa.receiver.CFLogReceiver.onReceive:56 android.app.ActivityThread.handleReceiver:5663 
04-07 15:36:33.083 W/PresentationStatsEventLogger( 3111): Bad view state for: -1, state: ViewState: [id=1073741824@11414568, state:d008, currentValue:android.view.autofill.AutofillValue@f42608ec]
04-07 15:36:33.267 W/PresentationStatsEventLogger( 3111): Bad view state for: -1, state: ViewState: [id=1073741824@11414568, state:d008, currentValue:android.view.autofill.AutofillValue@e7e6541a]
04-07 15:36:33.420 W/PresentationStatsEventLogger( 3111): Bad view state for: -1, state: ViewState: [id=1073741824@11414568, state:d008, currentValue:android.view.autofill.AutofillValue@78b7d8a5]
04-07 15:36:33.563 W/PresentationStatsEventLogger( 3111): Bad view state for: -1, state: ViewState: [id=1073741824@11414568, state:d008, currentValue:android.view.autofill.AutofillValue@db585403]
04-07 15:36:33.679 W/PresentationStatsEventLogger( 3111): Bad view state for: -1, state: ViewState: [id=1073741824@11414568, state:d008, currentValue:android.view.autofill.AutofillValue@50878222]
04-07 15:36:34.102 W/PresentationStatsEventLogger( 3111): Bad view state for: -1, state: ViewState: [id=1073741824@11414568, state:d008, currentValue:android.view.autofill.AutofillValue@1, candidateSaveValue:android.view.autofill.AutofillValue@50878222]
04-07 15:36:34.309 W/ContextImpl( 3111): Calling a method in the system process without a qualified user: android.app.ContextImpl.sendBroadcast:1335 vendor.samsung.frameworks.codecsolution.Logging.insertDiagmonLog:14 vendor.samsung.frameworks.codecsolution.Logging.insertLog:6 vendor.samsung.frameworks.codecsolution.Logging.insertLog:1 vendor.samsung.frameworks.codecsolution.SehCodecSolutionService$1.handleMessage:24 
04-07 15:36:34.309 W/ContextImpl( 7412): Calling a method in the system process without a qualified user: android.app.ContextImpl.startService:2068 android.content.ContextWrapper.startService:872 android.content.ContextWrapper.startService:872 com.sec.android.diagmonagent.sa.receiver.CFLogReceiver.onReceive:56 android.app.ActivityThread.handleReceiver:5663 
04-07 15:36:35.219 E/WindowManager( 3111): win=Window{8ec5c5d u0 InputMethod} destroySurfaces: appStopped=true cleanupOnResume=false win.mWindowRemovalAllowed=false win.mRemoveOnExit=false win.mViewVisibility=8 caller=com.android.server.wm.WindowManagerService.tryStartExitingAnimation:134 com.android.server.wm.WindowManagerService.relayoutWindow:1138 com.android.server.wm.Session.relayout:27 android.view.IWindowSession$Stub.onTransact:829 com.android.server.wm.Session.onTransact:1 android.os.Binder.execTransactInternal:1457 android.os.Binder.execTransact:1401 
04-07 15:36:36.892 W/ActivityTaskManager( 3111): callingPackage for (uid=-1, pid=0) has no WPC
04-07 15:36:36.892 W/ActivityStartInterceptor( 3111): Starting home with component specified, uid=0
04-07 15:36:36.893 W/OptProp ( 3111): Cannot read opt property android.window.PROPERTY_COMPAT_ALLOW_RESIZEABLE_ACTIVITY_OVERRIDES
04-07 15:36:36.893 W/OptProp ( 3111): Cannot read opt property android.window.PROPERTY_COMPAT_ALLOW_MIN_ASPECT_RATIO_OVERRIDE
04-07 15:36:36.893 W/BLASTSyncEngine( 3111): setSyncMethod, id=62112, method=0, caller=com.android.server.wm.TransitionController.moveToCollecting:91 com.android.server.wm.TransitionController.createAndStartCollecting:109 com.android.server.wm.ActivityStarter.executeRequest:3515 
04-07 15:36:37.300 W/PresentationStatsEventLogger( 3111): Empty dataset. Autofill ignoring log
04-07 15:36:37.310 E/WindowManager( 3111): win=Window{830ef46 u0 com.whatsapp/com.whatsapp.Conversation} destroySurfaces: appStopped=true cleanupOnResume=false win.mWindowRemovalAllowed=false win.mRemoveOnExit=false win.mViewVisibility=8 caller=com.android.server.wm.ActivityRecord.destroySurfaces:25 com.android.server.wm.ActivityRecord.activityStopped:192 com.android.server.wm.ActivityClientController.activityStopped:97 android.app.IActivityClientController$Stub.onTransact:740 com.android.server.wm.ActivityClientController.onTransact:1 android.os.Binder.execTransactInternal:1462 android.os.Binder.execTransact:1401 
04-07 15:36:37.923 W/PowerManagerService( 3111): !@Screen__Off(d) - 9575 :  goToSleep:  (uid: 1000 pid: 3111) (power_button) groupId=0
04-07 15:36:37.947 W/DisplayPowerController[0]( 3111): ColorFade: onAnimationStart
04-07 15:36:37.969 W/WALLPAPER_SVC:WallpaperManagerService( 3111): semSendWallpaperCommand: failed to determine current wallpaper. which=18 
04-07 15:36:38.011 W/ContextImpl( 3111): Calling a method in the system process without a qualified user: android.app.ContextImpl.sendBroadcast:1335 vendor.samsung.frameworks.codecsolution.Logging.insertDiagmonLog:14 vendor.samsung.frameworks.codecsolution.Logging.insertLog:6 vendor.samsung.frameworks.codecsolution.Logging.insertLog:1 vendor.samsung.frameworks.codecsolution.SehCodecSolutionService$1.handleMessage:24 
04-07 15:36:38.012 W/ContextImpl( 7412): Calling a method in the system process without a qualified user: android.app.ContextImpl.startService:2068 android.content.ContextWrapper.startService:872 android.content.ContextWrapper.startService:872 com.sec.android.diagmonagent.sa.receiver.CFLogReceiver.onReceive:56 android.app.ActivityThread.handleReceiver:5663 
04-07 15:36:38.291 W/DisplayPowerState( 3111): !@ColorFade entry displayId=0
04-07 15:36:38.292 W/DisplayPowerController[0]( 3111): ColorFade: onAnimationEnd
04-07 15:36:38.306 W/DisplayPowerController[0]( 3111): Animating brightness: target=0(0.00), rate=0,000, rateAtHbm=0,000, reason=screen_off[0]
04-07 15:36:38.307 W/LocalDisplayAdapter( 3111): !@display_state - 3559 : ON -> OFF (MAIN)
04-07 15:36:38.327 W/PresentationStatsEventLogger( 3111): Shouldn't be logging AutofillPresentationEventReported again for same event
04-07 15:36:38.340 E/WindowManager( 3111): win=Window{6777b08 u0 Acetone} destroySurfaces: appStopped=true cleanupOnResume=false win.mWindowRemovalAllowed=false win.mRemoveOnExit=false win.mViewVisibility=8 caller=com.android.server.wm.ActivityRecord.destroySurfaces:25 com.android.server.wm.ActivityRecord.activityStopped:192 com.android.server.wm.ActivityClientController.activityStopped:97 android.app.IActivityClientController$Stub.onTransact:740 com.android.server.wm.ActivityClientController.onTransact:1 android.os.Binder.execTransactInternal:1462 android.os.Binder.execTransact:1401 
04-07 15:36:38.340 E/WindowManager( 3111): win=Window{f40910d u0 com.sec.android.app.launcher/com.sec.android.app.launcher.activities.LauncherActivity} destroySurfaces: appStopped=true cleanupOnResume=false win.mWindowRemovalAllowed=false win.mRemoveOnExit=false win.mViewVisibility=8 caller=com.android.server.wm.ActivityRecord.destroySurfaces:25 com.android.server.wm.ActivityRecord.activityStopped:192 com.android.server.wm.ActivityClientController.activityStopped:97 android.app.IActivityClientController$Stub.onTransact:740 com.android.server.wm.ActivityClientController.onTransact:1 android.os.Binder.execTransactInternal:1462 android.os.Binder.execTransact:1401 
04-07 15:36:38.462 W/LocalDisplayAdapter( 3111): !@display_state - 3559 : OFF (MAIN) took 155 ms
04-07 15:36:38.477 W/CocktailBarStatePolicyController( 3111): updateWindowType: current window type is requested window type(1)
04-07 15:36:38.483 W/BLASTSyncEngine( 3111): setSyncMethod, id=62113, method=0, caller=com.android.server.wm.TransitionController.moveToCollecting:91 com.android.server.wm.TransitionController.createTransition:46 com.android.server.wm.TransitionController.requestTransitionIfNeeded:48 
04-07 15:36:38.493 E/WindowManager( 3111): win=Window{58b8933 u0 com.sec.android.app.launcher/com.samsung.app.honeyspace.edge.edgepanel.app.CocktailBarService} destroySurfaces: appStopped=true cleanupOnResume=false win.mWindowRemovalAllowed=false win.mRemoveOnExit=false win.mViewVisibility=8 caller=com.android.server.wm.WindowManagerService.tryStartExitingAnimation:134 com.android.server.wm.WindowManagerService.relayoutWindow:1138 com.android.server.wm.Session.relayout:27 android.view.IWindowSession$Stub.onTransact:829 com.android.server.wm.Session.onTransact:1 android.os.Binder.execTransactInternal:1457 android.os.Binder.execTransact:1401 
04-07 15:36:38.501 W/BLASTSyncEngine( 3111): setSyncMethod, id=62114, method=0, caller=com.android.server.wm.TransitionController.moveToCollecting:91 com.android.server.wm.TransitionController.createTransition:46 com.android.server.wm.TransitionController.requestTransitionIfNeeded:48 
04-07 15:36:38.505 W/keymint_tee( 1214): [WRN]ret OK PARAMS: A32, UAT2, PP1, BM32, PD1, AT15, CN1, KS256, CD2026.04.07,15:36:38.503, 
04-07 15:36:38.519 W/ContextImpl( 7412): Calling a method in the system process without a qualified user: android.app.ContextImpl.startService:2068 android.content.ContextWrapper.startService:872 android.content.ContextWrapper.startService:872 com.sec.android.diagmonagent.sa.receiver.CFLogReceiver.onReceive:56 android.app.ActivityThread.handleReceiver:5663 
04-07 15:36:38.520 E/LoadedApk(  450): Exception : java.lang.NullPointerException: Attempt to invoke virtual method 'boolean android.os.Looper.isPerfLogEnable()' on a null object reference
04-07 15:36:38.521 W/ContextImpl( 7412): Calling a method in the system process without a qualified user: android.app.ContextImpl.startService:2068 android.content.ContextWrapper.startService:872 android.content.ContextWrapper.startService:872 com.sec.android.diagmonagent.sa.receiver.CFLogReceiver.onReceive:56 android.app.ActivityThread.handleReceiver:5663 
04-07 15:36:38.536 W/ContextImpl( 7412): Calling a method in the system process without a qualified user: android.app.ContextImpl.startService:2068 android.content.ContextWrapper.startService:872 android.content.ContextWrapper.startService:872 com.sec.android.diagmonagent.sa.receiver.CFLogReceiver.onReceive:56 android.app.ActivityThread.handleReceiver:5663 
04-07 15:36:38.541 E/LoadedApk(  450): Exception : java.lang.NullPointerException: Attempt to invoke virtual method 'boolean android.os.Looper.isPerfLogEnable()' on a null object reference
04-07 15:36:38.545 E/LoadedApk(  450): Exception : java.lang.NullPointerException: Attempt to invoke virtual method 'boolean android.os.Looper.isPerfLogEnable()' on a null object reference
04-07 15:36:38.551 W/ContextImpl( 7412): Calling a method in the system process without a qualified user: android.app.ContextImpl.startService:2068 android.content.ContextWrapper.startService:872 android.content.ContextWrapper.startService:872 com.sec.android.diagmonagent.sa.receiver.CFLogReceiver.onReceive:56 android.app.ActivityThread.handleReceiver:5663 
04-07 15:36:38.711 W/SemFace ( 3111): sehOpenTaSession FINISH (174ms) RESULT: 0
04-07 15:36:38.909 W/LocalDisplayAdapter( 3111): !@display_state - 3560 : OFF -> DOZE (MAIN)
04-07 15:36:38.920 W/PhoneWindowManager( 3111): Setting mKeyguardDrawComplete
04-07 15:36:38.929 W/PhoneWindowManager( 3111): All windows drawn on display -1
04-07 15:36:38.929 W/DisplayPowerState( 3111): !@ColorFade exit displayId=0
04-07 15:36:39.032 W/ContextImpl( 7412): Calling a method in the system process without a qualified user: android.app.ContextImpl.startService:2068 android.content.ContextWrapper.startService:872 android.content.ContextWrapper.startService:872 com.sec.android.diagmonagent.sa.receiver.CFLogReceiver.onReceive:56 android.app.ActivityThread.handleReceiver:5663 
04-07 15:36:39.114 W/LocalDisplayAdapter( 3111): !@display_state - 3560 : DOZE (MAIN) took 205 ms
04-07 15:36:44.423 W/LocalDisplayAdapter( 3111): !@display_state - 3561 : DOZE -> DOZE_SUSPEND (MAIN)
04-07 15:36:44.440 W/LocalDisplayAdapter( 3111): !@display_state - 3561 : DOZE_SUSPEND (MAIN) took 17 ms
04-07 15:36:48.158 E/Watchdog( 3111): !@Sync: 36527 heap(MB): 194 / 208 FD: 2169 [2026-04-07 15:36:48.158]
04-07 15:37:00.410 W/PowerManagerService( 3111): !@Screen__On  - 9575 :  wakeUp:  (uid: 1000 pid: 3111) (power_button) (3ms) groupId=0
04-07 15:37:00.413 W/BMFC    ( 3111): fc_auth_result: cancel
04-07 15:37:00.415 W/BMFC    ( 3111): fc_auth_start: com.android.systemui, user 0, pid 4705
04-07 15:37:00.432 W/LocalDisplayAdapter( 3111): !@display_state - 3562 : DOZE_SUSPEND -> ON (MAIN)
04-07 15:37:00.442 W/SemFace ( 3111): SetRotation START
04-07 15:37:00.443 W/SemFace ( 3111): SetRotation FINISH (1ms) RESULT: 0
04-07 15:37:00.443 W/FaceAuthenticationClient( 3111): authenticate START
04-07 15:37:00.450 E/LoadedApk(  450): Exception : java.lang.NullPointerException: Attempt to invoke virtual method 'boolean android.os.Looper.isPerfLogEnable()' on a null object reference
04-07 15:37:00.454 E/AppOps  ( 3111): package client.pid<2214> not found, can't check for attributionTag null
04-07 15:37:00.454 E/AppOps  ( 3111): Bad call made by uid 1047. Package "client.pid<2214>" does not belong to uid 1000.
04-07 15:37:00.454 E/AppOps  ( 3111): Cannot getAppOpMode: non-application UID 1000
04-07 15:37:00.456 E/CameraService_worker( 3111): Recent tasks don't include camera client package name: client.pid<2214>
04-07 15:37:00.459 W/LocalDisplayAdapter( 3111): !@display_state - 3562 : ON (MAIN) took 27 ms
04-07 15:37:00.483 W/BMFC    ( 3111): fc_acquired: 20, 0,
04-07 15:37:00.483 W/ContextImpl( 7412): Calling a method in the system process without a qualified user: android.app.ContextImpl.startService:2068 android.content.ContextWrapper.startService:872 android.content.ContextWrapper.startService:872 com.sec.android.diagmonagent.sa.receiver.CFLogReceiver.onReceive:56 android.app.ActivityThread.handleReceiver:5663 
04-07 15:37:00.484 W/FaceAuthenticationClient( 3111): authenticate FINISH (41ms) RESULT: android.hardware.biometrics.common.ICancellationSignal$Stub$Proxy@e7f6a2c
04-07 15:37:00.490 E/LoadedApk(  450): Exception : java.lang.NullPointerException: Attempt to invoke virtual method 'boolean android.os.Looper.isPerfLogEnable()' on a null object reference
04-07 15:37:00.490 W/ContextImpl( 7412): Calling a method in the system process without a qualified user: android.app.ContextImpl.startService:2068 android.content.ContextWrapper.startService:872 android.content.ContextWrapper.startService:872 com.sec.android.diagmonagent.sa.receiver.CFLogReceiver.onReceive:56 android.app.ActivityThread.handleReceiver:5663 
04-07 15:37:00.492 W/ContextImpl( 7412): Calling a method in the system process without a qualified user: android.app.ContextImpl.startService:2068 android.content.ContextWrapper.startService:872 android.content.ContextWrapper.startService:872 com.sec.android.diagmonagent.sa.receiver.CFLogReceiver.onReceive:56 android.app.ActivityThread.handleReceiver:5663 
04-07 15:37:00.495 E/LoadedApk(  450): Exception : java.lang.NullPointerException: Attempt to invoke virtual method 'boolean android.os.Looper.isPerfLogEnable()' on a null object reference
04-07 15:37:00.508 W/CocktailBarStatePolicyController( 3111): updateWindowType: current window type is requested window type(1)
04-07 15:37:00.549 W/AutomaticBrightnessController( 3111): [api] updateAutoBrightness :   9(0.03)     -1 <      1.0 <     17 (adj:+1.0) (1st)
04-07 15:37:00.550 W/DisplayPowerController[0]( 3111): Animating brightness: target=53(0.21), rate=0,000, reason=automatic[9] -> low_pwr[8] -> ab_limit[53]
04-07 15:37:00.607 W/ContextImpl( 7412): Calling a method in the system process without a qualified user: android.app.ContextImpl.startService:2068 android.content.ContextWrapper.startService:872 android.content.ContextWrapper.startService:872 com.sec.android.diagmonagent.sa.receiver.CFLogReceiver.onReceive:56 android.app.ActivityThread.handleReceiver:5663 
04-07 15:37:00.685 W/ContextImpl( 3111): Calling a method in the system process without a qualified user: android.app.ContextImpl.sendBroadcast:1335 vendor.samsung.frameworks.codecsolution.Logging.insertDiagmonLog:14 vendor.samsung.frameworks.codecsolution.Logging.insertLog:6 vendor.samsung.frameworks.codecsolution.Logging.insertLog:1 vendor.samsung.frameworks.codecsolution.SehCodecSolutionService$1.handleMessage:24 
04-07 15:37:00.686 W/ContextImpl( 7412): Calling a method in the system process without a qualified user: android.app.ContextImpl.startService:2068 android.content.ContextWrapper.startService:872 android.content.ContextWrapper.startService:872 com.sec.android.diagmonagent.sa.receiver.CFLogReceiver.onReceive:56 android.app.ActivityThread.handleReceiver:5663 
04-07 15:37:00.805 W/BMFC    ( 3111): fc_acquired: 22, 1020,
04-07 15:37:00.805 W/BMFC    ( 3111): fc_acquired: 22, 1015,
04-07 15:37:00.806 W/FaceManager( 3111): Unknown enrollment acquired message: 22, 1020
04-07 15:37:00.806 W/FaceManager( 4705): Unknown enrollment acquired message: 22, 1020
04-07 15:37:00.943 W/BMFC    ( 3111): fc_acquired: 11, 0,
04-07 15:37:00.967 W/ContextImpl( 7412): Calling a method in the system process without a qualified user: android.app.ContextImpl.startService:2068 android.content.ContextWrapper.startService:872 android.content.ContextWrapper.startService:872 com.sec.android.diagmonagent.sa.receiver.CFLogReceiver.onReceive:56 android.app.ActivityThread.handleReceiver:5663 
04-07 15:37:01.081 W/ContextImpl( 3111): Calling a method in the system process without a qualified user: android.app.ContextImpl.sendBroadcast:1335 com.samsung.android.gesture.PocketModeEvent$1.handleMessage:465 android.os.Handler.dispatchMessage:110 android.os.Looper.loopOnce:273 android.os.Looper.loop:363 
04-07 15:37:01.292 W/CocktailBarStatePolicyController( 3111): updateWindowType: current window type is requested window type(1)
04-07 15:37:01.307 E/WindowManager( 3111): win=Window{58b8933 u0 com.sec.android.app.launcher/com.samsung.app.honeyspace.edge.edgepanel.app.CocktailBarService} destroySurfaces: appStopped=true cleanupOnResume=false win.mWindowRemovalAllowed=false win.mRemoveOnExit=false win.mViewVisibility=8 caller=com.android.server.wm.WindowManagerService.tryStartExitingAnimation:134 com.android.server.wm.WindowManagerService.relayoutWindow:1138 com.android.server.wm.Session.relayout:27 android.view.IWindowSession$Stub.onTransact:829 com.android.server.wm.Session.onTransact:1 android.os.Binder.execTransactInternal:1457 android.os.Binder.execTransact:1401 
04-07 15:37:02.435 W/DisplayPowerController[0]( 3111): Animating brightness: target=63(0.25), rate=0,235, reason=automatic[9] -> low_pwr[8] -> ab_limit[63]
04-07 15:37:03.443 W/FileUtils( 4705): Failed to chown(/data/log/locksettings/summary/VRequestor.log): android.system.ErrnoException: chown failed: EPERM (Operation not permitted)
04-07 15:37:03.575 W/BMFC    ( 3111): fc_auth_result: cancel
04-07 15:37:03.575 W/DisplayPowerController[0]( 3111): Animating brightness: target=8(0.03), rate=0,706, reason=automatic[9] -> low_pwr[8]
04-07 15:37:03.575 W/SemFace ( 3111): daemonCancel START
04-07 15:37:03.576 W/SemFace ( 3111): daemonCancel FINISH (0ms) RESULT: 
04-07 15:37:03.579 W/keymint_tee( 1214): [WRN]begin req PARAMS: A32, BM32, PD1, 
04-07 15:37:03.580 W/BMFC    ( 3111): fc_error: 5, 0, internal
04-07 15:37:03.582 W/SemFace ( 3111): daemonCancel START
04-07 15:37:03.582 W/SemFace ( 3111): daemonCancel FINISH (0ms) RESULT: 
04-07 15:37:03.625 W/BiometricDeferredQueue( 3111): mFaceGenerateChallengeCallback not null, previous operation may be stuck
04-07 15:37:03.804 W/BLASTSyncEngine( 3111): setSyncMethod, id=62115, method=0, caller=com.android.server.wm.TransitionController.moveToCollecting:91 com.android.server.wm.TransitionController.createTransition:46 com.android.server.wm.TransitionController.requestTransitionIfNeeded:48 
04-07 15:37:03.849 W/SemFace ( 3111): sehCloseTaSession FINISH (0ms) RESULT: 0
04-07 15:37:03.873 W/ContextImpl( 3111): Calling a method in the system process without a qualified user: android.app.ContextImpl.sendBroadcast:1335 vendor.samsung.frameworks.codecsolution.Logging.insertDiagmonLog:14 vendor.samsung.frameworks.codecsolution.Logging.insertLog:6 vendor.samsung.frameworks.codecsolution.Logging.insertLog:1 vendor.samsung.frameworks.codecsolution.SehCodecSolutionService$1.handleMessage:24 
04-07 15:37:03.874 W/ContextImpl( 7412): Calling a method in the system process without a qualified user: android.app.ContextImpl.startService:2068 android.content.ContextWrapper.startService:872 android.content.ContextWrapper.startService:872 com.sec.android.diagmonagent.sa.receiver.CFLogReceiver.onReceive:56 android.app.ActivityThread.handleReceiver:5663 
04-07 15:37:03.875 E/WindowManager( 3111): win=Window{20399a2 u0 Bouncer} destroySurfaces: appStopped=true cleanupOnResume=false win.mWindowRemovalAllowed=false win.mRemoveOnExit=false win.mViewVisibility=4 caller=com.android.server.wm.WindowManagerService.tryStartExitingAnimation:134 com.android.server.wm.WindowManagerService.relayoutWindow:1138 com.android.server.wm.Session.relayout:27 android.view.IWindowSession$Stub.onTransact:829 com.android.server.wm.Session.onTransact:1 android.os.Binder.execTransactInternal:1462 android.os.Binder.execTransact:1401 
04-07 15:37:03.910 W/CocktailBarStatePolicyController( 3111): updateWindowType: current window type is requested window type(1)
04-07 15:37:04.097 E/WindowManager( 3111): win=Window{566ced7 u0 NotificationShade} destroySurfaces: appStopped=true cleanupOnResume=false win.mWindowRemovalAllowed=false win.mRemoveOnExit=false win.mViewVisibility=4 caller=com.android.server.wm.WindowManagerService.tryStartExitingAnimation:134 com.android.server.wm.WindowManagerService.relayoutWindow:1138 com.android.server.wm.Session.relayout:27 android.view.IWindowSession$Stub.onTransact:829 com.android.server.wm.Session.onTransact:1 android.os.Binder.execTransactInternal:1462 android.os.Binder.execTransact:1401 
04-07 15:37:04.823 W/ContextImpl( 3111): Calling a method in the system process without a qualified user: android.app.ContextImpl.startActivity:1189 com.android.server.am.ActivityManagerService.doActiveLaunch:101 android.app.IActivityManager$Stub.onTransact:5096 com.android.server.am.ActivityManagerService.onTransact:425 android.os.Binder.execTransactInternal:1462 
04-07 15:37:04.853 W/ContextImpl( 3111): Calling a method in the system process without a qualified user: android.app.ContextImpl.bindService:2167 android.content.ContextWrapper.bindService:908 com.samsung.android.mcf.McfContext.bindService:173 com.samsung.android.mcf.McfAdapter.bindService:147 com.samsung.android.mcf.McfAdapter.bindService:106 
04-07 15:37:04.899 W/OptProp ( 3111): Cannot read opt property android.window.PROPERTY_COMPAT_ALLOW_RESIZEABLE_ACTIVITY_OVERRIDES
04-07 15:37:04.899 W/OptProp ( 3111): Cannot read opt property android.window.PROPERTY_COMPAT_ALLOW_MIN_ASPECT_RATIO_OVERRIDE
04-07 15:37:04.899 W/BLASTSyncEngine( 3111): setSyncMethod, id=62116, method=0, caller=com.android.server.wm.TransitionController.moveToCollecting:91 com.android.server.wm.TransitionController.createAndStartCollecting:109 com.android.server.wm.ActivityStarter.executeRequest:3515 
04-07 15:37:04.917 W/AutofillManagerServiceImpl( 3111): logViewEntered(): not logging event because history is null
04-07 15:37:04.917 W/PresentationStatsEventLogger( 3111): Shouldn't be logging AutofillPresentationEventReported again for same event
04-07 15:37:04.961 W/ContextImpl( 7412): Calling a method in the system process without a qualified user: android.app.ContextImpl.startService:2068 android.content.ContextWrapper.startService:872 android.content.ContextWrapper.startService:872 com.sec.android.diagmonagent.sa.receiver.CFLogReceiver.onReceive:56 android.app.ActivityThread.handleReceiver:5663 
04-07 15:37:04.971 W/ProcessStats( 3111): Tracking association SourceState{f90b2aa com.samsung.android.samsungpass/10134 ImpFg #4544871} whose proc state 5 is better than process ProcessState{5cdd70e com.samsung.android.authfw/5278 pkg=com.samsung.android.authfw} proc state 15 (0 skipped)
04-07 15:37:05.194 E/WindowManager( 3111): win=Window{e6320bb u0 SnapshotStartingWindow for taskId=2834 EXITING} destroySurfaces: appStopped=false cleanupOnResume=false win.mWindowRemovalAllowed=true win.mRemoveOnExit=true win.mViewVisibility=0 caller=com.android.server.wm.WindowState.onExitAnimationDone:224 com.android.server.wm.WindowState.onAnimationFinished:161 com.android.server.wm.WindowContainer$$ExternalSyntheticLambda8.onAnimationFinished:3 com.android.server.wm.SurfaceAnimator$$ExternalSyntheticLambda0.onAnimationFinished:69 com.android.server.wm.LocalAnimationAdapter$$ExternalSyntheticLambda0.run:10 android.os.Handler.handleCallback:995 android.os.Handler.dispatchMessage:103 
04-07 15:37:05.604 W/PresentationStatsEventLogger( 3111): Shouldn't be logging AutofillPresentationEventReported again for same event
04-07 15:37:05.617 E/WindowManager( 3111): win=Window{6777b08 u0 Acetone} destroySurfaces: appStopped=true cleanupOnResume=false win.mWindowRemovalAllowed=false win.mRemoveOnExit=false win.mViewVisibility=8 caller=com.android.server.wm.ActivityRecord.destroySurfaces:25 com.android.server.wm.ActivityRecord.activityStopped:192 com.android.server.wm.ActivityClientController.activityStopped:97 android.app.IActivityClientController$Stub.onTransact:740 com.android.server.wm.ActivityClientController.onTransact:1 android.os.Binder.execTransactInternal:1462 android.os.Binder.execTransact:1401 
04-07 15:37:05.617 E/WindowManager( 3111): win=Window{f40910d u0 com.sec.android.app.launcher/com.sec.android.app.launcher.activities.LauncherActivity} destroySurfaces: appStopped=true cleanupOnResume=false win.mWindowRemovalAllowed=false win.mRemoveOnExit=false win.mViewVisibility=8 caller=com.android.server.wm.ActivityRecord.destroySurfaces:25 com.android.server.wm.ActivityRecord.activityStopped:192 com.android.server.wm.ActivityClientController.activityStopped:97 android.app.IActivityClientController$Stub.onTransact:740 com.android.server.wm.ActivityClientController.onTransact:1 android.os.Binder.execTransactInternal:1462 android.os.Binder.execTransact:1401 
--------- beginning of main
04-07 15:37:06.112 E/ACDB    ( 2212): vendor/qcom/proprietary/args/acdb/src/acdb_command.c:AcdbCmdGetProcSubgraphCalDataPersist:8255 Error[19]: No calibration found
04-07 15:37:06.112 E/ACDB    ( 2212): vendor/qcom/proprietary/args/acdb/src/acdb_command.c:AcdbCmdGetProcSubgraphCalDataPersist:8255 Error[19]: No calibration found
04-07 15:37:06.112 E/ACDB    ( 2212): vendor/qcom/proprietary/args/acdb/src/acdb_command.c:AcdbCmdGetProcSubgraphCalDataPersist:8255 Error[19]: No calibration found
04-07 15:37:06.112 E/ACDB    ( 2212): vendor/qcom/proprietary/args/acdb/src/acdb_command.c:AcdbCmdGetProcSubgraphCalDataPersist:8255 Error[19]: No calibration found
04-07 15:37:06.114 E/ACDB    ( 2212): vendor/qcom/proprietary/args/acdb/src/acdb_command.c:AcdbCmdGetProcSubgraphCalDataPersist:8255 Error[19]: No calibration found
04-07 15:37:06.114 E/ACDB    ( 2212): vendor/qcom/proprietary/args/acdb/src/acdb_command.c:AcdbCmdGetProcSubgraphCalDataPersist:8255 Error[19]: No calibration found
04-07 15:37:06.114 E/ACDB    ( 2212): vendor/qcom/proprietary/args/acdb/src/acdb_command.c:AcdbCmdGetProcSubgraphCalDataPersist:8255 Error[19]: No calibration found
04-07 15:37:06.114 E/ACDB    ( 2212): vendor/qcom/proprietary/args/acdb/src/acdb_command.c:AcdbCmdGetProcSubgraphCalDataPersist:8255 Error[19]: No calibration found
04-07 15:37:06.128 W/EffectOffloadContext( 2212): offload_param_dump()
04-07 15:37:06.128 W/EffectOffloadContext( 2212): offload_param_dump()
04-07 15:37:06.128 W/EffectOffloadContext( 2212): offload_param_dump()
04-07 15:37:06.128 W/EffectOffloadContext( 2212): offload_param_dump()
04-07 15:37:06.128 W/EffectOffloadContext( 2212): offload_param_dump()
04-07 15:37:06.192 W/Notification4Watch7_NB(29411): NotificationBridgeCallback.onNotificationPosted-Ignored package : [0] com.whatsapp
04-07 15:37:06.192 W/Notification4Watch7_NB(29411): NotificationBridgeCallback.onNotificationPosted-Ignored package : [0] com.whatsapp
04-07 15:37:06.193 W/Notification4Watch7_NB(29411): NotificationBridgeCallback.onNotificationPosted-Ignored package : [0] com.whatsapp
04-07 15:37:06.193 W/Notification4Watch7_NB(29411): NotificationBridgeCallback.onNotificationPosted-Ignored package : [0] com.whatsapp
04-07 15:37:06.202 W/RefactorFlag( 4705): New code path expects SceneContainerFlag to be enabled.
04-07 15:37:06.206 W/Paint   ( 4705): The elegant text height cannot be turned off.
04-07 15:37:06.211 E/perf_hint( 4705): Session ID too large, must fit 32-bit integer
04-07 15:37:06.234 W/NotifRow( 4705): cancelAppearDrawing childKey: 0|com.whatsapp|14|null|10366 wasDrawing:false
04-07 15:37:06.235 W/NotifRow( 4705): cancelAppearDrawing childKey: 0|com.whatsapp|21|null|10366 wasDrawing:false
04-07 15:37:06.240 W/RefactorFlag( 4705): New code path expects SceneContainerFlag to be enabled.
04-07 15:37:06.251 E/BatteryDump( 2294): !@new_battery_dump : 3802,-1286,475,550,33,303,300,327,303,0,315,327,0,Charging,NO_CHARGING,Normal,Good,USB,1,Normal,0,0,9222,0x0,0x10000,0x0,0,0,533,v0002,0000,0000,00000000,0,0,0,0,69,3798,3307,990,0,
04-07 15:37:06.401 W/RefactorFlag( 4705): New code path expects SceneContainerFlag to be enabled.
04-07 15:37:06.406 W/Notification4Watch7_NB(29411): NotificationBridgeCallback.onNotificationPosted-Ignored package : [0] com.whatsapp
04-07 15:37:06.406 W/Notification4Watch7_NB(29411): NotificationBridgeCallback.onNotificationPosted-Ignored package : [0] com.whatsapp
04-07 15:37:06.418 W/Paint   ( 4705): The elegant text height cannot be turned off.
04-07 15:37:06.435 W/RefactorFlag( 4705): New code path expects SceneContainerFlag to be enabled.
04-07 15:37:06.452 W/RefactorFlag( 4705): New code path expects SceneContainerFlag to be enabled.
04-07 15:37:06.467 W/RefactorFlag( 4705): New code path expects SceneContainerFlag to be enabled.
04-07 15:37:06.477 E/HeatmapThread( 2334): ECT Thread time in milliseconds: 1775587026
04-07 15:37:06.478 E/HeatmapThread( 2334): !@ CAM New BSOH: 100
04-07 15:37:06.509 W/EffectOffloadContext( 2212): offload_param_dump()
04-07 15:37:06.533 W/IPCThreadState( 2647): Sending oneway calls to frozen process.
04-07 15:37:06.576 E/ConversionHelperAidl( 2324): Function: parseAndSetVendorParameters Line: 94 Failed 
04-07 15:37:06.576 E/ConversionHelperAidl( 2324): Function: parseAndSetVendorParameters Line: 94 Failed 
04-07 15:37:06.594 E/WifiStaIfaceAidlImpl( 3111): getCachedScanData failed with service-specific exception: android.os.ServiceSpecificException:  (code 4)
04-07 15:37:06.596 E/ConversionHelperAidl( 2324): Function: parseAndSetVendorParameters Line: 94 Failed 
04-07 15:37:06.596 E/ConversionHelperAidl( 2324): Function: parseAndSetVendorParameters Line: 94 Failed 
04-07 15:37:06.635 W/RefactorFlag( 4705): New code path expects SceneContainerFlag to be enabled.
04-07 15:37:06.667 W/RefactorFlag( 4705): New code path expects SceneContainerFlag to be enabled.
04-07 15:37:06.693 W/RefactorFlag( 4705): New code path expects SceneContainerFlag to be enabled.
04-07 15:37:07.094 W/KeyguardTouchAnimator( 4705): NPVC touch is canceled on not KEYGUARD STATE = 0
04-07 15:37:07.116 W/KeyguardTouchAnimator( 4705): NPVC touch is canceled on not KEYGUARD STATE = 0
04-07 15:37:07.128 W/IPCThreadState( 2647): Sending oneway calls to frozen process.
04-07 15:37:07.144 W/PhoneWindowManager( 3111): lockNow pending, ignore updating lockscreen timeout
04-07 15:37:07.151 W/View    ( 4705): requestLayout() improperly called by com.android.systemui.qs.SecQSGradationDrawableView{47bcccf V.E...... ......ID 0,0-1080,332 #7f0a0a16 app:id/qs_gradation_view} during layout: running second layout pass
04-07 15:37:07.151 W/View    ( 4705): requestLayout() improperly called by android.widget.FrameLayout{837765c V.E...... ......I. 0,0-1080,2340 #2} during layout: running second layout pass
04-07 15:37:07.151 W/View    ( 4705): requestLayout() improperly called by android.widget.FrameLayout{cd59d65 V.E...... ......ID 0,153-1080,2205 #7f0a0a14 app:id/qs_frame} during layout: running second layout pass
04-07 15:37:07.152 W/RefactorFlag( 4705): New code path expects SceneContainerFlag to be enabled.
04-07 15:37:07.152 W/PhoneWindowManager( 3111): lockNow pending, ignore updating lockscreen timeout
04-07 15:37:07.152 W/RefactorFlag( 4705): New code path expects SceneContainerFlag to be enabled.
04-07 15:37:07.172 W/PhoneWindowManager( 3111): lockNow pending, ignore updating lockscreen timeout
04-07 15:37:07.173 W/KeyguardTouchAnimator( 4705): NPVC touch is canceled on not KEYGUARD STATE = 0
04-07 15:37:07.175 E/NativeCustomFrequencyManager( 2352): [NativeCFMS] BpCustomFrequencyManager::acquire()
04-07 15:37:07.177 W/PhoneWindowManager( 3111): lockNow pending, ignore updating lockscreen timeout
04-07 15:37:07.177 W/RefactorFlag( 4705): New code path expects SceneContainerFlag to be enabled.
04-07 15:37:07.177 W/RefactorFlag( 4705): New code path expects SceneContainerFlag to be enabled.
04-07 15:37:07.185 W/KeyguardTouchAnimator( 4705): NPVC touch is canceled on not KEYGUARD STATE = 0
04-07 15:37:07.187 W/DeviceStorageMonitorService( 3111): updateBroadcasts(/data) oldLevel:0, newLevel:0, seq:1
04-07 15:37:07.187 W/DeviceStorageMonitorService( 3111): updateBroadcasts_filenode(/data) fn_oldLevel:0, fn_newLevel:0, seq:1
04-07 15:37:07.188 W/RefactorFlag( 4705): New code path expects SceneContainerFlag to be enabled.
04-07 15:37:07.188 W/RefactorFlag( 4705): New code path expects SceneContainerFlag to be enabled.
04-07 15:37:07.191 W/CocktailBarStatePolicyController( 3111): updateWindowType: current window type is requested window type(1)
04-07 15:37:07.193 E/PERFHAL-REQUEST( 2238): PERFHAL-REQUEST: Process() 384: Translate to physical failed
04-07 15:37:07.199 W/KeyguardTouchAnimator( 4705): NPVC touch is canceled on not KEYGUARD STATE = 0
04-07 15:37:07.200 E/WindowManager( 3111): win=Window{58b8933 u0 com.sec.android.app.launcher/com.samsung.app.honeyspace.edge.edgepanel.app.CocktailBarService} destroySurfaces: appStopped=true cleanupOnResume=false win.mWindowRemovalAllowed=false win.mRemoveOnExit=false win.mViewVisibility=8 caller=com.android.server.wm.WindowManagerService.tryStartExitingAnimation:134 com.android.server.wm.WindowManagerService.relayoutWindow:1138 com.android.server.wm.Session.relayout:27 android.view.IWindowSession$Stub.onTransact:829 com.android.server.wm.Session.onTransact:1 android.os.Binder.execTransactInternal:1457 android.os.Binder.execTransact:1401 
04-07 15:37:07.200 W/PhoneWindowManager( 3111): lockNow pending, ignore updating lockscreen timeout
04-07 15:37:07.201 W/RefactorFlag( 4705): New code path expects SceneContainerFlag to be enabled.
04-07 15:37:07.202 W/PhoneWindowManager( 3111): lockNow pending, ignore updating lockscreen timeout
04-07 15:37:07.202 W/RefactorFlag( 4705): New code path expects SceneContainerFlag to be enabled.
04-07 15:37:07.208 W/PhoneWindowManager( 3111): lockNow pending, ignore updating lockscreen timeout
04-07 15:37:07.216 W/KeyguardTouchAnimator( 4705): NPVC touch is canceled on not KEYGUARD STATE = 0
04-07 15:37:07.218 W/RefactorFlag( 4705): New code path expects SceneContainerFlag to be enabled.
04-07 15:37:07.218 W/RefactorFlag( 4705): New code path expects SceneContainerFlag to be enabled.
04-07 15:37:07.232 W/Notification4Watch7_NB(29411): NotificationBridgeCallback.onNotificationPosted-Ignored package : [0] com.whatsapp
04-07 15:37:07.232 W/Notification4Watch7_NB(29411): NotificationBridgeCallback.onNotificationPosted-Ignored package : [0] com.whatsapp
04-07 15:37:07.235 W/KeyguardTouchAnimator( 4705): NPVC touch is canceled on not KEYGUARD STATE = 0
04-07 15:37:07.237 W/KeyguardTouchAnimator( 4705): NPVC touch is canceled on not KEYGUARD STATE = 0
04-07 15:37:07.242 W/RefactorFlag( 4705): New code path expects SceneContainerFlag to be enabled.
04-07 15:37:07.242 W/RefactorFlag( 4705): New code path expects SceneContainerFlag to be enabled.
04-07 15:37:07.250 W/RefactorFlag( 4705): New code path expects SceneContainerFlag to be enabled.
04-07 15:37:07.250 W/RefactorFlag( 4705): New code path expects SceneContainerFlag to be enabled.
04-07 15:37:07.267 W/RefactorFlag( 4705): New code path expects SceneContainerFlag to be enabled.
04-07 15:37:07.267 W/RefactorFlag( 4705): New code path expects SceneContainerFlag to be enabled.
04-07 15:37:07.285 W/RefactorFlag( 4705): New code path expects SceneContainerFlag to be enabled.
04-07 15:37:07.285 W/RefactorFlag( 4705): New code path expects SceneContainerFlag to be enabled.
04-07 15:37:07.318 W/RefactorFlag( 4705): New code path expects SceneContainerFlag to be enabled.
04-07 15:37:07.319 W/RefactorFlag( 4705): New code path expects SceneContainerFlag to be enabled.
04-07 15:37:07.332 W/RefactorFlag( 4705): New code path expects SceneContainerFlag to be enabled.
04-07 15:37:07.332 W/RefactorFlag( 4705): New code path expects SceneContainerFlag to be enabled.
04-07 15:37:07.349 W/RefactorFlag( 4705): New code path expects SceneContainerFlag to be enabled.
04-07 15:37:07.349 W/RefactorFlag( 4705): New code path expects SceneContainerFlag to be enabled.
04-07 15:37:07.366 W/RefactorFlag( 4705): New code path expects SceneContainerFlag to be enabled.
04-07 15:37:07.366 W/QC2Interface( 2251): [hvcD_820] Failed to query parameters
