04-07 15:37:27.294 W/QC2Comp ( 2251): [vp9D_821] Skipping empty output buffer
04-07 15:37:27.477 E/HeatmapThread( 2334): ECT Thread time in milliseconds: 1775587047
04-07 15:37:27.478 E/HeatmapThread( 2334): !@ CAM New BSOH: 100
04-07 15:37:27.525 W/HeroManager(23132): mediaPreload.prefetchInternal : source: Type: DASH_VOD
04-07 15:37:27.525 W/HeroManager(23132): 	Id: 3780964273200360657_4702758377_mccr40091ae1
04-07 15:37:27.525 W/HeroManager(23132): 	Uri: https://scontent-gru2-1.cdninstagram.com/o1/v/t2/f2/m86/AQNfoVmJC_ET_wIwNHWADNYoXBgQmSLXaNrn7sUcz2b274FH6FByFsn-EnLyzjce00ge88FHyhONPU9bTs2QqwIKJJRxkxtyUj77rg4.mp4?_nc_cat=109&_nc_sid=5e9851&_nc_ht=scontent-gru2-1.cdninstagram.com&_nc_ohc=SeSHVLygXrQQ7kNvwEolDL1&efg=eyJ2ZW5jb2RlX3RhZyI6Inhwdl9wcm9ncmVzc2l2ZS5JTlNUQUdSQU0uQUQuQzMuNzIwLmRhc2hfYmFzZWxpbmVfMV92MSIsInhwdl9hc3NldF9pZCI6MjEwNDIyMDgwMDQ5MjkwMSwiYXNzZXRfYWdlX2RheXMiOjEyNywidmlfdXNlY2FzZV9pZCI6MTAwOTksImR1cmF0aW9uX3MiOjQ3LCJ1cmxnZW5fc291cmNlIjoid3d3In0%3D&ccb=17-1&vs=46ef33912344dea7&_nc_vs=HBksFQIYUmlnX3hwdl9yZWVsc19wZXJtYW5lbnRfc3JfcHJvZC9CQzQwMTA1NTFBNDNBOUFBQ0IyQkY2M0I2NEUwQTk5N192aWRlb19kYXNoaW5pdC5tcDQVAALIARIAFQIYRmlnX3hwdl9yZWVsc19wZXJtYW5lbnRfc3JfcHJvZC8xNzI5ODgzNTQ3Njc5NjQzXzExMDYzNjExMDAzNTczNjk0Ni5tcDQVAgLIARIAKAAYABsCiAd1c2Vfb2lsATEScHJvZ3Jlc3NpdmVfcmVjaXBlATEVAAAmypW91eLxvAcVAigCQzMsF0BHt2yLQ5WBGBJkYXNoX2Jhc2VsaW5lXzFfdjERAHXwB2XmnQEA&_nc_gid=he54Y-S8ZpuwfbrZf6fKcQ&_nc_ss=7a3ba&_nc_zt=28&oh=00_Af3o-WMgVh_5vr7C5zfLXjWPpYp7xQHEDcAs_hcitw_bSg&oe=69D719C6
04-07 15:37:27.525 W/HeroManager(23132): 	Origin: feed_timeline
04-07 15:37:27.525 W/HeroManager(23132): 	PrefetchOrigin: UNKNOWN
04-07 15:37:27.525 W/HeroManager(23132): 	DashMPD: 16569
04-07 15:37:27.525 W/HeroManager(23132): 	Codec: av01.0.04M.08.0.111.01.01.01.0
04-07 15:37:27.525 W/HeroManager(23132): 	liveLatency: -1
04-07 15:37:27.525 W/HeroManager(23132): 	liveLatencyTolerance: -1
04-07 15:37:27.525 W/HeroManager(23132): 	isSpherical: false
04-07 15:37:27.525 W/HeroManager(23132): 	isSponsored: true
04-07 15:37:27.525 W/HeroManager(23132): 	isAdBreak: false
04-07 15:37:27.525 W/HeroManager(23132): 	isLiveTraceEnabled: false
04-07 15:37:27.525 W/HeroManager(23132): 	renderMode: AUDIO_VIDEO
04-07 15:37:27.525 W/HeroManager(23132): 	isBroadcast: false
04-07 15:37:27.525 W/HeroManager(23132): 	contentType: GENERAL
04-07 15:37:27.525 W/HeroManager(23132): 	isAudioDataListenerEnabled: false
04-07 15:37:27.525 W/HeroManager(23132): 	liveViewerCount: -1, type: DASH_VOD
04-07 15:37:27.525 W/HeroManager(23132): mediaPreload.prefetchInternal : source: Type: DASH_VOD
04-07 15:37:27.525 W/HeroManager(23132): 	Id: 3870161406728881518_63138931103
04-07 15:37:27.525 W/HeroManager(23132): 	Uri: https://scontent-gru1-2.cdninstagram.com/o1/v/t2/f2/m86/AQPaxn7mESTVuuZQ__U9FTalb2o8WKnvSsyaLrR7yHhz-1tDa1HkF1cnvlc67muwtif8BrzTVngN0SYZ8Kku1_lUoK76de0xhTS1s18.mp4?_nc_cat=101&_nc_sid=5e9851&_nc_ht=scontent-gru1-2.cdninstagram.com&_nc_ohc=xDGCdkq3RkUQ7kNvwHZnbqN&efg=eyJ2ZW5jb2RlX3RhZyI6Inhwdl9wcm9ncmVzc2l2ZS5JTlNUQUdSQU0uQ0xJUFMuQzMuNzIwLmRhc2hfYmFzZWxpbmVfMV92MSIsInhwdl9hc3NldF9pZCI6MTc5MTkyMjM1NTQzMjQxMTEsImFzc2V0X2FnZV9kYXlzIjowLCJ2aV91c2VjYXNlX2lkIjoxMDA5OSwiZHVyYXRpb25fcyI6NTYsInVybGdlbl9zb3VyY2UiOiJ3d3cifQ%3D%3D&ccb=17-1&vs=d5caa4c807a2ed83&_nc_vs=HBksFQIYUmlnX3hwdl9yZWVsc19wZXJtYW5lbnRfc3JfcHJvZC80MDQzRjgwRUM2REU0MEMyNjkwMDI4RDBBQ0IyMjM4RF92aWRlb19kYXNoaW5pdC5tcDQVAALIARIAFQIYUWlnX3hwdl9wbGFjZW1lbnRfcGVybWFuZW50X3YyLzUwNDQxQzM1RkVFMzI0RjBDOEM5Q0ZCMkMxN0RGMTgwX2F1ZGlvX2Rhc2hpbml0Lm1wNBUCAsgBEgAoABgAGwKIB3VzZV9vaWwBMRJwcm9ncmVzc2l2ZV9yZWNpcGUBMRUAACae2tmpi9zUPxUCKAJDMywXQExmZmZmZmYYEmRhc2hfYmFzZWxpbmVfMV92MREAdf4HZeadAQA&_nc_gid=he54Y-S8ZpuwfbrZf6fKcQ&_nc_ss=7a3ba&_nc_zt=28&oh=00_Af0lKdomHlzW1NPakG_DflPG4z6yvNyH0U0M5SM3u9DQPw&oe=69D72C92
04-07 15:37:27.525 W/HeroManager(23132): 	Origin: feed_timeline
04-07 15:37:27.525 W/HeroManager(23132): 	PrefetchOrigin: UNKNOWN
04-07 15:37:27.525 W/HeroManager(23132): 	DashMPD: 23579
04-07 15:37:27.525 W/HeroManager(23132): 	Codec: av01.0.05M.08.0.110.01.01.01.0
04-07 15:37:27.525 W/HeroManager(23132): 	liveLatency: -1
04-07 15:37:27.525 W/HeroManager(23132): 	liveLatencyTolerance: -1
04-07 15:37:27.525 W/HeroManager(23132): 	isSpherical: false
04-07 15:37:27.525 W/HeroManager(23132): 	isSponsored: false
04-07 15:37:27.525 W/HeroManager(23132): 	isAdBreak: false
04-07 15:37:27.525 W/HeroManager(23132): 	isLiveTraceEnabled: false
04-07 15:37:27.525 W/HeroManager(23132): 	renderMode: AUDIO_VIDEO
04-07 15:37:27.525 W/HeroManager(23132): 	isBroadcast: false
04-07 15:37:27.525 W/HeroManager(23132): 	contentType: GENERAL
04-07 15:37:27.525 W/HeroManager(23132): 	isAudioDataListenerEnabled: false
04-07 15:37:27.525 W/HeroManager(23132): 	liveViewerCount: -1, type: DASH_VOD
04-07 15:37:27.527 W/HeroManager(23132): mediaPreload.prefetchInternal : source: Type: DASH_VOD
04-07 15:37:27.527 W/HeroManager(23132): 	Id: 3870087897801973538_57394881350
04-07 15:37:27.527 W/HeroManager(23132): 	Uri: https://scontent-gru2-1.cdninstagram.com/o1/v/t2/f2/m86/AQOCrIickniRn6S6Pm1wQbpMjTRVz-AD5Q6BZGE1lUn_DNYFBALRJ3V2snPHUadyXeP48fUihJyYygbzQ3athuU4Bk-zY3BulqYnBCQ.mp4?_nc_cat=107&_nc_sid=5e9851&_nc_ht=scontent-gru2-1.cdninstagram.com&_nc_ohc=mMlAEKiTPxMQ7kNvwH1bDIO&efg=eyJ2ZW5jb2RlX3RhZyI6Inhwdl9wcm9ncmVzc2l2ZS5JTlNUQUdSQU0uQ0xJUFMuQzMuNzIwLmRhc2hfYmFzZWxpbmVfMV92MSIsInhwdl9hc3NldF9pZCI6MTgwMDEyNzY3MTU5MTMzNTEsImFzc2V0X2FnZV9kYXlzIjowLCJ2aV91c2VjYXNlX2lkIjoxMDA5OSwiZHVyYXRpb25fcyI6MTksInVybGdlbl9zb3VyY2UiOiJ3d3cifQ%3D%3D&ccb=17-1&vs=2ae2661d0321214d&_nc_vs=HBksFQIYUmlnX3hwdl9yZWVsc19wZXJtYW5lbnRfc3JfcHJvZC83RTQ1NUMyNDE4Rjk3Q0ZDNzJCMzUwRjUwM0Y4RkI5Nl92aWRlb19kYXNoaW5pdC5tcDQVAALIARIAFQIYUWlnX3hwdl9wbGFjZW1lbnRfcGVybWFuZW50X3YyL0RBNDM1NDE0QTNGQUVCMjJCNzczRTcwNjM4NDI0NjlDX2F1ZGlvX2Rhc2hpbml0Lm1wNBUCAsgBEgAoABgAGwKIB3VzZV9vaWwBMRJwcm9ncmVzc2l2ZV9yZWNpcGUBMRUAACaOwr6Cm4T6PxUCKAJDMywXQDNEGJN0vGoYEmRhc2hfYmFzZWxpbmVfMV92MREAdf4HZeadAQA&_nc_gid=he54Y-S8ZpuwfbrZf6fKcQ&_nc_zt=28&_nc_ss=7a3ba&oh=00_Af3Bv5pTjoY1IoctopHyiSsqaqhtojO7bZCYLYlqLx5qZA&oe=69D71D14
04-07 15:37:27.527 W/HeroManager(23132): 	Origin: feed_timeline
04-07 15:37:27.527 W/HeroManager(23132): 	PrefetchOrigin: UNKNOWN
04-07 15:37:27.527 W/HeroManager(23132): 	DashMPD: 21686
04-07 15:37:27.527 W/HeroManager(23132): 	Codec: av01.0.04M.08.0.111.01.01.01.0
04-07 15:37:27.527 W/HeroManager(23132): 	liveLatency: -1
04-07 15:37:27.527 W/HeroManager(23132): 	liveLatencyTolerance: -1
04-07 15:37:27.527 W/HeroManager(23132): 	isSpherical: false
04-07 15:37:27.527 W/HeroManager(23132): 	isSponsored: false
04-07 15:37:27.527 W/HeroManager(23132): 	isAdBreak: false
04-07 15:37:27.527 W/HeroManager(23132): 	isLiveTraceEnabled: false
04-07 15:37:27.527 W/HeroManager(23132): 	renderMode: AUDIO_VIDEO
04-07 15:37:27.527 W/HeroManager(23132): 	isBroadcast: false
04-07 15:37:27.527 W/HeroManager(23132): 	contentType: GENERAL
04-07 15:37:27.527 W/HeroManager(23132): 	isAudioDataListenerEnabled: false
04-07 15:37:27.527 W/HeroManager(23132): 	liveViewerCount: -1, type: DASH_VOD
04-07 15:37:27.628 W/QC2Comp ( 2251): [vp9D_821] Skipping empty output buffer
04-07 15:37:27.643 W/PhoneWindowManager( 3111): lockNow pending, ignore updating lockscreen timeout
04-07 15:37:27.717 E/WifiStaIfaceAidlImpl( 3111): getCachedScanData failed with service-specific exception: android.os.ServiceSpecificException:  (code 4)
04-07 15:37:27.807 W/NonBlockingScreenshotDetectorImpl(23132): Resigning active session
04-07 15:37:27.807 W/NonBlockingScreenshotDetectorImpl(23132): Now handling 2 active screenshot sessions
04-07 15:37:27.807 W/NonBlockingScreenshotDetectorImpl(23132): Resigning active session
04-07 15:37:27.807 W/NonBlockingScreenshotDetectorImpl(23132): Now handling 1 active screenshot sessions
04-07 15:37:27.807 W/NonBlockingScreenshotDetectorImpl(23132): Resigning active session
04-07 15:37:27.807 W/NonBlockingScreenshotDetectorImpl(23132): Now handling 0 active screenshot sessions
04-07 15:37:27.827 W/soft_error.cpp(23132): [pando::graphql::PandoGraphQLRequestHybrid::assertValid] : Using a PandoGraphQLRequest after it has been consumed. Query name is FxGetIGDelaySkipInfoQuery
04-07 15:37:27.832 W/qdgralloc( 2235): GetSnapFormat: Explicit UBWC formats such as 2141391878 are no longer supported, please switch to using base / linear formats + UBWC usage bits
04-07 15:37:27.832 W/qdgralloc( 2235): GetSnapUsage: UBWC explicit formats have been deprecated, please use the base format + UBWC usage flag! 2141391878
04-07 15:37:27.850 W/QC2V4l2Decoder( 2251): [v4lvp9D_821] Stopping buffer allocation as codec stopped
04-07 15:37:27.850 W/QC2V4l2Decoder( 2251): [v4lvp9D_821] Stopping buffer allocation as codec stopped
04-07 15:37:27.850 E/GraphicsTracker(23132): Tried to deallocate non dequeued buffer
04-07 15:37:27.850 W/Codec2-GraphicBufferAllocator(23132): deallocate() 99351183514043 was not successful 2
04-07 15:37:27.850 W/C2IgbaBuffer( 2251): AHwb destruction notifying failure 1(0)
04-07 15:37:27.851 W/bluetooth(11603): system/gd/hci/le_scanning_manager.cc:716 scan: address_manager_registered_
04-07 15:37:27.851 W/bluetooth(11603): system/gd/hci/le_scanning_manager.cc:768 stop_scan: stop_scan
04-07 15:37:27.851 W/bt_shim_scanner(11603): system/main/shim/le_scanning_manager.cc:365 SetScanParameters: Set scan params scan_int_1m : 585, scan_win_1m : 30, Duty : 5.13% | scan_int_coded : 0, scan_win_coded : 0, Duty : nan%
04-07 15:37:27.851 W/QC2V4l2Codec( 2251): [v4lvp9D_821] Queue outputs not allowed after stop
04-07 15:37:27.856 W/bluetooth(11603): system/gd/hci/le_scanning_manager.cc:732 start_scan: start_scan
04-07 15:37:27.856 W/bluetooth(11603): system/gd/hci/le_scanning_manager.cc:735 start_scan: Register address manager
04-07 15:37:27.858 E/QC2PerfCtrlUtil( 2251): Release hint has returned unexpected handle 3126707
04-07 15:37:27.860 W/QC2Comp ( 2251): [vp9D_821] Handling stop: Codec is already gone!
04-07 15:37:27.861 E/Surface (23132): freeAllBuffers: 1 buffers were freed while being dequeued!
04-07 15:37:27.862 W/DefaultTrackSelector(23132): Audio channel count constraints cannot be applied without reference to Context. Build the track selector instance with one of the non-deprecated constructors that take a Context argument.
04-07 15:37:27.864 W/DefaultTrackSelector(23132): Audio channel count constraints cannot be applied without reference to Context. Build the track selector instance with one of the non-deprecated constructors that take a Context argument.
04-07 15:37:27.864 W/MediaCodecSelectorHelper(23132): Unexpected mime type audio/mp4a-latm
04-07 15:37:27.864 W/MediaCodecSelectorHelper(23132): Unexpected mime type audio/mp4a-latm
04-07 15:37:27.864 W/MediaCodecSelectorHelper(23132): Unexpected mime type audio/mp4a-latm
04-07 15:37:27.864 W/MediaCodecSelectorHelper(23132): Unexpected mime type audio/mp4a-latm
04-07 15:37:27.864 W/MediaCodecSelectorHelper(23132): Unexpected mime type audio/mp4a-latm
04-07 15:37:27.864 W/MediaCodecSelectorHelper(23132): Unexpected mime type audio/mp4a-latm
04-07 15:37:27.864 W/MediaCodecSelectorHelper(23132): Unexpected mime type audio/mp4a-latm
04-07 15:37:27.864 W/MediaCodecSelectorHelper(23132): Unexpected mime type audio/mp4a-latm
04-07 15:37:27.866 W/NonBlockingScreenshotDetectorImpl(23132): Started new screenshot session
04-07 15:37:27.866 W/NonBlockingScreenshotDetectorImpl(23132): Setting active session
04-07 15:37:27.866 W/NonBlockingScreenshotDetectorImpl(23132): Now handling 1 active screenshot sessions
04-07 15:37:27.872 W/PhoneWindowManager( 3111): lockNow pending, ignore updating lockscreen timeout
04-07 15:37:27.880 W/QC2Interface( 2251): [av1D_822] Failed to query parameters
04-07 15:37:27.880 W/stagram.android(23132): AIBinder_linkToDeath is being called with a non-null cookie and no onUnlink callback set. This might not be intended. AIBinder_DeathRecipient_setOnUnlinked should be called first.
04-07 15:37:27.880 W/QC2Interface( 2251): [av1D_822] Failed to query parameters
04-07 15:37:27.883 W/SDM     ( 2236): DisplayBase::SetHWDetailedEnhancerConfig: SetDetailEnhancerConfig failed. err = 10
04-07 15:37:27.887 W/QC2Interface( 2251): [av1D_822] Failed to query parameters
04-07 15:37:27.887 W/QC2Interface( 2251): [av1D_822] Failed to query parameters
04-07 15:37:27.887 W/ColorUtils(23132): expected specified color aspects (0:0:0:0)
04-07 15:37:27.888 E/MediaCodec(23132): Media Quality Service not found.
04-07 15:37:27.889 W/QC2Interface( 2251): [av1D_822] Failed to query parameters
04-07 15:37:27.890 W/QC2Interface( 2251): [av1D_822] Failed to query parameters
04-07 15:37:27.890 W/QC2Interface( 2251): [av1D_822] Failed to query parameters
04-07 15:37:27.890 W/QC2Interface( 2251): [av1D_822] Failed to query parameters
04-07 15:37:27.890 E/stagram.android(23132): Failed to query component interface for required system resources: 6
04-07 15:37:27.891 W/ContextImpl( 3111): Calling a method in the system process without a qualified user: android.app.ContextImpl.sendBroadcast:1335 vendor.samsung.frameworks.codecsolution.Logging.insertDiagmonLog:14 vendor.samsung.frameworks.codecsolution.Logging.insertLog:6 vendor.samsung.frameworks.codecsolution.Logging.insertLog:1 vendor.samsung.frameworks.codecsolution.SehCodecSolutionService$1.handleMessage:24 
04-07 15:37:27.892 E/QC2Comp ( 2251): [av1D_822] configureIntf failed 95
04-07 15:37:27.893 E/QC2V4l2Codec( 2251): [v4lav1D_822]  ? is not a supported pixel format!
04-07 15:37:27.893 W/ContextImpl( 7412): Calling a method in the system process without a qualified user: android.app.ContextImpl.startService:2068 android.content.ContextWrapper.startService:872 android.content.ContextWrapper.startService:872 com.sec.android.diagmonagent.sa.receiver.CFLogReceiver.onReceive:56 android.app.ActivityThread.handleReceiver:5663 
04-07 15:37:27.895 W/QC2Interface( 2251): [av1D_822] Failed to query parameters
04-07 15:37:27.895 W/QC2Interface( 2251): [av1D_822] Failed to query parameters
04-07 15:37:27.895 W/QC2Interface( 2251): [av1D_822] Failed to query parameters
04-07 15:37:27.896 W/QC2Interface( 2251): [av1D_822] Failed to query parameters
04-07 15:37:27.896 W/QC2Interface( 2251): [av1D_822] Failed to query parameters
04-07 15:37:27.896 W/QC2Interface( 2251): [av1D_822] Few parameters failed to configure
04-07 15:37:27.897 W/QC2Interface( 2251): [av1D_822] Failed to query parameters
04-07 15:37:27.897 W/ResourceManagerServiceUtils( 2666): Ignoring request to add new resource entry with value <= 0
04-07 15:37:27.898 W/stagram.android(23132): AIBinder_linkToDeath is being called with a non-null cookie and no onUnlink callback set. This might not be intended. AIBinder_DeathRecipient_setOnUnlinked should be called first.
04-07 15:37:27.900 W/qdgralloc( 2235): GetSnapFormat: Explicit UBWC formats such as 2141391878 are no longer supported, please switch to using base / linear formats + UBWC usage bits
04-07 15:37:27.900 W/qdgralloc( 2235): GetSnapUsage: UBWC explicit formats have been deprecated, please use the base format + UBWC usage flag! 2141391878
04-07 15:37:27.901 W/qdgralloc( 2235): GetSnapFormat: Explicit UBWC formats such as 2141391878 are no longer supported, please switch to using base / linear formats + UBWC usage bits
04-07 15:37:27.901 W/qdgralloc( 2235): GetSnapUsage: UBWC explicit formats have been deprecated, please use the base format + UBWC usage flag! 2141391878
04-07 15:37:27.901 W/qdgralloc( 2235): GetSnapFormat: Explicit UBWC formats such as 2141391878 are no longer supported, please switch to using base / linear formats + UBWC usage bits
04-07 15:37:27.901 W/qdgralloc( 2235): GetSnapUsage: UBWC explicit formats have been deprecated, please use the base format + UBWC usage flag! 2141391878
04-07 15:37:27.901 W/qdgralloc( 2235): GetSnapFormat: Explicit UBWC formats such as 2141391878 are no longer supported, please switch to using base / linear formats + UBWC usage bits
04-07 15:37:27.901 W/qdgralloc( 2235): GetSnapUsage: UBWC explicit formats have been deprecated, please use the base format + UBWC usage flag! 2141391878
04-07 15:37:27.901 W/qdgralloc( 2235): GetSnapFormat: Explicit UBWC formats such as 2141391878 are no longer supported, please switch to using base / linear formats + UBWC usage bits
04-07 15:37:27.901 W/qdgralloc( 2235): GetSnapUsage: UBWC explicit formats have been deprecated, please use the base format + UBWC usage flag! 2141391878
04-07 15:37:27.902 W/qdgralloc( 2235): GetSnapFormat: Explicit UBWC formats such as 2141391878 are no longer supported, please switch to using base / linear formats + UBWC usage bits
04-07 15:37:27.902 W/qdgralloc( 2235): GetSnapUsage: UBWC explicit formats have been deprecated, please use the base format + UBWC usage flag! 2141391878
04-07 15:37:27.902 W/qdgralloc( 2235): GetSnapFormat: Explicit UBWC formats such as 2141391878 are no longer supported, please switch to using base / linear formats + UBWC usage bits
04-07 15:37:27.902 W/qdgralloc( 2235): GetSnapUsage: UBWC explicit formats have been deprecated, please use the base format + UBWC usage flag! 2141391878
04-07 15:37:27.902 W/qdgralloc( 2235): GetSnapFormat: Explicit UBWC formats such as 2141391878 are no longer supported, please switch to using base / linear formats + UBWC usage bits
04-07 15:37:27.902 W/qdgralloc( 2235): GetSnapUsage: UBWC explicit formats have been deprecated, please use the base format + UBWC usage flag! 2141391878
04-07 15:37:27.903 W/qdgralloc( 2235): GetSnapFormat: Explicit UBWC formats such as 2141391878 are no longer supported, please switch to using base / linear formats + UBWC usage bits
04-07 15:37:27.903 W/qdgralloc( 2235): GetSnapUsage: UBWC explicit formats have been deprecated, please use the base format + UBWC usage flag! 2141391878
04-07 15:37:27.903 W/qdgralloc( 2235): GetSnapFormat: Explicit UBWC formats such as 2141391878 are no longer supported, please switch to using base / linear formats + UBWC usage bits
04-07 15:37:27.903 W/qdgralloc( 2235): GetSnapUsage: UBWC explicit formats have been deprecated, please use the base format + UBWC usage flag! 2141391878
04-07 15:37:27.903 W/qdgralloc( 2235): GetSnapFormat: Explicit UBWC formats such as 2141391878 are no longer supported, please switch to using base / linear formats + UBWC usage bits
04-07 15:37:27.903 W/qdgralloc( 2235): GetSnapUsage: UBWC explicit formats have been deprecated, please use the base format + UBWC usage flag! 2141391878
04-07 15:37:27.904 W/qdgralloc( 2235): GetSnapFormat: Explicit UBWC formats such as 2141391878 are no longer supported, please switch to using base / linear formats + UBWC usage bits
04-07 15:37:27.904 W/qdgralloc( 2235): GetSnapUsage: UBWC explicit formats have been deprecated, please use the base format + UBWC usage flag! 2141391878
04-07 15:37:27.904 W/qdgralloc( 2235): GetSnapFormat: Explicit UBWC formats such as 2141391878 are no longer supported, please switch to using base / linear formats + UBWC usage bits
04-07 15:37:27.904 W/qdgralloc( 2235): GetSnapUsage: UBWC explicit formats have been deprecated, please use the base format + UBWC usage flag! 2141391878
04-07 15:37:27.904 W/qdgralloc( 2235): GetSnapFormat: Explicit UBWC formats such as 2141391878 are no longer supported, please switch to using base / linear formats + UBWC usage bits
04-07 15:37:27.904 W/qdgralloc( 2235): GetSnapUsage: UBWC explicit formats have been deprecated, please use the base format + UBWC usage flag! 2141391878
04-07 15:37:27.904 W/qdgralloc( 2235): GetSnapFormat: Explicit UBWC formats such as 2141391878 are no longer supported, please switch to using base / linear formats + UBWC usage bits
04-07 15:37:27.904 W/qdgralloc( 2235): GetSnapUsage: UBWC explicit formats have been deprecated, please use the base format + UBWC usage flag! 2141391878
04-07 15:37:27.905 W/qdgralloc( 2235): GetSnapFormat: Explicit UBWC formats such as 2141391878 are no longer supported, please switch to using base / linear formats + UBWC usage bits
04-07 15:37:27.905 W/qdgralloc( 2235): GetSnapUsage: UBWC explicit formats have been deprecated, please use the base format + UBWC usage flag! 2141391878
04-07 15:37:27.905 W/qdgralloc( 2235): GetSnapFormat: Explicit UBWC formats such as 2141391878 are no longer supported, please switch to using base / linear formats + UBWC usage bits
04-07 15:37:27.905 W/qdgralloc( 2235): GetSnapUsage: UBWC explicit formats have been deprecated, please use the base format + UBWC usage flag! 2141391878
04-07 15:37:27.905 W/qdgralloc( 2235): GetSnapFormat: Explicit UBWC formats such as 2141391878 are no longer supported, please switch to using base / linear formats + UBWC usage bits
04-07 15:37:27.906 W/qdgralloc( 2235): GetSnapUsage: UBWC explicit formats have been deprecated, please use the base format + UBWC usage flag! 2141391878
04-07 15:37:27.907 W/QC2Comp ( 2251): [av1D_822] Skipping empty output buffer
04-07 15:37:27.908 W/QC2Comp ( 2251): [av1D_822] Skipping empty output buffer
04-07 15:37:27.909 W/QC2Comp ( 2251): [av1D_822] Skipping empty output buffer
04-07 15:37:27.909 W/qdgralloc( 2235): GetSnapFormat: Explicit UBWC formats such as 2141391878 are no longer supported, please switch to using base / linear formats + UBWC usage bits
04-07 15:37:27.909 W/qdgralloc( 2235): GetSnapUsage: UBWC explicit formats have been deprecated, please use the base format + UBWC usage flag! 2141391878
04-07 15:37:27.909 W/QC2Comp ( 2251): [av1D_822] Skipping empty output buffer
04-07 15:37:27.910 W/QC2Comp ( 2251): [av1D_822] Skipping empty output buffer
04-07 15:37:27.911 W/qdgralloc( 2235): GetSnapFormat: Explicit UBWC formats such as 2141391878 are no longer supported, please switch to using base / linear formats + UBWC usage bits
04-07 15:37:27.911 W/qdgralloc( 2235): GetSnapUsage: UBWC explicit formats have been deprecated, please use the base format + UBWC usage flag! 2141391878
04-07 15:37:27.912 W/qdgralloc( 2235): GetSnapFormat: Explicit UBWC formats such as 2141391878 are no longer supported, please switch to using base / linear formats + UBWC usage bits
04-07 15:37:27.912 W/qdgralloc( 2235): GetSnapUsage: UBWC explicit formats have been deprecated, please use the base format + UBWC usage flag! 2141391878
04-07 15:37:27.913 W/qdgralloc( 2235): GetSnapFormat: Explicit UBWC formats such as 2141391878 are no longer supported, please switch to using base / linear formats + UBWC usage bits
04-07 15:37:27.913 W/qdgralloc( 2235): GetSnapUsage: UBWC explicit formats have been deprecated, please use the base format + UBWC usage flag! 2141391878
04-07 15:37:27.913 W/QC2Comp ( 2251): [av1D_822] Skipping empty output buffer
04-07 15:37:27.916 W/QC2Comp ( 2251): [av1D_822] Skipping empty output buffer
04-07 15:37:27.917 W/QC2Comp ( 2251): [av1D_822] Skipping empty output buffer
04-07 15:37:27.923 W/QC2Comp ( 2251): [av1D_822] Skipping empty output buffer
04-07 15:37:27.985 W/HeroManager(23132): mediaPreload.prefetchInternal : source: Type: DASH_VOD
04-07 15:37:27.985 W/HeroManager(23132): 	Id: 3860206671754799459_47858188528
04-07 15:37:27.985 W/HeroManager(23132): 	Uri: https://scontent-gru1-2.cdninstagram.com/o1/v/t2/f2/m86/AQMV7T3jf_aL9PnkVL1uDmFWL_JW117do4einLoeGwT39o1bRb0XybZU6M5BTiMtezIgt9cLypfXO086iH7K7skQ-aC5Y4DzGG3B98U.mp4?_nc_cat=108&_nc_sid=5e9851&_nc_ht=scontent-gru1-2.cdninstagram.com&_nc_ohc=-yA3K4kc4lcQ7kNvwEmtets&efg=eyJ2ZW5jb2RlX3RhZyI6Inhwdl9wcm9ncmVzc2l2ZS5JTlNUQUdSQU0uQ0xJUFMuQzMuNzIwLmRhc2hfYmFzZWxpbmVfMV92MSIsInhwdl9hc3NldF9pZCI6MTgwNDAyNTg3NjA1OTY1MjksImFzc2V0X2FnZV9kYXlzIjoxMywidmlfdXNlY2FzZV9pZCI6MTAwOTksImR1cmF0aW9uX3MiOjExLCJ1cmxnZW5fc291cmNlIjoid3d3In0%3D&ccb=17-1&vs=684e6ed6426c5c90&_nc_vs=HBksFQIYUmlnX3hwdl9yZWVsc19wZXJtYW5lbnRfc3JfcHJvZC9GQzRBM0UxRkZCRjFCMzJCMzA0MDQ3NkNFN0I0RjdCMV92aWRlb19kYXNoaW5pdC5tcDQVAALIARIAFQIYUWlnX3hwdl9wbGFjZW1lbnRfcGVybWFuZW50X3YyL0U5NDEyMTE1QkNBMUU3N0I1QjVCMjZBRTg0NjI2Q0ExX2F1ZGlvX2Rhc2hpbml0Lm1wNBUCAsgBEgAoABgAGwKIB3VzZV9vaWwBMRJwcm9ncmVzc2l2ZV9yZWNpcGUBMRUAACbi8KbxoeGLQBUCKAJDMywXQCe7ZFocrAgYEmRhc2hfYmFzZWxpbmVfMV92MREAdf4HZeadAQA&_nc_gid=Eg7JoFCjfBsgXAxz9xIAVA&_nc_zt=28&_nc_ss=7a3ba&oh=00_Af0-Mn487a8EjcOpIaJSGf-3GcZilAsRO6GmhmxwEF36BA&oe=69D7242D
04-07 15:37:27.985 W/HeroManager(23132): 	Origin: clips_viewer_clips_tab
04-07 15:37:27.985 W/HeroManager(23132): 	PrefetchOrigin: UNKNOWN
04-07 15:37:27.985 W/HeroManager(23132): 	DashMPD: 18174
04-07 15:37:27.985 W/HeroManager(23132): 	Codec: av01.0.04M.08.0.111.01.01.01.0
04-07 15:37:27.985 W/HeroManager(23132): 	liveLatency: -1
04-07 15:37:27.985 W/HeroManager(23132): 	liveLatencyTolerance: -1
04-07 15:37:27.985 W/HeroManager(23132): 	isSpherical: false
04-07 15:37:27.985 W/HeroManager(23132): 	isSponsored: false
04-07 15:37:27.985 W/HeroManager(23132): 	isAdBreak: false
04-07 15:37:27.985 W/HeroManager(23132): 	isLiveTraceEnabled: false
04-07 15:37:27.985 W/HeroManager(23132): 	renderMode: AUDIO_VIDEO
04-07 15:37:27.985 W/HeroManager(23132): 	isBroadcast: false
04-07 15:37:27.985 W/HeroManager(23132): 	contentType: GENERAL
04-07 15:37:27.985 W/HeroManager(23132): 	isAudioDataListenerEnabled: false
04-07 15:37:27.985 W/HeroManager(23132): 	liveViewerCount: -1, type: DASH_VOD
04-07 15:37:28.345 E/perf_hint( 8434): Session ID too large, must fit 32-bit integer
04-07 15:37:28.477 E/HeatmapThread( 2334): ECT Thread time in milliseconds: 1775587048
04-07 15:37:28.480 E/HeatmapThread( 2334): !@ CAM New BSOH: 100
04-07 15:37:28.484 W/HeroManager(23132): mediaPreload.prefetchInternal : source: Type: DASH_VOD
04-07 15:37:28.484 W/HeroManager(23132): 	Id: 3868782726387601948_37329860465
04-07 15:37:28.484 W/HeroManager(23132): 	Uri: https://scontent-gru2-1.cdninstagram.com/o1/v/t2/f2/m86/AQMpf22XqLCqnhIryrSAbjWYxU1_0dEmfuyAirwwgK7N68gTnHP4hY1sP9_mB8XXab8ECOjZRkXFzdRIsPYwNTT3CdOVRO9Q0mrS_70.mp4?_nc_cat=109&_nc_sid=5e9851&_nc_ht=scontent-gru2-1.cdninstagram.com&_nc_ohc=Aj7QQ16YIrQQ7kNvwGbhV6h&efg=eyJ2ZW5jb2RlX3RhZyI6Inhwdl9wcm9ncmVzc2l2ZS5JTlNUQUdSQU0uQ0xJUFMuQzMuNTc2LmRhc2hfYmFzZWxpbmVfMV92MSIsInhwdl9hc3NldF9pZCI6MTgwNzUyNjczOTUyNDQ0NjYsImFzc2V0X2FnZV9kYXlzIjoxLCJ2aV91c2VjYXNlX2lkIjoxMDA5OSwiZHVyYXRpb25fcyI6MTUsInVybGdlbl9zb3VyY2UiOiJ3d3cifQ%3D%3D&ccb=17-1&vs=b05a4cff35a98cd4&_nc_vs=HBksFQIYUmlnX3hwdl9yZWVsc19wZXJtYW5lbnRfc3JfcHJvZC83RjRFQjNEMzlBMERFQTJBODY2NEMzQkJCODYwMjU5NV92aWRlb19kYXNoaW5pdC5tcDQVAALIARIAFQIYUWlnX3hwdl9wbGFjZW1lbnRfcGVybWFuZW50X3YyL0JFNDAyRTk3NzJCMzAxODgwMUUwMjYxM0Q1NkE4N0E5X2F1ZGlvX2Rhc2hpbml0Lm1wNBUCAsgBEgAoABgAGwKIB3VzZV9vaWwBMRJwcm9ncmVzc2l2ZV9yZWNpcGUBMRUAACbkxoLFhNebQBUCKAJDMywXQC9mZmZmZmYYEmRhc2hfYmFzZWxpbmVfMV92MREAdf4HZeadAQA&_nc_gid=Eg7JoFCjfBsgXAxz9xIAVA&_nc_zt=28&_nc_ss=7a3ba&oh=00_Af3Rlo-33qKORt7t74O8KC6Sc6UsNl_vPve0gVvxYL2GNQ&oe=69D727AE
04-07 15:37:28.484 W/HeroManager(23132): 	Origin: ClipsDiscoverNetworkCache_prefetchVideos
04-07 15:37:28.484 W/HeroManager(23132): 	PrefetchOrigin: UNKNOWN
04-07 15:37:28.484 W/HeroManager(23132): 	DashMPD: 20207
04-07 15:37:28.484 W/HeroManager(23132): 	Codec: av01.0.05M.08.0.111.01.01.01.0
04-07 15:37:28.484 W/HeroManager(23132): 	liveLatency: -1
04-07 15:37:28.484 W/HeroManager(23132): 	liveLatencyTolerance: -1
04-07 15:37:28.484 W/HeroManager(23132): 	isSpherical: false
04-07 15:37:28.484 W/HeroManager(23132): 	isSponsored: false
04-07 15:37:28.484 W/HeroManager(23132): 	isAdBreak: false
04-07 15:37:28.484 W/HeroManager(23132): 	isLiveTraceEnabled: false
04-07 15:37:28.484 W/HeroManager(23132): 	renderMode: AUDIO_VIDEO
04-07 15:37:28.484 W/HeroManager(23132): 	isBroadcast: false
04-07 15:37:28.484 W/HeroManager(23132): 	contentType: GENERAL
04-07 15:37:28.484 W/HeroManager(23132): 	isAudioDataListenerEnabled: false
04-07 15:37:28.484 W/HeroManager(23132): 	liveViewerCount: -1, type: DASH_VOD
04-07 15:37:28.484 W/HeroManager(23132): mediaPreload.prefetchInternal : source: Type: DASH_VOD
04-07 15:37:28.484 W/HeroManager(23132): 	Id: 3867824191249141086_54632374129
04-07 15:37:28.484 W/HeroManager(23132): 	Uri: https://scontent-gru2-1.cdninstagram.com/o1/v/t2/f2/m86/AQMqFZ8tFrC6wO5GPSUNUn28C19_NejGDomnEgmaVtuab7rM-r0Y4PA2RzVkJQ7893TbPDkDK4-i9wRras7JlR3EXqy6fqcFLOkt3rI.mp4?_nc_cat=111&_nc_sid=5e9851&_nc_ht=scontent-gru2-1.cdninstagram.com&_nc_ohc=9j4LxXnwSOoQ7kNvwGM9hQs&efg=eyJ2ZW5jb2RlX3RhZyI6Inhwdl9wcm9ncmVzc2l2ZS5JTlNUQUdSQU0uQ0xJUFMuQzMuNzIwLmRhc2hfYmFzZWxpbmVfMV92MSIsInhwdl9hc3NldF9pZCI6MTgwMjAzNTc0NTY4MjIxMzAsImFzc2V0X2FnZV9kYXlzIjozLCJ2aV91c2VjYXNlX2lkIjoxMDA5OSwiZHVyYXRpb25fcyI6NjQsInVybGdlbl9zb3VyY2UiOiJ3d3cifQ%3D%3D&ccb=17-1&vs=192c3c7e4b81fbe&_nc_vs=HBksFQIYUmlnX3hwdl9yZWVsc19wZXJtYW5lbnRfc3JfcHJvZC9CMDREQzJBQzFFMjYxRUM5MDNCOENBMzdFNzZDNzlCOV92aWRlb19kYXNoaW5pdC5tcDQVAALIARIAFQIYUWlnX3hwdl9wbGFjZW1lbnRfcGVybWFuZW50X3YyL0VBNDgxMTAzNDA5MjEwNkIwQUZEMkJDOEE1NTMzQUE5X2F1ZGlvX2Rhc2hpbml0Lm1wNBUCAsgBEgAoABgAGwKIB3VzZV9vaWwBMRJwcm9ncmVzc2l2ZV9yZWNpcGUBMRUAACbk_YPP7dqCQBUCKAJDMywXQFAszMzMzM0YEmRhc2hfYmFzZWxpbmVfMV92MREAdf4HZeadAQA&_nc_gid=Eg7JoFCjfBsgXAxz9xIAVA&_nc_zt=28&_nc_ss=7a3ba&oh=00_Af11hVOd9MF9FXRmWILe5BPDdRfDwtbCZ9Fs8yS3V34AyQ&oe=69D71F20
04-07 15:37:28.484 W/HeroManager(23132): 	Origin: ClipsDiscoverNetworkCache_prefetchVideos
04-07 15:37:28.484 W/HeroManager(23132): 	PrefetchOrigin: UNKNOWN
04-07 15:37:28.484 W/HeroManager(23132): 	DashMPD: 16520
04-07 15:37:28.484 W/HeroManager(23132): 	Codec: av01.0.05M.08.0.111.01.01.01.0
04-07 15:37:28.484 W/HeroManager(23132): 	liveLatency: -1
04-07 15:37:28.484 W/HeroManager(23132): 	liveLatencyTolerance: -1
04-07 15:37:28.484 W/HeroManager(23132): 	isSpherical: false
04-07 15:37:28.484 W/HeroManager(23132): 	isSponsored: false
04-07 15:37:28.484 W/HeroManager(23132): 	isAdBreak: false
04-07 15:37:28.484 W/HeroManager(23132): 	isLiveTraceEnabled: false
04-07 15:37:28.484 W/HeroManager(23132): 	renderMode: AUDIO_VIDEO
04-07 15:37:28.484 W/HeroManager(23132): 	isBroadcast: false
04-07 15:37:28.484 W/HeroManager(23132): 	contentType: GENERAL
04-07 15:37:28.484 W/HeroManager(23132): 	isAudioDataListenerEnabled: false
04-07 15:37:28.484 W/HeroManager(23132): 	liveViewerCount: -1, type: DASH_VOD
04-07 15:37:28.484 W/HeroManager(23132): mediaPreload.prefetchInternal : source: Type: DASH_VOD
04-07 15:37:28.484 W/HeroManager(23132): 	Id: 3868804369063437298_46402910203
04-07 15:37:28.484 W/HeroManager(23132): 	Uri: https://scontent-gru2-2.cdninstagram.com/o1/v/t2/f2/m86/AQOnQtvknb3thOiZFwWeFrcxcw1csngVu_fapAF_7767iHhquiAeYbcJbBHEB_DA-J69uLsIFbQMQHF3wk1lOz6wCNVs1OqYAYR_clI.mp4?_nc_cat=102&_nc_sid=5e9851&_nc_ht=scontent-gru2-2.cdninstagram.com&_nc_ohc=RQwJY0Uby5IQ7kNvwHUdGj_&efg=eyJ2ZW5jb2RlX3RhZyI6Inhwdl9wcm9ncmVzc2l2ZS5JTlNUQUdSQU0uQ0xJUFMuQzMuNzIwLmRhc2hfYmFzZWxpbmVfMV92MSIsInhwdl9hc3NldF9pZCI6MTgwNDc3NzMyNTY1NTAyMDQsImFzc2V0X2FnZV9kYXlzIjoxLCJ2aV91c2VjYXNlX2lkIjoxMDA5OSwiZHVyYXRpb25fcyI6MjYsInVybGdlbl9zb3VyY2UiOiJ3d3cifQ%3D%3D&ccb=17-1&vs=597eeade2ed81d3f&_nc_vs=HBksFQIYUmlnX3hwdl9yZWVsc19wZXJtYW5lbnRfc3JfcHJvZC82RDRCQjBBNkE4N0U0NkMxRjU3NUU1RjUzRkQ2NDc4N192aWRlb19kYXNoaW5pdC5tcDQVAALIARIAFQIYUWlnX3hwdl9wbGFjZW1lbnRfcGVybWFuZW50X3YyLzdGNDBFMEM3NkYzM0ZCOTU3QkZGOTEyOTY2NjQwRDhCX2F1ZGlvX2Rhc2hpbml0Lm1wNBUCAsgBEgAoABgAGwKIB3VzZV9vaWwBMRJwcm9ncmVzc2l2ZV9yZWNpcGUBMRUAACb4nIyf1ZaPQBUCKAJDMywXQDqiDEm6XjUYEmRhc2hfYmFzZWxpbmVfMV92MREAdf4HZeadAQA&_nc_gid=Eg7JoFCjfBsgXAxz9xIAVA&_nc_ss=7a3ba&_nc_zt=28&oh=00_Af2HmqVwgMZmvWyTtFDQ9nnLQut1BSbAndA6r8ANd7_4YQ&oe=69D7192F
04-07 15:37:28.484 W/HeroManager(23132): 	Origin: ClipsDiscoverNetworkCache_prefetchVideos
04-07 15:37:28.484 W/HeroManager(23132): 	PrefetchOrigin: UNKNOWN
04-07 15:37:28.484 W/HeroManager(23132): 	DashMPD: 12965
04-07 15:37:28.484 W/HeroManager(23132): 	Codec: av01.0.05M.08.0.111.01.01.01.0
04-07 15:37:28.484 W/HeroManager(23132): 	liveLatency: -1
04-07 15:37:28.484 W/HeroManager(23132): 	liveLatencyTolerance: -1
04-07 15:37:28.484 W/HeroManager(23132): 	isSpherical: false
04-07 15:37:28.484 W/HeroManager(23132): 	isSponsored: false
04-07 15:37:28.484 W/HeroManager(23132): 	isAdBreak: false
04-07 15:37:28.484 W/HeroManager(23132): 	isLiveTraceEnabled: false
04-07 15:37:28.484 W/HeroManager(23132): 	renderMode: AUDIO_VIDEO
04-07 15:37:28.484 W/HeroManager(23132): 	isBroadcast: false
04-07 15:37:28.484 W/HeroManager(23132): 	contentType: GENERAL
04-07 15:37:28.484 W/HeroManager(23132): 	isAudioDataListenerEnabled: false
04-07 15:37:28.484 W/HeroManager(23132): 	liveViewerCount: -1, type: DASH_VOD
04-07 15:37:28.772 E/SecVibrator-HAL-AIDL-EXT( 2301): V_5_0: performPrebakedHapticPattern 14 : 4000 : 0
04-07 15:37:28.773 E/SecVibrator-HAL-AIDL-CORE( 2301): HW_API: [setForceFeedbackAmplitude]amplitude: 4000
04-07 15:37:28.790 E/SecVibrator-HAL-AIDL-CORE( 2301): HW_API: [uploadForceFeedbackeffect]ioctl success ,uploaded effect with ID: 0
04-07 15:37:28.790 E/SecVibrator-HAL-AIDL-CORE( 2301): HW_API: do_on for timeoutMs: 1000
04-07 15:37:28.790 E/SecVibrator-HAL-AIDL-CORE( 2301): HW_API: [triggerForceFeedbackVibration]on: 1
04-07 15:37:28.880 E/QC2PerfCtrlUtil( 2251): Release hint has returned unexpected handle 3126713
04-07 15:37:28.902 E/SecVibrator-HAL-AIDL-CORE( 2301): V_2_0: Vibrator off
04-07 15:37:28.902 E/SecVibrator-HAL-AIDL-CORE( 2301): HW_API: do_off
04-07 15:37:28.902 E/SecVibrator-HAL-AIDL-CORE( 2301): HW_API: [triggerForceFeedbackVibration]on: 0
04-07 15:37:28.904 W/PhoneWindowManager( 3111): lockNow pending, ignore updating lockscreen timeout
04-07 15:37:28.906 W/WindowOnBackDispatcher(23132): sendCancelIfRunning: isInProgress=false callback=X.01e@3f5d597
04-07 15:37:28.909 W/NonBlockingScreenshotDetectorImpl(23132): Resigning active session
04-07 15:37:28.909 W/NonBlockingScreenshotDetectorImpl(23132): Now handling 0 active screenshot sessions
04-07 15:37:28.915 W/DividerItem(23132): @android:attr/listDivider was not set in the theme used for this DividerItemDecoration. Please set that attribute all call setDrawable()
04-07 15:37:28.932 W/NonBlockingScreenshotDetectorImpl(23132): Started new screenshot session
04-07 15:37:28.932 W/NonBlockingScreenshotDetectorImpl(23132): Started new screenshot session
04-07 15:37:28.932 W/NonBlockingScreenshotDetectorImpl(23132): Started new screenshot session
04-07 15:37:28.932 W/NonBlockingScreenshotDetectorImpl(23132): Setting active session
04-07 15:37:28.932 W/NonBlockingScreenshotDetectorImpl(23132): Now handling 1 active screenshot sessions
04-07 15:37:28.932 W/NonBlockingScreenshotDetectorImpl(23132): Setting active session
04-07 15:37:28.932 W/NonBlockingScreenshotDetectorImpl(23132): Now handling 2 active screenshot sessions
04-07 15:37:28.932 W/NonBlockingScreenshotDetectorImpl(23132): Setting active session
04-07 15:37:28.932 W/NonBlockingScreenshotDetectorImpl(23132): Now handling 3 active screenshot sessions
04-07 15:37:28.936 W/PhoneWindowManager( 3111): lockNow pending, ignore updating lockscreen timeout
04-07 15:37:28.939 E/QC2PerfCtrlUtil( 2251): Release hint has returned unexpected handle 3126716
04-07 15:37:28.942 W/QC2Comp ( 2251): [av1D_822] Handling stop: Codec is already gone!
04-07 15:37:28.950 W/FloatingStoriesTrayHelper(23132): Stale floating container detected ΓÇö clearing state
04-07 15:37:28.959 W/HeroManager(23132): mediaPreload.prefetchInternal : source: Type: DASH_VOD
04-07 15:37:28.959 W/HeroManager(23132): 	Id: 3869699509085546579_2912055517
04-07 15:37:28.959 W/HeroManager(23132): 	Uri: https://scontent-gru2-2.cdninstagram.com/o1/v/t2/f2/m78/AQNra8TewIcezw_gd6JefvbHB9LUG42FfMtK2YipQZAhCvqAm6lSC89zaHyhCX7d9_DtpxiMygrjUyzRHfCuu4fsqruTlcZfaD-eAMs.mp4?_nc_cat=102&_nc_sid=5e9851&_nc_ht=scontent-gru2-2.cdninstagram.com&_nc_ohc=w3w2SsnmIIwQ7kNvwGpws4K&efg=eyJ2ZW5jb2RlX3RhZyI6Inhwdl9wcm9ncmVzc2l2ZS5JTlNUQUdSQU0uU1RPUlkuQzMuNzIwLmRhc2hfYmFzZWxpbmVfMV92MSIsInhwdl9hc3NldF9pZCI6MTgxMTA3MTg5MTM4MTE1NjgsImFzc2V0X2FnZV9kYXlzIjowLCJ2aV91c2VjYXNlX2lkIjoxMDEwMCwiZHVyYXRpb25fcyI6NjAsInVybGdlbl9zb3VyY2UiOiJ3d3cifQ%3D%3D&ccb=17-1&vs=a39fb3f703f0c8bc&_nc_vs=HBksFQIYUWlnX3hwdl9wbGFjZW1lbnRfcGVybWFuZW50X3YyLzQwNDJDQzA1Q0MzNTczOTVBMzI5NDZGQURGNENENDhCX3ZpZGVvX2Rhc2hpbml0Lm1wNBUAAsgBEgAVAhhRaWdfeHB2X3BsYWNlbWVudF9wZXJtYW5lbnRfdjIvQTk0M0IzMjkyQzQxMkU4QzgwNDE3NTA1RkNDM0IxQjhfYXVkaW9fZGFzaGluaXQubXA0FQICyAESACgAGAAbAogHdXNlX29pbAExEnByb2dyZXNzaXZlX3JlY2lwZQExFQAAJuDR4PfK5qtAFQIoAkMzLBdATgAAAAAAABgSZGFzaF9iYXNlbGluZV8xX3YxEQB16Adl6J0BAA&_nc_gid=6XInF2yOP5U3u3G3eBnw8Q&_nc_zt=28&_nc_ss=7a3ba&oh=00_Af0zAJibW1Ra-2gkpQxaHJf81-A3_pZF-VSmqhRnpOqb7g&oe=69D64627
04-07 15:37:28.959 W/HeroManager(23132): 	Origin: feed_timeline
04-07 15:37:28.959 W/HeroManager(23132): 	SubOrigin: ig_stories
04-07 15:37:28.959 W/HeroManager(23132): 	PrefetchOrigin: UNKNOWN
04-07 15:37:28.959 W/HeroManager(23132): 	DashMPD: 21496
04-07 15:37:28.959 W/HeroManager(23132): 	Codec: av01.0.05M.08.0.111.01.01.01.0
04-07 15:37:28.959 W/HeroManager(23132): 	liveLatency: -1
04-07 15:37:28.959 W/HeroManager(23132): 	liveLatencyTolerance: -1
04-07 15:37:28.959 W/HeroManager(23132): 	isSpherical: false
04-07 15:37:28.959 W/HeroManager(23132): 	isSponsored: false
04-07 15:37:28.959 W/HeroManager(23132): 	isAdBreak: false
04-07 15:37:28.959 W/HeroManager(23132): 	isLiveTraceEnabled: false
04-07 15:37:28.959 W/HeroManager(23132): 	renderMode: AUDIO_VIDEO
04-07 15:37:28.959 W/HeroManager(23132): 	isBroadcast: false
04-07 15:37:28.959 W/HeroManager(23132): 	contentType: GENERAL
04-07 15:37:28.959 W/HeroManager(23132): 	isAudioDataListenerEnabled: false
04-07 15:37:28.959 W/HeroManager(23132): 	liveViewerCount: -1, type: DASH_VOD
04-07 15:37:28.959 W/HeroManager(23132): mediaPreload.prefetchInternal : source: Type: DASH_VOD
04-07 15:37:28.959 W/HeroManager(23132): 	Id: 3870001403922378363_2912055517
04-07 15:37:28.959 W/HeroManager(23132): 	Uri: https://scontent-gru2-1.cdninstagram.com/o1/v/t2/f2/m78/AQPGumQoX1U3LDZixvlErnUPljs_eLWH9hT5fygIDrCWp5KSEk4ECK_fvYtAtuv-BzZpUEvJjfseI7C6HOMxjgOEYwT0KaRFspRXFHw.mp4?_nc_cat=110&_nc_sid=5e9851&_nc_ht=scontent-gru2-1.cdninstagram.com&_nc_ohc=7HCbeQJKfjkQ7kNvwHocfRe&efg=eyJ2ZW5jb2RlX3RhZyI6Inhwdl9wcm9ncmVzc2l2ZS5JTlNUQUdSQU0uU1RPUlkuQzMuNzIwLmRhc2hfYmFzZWxpbmVfMV92MSIsInhwdl9hc3NldF9pZCI6MTgxODU0MjkwMzUzNjU5MjAsImFzc2V0X2FnZV9kYXlzIjozMiwidmlfdXNlY2FzZV9pZCI6MTAxMDAsImR1cmF0aW9uX3MiOjYsInVybGdlbl9zb3VyY2UiOiJ3d3cifQ%3D%3D&ccb=17-1&vs=d7cf36bb77d5fdaf&_nc_vs=HBksFQIYUWlnX3hwdl9wbGFjZW1lbnRfcGVybWFuZW50X3YyL0I3NDIyODZGQkJFNjRDODJCN0YwODBFMjM4MTQ4MkE2X3ZpZGVvX2Rhc2hpbml0Lm1wNBUAAsgBEgAVAhhRaWdfeHB2X3BsYWNlbWVudF9wZXJtYW5lbnRfdjIvODE0QTRERTA5OTc0QjkwNDVFRjIyRkE4RkVENzMzQTNfYXVkaW9fZGFzaGluaXQubXA0FQICyAESACgAGAAbAogHdXNlX29pbAExEnByb2dyZXNzaXZlX3JlY2lwZQExFQAAJsDY7duk481AFQIoAkMzLBdAGiHKwIMSbxgSZGFzaF9iYXNlbGluZV8xX3YxEQB16Adl6J0BAA&_nc_gid=E0HUIjXNJhW9iUN37HIo7A&_nc_zt=28&_nc_ss=7a3ba&oh=00_Af06NNGcdQt7FA1ft3YDb83h1MW6fGwHxtq1HjcCtuClYA&oe=69D6ED83
04-07 15:37:28.959 W/HeroManager(23132): 	Origin: feed_timeline
04-07 15:37:28.959 W/HeroManager(23132): 	SubOrigin: ig_stories
04-07 15:37:28.959 W/HeroManager(23132): 	PrefetchOrigin: UNKNOWN
04-07 15:37:28.959 W/HeroManager(23132): 	DashMPD: 21335
04-07 15:37:28.959 W/HeroManager(23132): 	Codec: av01.0.01M.08.0.111.01.01.01.0
04-07 15:37:28.959 W/HeroManager(23132): 	liveLatency: -1
04-07 15:37:28.959 W/HeroManager(23132): 	liveLatencyTolerance: -1
04-07 15:37:28.959 W/HeroManager(23132): 	isSpherical: false
04-07 15:37:28.959 W/HeroManager(23132): 	isSponsored: false
04-07 15:37:28.959 W/HeroManager(23132): 	isAdBreak: false
04-07 15:37:28.959 W/HeroManager(23132): 	isLiveTraceEnabled: false
04-07 15:37:28.959 W/HeroManager(23132): 	renderMode: AUDIO_VIDEO
04-07 15:37:28.959 W/HeroManager(23132): 	isBroadcast: false
04-07 15:37:28.959 W/HeroManager(23132): 	contentType: GENERAL
04-07 15:37:28.959 W/HeroManager(23132): 	isAudioDataListenerEnabled: false
04-07 15:37:28.959 W/HeroManager(23132): 	liveViewerCount: -1, type: DASH_VOD
04-07 15:37:28.963 W/DefaultTrackSelector(23132): Audio channel count constraints cannot be applied without reference to Context. Build the track selector instance with one of the non-deprecated constructors that take a Context argument.
04-07 15:37:28.964 W/DefaultTrackSelector(23132): Audio channel count constraints cannot be applied without reference to Context. Build the track selector instance with one of the non-deprecated constructors that take a Context argument.
04-07 15:37:28.965 W/SDM     ( 2236): DisplayBase::SetHWDetailedEnhancerConfig: SetDetailEnhancerConfig failed. err = 10
04-07 15:37:28.977 W/QC2Interface( 2251): [vp9D_823] Failed to query parameters
04-07 15:37:28.977 W/stagram.android(23132): AIBinder_linkToDeath is being called with a non-null cookie and no onUnlink callback set. This might not be intended. AIBinder_DeathRecipient_setOnUnlinked should be called first.
04-07 15:37:28.977 W/QC2Interface( 2251): [vp9D_823] Failed to query parameters
04-07 15:37:28.980 W/QC2Interface( 2251): [vp9D_823] Failed to query parameters
04-07 15:37:28.981 W/QC2Interface( 2251): [vp9D_823] Failed to query parameters
04-07 15:37:28.981 W/ColorUtils(23132): expected specified color aspects (0:0:0:0)
04-07 15:37:28.982 E/MediaCodec(23132): Media Quality Service not found.
04-07 15:37:28.982 W/QC2Interface( 2251): [vp9D_823] Failed to query parameters
04-07 15:37:28.983 W/QC2Interface( 2251): [vp9D_823] Failed to query parameters
04-07 15:37:28.983 W/CCodec  (23132): This behavior is subject to change. It is recommended that app developers double check whether the requested max input size is in reasonable range.
04-07 15:37:28.983 W/QC2Interface( 2251): [vp9D_823] Failed to query parameters
04-07 15:37:28.983 W/QC2Interface( 2251): [vp9D_823] Failed to query parameters
04-07 15:37:28.983 E/stagram.android(23132): Failed to query component interface for required system resources: 6
04-07 15:37:28.984 W/ContextImpl( 3111): Calling a method in the system process without a qualified user: android.app.ContextImpl.sendBroadcast:1335 vendor.samsung.frameworks.codecsolution.Logging.insertDiagmonLog:14 vendor.samsung.frameworks.codecsolution.Logging.insertLog:6 vendor.samsung.frameworks.codecsolution.Logging.insertLog:1 vendor.samsung.frameworks.codecsolution.SehCodecSolutionService$1.handleMessage:24 
04-07 15:37:28.984 E/QC2Comp ( 2251): [vp9D_823] configureIntf failed 95
04-07 15:37:28.984 W/ContextImpl( 7412): Calling a method in the system process without a qualified user: android.app.ContextImpl.startService:2068 android.content.ContextWrapper.startService:872 android.content.ContextWrapper.startService:872 com.sec.android.diagmonagent.sa.receiver.CFLogReceiver.onReceive:56 android.app.ActivityThread.handleReceiver:5663 
04-07 15:37:28.984 E/QC2V4l2Codec( 2251): [v4lvp9D_823]  ? is not a supported pixel format!
04-07 15:37:28.986 W/QC2Interface( 2251): [vp9D_823] Failed to query parameters
04-07 15:37:28.987 W/QC2Interface( 2251): [vp9D_823] Failed to query parameters
04-07 15:37:28.987 W/QC2Interface( 2251): [vp9D_823] Failed to query parameters
04-07 15:37:28.987 W/QC2Interface( 2251): [vp9D_823] Failed to query parameters
04-07 15:37:28.987 W/QC2Interface( 2251): [vp9D_823] Failed to query parameters
04-07 15:37:28.988 W/QC2Interface( 2251): [vp9D_823] Few parameters failed to configure
04-07 15:37:28.989 W/QC2Interface( 2251): [vp9D_823] Failed to query parameters
04-07 15:37:28.989 W/ResourceManagerServiceUtils( 2666): Ignoring request to add new resource entry with value <= 0
04-07 15:37:28.990 W/stagram.android(23132): AIBinder_linkToDeath is being called with a non-null cookie and no onUnlink callback set. This might not be intended. AIBinder_DeathRecipient_setOnUnlinked should be called first.
04-07 15:37:28.992 W/qdgralloc( 2235): GetSnapFormat: Explicit UBWC formats such as 2141391878 are no longer supported, please switch to using base / linear formats + UBWC usage bits
04-07 15:37:28.992 W/qdgralloc( 2235): GetSnapUsage: UBWC explicit formats have been deprecated, please use the base format + UBWC usage flag! 2141391878
04-07 15:37:28.992 W/qdgralloc( 2235): GetSnapFormat: Explicit UBWC formats such as 2141391878 are no longer supported, please switch to using base / linear formats + UBWC usage bits
04-07 15:37:28.992 W/qdgralloc( 2235): GetSnapUsage: UBWC explicit formats have been deprecated, please use the base format + UBWC usage flag! 2141391878
04-07 15:37:28.992 W/qdgralloc( 2235): GetSnapFormat: Explicit UBWC formats such as 2141391878 are no longer supported, please switch to using base / linear formats + UBWC usage bits
04-07 15:37:28.992 W/qdgralloc( 2235): GetSnapUsage: UBWC explicit formats have been deprecated, please use the base format + UBWC usage flag! 2141391878
04-07 15:37:28.993 W/qdgralloc( 2235): GetSnapFormat: Explicit UBWC formats such as 2141391878 are no longer supported, please switch to using base / linear formats + UBWC usage bits
04-07 15:37:28.993 W/qdgralloc( 2235): GetSnapUsage: UBWC explicit formats have been deprecated, please use the base format + UBWC usage flag! 2141391878
04-07 15:37:28.993 W/qdgralloc( 2235): GetSnapFormat: Explicit UBWC formats such as 2141391878 are no longer supported, please switch to using base / linear formats + UBWC usage bits
04-07 15:37:28.993 W/qdgralloc( 2235): GetSnapUsage: UBWC explicit formats have been deprecated, please use the base format + UBWC usage flag! 2141391878
04-07 15:37:28.993 W/qdgralloc( 2235): GetSnapFormat: Explicit UBWC formats such as 2141391878 are no longer supported, please switch to using base / linear formats + UBWC usage bits
04-07 15:37:28.993 W/qdgralloc( 2235): GetSnapUsage: UBWC explicit formats have been deprecated, please use the base format + UBWC usage flag! 2141391878
04-07 15:37:28.993 W/qdgralloc( 2235): GetSnapFormat: Explicit UBWC formats such as 2141391878 are no longer supported, please switch to using base / linear formats + UBWC usage bits
04-07 15:37:28.993 W/qdgralloc( 2235): GetSnapUsage: UBWC explicit formats have been deprecated, please use the base format + UBWC usage flag! 2141391878
04-07 15:37:28.994 W/qdgralloc( 2235): GetSnapFormat: Explicit UBWC formats such as 2141391878 are no longer supported, please switch to using base / linear formats + UBWC usage bits
04-07 15:37:28.994 W/qdgralloc( 2235): GetSnapUsage: UBWC explicit formats have been deprecated, please use the base format + UBWC usage flag! 2141391878
04-07 15:37:28.994 W/qdgralloc( 2235): GetSnapFormat: Explicit UBWC formats such as 2141391878 are no longer supported, please switch to using base / linear formats + UBWC usage bits
04-07 15:37:28.994 W/qdgralloc( 2235): GetSnapUsage: UBWC explicit formats have been deprecated, please use the base format + UBWC usage flag! 2141391878
04-07 15:37:28.994 W/qdgralloc( 2235): GetSnapFormat: Explicit UBWC formats such as 2141391878 are no longer supported, please switch to using base / linear formats + UBWC usage bits
04-07 15:37:28.994 W/qdgralloc( 2235): GetSnapUsage: UBWC explicit formats have been deprecated, please use the base format + UBWC usage flag! 2141391878
04-07 15:37:28.995 W/qdgralloc( 2235): GetSnapFormat: Explicit UBWC formats such as 2141391878 are no longer supported, please switch to using base / linear formats + UBWC usage bits
04-07 15:37:28.995 W/qdgralloc( 2235): GetSnapUsage: UBWC explicit formats have been deprecated, please use the base format + UBWC usage flag! 2141391878
04-07 15:37:28.995 W/qdgralloc( 2235): GetSnapFormat: Explicit UBWC formats such as 2141391878 are no longer supported, please switch to using base / linear formats + UBWC usage bits
04-07 15:37:28.995 W/qdgralloc( 2235): GetSnapUsage: UBWC explicit formats have been deprecated, please use the base format + UBWC usage flag! 2141391878
04-07 15:37:28.995 W/qdgralloc( 2235): GetSnapFormat: Explicit UBWC formats such as 2141391878 are no longer supported, please switch to using base / linear formats + UBWC usage bits
04-07 15:37:28.995 W/qdgralloc( 2235): GetSnapUsage: UBWC explicit formats have been deprecated, please use the base format + UBWC usage flag! 2141391878
04-07 15:37:28.996 W/qdgralloc( 2235): GetSnapFormat: Explicit UBWC formats such as 2141391878 are no longer supported, please switch to using base / linear formats + UBWC usage bits
04-07 15:37:28.996 W/qdgralloc( 2235): GetSnapUsage: UBWC explicit formats have been deprecated, please use the base format + UBWC usage flag! 2141391878
04-07 15:37:28.996 W/qdgralloc( 2235): GetSnapFormat: Explicit UBWC formats such as 2141391878 are no longer supported, please switch to using base / linear formats + UBWC usage bits
04-07 15:37:28.996 W/qdgralloc( 2235): GetSnapUsage: UBWC explicit formats have been deprecated, please use the base format + UBWC usage flag! 2141391878
04-07 15:37:28.997 W/qdgralloc( 2235): GetSnapFormat: Explicit UBWC formats such as 2141391878 are no longer supported, please switch to using base / linear formats + UBWC usage bits
04-07 15:37:28.997 W/qdgralloc( 2235): GetSnapUsage: UBWC explicit formats have been deprecated, please use the base format + UBWC usage flag! 2141391878
04-07 15:37:28.997 W/qdgralloc( 2235): GetSnapFormat: Explicit UBWC formats such as 2141391878 are no longer supported, please switch to using base / linear formats + UBWC usage bits
04-07 15:37:28.997 W/qdgralloc( 2235): GetSnapUsage: UBWC explicit formats have been deprecated, please use the base format + UBWC usage flag! 2141391878
04-07 15:37:28.997 W/qdgralloc( 2235): GetSnapFormat: Explicit UBWC formats such as 2141391878 are no longer supported, please switch to using base / linear formats + UBWC usage bits
04-07 15:37:28.997 W/qdgralloc( 2235): GetSnapUsage: UBWC explicit formats have been deprecated, please use the base format + UBWC usage flag! 2141391878
04-07 15:37:28.998 W/QC2Comp ( 2251): [vp9D_823] Skipping empty output buffer
04-07 15:37:28.998 W/qdgralloc( 2235): GetSnapFormat: Explicit UBWC formats such as 2141391878 are no longer supported, please switch to using base / linear formats + UBWC usage bits
04-07 15:37:28.998 W/qdgralloc( 2235): GetSnapUsage: UBWC explicit formats have been deprecated, please use the base format + UBWC usage flag! 2141391878
04-07 15:37:28.999 W/qdgralloc( 2235): GetSnapFormat: Explicit UBWC formats such as 2141391878 are no longer supported, please switch to using base / linear formats + UBWC usage bits
