04-07 15:37:28.999 W/qdgralloc( 2235): GetSnapUsage: UBWC explicit formats have been deprecated, please use the base format + UBWC usage flag! 2141391878
04-07 15:37:29.000 W/qdgralloc( 2235): GetSnapFormat: Explicit UBWC formats such as 2141391878 are no longer supported, please switch to using base / linear formats + UBWC usage bits
04-07 15:37:29.000 W/qdgralloc( 2235): GetSnapUsage: UBWC explicit formats have been deprecated, please use the base format + UBWC usage flag! 2141391878
04-07 15:37:29.000 W/qdgralloc( 2235): GetSnapFormat: Explicit UBWC formats such as 2141391878 are no longer supported, please switch to using base / linear formats + UBWC usage bits
04-07 15:37:29.000 W/qdgralloc( 2235): GetSnapUsage: UBWC explicit formats have been deprecated, please use the base format + UBWC usage flag! 2141391878
04-07 15:37:29.005 W/QC2Comp ( 2251): [vp9D_823] Skipping empty output buffer
04-07 15:37:29.018 W/QC2Comp ( 2251): [vp9D_823] Skipping empty output buffer
04-07 15:37:29.342 W/QC2Comp ( 2251): [vp9D_823] Skipping empty output buffer
04-07 15:37:29.477 E/HeatmapThread( 2334): ECT Thread time in milliseconds: 1775587049
04-07 15:37:29.479 E/HeatmapThread( 2334): !@ CAM New BSOH: 100
04-07 15:37:29.505 W/DefaultCloseableReference(23132): Finalized without closing: 519e7df 627dc2c (type = X.3mB)
04-07 15:37:29.505 W/4fb     (23132): Finalized without closing: f41db63 627dc2c (type = X.3mB)
04-07 15:37:29.505 W/DefaultCloseableReference(23132): Finalized without closing: a1656f5 7fdc8a (type = X.3mB)
04-07 15:37:29.505 W/4fb     (23132): Finalized without closing: f41db63 7fdc8a (type = X.3mB)
04-07 15:37:29.505 W/DefaultCloseableReference(23132): Finalized without closing: 85f22fb 64c8f18 (type = X.3mB)
04-07 15:37:29.505 W/4fb     (23132): Finalized without closing: f41db63 64c8f18 (type = X.3mB)
04-07 15:37:29.506 W/DefaultCloseableReference(23132): Finalized without closing: 6c26d71 4873756 (type = X.3mB)
04-07 15:37:29.506 W/4fb     (23132): Finalized without closing: f41db63 4873756 (type = X.3mB)
04-07 15:37:29.506 W/DefaultCloseableReference(23132): Finalized without closing: 2f2f3d7 70784c4 (type = X.3mB)
04-07 15:37:29.506 W/4fb     (23132): Finalized without closing: f41db63 70784c4 (type = X.3mB)
04-07 15:37:29.676 W/QC2Comp ( 2251): [vp9D_823] Skipping empty output buffer
04-07 15:37:29.821 W/IPCThreadState( 2647): Sending oneway calls to frozen process.
04-07 15:37:29.827 E/msys    (23132): E[N WCCConnectionMEM]_WCCConnectionMEMEmitStateChange(3250)=>[INFO] connection/new_state/connecting [connection_id=342802519, wcc_source=1, wcc_reason=18]
04-07 15:37:29.827 E/msys    (23132): E[C MEMConnectionManager]_MEMConnectionManagerStateChangeHandler(593)=>[Critical] MEMConnectionState updated to ID: 1 with connectionId: 342802519
04-07 15:37:29.832 E/msys    (23132): E[N WCCConnectionMEM]_WCCConnectionMEMDoConnectWithAuthKeys(1557)=>[INFO] connection/connect/start/[host=z-p42-chat-e2ee-ig.facebook.com port=5222]/[2a03:2880:f37e:24:face:b00c:0:6e2e:5222]/socketAddressCount=4
04-07 15:37:29.832 E/msys    (23132): E[N WCCConnectionMEM]_WCCConnectionMEMLifecycleEventHandler(2229)=>[INFO] connection/xmpp/lifecycle_event/will-connect
04-07 15:37:29.832 E/msys    (23132): E[A WA]WCCHandshakeCreate(179)=>handshake/create, pq mode:0
04-07 15:37:29.834 W/PhoneWindowManager( 3111): lockNow pending, ignore updating lockscreen timeout
04-07 15:37:29.834 E/msys    (23132): E[N mccw.liger]onConnectError(579)=>connect/error - address: 2a03:2880:f37e:24:face:b00c:0:6e2e, port: 5222, ex: folly::AsyncSocketException: AsyncSocketException: connect failed (immediately), type = Socket not open, errno = 101 (Network is unreachable)
04-07 15:37:29.835 E/msys    (23132): E[N mccw.liger]onConnectError(579)=>connect/error - address: 2a03:2880:f37e:24:face:b00c:0:6e2e, port: 443, ex: folly::AsyncSocketException: AsyncSocketException: connect failed (immediately), type = Socket not open, errno = 101 (Network is unreachable)
04-07 15:37:29.837 E/msys    (23132): E[N mccw.liger]onConnectError(579)=>connect/error - address: 2a03:2880:f37e:24:face:b00c:0:6e2e, port: 80, ex: folly::AsyncSocketException: AsyncSocketException: connect failed (immediately), type = Socket not open, errno = 101 (Network is unreachable)
04-07 15:37:29.842 W/View    ( 4705): requestLayout() improperly called by com.android.systemui.qs.SecQSGradationDrawableView{47bcccf V.E...... ......ID 0,0-1080,332 #7f0a0a16 app:id/qs_gradation_view} during layout: running second layout pass
04-07 15:37:29.842 W/View    ( 4705): requestLayout() improperly called by android.widget.FrameLayout{837765c V.E...... ......I. 0,0-1080,2340 #2} during layout: running second layout pass
04-07 15:37:29.842 W/View    ( 4705): requestLayout() improperly called by android.widget.FrameLayout{cd59d65 V.E...... ......ID 0,153-1080,2205 #7f0a0a14 app:id/qs_frame} during layout: running second layout pass
04-07 15:37:29.842 W/RefactorFlag( 4705): New code path expects SceneContainerFlag to be enabled.
04-07 15:37:29.842 W/RefactorFlag( 4705): New code path expects SceneContainerFlag to be enabled.
04-07 15:37:29.842 W/PhoneWindowManager( 3111): lockNow pending, ignore updating lockscreen timeout
04-07 15:37:29.854 W/PhoneWindowManager( 3111): lockNow pending, ignore updating lockscreen timeout
04-07 15:37:29.857 W/RefactorFlag( 4705): New code path expects SceneContainerFlag to be enabled.
04-07 15:37:29.858 W/RefactorFlag( 4705): New code path expects SceneContainerFlag to be enabled.
04-07 15:37:29.863 E/NativeCustomFrequencyManager( 2352): [NativeCFMS] BpCustomFrequencyManager::acquire()
04-07 15:37:29.874 W/PhoneWindowManager( 3111): lockNow pending, ignore updating lockscreen timeout
04-07 15:37:29.874 W/RefactorFlag( 4705): New code path expects SceneContainerFlag to be enabled.
04-07 15:37:29.874 W/RefactorFlag( 4705): New code path expects SceneContainerFlag to be enabled.
04-07 15:37:29.880 W/CocktailBarStatePolicyController( 3111): updateWindowType: current window type is requested window type(1)
04-07 15:37:29.881 E/PERFHAL-REQUEST( 2238): PERFHAL-REQUEST: Process() 384: Translate to physical failed
04-07 15:37:29.888 E/WindowManager( 3111): win=Window{58b8933 u0 com.sec.android.app.launcher/com.samsung.app.honeyspace.edge.edgepanel.app.CocktailBarService} destroySurfaces: appStopped=true cleanupOnResume=false win.mWindowRemovalAllowed=false win.mRemoveOnExit=false win.mViewVisibility=8 caller=com.android.server.wm.WindowManagerService.tryStartExitingAnimation:134 com.android.server.wm.WindowManagerService.relayoutWindow:1138 com.android.server.wm.Session.relayout:27 android.view.IWindowSession$Stub.onTransact:829 com.android.server.wm.Session.onTransact:1 android.os.Binder.execTransactInternal:1457 android.os.Binder.execTransact:1401 
04-07 15:37:29.888 W/PhoneWindowManager( 3111): lockNow pending, ignore updating lockscreen timeout
04-07 15:37:29.889 W/RefactorFlag( 4705): New code path expects SceneContainerFlag to be enabled.
04-07 15:37:29.889 W/PhoneWindowManager( 3111): lockNow pending, ignore updating lockscreen timeout
04-07 15:37:29.889 W/RefactorFlag( 4705): New code path expects SceneContainerFlag to be enabled.
04-07 15:37:29.897 W/PhoneWindowManager( 3111): lockNow pending, ignore updating lockscreen timeout
04-07 15:37:29.906 W/RefactorFlag( 4705): New code path expects SceneContainerFlag to be enabled.
04-07 15:37:29.906 W/RefactorFlag( 4705): New code path expects SceneContainerFlag to be enabled.
04-07 15:37:29.921 W/RefactorFlag( 4705): New code path expects SceneContainerFlag to be enabled.
04-07 15:37:29.922 W/RefactorFlag( 4705): New code path expects SceneContainerFlag to be enabled.
04-07 15:37:29.939 W/RefactorFlag( 4705): New code path expects SceneContainerFlag to be enabled.
04-07 15:37:29.939 W/RefactorFlag( 4705): New code path expects SceneContainerFlag to be enabled.
04-07 15:37:29.956 W/RefactorFlag( 4705): New code path expects SceneContainerFlag to be enabled.
04-07 15:37:29.956 W/RefactorFlag( 4705): New code path expects SceneContainerFlag to be enabled.
04-07 15:37:29.973 W/RefactorFlag( 4705): New code path expects SceneContainerFlag to be enabled.
04-07 15:37:29.973 W/RefactorFlag( 4705): New code path expects SceneContainerFlag to be enabled.
04-07 15:37:30.004 W/RefactorFlag( 4705): New code path expects SceneContainerFlag to be enabled.
04-07 15:37:30.004 W/RefactorFlag( 4705): New code path expects SceneContainerFlag to be enabled.
04-07 15:37:30.007 W/QC2Comp ( 2251): [vp9D_823] Skipping empty output buffer
04-07 15:37:30.021 W/RefactorFlag( 4705): New code path expects SceneContainerFlag to be enabled.
04-07 15:37:30.021 W/RefactorFlag( 4705): New code path expects SceneContainerFlag to be enabled.
04-07 15:37:30.036 E/msys    (23132): E[N WCCConnectionMEM]_WCCConnectionMEMLifecycleEventHandler(2237)=>[INFO] connection/xmpp/lifecycle_event/did-connect, [0.2038s]
04-07 15:37:30.037 W/RefactorFlag( 4705): New code path expects SceneContainerFlag to be enabled.
04-07 15:37:30.038 W/RefactorFlag( 4705): New code path expects SceneContainerFlag to be enabled.
04-07 15:37:30.038 E/msys    (23132): E[N WCCConnectionMEM]_WCCConnectionMEMLifecycleEventHandler(2237)=>[INFO] connection/xmpp/lifecycle_event/did-send-initial-payload, [0.0020s]
04-07 15:37:30.054 W/RefactorFlag( 4705): New code path expects SceneContainerFlag to be enabled.
04-07 15:37:30.054 W/RefactorFlag( 4705): New code path expects SceneContainerFlag to be enabled.
04-07 15:37:30.070 W/RefactorFlag( 4705): New code path expects SceneContainerFlag to be enabled.
04-07 15:37:30.071 W/RefactorFlag( 4705): New code path expects SceneContainerFlag to be enabled.
04-07 15:37:30.087 W/RefactorFlag( 4705): New code path expects SceneContainerFlag to be enabled.
04-07 15:37:30.087 W/RefactorFlag( 4705): New code path expects SceneContainerFlag to be enabled.
04-07 15:37:30.104 W/RefactorFlag( 4705): New code path expects SceneContainerFlag to be enabled.
04-07 15:37:30.104 W/RefactorFlag( 4705): New code path expects SceneContainerFlag to be enabled.
04-07 15:37:30.121 W/RefactorFlag( 4705): New code path expects SceneContainerFlag to be enabled.
04-07 15:37:30.121 W/RefactorFlag( 4705): New code path expects SceneContainerFlag to be enabled.
04-07 15:37:30.138 W/RefactorFlag( 4705): New code path expects SceneContainerFlag to be enabled.
04-07 15:37:30.138 W/RefactorFlag( 4705): New code path expects SceneContainerFlag to be enabled.
04-07 15:37:30.154 W/RefactorFlag( 4705): New code path expects SceneContainerFlag to be enabled.
04-07 15:37:30.154 W/RefactorFlag( 4705): New code path expects SceneContainerFlag to be enabled.
04-07 15:37:30.171 W/RefactorFlag( 4705): New code path expects SceneContainerFlag to be enabled.
04-07 15:37:30.171 W/RefactorFlag( 4705): New code path expects SceneContainerFlag to be enabled.
04-07 15:37:30.188 W/RefactorFlag( 4705): New code path expects SceneContainerFlag to be enabled.
04-07 15:37:30.188 W/RefactorFlag( 4705): New code path expects SceneContainerFlag to be enabled.
04-07 15:37:30.204 W/RefactorFlag( 4705): New code path expects SceneContainerFlag to be enabled.
04-07 15:37:30.204 W/RefactorFlag( 4705): New code path expects SceneContainerFlag to be enabled.
04-07 15:37:30.220 W/RefactorFlag( 4705): New code path expects SceneContainerFlag to be enabled.
04-07 15:37:30.221 W/RefactorFlag( 4705): New code path expects SceneContainerFlag to be enabled.
04-07 15:37:30.233 E/msys    (23132): E[N WCCConnectionMEM]_WCCConnectionMEMLifecycleEventHandler(2237)=>[INFO] connection/xmpp/lifecycle_event/will-handshake, [0.1950s]
04-07 15:37:30.235 E/msys    (23132): E[N WCCConnectionMEM]_WCCConnectionMEMLifecycleEventHandler(2237)=>[INFO] connection/xmpp/lifecycle_event/did-handshake, [0.0023s]
04-07 15:37:30.239 W/RefactorFlag( 4705): New code path expects SceneContainerFlag to be enabled.
04-07 15:37:30.239 W/RefactorFlag( 4705): New code path expects SceneContainerFlag to be enabled.
04-07 15:37:30.246 E/msys    (23132): E[N WCCConnectionMEM]_WCCConnectionMEMReceiveHandler(2409)=>[INFO] connection/receive/login-success
04-07 15:37:30.246 E/msys    (23132): E[N WCCConnectionMEM]_WCCConnectionMEMEmitStateChange(3250)=>[INFO] connection/new_state/connected [connection_id=342802519, wcc_source=1, wcc_reason=18]
04-07 15:37:30.246 E/msys    (23132): E[C MEMConnectionManager]_MEMConnectionManagerStateChangeHandler(593)=>[Critical] MEMConnectionState updated to ID: 2 with connectionId: 342802519
04-07 15:37:30.322 E/PhoneInterfaceManager( 4684): getDataNetworkTypeForSubscriber: phone is null for sub -1
04-07 15:37:30.341 W/QC2Comp ( 2251): [vp9D_823] Skipping empty output buffer
04-07 15:37:30.379 W/LocationManagerService( 3111): onFreezeStateChanged, uid[10333]=false
04-07 15:37:30.441 W/SnapAlloc( 2235): Failed to get format mapping to use mmm_color_fmt
04-07 15:37:30.441 W/SnapAlloc( 2235): Error while getting constraints from display libs width 1080, height 2340, format 22
04-07 15:37:30.442 E/HwcComposer( 2352): getLuts failed Status(-129, EX_TRANSACTION_FAILED): 'UNKNOWN_TRANSACTION: '
04-07 15:37:30.477 E/HeatmapThread( 2334): ECT Thread time in milliseconds: 1775587050
04-07 15:37:30.478 E/HeatmapThread( 2334): !@ CAM New BSOH: 100
04-07 15:37:30.525 E/equs    (21246): (REDACTED) Trace %s timed out after %d ms. Complete trace: %s
04-07 15:37:30.525 E/equs    (21246): eqwc: 
04-07 15:37:30.525 E/equs    (21246): 	at tk_trace.Read ConversationModeDataStore(Started After:0)
04-07 15:37:30.525 E/equs    (21246): 	at tk_trace.Update ConversationModeDataStore(Started After:0)
04-07 15:37:30.525 E/equs    (21246): 	at tk_trace.PropagatingContext(Started After:0)
04-07 15:37:30.525 E/equs    (21246): 	at tk_trace.assistant.mobile.robin.android.RobinStatusCheckerService/GetRobinLocale(Started After:0)
04-07 15:37:30.533 E/equs    (21246): (REDACTED) Trace %s timed out after %d ms. Complete trace: %s
04-07 15:37:30.533 E/equs    (21246): eqwc: 
04-07 15:37:30.533 E/equs    (21246): 	at tk_trace.PropagatingContext (Timed Out)(Started After:0)
04-07 15:37:30.533 E/equs    (21246): 	at tk_trace.java.com.google.android.libraries.search.assistant.requestcontext.shared.geller.proto.GellerCorpusSyncListenerService/OnSyncCompleted(Started After:0)
04-07 15:37:30.533 E/equs    (21246): 	Suppressed: eqwb: 
04-07 15:37:30.533 E/equs    (21246): 		at tk_trace.PropagatingContext(unfinished)(Unknown Source:0)
04-07 15:37:30.533 E/equs    (21246): 		at tk_trace.java.com.google.android.libraries.search.assistant.requestcontext.shared.geller.proto.GellerCorpusSyncListenerServiceOnSyncCompleted 0 ms(Unknown Source:0)
04-07 15:37:30.673 W/QC2Comp ( 2251): [vp9D_823] Skipping empty output buffer
04-07 15:37:30.723 E/WifiStaIfaceAidlImpl( 3111): getCachedScanData failed with service-specific exception: android.os.ServiceSpecificException:  (code 4)
04-07 15:37:30.821 W/RefactorFlag( 4705): New code path expects SceneContainerFlag to be enabled.
04-07 15:37:30.821 W/RefactorFlag( 4705): New code path expects SceneContainerFlag to be enabled.
04-07 15:37:30.839 W/RefactorFlag( 4705): New code path expects SceneContainerFlag to be enabled.
04-07 15:37:30.839 W/RefactorFlag( 4705): New code path expects SceneContainerFlag to be enabled.
04-07 15:37:30.855 W/RefactorFlag( 4705): New code path expects SceneContainerFlag to be enabled.
04-07 15:37:30.855 W/RefactorFlag( 4705): New code path expects SceneContainerFlag to be enabled.
04-07 15:37:30.871 W/RefactorFlag( 4705): New code path expects SceneContainerFlag to be enabled.
04-07 15:37:30.871 W/RefactorFlag( 4705): New code path expects SceneContainerFlag to be enabled.
04-07 15:37:30.888 W/RefactorFlag( 4705): New code path expects SceneContainerFlag to be enabled.
04-07 15:37:30.888 W/RefactorFlag( 4705): New code path expects SceneContainerFlag to be enabled.
04-07 15:37:30.905 W/RefactorFlag( 4705): New code path expects SceneContainerFlag to be enabled.
04-07 15:37:30.905 W/RefactorFlag( 4705): New code path expects SceneContainerFlag to be enabled.
04-07 15:37:30.921 W/RefactorFlag( 4705): New code path expects SceneContainerFlag to be enabled.
04-07 15:37:30.921 W/RefactorFlag( 4705): New code path expects SceneContainerFlag to be enabled.
04-07 15:37:30.937 W/RefactorFlag( 4705): New code path expects SceneContainerFlag to be enabled.
04-07 15:37:30.937 W/RefactorFlag( 4705): New code path expects SceneContainerFlag to be enabled.
04-07 15:37:30.954 W/RefactorFlag( 4705): New code path expects SceneContainerFlag to be enabled.
04-07 15:37:30.954 W/RefactorFlag( 4705): New code path expects SceneContainerFlag to be enabled.
04-07 15:37:30.979 W/View    ( 4705): requestLayout() improperly called by com.android.systemui.qs.SecQSGradationDrawableView{47bcccf V.E...... ......ID 0,0-1080,332 #7f0a0a16 app:id/qs_gradation_view} during layout: running second layout pass
04-07 15:37:30.979 W/View    ( 4705): requestLayout() improperly called by android.widget.FrameLayout{837765c V.E...... ......I. 0,0-1080,2340 #2} during layout: running second layout pass
04-07 15:37:30.979 W/View    ( 4705): requestLayout() improperly called by android.widget.FrameLayout{cd59d65 V.E...... ......ID 0,153-1080,2205 #7f0a0a14 app:id/qs_frame} during layout: running second layout pass
04-07 15:37:30.979 W/RefactorFlag( 4705): New code path expects SceneContainerFlag to be enabled.
04-07 15:37:30.980 W/PhoneWindowManager( 3111): lockNow pending, ignore updating lockscreen timeout
04-07 15:37:30.987 W/PhoneWindowManager( 3111): lockNow pending, ignore updating lockscreen timeout
04-07 15:37:30.989 W/WindowOnBackDispatcher( 4705): sendCancelIfRunning: isInProgress=false callback=com.android.systemui.back.domain.interactor.BackActionInteractor$callback$2@20df308
04-07 15:37:30.992 W/IPCThreadState( 2647): Sending oneway calls to frozen process.
04-07 15:37:31.007 W/QC2Comp ( 2251): [vp9D_823] Skipping empty output buffer
04-07 15:37:31.010 E/WindowManager( 3111): win=Window{566ced7 u0 NotificationShade} destroySurfaces: appStopped=true cleanupOnResume=false win.mWindowRemovalAllowed=false win.mRemoveOnExit=false win.mViewVisibility=4 caller=com.android.server.wm.WindowManagerService.tryStartExitingAnimation:134 com.android.server.wm.WindowManagerService.relayoutWindow:1138 com.android.server.wm.Session.relayout:27 android.view.IWindowSession$Stub.onTransact:829 com.android.server.wm.Session.onTransact:1 android.os.Binder.execTransactInternal:1462 android.os.Binder.execTransact:1401 
04-07 15:37:31.010 W/PhoneWindowManager( 3111): lockNow pending, ignore updating lockscreen timeout
04-07 15:37:31.012 W/RefactorFlag( 4705): New code path expects SceneContainerFlag to be enabled.
04-07 15:37:31.024 W/CocktailBarStatePolicyController( 3111): updateWindowType: current window type is requested window type(1)
04-07 15:37:31.037 W/PhoneWindowManager( 3111): lockNow pending, ignore updating lockscreen timeout
04-07 15:37:31.039 W/PhoneWindowManager( 3111): lockNow pending, ignore updating lockscreen timeout
04-07 15:37:31.040 W/PhoneWindowManager( 3111): lockNow pending, ignore updating lockscreen timeout
04-07 15:37:31.340 W/QC2Comp ( 2251): [vp9D_823] Skipping empty output buffer
04-07 15:37:31.477 E/HeatmapThread( 2334): ECT Thread time in milliseconds: 1775587051
04-07 15:37:31.479 E/HeatmapThread( 2334): !@ CAM New BSOH: 100
04-07 15:37:31.673 W/QC2Comp ( 2251): [vp9D_823] Skipping empty output buffer
04-07 15:37:32.008 W/QC2Comp ( 2251): [vp9D_823] Skipping empty output buffer
04-07 15:37:32.339 W/QC2Comp ( 2251): [vp9D_823] Skipping empty output buffer
04-07 15:37:32.477 E/HeatmapThread( 2334): ECT Thread time in milliseconds: 1775587052
04-07 15:37:32.482 E/HeatmapThread( 2334): !@ CAM New BSOH: 100
04-07 15:37:32.674 W/QC2Comp ( 2251): [vp9D_823] Skipping empty output buffer
04-07 15:37:33.308 W/QC2Comp ( 2251): [vp9D_823] Skipping empty output buffer
04-07 15:37:33.477 E/HeatmapThread( 2334): ECT Thread time in milliseconds: 1775587053
04-07 15:37:33.480 E/HeatmapThread( 2334): !@ CAM New BSOH: 100
04-07 15:37:33.640 W/QC2Comp ( 2251): [vp9D_823] Skipping empty output buffer
04-07 15:37:33.732 E/WifiStaIfaceAidlImpl( 3111): getCachedScanData failed with service-specific exception: android.os.ServiceSpecificException:  (code 4)
04-07 15:37:33.817 E/PhoneInterfaceManager( 4684): getDataNetworkTypeForSubscriber: phone is null for sub -1
04-07 15:37:33.972 W/QC2Comp ( 2251): [vp9D_823] Skipping empty output buffer
04-07 15:37:34.338 W/QC2Comp ( 2251): [vp9D_823] Skipping empty output buffer
04-07 15:37:34.437 W/bluetooth(11603): system/gd/hci/le_scanning_manager.cc:716 scan: address_manager_registered_
04-07 15:37:34.437 W/bluetooth(11603): system/gd/hci/le_scanning_manager.cc:768 stop_scan: stop_scan
04-07 15:37:34.438 W/bt_shim_scanner(11603): system/main/shim/le_scanning_manager.cc:365 SetScanParameters: Set scan params scan_int_1m : 3120, scan_win_1m : 160, Duty : 5.13% | scan_int_coded : 0, scan_win_coded : 0, Duty : nan%
04-07 15:37:34.446 W/bluetooth(11603): system/gd/hci/le_scanning_manager.cc:732 start_scan: start_scan
04-07 15:37:34.446 W/bluetooth(11603): system/gd/hci/le_scanning_manager.cc:735 start_scan: Register address manager
04-07 15:37:34.477 E/HeatmapThread( 2334): ECT Thread time in milliseconds: 1775587054
04-07 15:37:34.481 E/HeatmapThread( 2334): !@ CAM New BSOH: 100
04-07 15:37:34.671 W/QC2Comp ( 2251): [vp9D_823] Skipping empty output buffer
04-07 15:37:35.004 W/QC2Comp ( 2251): [vp9D_823] Skipping empty output buffer
04-07 15:37:35.336 W/View    ( 4705): requestLayout() improperly called by com.android.systemui.qs.SecQSGradationDrawableView{47bcccf V.E...... ......ID 0,0-1080,332 #7f0a0a16 app:id/qs_gradation_view} during layout: running second layout pass
04-07 15:37:35.336 W/View    ( 4705): requestLayout() improperly called by android.widget.FrameLayout{837765c V.E...... ......I. 0,0-1080,2340 #2} during layout: running second layout pass
04-07 15:37:35.336 W/View    ( 4705): requestLayout() improperly called by android.widget.FrameLayout{cd59d65 V.E...... ......ID 0,153-1080,2205 #7f0a0a14 app:id/qs_frame} during layout: running second layout pass
04-07 15:37:35.336 W/RefactorFlag( 4705): New code path expects SceneContainerFlag to be enabled.
04-07 15:37:35.337 W/QC2Comp ( 2251): [vp9D_823] Skipping empty output buffer
04-07 15:37:35.343 E/perf_hint( 4705): Session ID too large, must fit 32-bit integer
04-07 15:37:35.477 E/HeatmapThread( 2334): ECT Thread time in milliseconds: 1775587055
04-07 15:37:35.480 E/HeatmapThread( 2334): !@ CAM New BSOH: 100
04-07 15:37:35.667 W/QC2Comp ( 2251): [vp9D_823] Skipping empty output buffer
04-07 15:37:36.003 W/QC2Comp ( 2251): [vp9D_823] Skipping empty output buffer
04-07 15:37:36.167 W/IPCThreadState( 2647): Sending oneway calls to frozen process.
04-07 15:37:36.336 W/QC2Comp ( 2251): [vp9D_823] Skipping empty output buffer
04-07 15:37:36.477 E/HeatmapThread( 2334): ECT Thread time in milliseconds: 1775587056
04-07 15:37:36.482 E/HeatmapThread( 2334): !@ CAM New BSOH: 100
04-07 15:37:36.663 E/ConversionHelperAidl( 2324): Function: parseAndSetVendorParameters Line: 94 Failed 
04-07 15:37:36.664 E/ConversionHelperAidl( 2324): Function: parseAndSetVendorParameters Line: 94 Failed 
04-07 15:37:36.665 E/ConversionHelperAidl( 2324): Function: parseAndSetVendorParameters Line: 94 Failed 
04-07 15:37:36.665 E/ConversionHelperAidl( 2324): Function: parseAndSetVendorParameters Line: 94 Failed 
04-07 15:37:36.666 W/CAE     ( 3111): registerCallback(ContextAwareService.java:188) - [regi 01] Mutex is locked for TEST_FLAT_MOTION
04-07 15:37:36.666 W/CAE     ( 3111): registerCallback(ContextAwareService.java:195) - [regi 04]  com.samsung.android.contextaware.ContextAwareManager$CaListenerDelegate@5feed32
04-07 15:37:36.666 W/CAE     ( 3111): getListener(ListenerListManager.java:127) - [getListener1]  com.samsung.android.contextaware.ContextAwareManager$CaListenerDelegate@5feed32
04-07 15:37:36.666 W/CAE     ( 3111): getListener(ListenerListManager.java:128) - [getListener2]  com.samsung.android.contextaware.manager.ContextAwareService$Listener@2ea213d
04-07 15:37:36.672 W/CAE     ( 3111): registerCallback(ContextAwareService.java:209) - [regi 02] Mutex is unlocked for TEST_FLAT_MOTION
04-07 15:37:36.672 E/SemContext.CaeProvider( 3111): setAttribute() : attribute is null!
04-07 15:37:36.673 E/SensorService( 3111): BigData:Pakage) 5 already enabled. 
04-07 15:37:36.678 E/SensorService( 3111): BigData:Pakage) 5 already disabled. 
04-07 15:37:36.684 W/QC2Comp ( 2251): [vp9D_823] Skipping empty output buffer
04-07 15:37:36.742 E/BatteryDump( 2294): !@new_battery_dump : 3815,303,475,550,33,304,301,334,304,0,316,334,0,Charging,NO_CHARGING,Normal,Good,USB,1,Normal,0,0,9219,0x0,0x10000,0x0,0,0,480,v0002,0000,0000,00000000,0,0,0,0,69,3798,3310,990,0,
04-07 15:37:36.748 E/WifiStaIfaceAidlImpl( 3111): getCachedScanData failed with service-specific exception: android.os.ServiceSpecificException:  (code 4)
04-07 15:37:36.759 E/PhoneInterfaceManager( 4684): getCarrierPrivilegeStatusForUid: Invalid subId
04-07 15:37:36.759 W/.gms.persistent(  450): Large reply transaction of 1056768 bytes, interface descriptor , code 1
04-07 15:37:36.959 W/CAE     ( 3111): unregisterCallback(ContextAwareService.java:230) - [unregi 01] Mutex is locked for TEST_FLAT_MOTION
04-07 15:37:36.959 W/CAE     ( 3111): getListener(ListenerListManager.java:127) - [getListener1]  com.samsung.android.contextaware.ContextAwareManager$CaListenerDelegate@5feed32
04-07 15:37:36.959 W/CAE     ( 3111): getListener(ListenerListManager.java:128) - [getListener2]  com.samsung.android.contextaware.manager.ContextAwareService$Listener@2ea213d
04-07 15:37:36.962 W/CAE     ( 3111): unregisterCallback(ContextAwareService.java:251) - [unregi 02] Mutex is unlocked for TEST_FLAT_MOTION
04-07 15:37:37.005 W/QC2Comp ( 2251): [vp9D_823] Skipping empty output buffer
04-07 15:37:37.335 W/QC2Comp ( 2251): [vp9D_823] Skipping empty output buffer
04-07 15:37:37.477 E/HeatmapThread( 2334): ECT Thread time in milliseconds: 1775587057
04-07 15:37:37.482 E/HeatmapThread( 2334): !@ CAM New BSOH: 100
04-07 15:37:37.668 W/QC2Comp ( 2251): [vp9D_823] Skipping empty output buffer
04-07 15:37:38.319 W/QC2Comp ( 2251): [vp9D_823] Skipping empty output buffer
04-07 15:37:38.478 E/HeatmapThread( 2334): ECT Thread time in milliseconds: 1775587058
04-07 15:37:38.482 E/HeatmapThread( 2334): !@ CAM New BSOH: 100
04-07 15:37:38.633 W/QC2Comp ( 2251): [vp9D_823] Skipping empty output buffer
04-07 15:37:38.965 W/QC2Comp ( 2251): [vp9D_823] Skipping empty output buffer
04-07 15:37:39.062 E/WifiStaIfaceAidlImpl( 3111): getCachedScanData failed with service-specific exception: android.os.ServiceSpecificException:  (code 4)
04-07 15:37:39.076 W/TelephonyManager( 3111): requestModemActivityInfo: Received an invalid ModemActivityInfo
04-07 15:37:39.079 W/MobileRadioPowerStatsCollector( 3111): error reading modem stats:ERROR_INVALID_INFO_RECEIVED
04-07 15:37:39.349 W/QC2Comp ( 2251): [vp9D_823] Skipping empty output buffer
04-07 15:37:39.478 E/HeatmapThread( 2334): ECT Thread time in milliseconds: 1775587059
04-07 15:37:39.481 E/HeatmapThread( 2334): !@ CAM New BSOH: 100
04-07 15:37:39.685 W/QC2Comp ( 2251): [vp9D_823] Skipping empty output buffer
04-07 15:37:39.786 E/WifiStaIfaceAidlImpl( 3111): getCachedScanData failed with service-specific exception: android.os.ServiceSpecificException:  (code 4)
04-07 15:37:39.799 E/PhoneInterfaceManager( 4684): getCarrierPrivilegeStatusForUid: Invalid subId
04-07 15:37:39.802 W/.gms.persistent(  450): Large reply transaction of 1056768 bytes, interface descriptor , code 1
04-07 15:37:40.017 W/QC2Comp ( 2251): [vp9D_823] Skipping empty output buffer
04-07 15:37:40.348 W/QC2Comp ( 2251): [vp9D_823] Skipping empty output buffer
04-07 15:37:40.477 E/HeatmapThread( 2334): ECT Thread time in milliseconds: 1775587060
04-07 15:37:40.482 E/HeatmapThread( 2334): !@ CAM New BSOH: 100
04-07 15:37:40.681 W/QC2Comp ( 2251): [vp9D_823] Skipping empty output buffer
04-07 15:37:41.017 W/QC2Comp ( 2251): [vp9D_823] Skipping empty output buffer
04-07 15:37:41.330 W/QC2Comp ( 2251): [vp9D_823] Skipping empty output buffer
04-07 15:37:41.477 E/HeatmapThread( 2334): ECT Thread time in milliseconds: 1775587061
04-07 15:37:41.481 E/HeatmapThread( 2334): !@ CAM New BSOH: 100
04-07 15:37:41.678 W/QC2Comp ( 2251): [vp9D_823] Skipping empty output buffer
04-07 15:37:42.014 W/QC2Comp ( 2251): [vp9D_823] Skipping empty output buffer
04-07 15:37:42.346 W/QC2Comp ( 2251): [vp9D_823] Skipping empty output buffer
04-07 15:37:42.478 E/HeatmapThread( 2334): ECT Thread time in milliseconds: 1775587062
04-07 15:37:42.484 E/HeatmapThread( 2334): !@ CAM New BSOH: 100
04-07 15:37:42.678 W/QC2Comp ( 2251): [vp9D_823] Skipping empty output buffer
04-07 15:37:42.824 E/WifiStaIfaceAidlImpl( 3111): getCachedScanData failed with service-specific exception: android.os.ServiceSpecificException:  (code 4)
04-07 15:37:42.838 W/.gms.persistent(  450): Large reply transaction of 1056768 bytes, interface descriptor , code 1
04-07 15:37:42.838 E/PhoneInterfaceManager( 4684): getCarrierPrivilegeStatusForUid: Invalid subId
04-07 15:37:43.312 W/QC2Comp ( 2251): [vp9D_823] Skipping empty output buffer
04-07 15:37:43.477 E/HeatmapThread( 2334): ECT Thread time in milliseconds: 1775587063
04-07 15:37:43.482 E/HeatmapThread( 2334): !@ CAM New BSOH: 100
04-07 15:37:43.649 W/QC2Comp ( 2251): [vp9D_823] Skipping empty output buffer
04-07 15:37:43.980 W/QC2Comp ( 2251): [vp9D_823] Skipping empty output buffer
04-07 15:37:44.343 W/QC2Comp ( 2251): [vp9D_823] Skipping empty output buffer
04-07 15:37:44.478 E/HeatmapThread( 2334): ECT Thread time in milliseconds: 1775587064
04-07 15:37:44.483 E/HeatmapThread( 2334): !@ CAM New BSOH: 100
04-07 15:37:44.676 W/QC2Comp ( 2251): [vp9D_823] Skipping empty output buffer
04-07 15:37:45.009 W/QC2Comp ( 2251): [vp9D_823] Skipping empty output buffer
04-07 15:37:45.342 W/QC2Comp ( 2251): [vp9D_823] Skipping empty output buffer
04-07 15:37:45.477 E/HeatmapThread( 2334): ECT Thread time in milliseconds: 1775587065
04-07 15:37:45.482 E/HeatmapThread( 2334): !@ CAM New BSOH: 100
04-07 15:37:45.675 W/QC2Comp ( 2251): [vp9D_823] Skipping empty output buffer
04-07 15:37:45.866 E/WifiStaIfaceAidlImpl( 3111): getCachedScanData failed with service-specific exception: android.os.ServiceSpecificException:  (code 4)
04-07 15:37:46.007 W/QC2Comp ( 2251): [vp9D_823] Skipping empty output buffer
04-07 15:37:46.341 W/QC2Comp ( 2251): [vp9D_823] Skipping empty output buffer
04-07 15:37:46.478 E/HeatmapThread( 2334): ECT Thread time in milliseconds: 1775587066
04-07 15:37:46.482 E/HeatmapThread( 2334): !@ CAM New BSOH: 100
04-07 15:37:46.673 W/QC2Comp ( 2251): [vp9D_823] Skipping empty output buffer
04-07 15:37:46.698 E/ConversionHelperAidl( 2324): Function: parseAndSetVendorParameters Line: 94 Failed 
04-07 15:37:46.698 E/ConversionHelperAidl( 2324): Function: parseAndSetVendorParameters Line: 94 Failed 
04-07 15:37:46.699 E/ConversionHelperAidl( 2324): Function: parseAndSetVendorParameters Line: 94 Failed 
04-07 15:37:46.699 E/ConversionHelperAidl( 2324): Function: parseAndSetVendorParameters Line: 94 Failed 
04-07 15:37:46.703 W/CAE     ( 3111): registerCallback(ContextAwareService.java:188) - [regi 01] Mutex is locked for TEST_FLAT_MOTION
04-07 15:37:46.703 W/CAE     ( 3111): registerCallback(ContextAwareService.java:195) - [regi 04]  com.samsung.android.contextaware.ContextAwareManager$CaListenerDelegate@5feed32
04-07 15:37:46.703 W/CAE     ( 3111): getListener(ListenerListManager.java:127) - [getListener1]  com.samsung.android.contextaware.ContextAwareManager$CaListenerDelegate@5feed32
04-07 15:37:46.703 W/CAE     ( 3111): getListener(ListenerListManager.java:128) - [getListener2]  com.samsung.android.contextaware.manager.ContextAwareService$Listener@2ea213d
04-07 15:37:46.710 W/CAE     ( 3111): registerCallback(ContextAwareService.java:209) - [regi 02] Mutex is unlocked for TEST_FLAT_MOTION
04-07 15:37:46.710 E/SemContext.CaeProvider( 3111): setAttribute() : attribute is null!
04-07 15:37:46.711 E/SensorService( 3111): BigData:Pakage) 5 already enabled. 
04-07 15:37:46.758 E/SensorService( 3111): BigData:Pakage) 5 already disabled. 
04-07 15:37:46.910 E/BatteryDump( 2294): !@new_battery_dump : 3821,370,475,550,33,304,302,328,304,0,320,328,0,Charging,NO_CHARGING,Normal,Good,USB,1,Normal,0,0,9219,0x0,0x10000,0x0,0,0,341,v0002,0000,0000,00000000,0,0,0,0,69,3798,3312,990,0,
04-07 15:37:46.997 W/CAE     ( 3111): unregisterCallback(ContextAwareService.java:230) - [unregi 01] Mutex is locked for TEST_FLAT_MOTION
04-07 15:37:46.997 W/CAE     ( 3111): getListener(ListenerListManager.java:127) - [getListener1]  com.samsung.android.contextaware.ContextAwareManager$CaListenerDelegate@5feed32
04-07 15:37:46.997 W/CAE     ( 3111): getListener(ListenerListManager.java:128) - [getListener2]  com.samsung.android.contextaware.manager.ContextAwareService$Listener@2ea213d
04-07 15:37:47.006 W/CAE     ( 3111): unregisterCallback(ContextAwareService.java:251) - [unregi 02] Mutex is unlocked for TEST_FLAT_MOTION
04-07 15:37:47.011 W/QC2Comp ( 2251): [vp9D_823] Skipping empty output buffer
04-07 15:37:47.340 W/QC2Comp ( 2251): [vp9D_823] Skipping empty output buffer
04-07 15:37:47.477 E/HeatmapThread( 2334): ECT Thread time in milliseconds: 1775587067
04-07 15:37:47.481 E/HeatmapThread( 2334): !@ CAM New BSOH: 100
04-07 15:37:47.672 W/QC2Comp ( 2251): [vp9D_823] Skipping empty output buffer
04-07 15:37:48.183 E/Watchdog( 3111): !@Sync: 36529 heap(MB): 207 / 209 FD: 2173 [2026-04-07 15:37:48.182]
04-07 15:37:48.305 W/QC2Comp ( 2251): [vp9D_823] Skipping empty output buffer
04-07 15:37:48.477 E/HeatmapThread( 2334): ECT Thread time in milliseconds: 1775587068
04-07 15:37:48.481 E/HeatmapThread( 2334): !@ CAM New BSOH: 100
04-07 15:37:48.638 W/QC2Comp ( 2251): [vp9D_823] Skipping empty output buffer
04-07 15:37:48.904 E/WifiStaIfaceAidlImpl( 3111): getCachedScanData failed with service-specific exception: android.os.ServiceSpecificException:  (code 4)
04-07 15:37:48.972 W/QC2Comp ( 2251): [vp9D_823] Skipping empty output buffer
04-07 15:37:49.478 E/HeatmapThread( 2334): ECT Thread time in milliseconds: 1775587069
04-07 15:37:49.481 E/HeatmapThread( 2334): !@ CAM New BSOH: 100
04-07 15:37:49.988 E/QC2PerfCtrlUtil( 2251): Release hint has returned unexpected handle 3126726
04-07 15:37:50.477 E/HeatmapThread( 2334): ECT Thread time in milliseconds: 1775587070
04-07 15:37:50.482 E/HeatmapThread( 2334): !@ CAM New BSOH: 100
04-07 15:37:51.477 E/HeatmapThread( 2334): ECT Thread time in milliseconds: 1775587071
04-07 15:37:51.482 E/HeatmapThread( 2334): !@ CAM New BSOH: 100
04-07 15:37:51.922 E/WifiStaIfaceAidlImpl( 3111): getCachedScanData failed with service-specific exception: android.os.ServiceSpecificException:  (code 4)
04-07 15:37:51.932 W/.gms.persistent(  450): Large reply transaction of 1056768 bytes, interface descriptor , code 1
04-07 15:37:51.936 E/PhoneInterfaceManager( 4684): getCarrierPrivilegeStatusForUid: Invalid subId
04-07 15:37:52.478 E/HeatmapThread( 2334): ECT Thread time in milliseconds: 1775587072
04-07 15:37:52.481 E/HeatmapThread( 2334): !@ CAM New BSOH: 100
04-07 15:37:53.304 W/CAE     ( 3111): parse(ActivityTrackerBatchRunner.java:239) - parse start
04-07 15:37:53.305 W/CAE     ( 3111): parse(ActivityTrackerBatchRunner.java:310) - parse end
04-07 15:37:53.477 E/HeatmapThread( 2334): ECT Thread time in milliseconds: 1775587073
04-07 15:37:53.481 E/HeatmapThread( 2334): !@ CAM New BSOH: 100
04-07 15:37:54.477 E/HeatmapThread( 2334): ECT Thread time in milliseconds: 1775587074
04-07 15:37:54.480 E/HeatmapThread( 2334): !@ CAM New BSOH: 100
04-07 15:37:54.961 E/WifiStaIfaceAidlImpl( 3111): getCachedScanData failed with service-specific exception: android.os.ServiceSpecificException:  (code 4)
04-07 15:37:55.477 E/HeatmapThread( 2334): ECT Thread time in milliseconds: 1775587075
04-07 15:37:55.481 E/HeatmapThread( 2334): !@ CAM New BSOH: 100
04-07 15:37:56.477 E/HeatmapThread( 2334): ECT Thread time in milliseconds: 1775587076
04-07 15:37:56.479 E/HeatmapThread( 2334): !@ CAM New BSOH: 100
04-07 15:37:56.735 E/ConversionHelperAidl( 2324): Function: parseAndSetVendorParameters Line: 94 Failed 
04-07 15:37:56.735 E/ConversionHelperAidl( 2324): Function: parseAndSetVendorParameters Line: 94 Failed 
04-07 15:37:56.737 E/ConversionHelperAidl( 2324): Function: parseAndSetVendorParameters Line: 94 Failed 
04-07 15:37:56.738 E/ConversionHelperAidl( 2324): Function: parseAndSetVendorParameters Line: 94 Failed 
04-07 15:37:57.072 E/BatteryDump( 2294): !@new_battery_dump : 3826,510,475,550,33,305,302,323,305,0,319,323,0,Charging,NO_CHARGING,Normal,Good,USB,1,Normal,0,0,9219,0x0,0x10000,0x0,0,0,252,v0002,0000,0000,00000000,0,0,0,0,69,3798,3315,990,0,
04-07 15:37:57.477 E/HeatmapThread( 2334): ECT Thread time in milliseconds: 1775587077
04-07 15:37:57.481 E/HeatmapThread( 2334): !@ CAM New BSOH: 100
04-07 15:37:57.979 E/WifiStaIfaceAidlImpl( 3111): getCachedScanData failed with service-specific exception: android.os.ServiceSpecificException:  (code 4)
04-07 15:37:58.477 E/HeatmapThread( 2334): ECT Thread time in milliseconds: 1775587078
04-07 15:37:58.481 E/HeatmapThread( 2334): !@ CAM New BSOH: 100
04-07 15:37:59.082 W/QC2V4l2Decoder( 2251): [v4lvp9D_823] Allocating output buffer timedout, 10038ms elapsed since last input buffer queued (threshold 10000ms)
04-07 15:37:59.195 W/Binder  ( 3111): Outgoing transactions from this process must be FLAG_ONEWAY
04-07 15:37:59.195 W/Binder  ( 3111): java.lang.Throwable
04-07 15:37:59.195 W/Binder  ( 3111): 	at android.os.BinderProxy.transact(BinderProxy.java:566)
04-07 15:37:59.195 W/Binder  ( 3111): 	at android.bluetooth.IBluetoothGatt$Stub$Proxy.getAdvertisingSetUids(IBluetoothGatt.java:1678)
04-07 15:37:59.195 W/Binder  ( 3111): 	at android.bluetooth.BluetoothAdapter.getAdvertisingSetUids(BluetoothAdapter.java:8476)
04-07 15:37:59.195 W/Binder  ( 3111): 	at android.bluetooth.BluetoothAdapter.getHWUsingApps(BluetoothAdapter.java:1342)
04-07 15:37:59.195 W/Binder  ( 3111): 	at com.android.server.am.mars.filter.filter.BlueToothConnectedFilter.updateBTUsingPackages(qb/106575021 e2bd4726212bd7b093f24fd09e25bc50e4ba1f96436710ba2c5c0b0e5e1d1972:22)
04-07 15:37:59.195 W/Binder  ( 3111): 	at com.android.server.am.FreecessController.freeze(qb/106575021 e2bd4726212bd7b093f24fd09e25bc50e4ba1f96436710ba2c5c0b0e5e1d1972:117)
04-07 15:37:59.195 W/Binder  ( 3111): 	at com.android.server.am.FreecessHandler$MainHandler.handleLcdOnFreeze(qb/106575021 e2bd4726212bd7b093f24fd09e25bc50e4ba1f96436710ba2c5c0b0e5e1d1972:55)
04-07 15:37:59.195 W/Binder  ( 3111): 	at com.android.server.am.FreecessHandler$MainHandler.handleMessage(qb/106575021 e2bd4726212bd7b093f24fd09e25bc50e4ba1f96436710ba2c5c0b0e5e1d1972:793)
04-07 15:37:59.195 W/Binder  ( 3111): 	at android.os.Handler.dispatchMessage(Handler.java:110)
04-07 15:37:59.195 W/Binder  ( 3111): 	at android.os.Looper.loopOnce(Looper.java:273)
04-07 15:37:59.195 W/Binder  ( 3111): 	at android.os.Looper.loop(Looper.java:363)
04-07 15:37:59.195 W/Binder  ( 3111): 	at android.os.HandlerThread.run(HandlerThread.java:85)
04-07 15:37:59.477 E/HeatmapThread( 2334): ECT Thread time in milliseconds: 1775587079
04-07 15:37:59.481 E/HeatmapThread( 2334): !@ CAM New BSOH: 100
04-07 15:38:00.024 W/RefactorFlag( 4705): New code path expects SceneContainerFlag to be enabled.
04-07 15:38:00.458 E/WifiStaIfaceAidlImpl( 3111): getCachedScanData failed with service-specific exception: android.os.ServiceSpecificException:  (code 4)
04-07 15:38:00.471 W/SnapAlloc( 2235): Failed to get format mapping to use mmm_color_fmt
04-07 15:38:00.471 W/SnapAlloc( 2235): Error while getting constraints from display libs width 1080, height 2340, format 22
04-07 15:38:00.477 E/HwcComposer( 2352): getLuts failed Status(-129, EX_TRANSACTION_FAILED): 'UNKNOWN_TRANSACTION: '
04-07 15:38:00.477 E/HeatmapThread( 2334): ECT Thread time in milliseconds: 1775587080
04-07 15:38:00.482 E/HeatmapThread( 2334): !@Entered the read from path function
04-07 15:38:00.483 E/HeatmapThread( 2334): !@Read Extended_heatmap from efs is: 4204 0 0 0 0 0 0 0 0 0 0 0 0 0 0 0 0 0 536 0 0 0 0 0 0 0 0 0 0 0 0 0 0 0 0 0 612 0 0 0 0 0 0 0 0 0 0 0 0 0 0 0 0 0 665 0 0 0 0 0 0 0 0 0 0 0 0 0 0 0 0 0 726 0 0 0 0 0 0 0 0 0 0 0 0 0 0 0 0 0 678 0 0 0 0 0 0 0 0 0 0 0 0 0 0 0 0 0 642 0 0 0 0 0 0 0 0 0 0 0 0 0 0 0 0 0 644 0 0 0 0 0 0 0 0 0 0 0 0 0 0 0 0 0 674 0 0 0 0 0 0 0 0 0 0 0 0 0 0 0 0 0 655 0 0 0 0 0 0 0 0 0 0 0 0 0 0 0 0 0 693 0 0 0 0 0 0 0 0 0 0 0 0 0 0 0 0 0 2543 0 0 0 0 0 0 0 0 0 0 0 0 0 0 0 0 0 3981 0 0 0 0 0 0 0 0 0 0 0 0 0 0 0 0 0 9085 0 0 0 0 0 0 0 0 0 0 0 0 0 0 0 0 0 12643 0 0 0 0 0 0 0 0 0 0 0 0 0 0 0 0 0 13677 0 0 0 0 0 0 0 0 0 0 0 0 0 0 0 0 0 14415 0 0 0 0 0 0 0 0 0 0 0 0 0 0 0 0 0 13054 0 0 0 0 0 0 0 0 0 0 0 0 0 0 0 0 0 5543 0 0 0 0 0 0 0 0 0 0 0 0 0 0 0 0 0 4733 0 0 0 0 0 0 0 0 0 0 0 0 0 0 0 0 0 4551 0 0 0 0 0 0 0 0 0 0 0 0 0 0 0 0 0 2552 0 0 0 0 0 0 0 0 0 0 0 0 0 0 0 0 0 213 0 0 0 0 0 0 0 0 0 0 0 0 0 0 0 0 0 306 0 0 0 0 0 0 0 0 0 0 0 0 0 0 0 0 0 264 0 0 0 0 0 0 0 0 0 0 0 0 0 0 0 0 0 234 0 0 0 0 0 0 0 0 
04-07 15:38:00.483 E/HeatmapThread( 2334): !@Write Extended Heatmap to efs is: 4204 0 0 0 0 0 0 0 0 0 0 0 0 0 0 0 0 0 536 0 0 0 0 0 0 0 0 0 0 0 0 0 0 0 0 0 612 0 0 0 0 0 0 0 0 0 0 0 0 0 0 0 0 0 665 0 0 0 0 0 0 0 0 0 0 0 0 0 0 0 0 0 726 0 0 0 0 0 0 0 0 0 0 0 0 0 0 0 0 0 678 0 0 0 0 0 0 0 0 0 0 0 0 0 0 0 0 0 642 0 0 0 0 0 0 0 0 0 0 0 0 0 0 0 0 0 644 0 0 0 0 0 0 0 0 0 0 0 0 0 0 0 0 0 674 0 0 0 0 0 0 0 0 0 0 0 0 0 0 0 0 0 655 0 0 0 0 0 0 0 0 0 0 0 0 0 0 0 0 0 693 0 0 0 0 0 0 0 0 0 0 0 0 0 0 0 0 0 2543 0 0 0 0 0 0 0 0 0 0 0 0 0 0 0 0 0 3981 0 0 0 0 0 0 0 0 0 0 0 0 0 0 0 0 0 9085 0 0 0 0 0 0 0 0 0 0 0 0 0 0 0 0 0 12643 0 0 0 0 0 0 0 0 0 0 0 0 0 0 0 0 0 13677 0 0 0 0 0 0 0 0 0 0 0 0 0 0 0 0 0 14415 0 0 0 0 0 0 0 0 0 0 0 0 0 0 0 0 0 13055 0 0 0 0 0 0 0 0 0 0 0 0 0 0 0 0 0 5543 0 0 0 0 0 0 0 0 0 0 0 0 0 0 0 0 0 4733 0 0 0 0 0 0 0 0 0 0 0 0 0 0 0 0 0 4551 0 0 0 0 0 0 0 0 0 0 0 0 0 0 0 0 0 2552 0 0 0 0 0 0 0 0 0 0 0 0 0 0 0 0 0 213 0 0 0 0 0 0 0 0 0 0 0 0 0 0 0 0 0 306 0 0 0 0 0 0 0 0 0 0 0 0 0 0 0 0 0 264 0 0 0 0 0 0 0 0 0 0 0 0 0 0 0 0 0 234 0 0 0 0 0 0 0 0 0
04-07 15:38:00.483 E/HeatmapThread( 2334): !@ CAM New BSOH: 100
04-07 15:38:01.017 E/WifiStaIfaceAidlImpl( 3111): getCachedScanData failed with service-specific exception: android.os.ServiceSpecificException:  (code 4)
04-07 15:38:01.478 E/HeatmapThread( 2334): ECT Thread time in milliseconds: 1775587081
04-07 15:38:01.480 E/HeatmapThread( 2334): !@ CAM New BSOH: 100
04-07 15:38:02.477 E/HeatmapThread( 2334): ECT Thread time in milliseconds: 1775587082
04-07 15:38:02.480 E/HeatmapThread( 2334): !@ CAM New BSOH: 100
04-07 15:38:03.478 E/HeatmapThread( 2334): ECT Thread time in milliseconds: 1775587083
04-07 15:38:03.480 E/HeatmapThread( 2334): !@ CAM New BSOH: 100
04-07 15:38:04.055 E/WifiStaIfaceAidlImpl( 3111): getCachedScanData failed with service-specific exception: android.os.ServiceSpecificException:  (code 4)
04-07 15:38:04.478 E/HeatmapThread( 2334): ECT Thread time in milliseconds: 1775587084
04-07 15:38:04.481 E/HeatmapThread( 2334): !@ CAM New BSOH: 100
04-07 15:38:05.477 E/HeatmapThread( 2334): ECT Thread time in milliseconds: 1775587085
04-07 15:38:05.482 E/HeatmapThread( 2334): !@ CAM New BSOH: 100
04-07 15:38:06.477 E/HeatmapThread( 2334): ECT Thread time in milliseconds: 1775587086
04-07 15:38:06.481 E/HeatmapThread( 2334): !@ CAM New BSOH: 100
04-07 15:38:06.772 E/ConversionHelperAidl( 2324): Function: parseAndSetVendorParameters Line: 94 Failed 
04-07 15:38:06.772 E/ConversionHelperAidl( 2324): Function: parseAndSetVendorParameters Line: 94 Failed 
04-07 15:38:06.774 E/ConversionHelperAidl( 2324): Function: parseAndSetVendorParameters Line: 94 Failed 
04-07 15:38:06.774 E/ConversionHelperAidl( 2324): Function: parseAndSetVendorParameters Line: 94 Failed 
04-07 15:38:07.075 E/WifiStaIfaceAidlImpl( 3111): getCachedScanData failed with service-specific exception: android.os.ServiceSpecificException:  (code 4)
04-07 15:38:07.235 E/BatteryDump( 2294): !@new_battery_dump : 3826,431,475,550,33,305,302,319,305,0,316,319,0,Charging,NO_CHARGING,Normal,Good,USB,1,Normal,0,0,9219,0x0,0x10000,0x0,0,0,189,v0002,0000,0000,00000000,0,0,0,0,69,3798,3317,990,0,
04-07 15:38:07.288 W/DeviceStorageMonitorService( 3111): updateBroadcasts(/data) oldLevel:0, newLevel:0, seq:1
04-07 15:38:07.289 W/DeviceStorageMonitorService( 3111): updateBroadcasts_filenode(/data) fn_oldLevel:0, fn_newLevel:0, seq:1
04-07 15:38:07.477 E/HeatmapThread( 2334): ECT Thread time in milliseconds: 1775587087
04-07 15:38:07.482 E/HeatmapThread( 2334): !@ CAM New BSOH: 100
04-07 15:38:08.477 E/HeatmapThread( 2334): ECT Thread time in milliseconds: 1775587088
04-07 15:38:08.482 E/HeatmapThread( 2334): !@ CAM New BSOH: 100
04-07 15:38:09.478 E/HeatmapThread( 2334): ECT Thread time in milliseconds: 1775587089
04-07 15:38:09.481 E/HeatmapThread( 2334): !@ CAM New BSOH: 100
04-07 15:38:10.115 E/WifiStaIfaceAidlImpl( 3111): getCachedScanData failed with service-specific exception: android.os.ServiceSpecificException:  (code 4)
04-07 15:38:10.478 E/HeatmapThread( 2334): ECT Thread time in milliseconds: 1775587090
04-07 15:38:10.480 E/HeatmapThread( 2334): !@ CAM New BSOH: 100
04-07 15:38:11.477 E/HeatmapThread( 2334): ECT Thread time in milliseconds: 1775587091
04-07 15:38:11.480 E/HeatmapThread( 2334): !@ CAM New BSOH: 100
04-07 15:38:12.477 E/HeatmapThread( 2334): ECT Thread time in milliseconds: 1775587092
04-07 15:38:12.480 E/HeatmapThread( 2334): !@ CAM New BSOH: 100
04-07 15:38:13.152 E/WifiStaIfaceAidlImpl( 3111): getCachedScanData failed with service-specific exception: android.os.ServiceSpecificException:  (code 4)
04-07 15:38:13.477 E/HeatmapThread( 2334): ECT Thread time in milliseconds: 1775587093
04-07 15:38:13.480 E/HeatmapThread( 2334): !@ CAM New BSOH: 100
04-07 15:38:14.477 E/HeatmapThread( 2334): ECT Thread time in milliseconds: 1775587094
04-07 15:38:14.480 E/HeatmapThread( 2334): !@ CAM New BSOH: 100
04-07 15:38:14.668 W/ContextImpl( 3111): Calling a method in the system process without a qualified user: android.app.ContextImpl.sendBroadcast:1335 com.samsung.android.mocca.app.base.SemContextProvider.reportActivityNotificationEvent:209 com.samsung.android.mocca.app.base.SemContextProvider.lambda$new$3:34 com.samsung.android.mocca.app.base.SemContextProvider.a:0 x.i.onSemContextChanged:2 
04-07 15:38:15.477 E/HeatmapThread( 2334): ECT Thread time in milliseconds: 1775587095
04-07 15:38:15.480 E/HeatmapThread( 2334): !@ CAM New BSOH: 100
04-07 15:38:16.034 W/SmApplication(26255): onTrimMemory : 40
04-07 15:38:16.034 W/SmApplication(26795): onTrimMemory : 40
04-07 15:38:16.038 E/DWBn    (15506): UsageDataManager MemoryTrimmable
04-07 15:38:16.038 E/DWBg    (15506): LocalPkgManager MemoryTrimmable
04-07 15:38:16.193 E/WifiStaIfaceAidlImpl( 3111): getCachedScanData failed with service-specific exception: android.os.ServiceSpecificException:  (code 4)
04-07 15:38:16.477 E/HeatmapThread( 2334): ECT Thread time in milliseconds: 1775587096
04-07 15:38:16.480 E/HeatmapThread( 2334): !@ CAM New BSOH: 100
04-07 15:38:16.807 E/ConversionHelperAidl( 2324): Function: parseAndSetVendorParameters Line: 94 Failed 
04-07 15:38:16.807 E/ConversionHelperAidl( 2324): Function: parseAndSetVendorParameters Line: 94 Failed 
04-07 15:38:16.809 E/ConversionHelperAidl( 2324): Function: parseAndSetVendorParameters Line: 94 Failed 
04-07 15:38:16.809 E/ConversionHelperAidl( 2324): Function: parseAndSetVendorParameters Line: 94 Failed 
04-07 15:38:17.397 E/BatteryDump( 2294): !@new_battery_dump : 3827,403,475,550,33,305,302,316,305,0,315,316,0,Charging,NO_CHARGING,Normal,Good,USB,1,Normal,0,0,9219,0x0,0x10000,0x0,0,0,158,v0002,0000,0000,00000000,0,0,0,0,69,3798,3320,990,0,
04-07 15:38:17.404 W/PermissionService( 3111): getPermissionFlags: Unknown user -1
04-07 15:38:17.404 W/PermissionService( 3111): getPermissionFlags: Unknown user -1
04-07 15:38:17.477 E/HeatmapThread( 2334): ECT Thread time in milliseconds: 1775587097
04-07 15:38:17.479 E/HeatmapThread( 2334): !@ CAM New BSOH: 100
04-07 15:38:17.626 W/Notification4Watch7_NB(29411): NotificationBridgeCallback.onNotificationPosted-Ignored package : [-1] com.android.systemui
04-07 15:38:17.627 W/Notification4Watch7_NB(29411): NotificationBridgeCallback.onNotificationPosted-Ignored package : [-1] com.android.systemui
04-07 15:38:17.847 W/RefactorFlag( 4705): New code path expects SceneContainerFlag to be enabled.
04-07 15:38:17.861 W/RefactorFlag( 4705): New code path expects SceneContainerFlag to be enabled.
04-07 15:38:17.878 W/RefactorFlag( 4705): New code path expects SceneContainerFlag to be enabled.
04-07 15:38:18.195 E/Watchdog( 3111): !@Sync: 36530 heap(MB): 180 / 209 FD: 2170 [2026-04-07 15:38:18.195]
04-07 15:38:18.477 E/HeatmapThread( 2334): ECT Thread time in milliseconds: 1775587098
04-07 15:38:18.480 E/HeatmapThread( 2334): !@ CAM New BSOH: 100
04-07 15:38:19.232 E/WifiStaIfaceAidlImpl( 3111): getCachedScanData failed with service-specific exception: android.os.ServiceSpecificException:  (code 4)
04-07 15:38:19.344 W/resolvrs::doh::connection( 2104): Connection driver returns some Err: Closed
04-07 15:38:19.477 E/HeatmapThread( 2334): ECT Thread time in milliseconds: 1775587099
04-07 15:38:19.480 E/HeatmapThread( 2334): !@ CAM New BSOH: 100
04-07 15:38:20.477 E/HeatmapThread( 2334): ECT Thread time in milliseconds: 1775587100
04-07 15:38:20.479 E/HeatmapThread( 2334): !@ CAM New BSOH: 100
04-07 15:38:21.477 E/HeatmapThread( 2334): ECT Thread time in milliseconds: 1775587101
04-07 15:38:21.480 E/HeatmapThread( 2334): !@ CAM New BSOH: 100
04-07 15:38:21.634 E/msys    ( 8434): E[N WA]_WAJMNSStreamImplOnMNSFailure(287)=>[LogLevel:I] WAJMNSStream/impl/callback/onMNSFailure/p=0xb4000077161756c0 (error=MNSTCPSocketReceive(): Received EOF)
